22:08:32  loading cache /mnt/nvme6t/e2e_calib_cache/waymo_v3_full (V3 full-image)
22:08:32    perturbation: ±1.0 deg / ±0.2 m   crop_px=[128, 384] (full-image px → 256)
22:08:32  train cache loaded: 5052 instances
22:08:32  val cache loaded: 888 instances
22:08:32  object-level split: train=5346 val=594 (seed=42)
22:08:32    val subsample: 500/594 (deterministic first-N)
22:08:32  params: 1.62M
22:08:39  vis_pretrain → experiments/v703_waymo_smoke/vis_pretrain
22:09:16  [  1/5]  train nll=+4.807(obj=+5.126 bg=+4.729) mse=7.80(obj=8.76/m7.66/95p19.1 bg=7.55/m6.76/95p16.1)  val nll=+4.633(obj=+4.708 bg=+4.605) mse=7.58(obj=8.05/m6.97/95p18.2 bg=7.44/m6.67/95p15.1)  lr=4.00e-04  tot=0.7min
22:09:16    ↳ saved (val_nll=4.6329)
22:09:50  [  2/5]  train nll=+4.731(obj=+4.990 bg=+4.672) mse=7.86(obj=8.69/m7.65/95p18.9 bg=7.65/m6.90/95p16.0)  val nll=+4.423(obj=+4.688 bg=+4.354) mse=6.47(obj=7.93/m6.73/95p18.0 bg=6.15/m5.36/95p13.7)  lr=6.00e-04  tot=1.3min
22:09:50    ↳ saved (val_nll=4.4227)
22:10:24  [  3/5]  train nll=+4.848(obj=+5.101 bg=+4.789) mse=8.23(obj=9.11/m8.07/95p19.8 bg=8.02/m7.21/95p16.9)  val nll=+6.691(obj=+6.521 bg=+6.728) mse=9.60(obj=9.83/m9.02/95p18.7 bg=9.55/m9.11/95p17.1)  lr=8.00e-04  tot=1.9min
22:10:59  [  4/5]  train nll=+4.688(obj=+5.006 bg=+4.614) mse=7.52(obj=8.58/m7.50/95p19.1 bg=7.27/m6.52/95p15.4)  val nll=+4.419(obj=+4.677 bg=+4.359) mse=6.61(obj=7.93/m6.68/95p18.3 bg=6.30/m5.50/95p13.5)  lr=1.00e-03  tot=2.4min
22:10:59    ↳ saved (val_nll=4.4193)
22:11:33  [  5/5]  train nll=+4.766(obj=+5.071 bg=+4.694) mse=7.73(obj=8.68/m7.52/95p19.0 bg=7.51/m6.78/95p15.8)  val nll=+4.584(obj=+4.715 bg=+4.544) mse=7.53(obj=8.15/m7.23/95p17.8 bg=7.38/m6.86/95p14.1)  lr=1.00e-03  tot=3.0min
22:11:35  vis_ep005: saved 10 → experiments/v703_waymo_smoke/vis_ep005
22:11:35  Best val NLL: 4.4193  |  time: 3.0min
22:11:38  vis: skipped due to error: Input type (unsigned char) and bias type (c10::BFloat16) should be the same
22:11:38  Report saved → report.html
