11:44:25  loading cache /dev/shm/pandaset_v3_full (V3 full-image)
11:44:25    perturbation: ±0.5 deg / ±0.2 m   crop_px=[128, 384] (full-image px → 64)
11:44:25  train cache loaded: 28512 instances
11:44:25  val cache loaded: 4860 instances
11:44:25  object-level split: train=30035 val=3337 (seed=42)
11:44:25  params: 1.62M
11:44:47  vis_pretrain → experiments/ps_v504r_convnext_deform_l4/vis_pretrain
11:46:12  [  1/50]  train nll=+4.066(obj=+4.389 bg=+3.902) mse=5.52(obj=6.35/m5.51/95p14.2 bg=5.11/m4.47/95p11.1)  val nll=+3.880(obj=+4.175 bg=+3.724) mse=5.44(obj=6.31/m5.29/95p14.1 bg=5.06/m4.38/95p11.3)  lr=4.00e-04  tot=1.8min
11:46:12    ↳ saved (val_nll=3.8799)
11:47:06  [  2/50]  train nll=+3.875(obj=+4.162 bg=+3.734) mse=5.44(obj=6.25/m5.37/95p14.1 bg=5.03/m4.39/95p11.0)  val nll=+3.947(obj=+4.210 bg=+3.819) mse=5.70(obj=6.50/m5.63/95p14.4 bg=5.28/m4.70/95p11.3)  lr=6.00e-04  tot=2.7min
11:48:01  [  3/50]  train nll=+3.878(obj=+4.162 bg=+3.739) mse=5.46(obj=6.31/m5.44/95p14.3 bg=5.04/m4.45/95p10.8)  val nll=+3.773(obj=+4.034 bg=+3.636) mse=5.30(obj=6.15/m5.12/95p14.3 bg=4.88/m4.17/95p11.1)  lr=8.00e-04  tot=3.6min
11:48:02    ↳ saved (val_nll=3.7725)
11:48:55  [  4/50]  train nll=+3.863(obj=+4.136 bg=+3.728) mse=5.42(obj=6.23/m5.38/95p13.8 bg=5.03/m4.43/95p10.9)  val nll=+3.831(obj=+4.101 bg=+3.699) mse=5.49(obj=6.32/m5.40/95p14.8 bg=5.05/m4.42/95p11.1)  lr=1.00e-03  tot=4.5min
11:49:50  [  5/50]  train nll=+3.832(obj=+4.109 bg=+3.694) mse=5.36(obj=6.17/m5.32/95p13.8 bg=4.96/m4.37/95p10.7)  val nll=+3.711(obj=+3.965 bg=+3.584) mse=5.13(obj=5.97/m5.21/95p13.1 bg=4.80/m4.18/95p10.5)  lr=1.00e-03  tot=5.4min
11:49:50    ↳ saved (val_nll=3.7110)
11:50:46  [  6/50]  train nll=+3.734(obj=+4.006 bg=+3.600) mse=5.26(obj=6.07/m5.22/95p13.6 bg=4.87/m4.27/95p10.7)  val nll=+3.773(obj=+4.035 bg=+3.637) mse=5.45(obj=6.19/m5.19/95p14.3 bg=5.05/m4.43/95p11.0)  lr=9.99e-04  tot=6.3min
11:51:40  [  7/50]  train nll=+3.681(obj=+3.937 bg=+3.554) mse=5.17(obj=5.93/m5.08/95p13.4 bg=4.80/m4.19/95p10.6)  val nll=+3.617(obj=+3.896 bg=+3.472) mse=5.14(obj=5.99/m5.12/95p13.7 bg=4.71/m4.08/95p10.3)  lr=9.95e-04  tot=7.2min
11:51:40    ↳ saved (val_nll=3.6165)
11:52:34  [  8/50]  train nll=+3.659(obj=+3.917 bg=+3.531) mse=5.12(obj=5.87/m5.04/95p13.2 bg=4.75/m4.13/95p10.5)  val nll=+3.626(obj=+3.908 bg=+3.475) mse=5.14(obj=5.94/m4.93/95p14.2 bg=4.66/m3.95/95p10.7)  lr=9.89e-04  tot=8.1min
11:53:31  [  9/50]  train nll=+3.596(obj=+3.833 bg=+3.480) mse=4.94(obj=5.60/m4.88/95p12.4 bg=4.62/m4.03/95p10.1)  val nll=+3.510(obj=+3.716 bg=+3.416) mse=4.82(obj=5.41/m4.67/95p12.3 bg=4.53/m3.92/95p10.4)  lr=9.81e-04  tot=9.1min
11:53:32    ↳ saved (val_nll=3.5099)
11:54:26  [ 10/50]  train nll=+3.515(obj=+3.739 bg=+3.404) mse=4.80(obj=5.42/m4.68/95p12.1 bg=4.49/m3.93/95p9.8)  val nll=+3.442(obj=+3.663 bg=+3.328) mse=4.67(obj=5.28/m4.67/95p11.6 bg=4.35/m3.80/95p9.5)  lr=9.70e-04  tot=10.0min
11:54:27    ↳ saved (val_nll=3.4422)
11:55:30  vis_ep010: saved 0 → experiments/ps_v504r_convnext_deform_l4/vis_ep010
11:56:27  [ 11/50]  train nll=+3.460(obj=+3.668 bg=+3.356) mse=4.64(obj=5.17/m4.54/95p11.3 bg=4.37/m3.84/95p9.5)  val nll=+3.421(obj=+3.654 bg=+3.307) mse=4.71(obj=5.32/m4.48/95p12.3 bg=4.33/m3.64/95p9.8)  lr=9.57e-04  tot=12.0min
11:56:29    ↳ saved (val_nll=3.4210)
11:57:25  [ 12/50]  train nll=+3.436(obj=+3.645 bg=+3.330) mse=4.62(obj=5.17/m4.52/95p11.3 bg=4.34/m3.80/95p9.5)  val nll=+3.302(obj=+3.483 bg=+3.211) mse=4.38(obj=4.76/m4.06/95p11.0 bg=4.10/m3.57/95p9.1)  lr=9.41e-04  tot=13.0min
11:57:27    ↳ saved (val_nll=3.3017)
11:58:23  [ 13/50]  train nll=+3.370(obj=+3.563 bg=+3.272) mse=4.47(obj=4.95/m4.33/95p10.9 bg=4.22/m3.69/95p9.3)  val nll=+3.224(obj=+3.389 bg=+3.143) mse=4.26(obj=4.68/m4.12/95p10.2 bg=4.04/m3.50/95p8.9)  lr=9.24e-04  tot=14.0min
11:58:24    ↳ saved (val_nll=3.2245)
11:59:19  [ 14/50]  train nll=+3.314(obj=+3.487 bg=+3.227) mse=4.37(obj=4.81/m4.18/95p10.7 bg=4.15/m3.63/95p9.1)  val nll=+3.217(obj=+3.385 bg=+3.132) mse=4.25(obj=4.68/m4.09/95p10.3 bg=4.06/m3.52/95p9.1)  lr=9.05e-04  tot=14.9min
11:59:19    ↳ saved (val_nll=3.2171)
12:00:15  [ 15/50]  train nll=+3.268(obj=+3.423 bg=+3.189) mse=4.28(obj=4.67/m4.05/95p10.4 bg=4.08/m3.56/95p9.0)  val nll=+3.146(obj=+3.289 bg=+3.076) mse=4.08(obj=4.46/m3.81/95p10.2 bg=3.88/m3.37/95p8.8)  lr=8.83e-04  tot=15.8min
12:00:15    ↳ saved (val_nll=3.1461)
12:01:10  [ 16/50]  train nll=+3.217(obj=+3.348 bg=+3.151) mse=4.17(obj=4.50/m3.88/95p10.0 bg=4.01/m3.48/95p8.9)  val nll=+3.205(obj=+3.329 bg=+3.144) mse=4.12(obj=4.56/m3.89/95p10.0 bg=3.91/m3.43/95p8.4)  lr=8.60e-04  tot=16.7min
12:02:05  [ 17/50]  train nll=+3.181(obj=+3.310 bg=+3.116) mse=4.10(obj=4.42/m3.80/95p9.9 bg=3.94/m3.40/95p8.8)  val nll=+3.084(obj=+3.182 bg=+3.029) mse=3.96(obj=4.15/m3.58/95p9.1 bg=3.84/m3.29/95p8.7)  lr=8.35e-04  tot=17.7min
12:02:06    ↳ saved (val_nll=3.0836)
12:03:01  [ 18/50]  train nll=+3.127(obj=+3.222 bg=+3.077) mse=4.00(obj=4.24/m3.64/95p9.6 bg=3.88/m3.34/95p8.7)  val nll=+3.074(obj=+3.166 bg=+3.025) mse=4.05(obj=4.20/m3.58/95p9.4 bg=3.90/m3.30/95p8.8)  lr=8.08e-04  tot=18.6min
12:03:01    ↳ saved (val_nll=3.0739)
12:03:58  [ 19/50]  train nll=+3.077(obj=+3.174 bg=+3.028) mse=3.93(obj=4.17/m3.54/95p9.5 bg=3.82/m3.27/95p8.7)  val nll=+3.044(obj=+3.225 bg=+2.948) mse=3.85(obj=4.11/m3.61/95p9.0 bg=3.66/m3.12/95p8.3)  lr=7.80e-04  tot=19.5min
12:03:59    ↳ saved (val_nll=3.0444)
12:05:04  [ 20/50]  train nll=+3.015(obj=+3.096 bg=+2.974) mse=3.83(obj=4.03/m3.41/95p9.4 bg=3.73/m3.16/95p8.6)  val nll=+2.937(obj=+3.041 bg=+2.886) mse=3.76(obj=3.97/m3.39/95p9.1 bg=3.64/m3.08/95p8.4)  lr=7.50e-04  tot=20.6min
12:05:05    ↳ saved (val_nll=2.9373)
12:06:06  vis_ep020: saved 0 → experiments/ps_v504r_convnext_deform_l4/vis_ep020
12:07:19  [ 21/50]  train nll=+2.984(obj=+3.060 bg=+2.945) mse=3.78(obj=3.96/m3.34/95p9.1 bg=3.69/m3.12/95p8.4)  val nll=+2.909(obj=+2.973 bg=+2.879) mse=3.74(obj=3.95/m3.24/95p9.7 bg=3.63/m3.07/95p8.4)  lr=7.19e-04  tot=22.9min
12:07:20    ↳ saved (val_nll=2.9091)
12:08:35  [ 22/50]  train nll=+2.894(obj=+2.941 bg=+2.870) mse=3.65(obj=3.78/m3.13/95p8.9 bg=3.58/m3.02/95p8.3)  val nll=+2.906(obj=+3.026 bg=+2.846) mse=3.61(obj=3.81/m3.24/95p8.7 bg=3.46/m2.98/95p7.9)  lr=6.87e-04  tot=24.1min
12:08:35    ↳ saved (val_nll=2.9057)
12:09:49  [ 23/50]  train nll=+2.869(obj=+2.897 bg=+2.853) mse=3.60(obj=3.69/m3.07/95p8.7 bg=3.55/m2.98/95p8.3)  val nll=+2.794(obj=+2.776 bg=+2.804) mse=3.52(obj=3.48/m2.88/95p8.3 bg=3.51/m2.97/95p8.1)  lr=6.55e-04  tot=25.4min
12:09:50    ↳ saved (val_nll=2.7940)
12:10:49  [ 24/50]  train nll=+2.826(obj=+2.845 bg=+2.814) mse=3.53(obj=3.61/m2.97/95p8.6 bg=3.49/m2.93/95p8.2)  val nll=+2.810(obj=+2.854 bg=+2.788) mse=3.49(obj=3.65/m3.00/95p8.7 bg=3.46/m2.90/95p8.2)  lr=6.21e-04  tot=26.4min
12:11:46  [ 25/50]  train nll=+2.799(obj=+2.809 bg=+2.792) mse=3.50(obj=3.55/m2.90/95p8.5 bg=3.47/m2.89/95p8.2)  val nll=+2.733(obj=+2.726 bg=+2.736) mse=3.41(obj=3.44/m2.81/95p8.4 bg=3.40/m2.79/95p8.2)  lr=5.87e-04  tot=27.3min
12:11:47    ↳ saved (val_nll=2.7335)
12:13:00  [ 26/50]  train nll=+2.733(obj=+2.729 bg=+2.733) mse=3.40(obj=3.44/m2.79/95p8.4 bg=3.38/m2.78/95p8.1)  val nll=+2.708(obj=+2.644 bg=+2.737) mse=3.37(obj=3.30/m2.59/95p8.0 bg=3.33/m2.74/95p7.9)  lr=5.52e-04  tot=28.6min
12:13:01    ↳ saved (val_nll=2.7080)
12:14:07  [ 27/50]  train nll=+2.679(obj=+2.667 bg=+2.683) mse=3.33(obj=3.35/m2.68/95p8.3 bg=3.32/m2.72/95p8.0)  val nll=+3.001(obj=+2.902 bg=+3.048) mse=3.74(obj=3.70/m3.12/95p8.5 bg=3.72/m3.18/95p8.4)  lr=5.17e-04  tot=29.7min
12:15:29  [ 28/50]  train nll=+2.626(obj=+2.589 bg=+2.642) mse=3.26(obj=3.25/m2.59/95p8.0 bg=3.27/m2.66/95p7.9)  val nll=+2.582(obj=+2.533 bg=+2.605) mse=3.21(obj=3.14/m2.43/95p7.9 bg=3.20/m2.58/95p7.9)  lr=4.83e-04  tot=31.0min
12:15:29    ↳ saved (val_nll=2.5819)
12:16:54  [ 29/50]  train nll=+2.598(obj=+2.557 bg=+2.616) mse=3.22(obj=3.19/m2.54/95p7.9 bg=3.24/m2.63/95p7.9)  val nll=+2.470(obj=+2.379 bg=+2.511) mse=3.07(obj=3.01/m2.35/95p7.6 bg=3.14/m2.54/95p7.8)  lr=4.48e-04  tot=32.5min
12:16:55    ↳ saved (val_nll=2.4703)
12:18:23  [ 30/50]  train nll=+2.561(obj=+2.504 bg=+2.588) mse=3.18(obj=3.14/m2.49/95p7.9 bg=3.20/m2.59/95p7.9)  val nll=+2.483(obj=+2.432 bg=+2.504) mse=3.11(obj=3.06/m2.40/95p7.6 bg=3.16/m2.55/95p7.8)  lr=4.13e-04  tot=34.0min
12:19:33  vis_ep030: saved 0 → experiments/ps_v504r_convnext_deform_l4/vis_ep030
12:20:44  [ 31/50]  train nll=+2.502(obj=+2.442 bg=+2.529) mse=3.11(obj=3.04/m2.38/95p7.7 bg=3.14/m2.52/95p7.8)  val nll=+2.473(obj=+2.373 bg=+2.513) mse=3.10(obj=3.02/m2.39/95p7.6 bg=3.09/m2.50/95p7.6)  lr=3.79e-04  tot=36.3min
12:21:52  [ 32/50]  train nll=+2.493(obj=+2.420 bg=+2.526) mse=3.09(obj=3.01/m2.36/95p7.6 bg=3.13/m2.51/95p7.7)  val nll=+2.340(obj=+2.301 bg=+2.358) mse=2.91(obj=2.80/m2.11/95p7.4 bg=2.95/m2.33/95p7.5)  lr=3.46e-04  tot=37.4min
12:21:53    ↳ saved (val_nll=2.3401)
12:23:20  [ 33/50]  train nll=+2.425(obj=+2.340 bg=+2.465) mse=3.02(obj=2.91/m2.29/95p7.4 bg=3.07/m2.45/95p7.7)  val nll=+2.462(obj=+2.336 bg=+2.517) mse=3.07(obj=2.84/m2.24/95p7.0 bg=3.06/m2.41/95p7.9)  lr=3.13e-04  tot=38.9min
12:24:51  [ 34/50]  train nll=+2.380(obj=+2.286 bg=+2.423) mse=2.96(obj=2.86/m2.22/95p7.3 bg=3.01/m2.40/95p7.5)  val nll=+2.269(obj=+2.151 bg=+2.325) mse=2.86(obj=2.78/m2.12/95p7.1 bg=2.92/m2.26/95p7.5)  lr=2.81e-04  tot=40.4min
12:24:51    ↳ saved (val_nll=2.2686)
12:26:24  [ 35/50]  train nll=+2.349(obj=+2.239 bg=+2.402) mse=2.93(obj=2.79/m2.15/95p7.2 bg=3.00/m2.36/95p7.6)  val nll=+2.250(obj=+2.118 bg=+2.314) mse=2.81(obj=2.68/m2.00/95p7.2 bg=2.91/m2.29/95p7.4)  lr=2.50e-04  tot=42.0min
12:26:25    ↳ saved (val_nll=2.2505)
12:27:36  [ 36/50]  train nll=+2.292(obj=+2.177 bg=+2.346) mse=2.87(obj=2.74/m2.09/95p7.3 bg=2.93/m2.29/95p7.4)  val nll=+2.359(obj=+2.239 bg=+2.416) mse=2.95(obj=2.74/m2.06/95p7.4 bg=3.03/m2.34/95p7.9)  lr=2.20e-04  tot=43.2min
12:29:09  [ 37/50]  train nll=+2.292(obj=+2.159 bg=+2.355) mse=2.88(obj=2.73/m2.06/95p7.2 bg=2.95/m2.32/95p7.5)  val nll=+2.205(obj=+2.105 bg=+2.245) mse=2.79(obj=2.69/m1.96/95p7.2 bg=2.86/m2.20/95p7.3)  lr=1.92e-04  tot=44.7min
12:29:10    ↳ saved (val_nll=2.2055)
12:30:42  [ 38/50]  train nll=+2.273(obj=+2.136 bg=+2.338) mse=2.86(obj=2.71/m2.03/95p7.2 bg=2.93/m2.29/95p7.4)  val nll=+2.189(obj=+2.020 bg=+2.267) mse=2.75(obj=2.54/m1.86/95p7.0 bg=2.85/m2.16/95p7.6)  lr=1.66e-04  tot=46.3min
12:30:43    ↳ saved (val_nll=2.1886)
12:32:09  [ 39/50]  train nll=+2.206(obj=+2.055 bg=+2.278) mse=2.78(obj=2.61/m1.97/95p6.9 bg=2.86/m2.22/95p7.4)  val nll=+2.137(obj=+2.026 bg=+2.198) mse=2.67(obj=2.56/m1.92/95p6.8 bg=2.72/m2.09/95p7.0)  lr=1.40e-04  tot=47.7min
12:32:10    ↳ saved (val_nll=2.1373)
12:33:20  [ 40/50]  train nll=+2.188(obj=+2.048 bg=+2.255) mse=2.76(obj=2.60/m1.94/95p7.0 bg=2.84/m2.18/95p7.4)  val nll=+2.131(obj=+1.909 bg=+2.234) mse=2.71(obj=2.41/m1.82/95p6.3 bg=2.77/m2.13/95p7.2)  lr=1.17e-04  tot=48.9min
12:33:20    ↳ saved (val_nll=2.1307)
12:34:29  vis_ep040: saved 0 → experiments/ps_v504r_convnext_deform_l4/vis_ep040
12:35:49  [ 41/50]  train nll=+2.172(obj=+2.024 bg=+2.243) mse=2.74(obj=2.57/m1.92/95p6.9 bg=2.82/m2.19/95p7.3)  val nll=+2.102(obj=+1.945 bg=+2.178) mse=2.68(obj=2.45/m1.84/95p6.5 bg=2.77/m2.12/95p7.3)  lr=9.56e-05  tot=51.4min
12:35:49    ↳ saved (val_nll=2.1016)
12:37:07  [ 42/50]  train nll=+2.136(obj=+1.956 bg=+2.222) mse=2.71(obj=2.51/m1.86/95p6.7 bg=2.80/m2.16/95p7.3)  val nll=+2.041(obj=+1.883 bg=+2.115) mse=2.62(obj=2.44/m1.74/95p7.0 bg=2.65/m2.02/95p6.9)  lr=7.61e-05  tot=52.7min
12:37:08    ↳ saved (val_nll=2.0406)
12:38:21  [ 43/50]  train nll=+2.097(obj=+1.928 bg=+2.179) mse=2.66(obj=2.46/m1.82/95p6.7 bg=2.76/m2.12/95p7.1)  val nll=+2.060(obj=+1.865 bg=+2.149) mse=2.64(obj=2.39/m1.75/95p6.6 bg=2.72/m2.06/95p7.1)  lr=5.86e-05  tot=53.9min
12:39:43  [ 44/50]  train nll=+2.089(obj=+1.911 bg=+2.174) mse=2.66(obj=2.45/m1.80/95p6.7 bg=2.77/m2.11/95p7.2)  val nll=+2.096(obj=+1.877 bg=+2.200) mse=2.57(obj=2.34/m1.72/95p6.4 bg=2.67/m2.07/95p6.9)  lr=4.33e-05  tot=55.3min
12:41:06  [ 45/50]  train nll=+2.075(obj=+1.896 bg=+2.161) mse=2.64(obj=2.44/m1.80/95p6.6 bg=2.74/m2.10/95p7.2)  val nll=+1.994(obj=+1.847 bg=+2.063) mse=2.56(obj=2.37/m1.71/95p6.7 bg=2.65/m2.01/95p7.1)  lr=3.03e-05  tot=56.7min
12:41:07    ↳ saved (val_nll=1.9943)
12:42:22  [ 46/50]  train nll=+2.057(obj=+1.883 bg=+2.141) mse=2.63(obj=2.44/m1.77/95p6.8 bg=2.73/m2.08/95p7.1)  val nll=+2.013(obj=+1.880 bg=+2.076) mse=2.59(obj=2.39/m1.68/95p6.8 bg=2.63/m1.98/95p7.1)  lr=1.95e-05  tot=57.9min
12:43:45  [ 47/50]  train nll=+2.045(obj=+1.850 bg=+2.139) mse=2.62(obj=2.41/m1.75/95p6.7 bg=2.72/m2.06/95p7.1)  val nll=+1.969(obj=+1.805 bg=+2.043) mse=2.52(obj=2.36/m1.69/95p6.4 bg=2.63/m1.95/95p6.9)  lr=1.10e-05  tot=59.3min
12:43:45    ↳ saved (val_nll=1.9691)
12:45:06  [ 48/50]  train nll=+2.046(obj=+1.863 bg=+2.134) mse=2.63(obj=2.43/m1.78/95p6.7 bg=2.73/m2.07/95p7.2)  val nll=+1.972(obj=+1.749 bg=+2.080) mse=2.52(obj=2.28/m1.68/95p6.3 bg=2.68/m2.04/95p7.0)  lr=4.97e-06  tot=60.7min
12:46:26  [ 49/50]  train nll=+2.016(obj=+1.826 bg=+2.107) mse=2.59(obj=2.38/m1.73/95p6.6 bg=2.69/m2.05/95p7.1)  val nll=+1.940(obj=+1.792 bg=+2.014) mse=2.51(obj=2.31/m1.66/95p6.4 bg=2.53/m1.89/95p6.7)  lr=1.32e-06  tot=62.0min
12:46:27    ↳ saved (val_nll=1.9405)
12:47:45  [ 50/50]  train nll=+2.016(obj=+1.829 bg=+2.107) mse=2.60(obj=2.39/m1.73/95p6.6 bg=2.70/m2.05/95p7.2)  val nll=+1.943(obj=+1.753 bg=+2.037) mse=2.51(obj=2.36/m1.66/95p6.8 bg=2.63/m1.98/95p6.9)  lr=1.00e-07  tot=63.3min
12:48:52  vis_ep050: saved 0 → experiments/ps_v504r_convnext_deform_l4/vis_ep050
12:48:52  Best val NLL: 1.9405  |  time: 64.4min
12:49:18  Saved 48 vis → experiments/ps_v504r_convnext_deform_l4/vis
12:49:18  Report saved → report.html
