02:37:08  name=v20_3layer_randdepth  n_layers=3 self_first=False max_offset=16.0  batch=64  epochs=100  lr=0.001→1e-06
02:37:08  params: 1.16M
02:37:13  [  1/100]  train nll=+5.470(obj=+5.407 bg=+5.480) mse=12.311(obj=11.876 bg=12.365)  val nll=+5.425(obj=+5.411 bg=+5.428) mse=12.142(obj=11.942 bg=12.169)  lr=4.00e-04  temp=1.000  tot=0.1min
02:37:13    ↳ saved (val_nll=5.4254)
02:37:16  [  2/100]  train nll=+5.464(obj=+5.406 bg=+5.473) mse=12.257(obj=11.869 bg=12.305)  val nll=+5.443(obj=+5.403 bg=+5.448) mse=12.201(obj=11.911 bg=12.241)  lr=6.00e-04  temp=1.000  tot=0.1min
02:37:19  [  3/100]  train nll=+5.467(obj=+5.394 bg=+5.478) mse=12.283(obj=11.762 bg=12.347)  val nll=+5.547(obj=+5.514 bg=+5.553) mse=12.587(obj=12.336 bg=12.619)  lr=8.00e-04  temp=1.000  tot=0.2min
02:37:22  [  4/100]  train nll=+5.490(obj=+5.400 bg=+5.504) mse=12.413(obj=11.784 bg=12.491)  val nll=+5.567(obj=+5.556 bg=+5.580) mse=12.711(obj=12.541 bg=12.734)  lr=1.00e-03  temp=1.000  tot=0.2min
02:37:26  [  5/100]  train nll=+5.473(obj=+5.397 bg=+5.485) mse=12.309(obj=11.833 bg=12.370)  val nll=+5.470(obj=+5.442 bg=+5.477) mse=12.222(obj=12.049 bg=12.245)  lr=1.00e-03  temp=1.000  tot=0.3min
02:37:29  [  6/100]  train nll=+5.475(obj=+5.401 bg=+5.486) mse=12.315(obj=11.802 bg=12.378)  val nll=+5.444(obj=+5.371 bg=+5.458) mse=12.203(obj=11.667 bg=12.274)  lr=1.00e-03  temp=1.000  tot=0.3min
02:37:32  [  7/100]  train nll=+5.468(obj=+5.386 bg=+5.481) mse=12.283(obj=11.755 bg=12.349)  val nll=+5.425(obj=+5.363 bg=+5.433) mse=12.133(obj=11.533 bg=12.211)  lr=9.99e-04  temp=1.000  tot=0.4min
02:37:32    ↳ saved (val_nll=5.4250)
02:37:35  [  8/100]  train nll=+5.475(obj=+5.355 bg=+5.492) mse=12.303(obj=11.521 bg=12.401)  val nll=+5.423(obj=+5.297 bg=+5.440) mse=12.066(obj=11.228 bg=12.175)  lr=9.98e-04  temp=1.000  tot=0.4min
02:37:35    ↳ saved (val_nll=5.4234)
02:37:39  [  9/100]  train nll=+5.452(obj=+5.292 bg=+5.473) mse=12.176(obj=11.113 bg=12.308)  val nll=+5.411(obj=+5.289 bg=+5.426) mse=12.025(obj=11.071 bg=12.147)  lr=9.96e-04  temp=1.000  tot=0.5min
02:37:39    ↳ saved (val_nll=5.4106)
02:37:42  [ 10/100]  train nll=+5.447(obj=+5.218 bg=+5.477) mse=12.157(obj=10.688 bg=12.340)  val nll=+5.414(obj=+5.222 bg=+5.439) mse=12.045(obj=10.720 bg=12.214)  lr=9.93e-04  temp=1.000  tot=0.6min
02:37:45  [ 11/100]  train nll=+5.448(obj=+5.191 bg=+5.481) mse=12.180(obj=10.573 bg=12.379)  val nll=+5.429(obj=+5.231 bg=+5.455) mse=12.128(obj=10.812 bg=12.298)  lr=9.90e-04  temp=1.000  tot=0.6min
02:37:49  [ 12/100]  train nll=+5.447(obj=+5.170 bg=+5.484) mse=12.194(obj=10.430 bg=12.412)  val nll=+5.412(obj=+5.174 bg=+5.444) mse=11.963(obj=10.433 bg=12.160)  lr=9.87e-04  temp=1.000  tot=0.7min
02:37:52  [ 13/100]  train nll=+5.452(obj=+5.162 bg=+5.490) mse=12.230(obj=10.438 bg=12.453)  val nll=+5.394(obj=+5.098 bg=+5.431) mse=11.927(obj=10.165 bg=12.152)  lr=9.83e-04  temp=1.000  tot=0.7min
02:37:52    ↳ saved (val_nll=5.3936)
02:37:55  [ 14/100]  train nll=+5.431(obj=+5.103 bg=+5.474) mse=12.121(obj=10.172 bg=12.363)  val nll=+5.400(obj=+5.078 bg=+5.442) mse=11.971(obj=10.119 bg=12.208)  lr=9.78e-04  temp=1.000  tot=0.8min
02:37:59  [ 15/100]  train nll=+5.430(obj=+5.100 bg=+5.472) mse=12.104(obj=10.150 bg=12.344)  val nll=+5.444(obj=+5.148 bg=+5.480) mse=12.206(obj=10.443 bg=12.433)  lr=9.73e-04  temp=1.000  tot=0.8min
02:38:02  [ 16/100]  train nll=+5.421(obj=+5.087 bg=+5.463) mse=12.057(obj=10.124 bg=12.298)  val nll=+5.398(obj=+5.014 bg=+5.447) mse=11.958(obj=9.809 bg=12.233)  lr=9.67e-04  temp=1.000  tot=0.9min
02:38:05  [ 17/100]  train nll=+5.430(obj=+5.036 bg=+5.480) mse=12.151(obj=9.880 bg=12.433)  val nll=+5.401(obj=+5.110 bg=+5.438) mse=11.940(obj=10.162 bg=12.169)  lr=9.61e-04  temp=1.000  tot=0.9min
02:38:08  [ 18/100]  train nll=+5.432(obj=+5.041 bg=+5.481) mse=12.132(obj=9.883 bg=12.411)  val nll=+5.406(obj=+5.085 bg=+5.447) mse=12.017(obj=10.170 bg=12.253)  lr=9.55e-04  temp=1.000  tot=1.0min
02:38:11  [ 19/100]  train nll=+5.404(obj=+4.998 bg=+5.454) mse=11.946(obj=9.683 bg=12.225)  val nll=+5.380(obj=+4.953 bg=+5.435) mse=11.863(obj=9.492 bg=12.167)  lr=9.47e-04  temp=1.000  tot=1.0min
02:38:11    ↳ saved (val_nll=5.3801)
02:38:15  [ 20/100]  train nll=+5.419(obj=+4.991 bg=+5.473) mse=12.053(obj=9.688 bg=12.346)  val nll=+5.399(obj=+4.935 bg=+5.458) mse=11.990(obj=9.483 bg=12.312)  lr=9.40e-04  temp=1.000  tot=1.1min
02:38:18  [ 21/100]  train nll=+5.404(obj=+4.949 bg=+5.461) mse=11.976(obj=9.472 bg=12.287)  val nll=+5.416(obj=+5.096 bg=+5.454) mse=12.021(obj=10.152 bg=12.259)  lr=9.32e-04  temp=1.000  tot=1.2min
02:38:21  [ 22/100]  train nll=+5.397(obj=+4.939 bg=+5.454) mse=11.930(obj=9.463 bg=12.236)  val nll=+5.387(obj=+4.880 bg=+5.453) mse=11.915(obj=9.281 bg=12.252)  lr=9.23e-04  temp=1.000  tot=1.2min
02:38:24  [ 23/100]  train nll=+5.397(obj=+4.933 bg=+5.455) mse=11.948(obj=9.426 bg=12.261)  val nll=+5.375(obj=+4.916 bg=+5.435) mse=11.869(obj=9.511 bg=12.169)  lr=9.14e-04  temp=1.000  tot=1.3min
02:38:24    ↳ saved (val_nll=5.3746)
02:38:28  [ 24/100]  train nll=+5.412(obj=+4.964 bg=+5.468) mse=12.037(obj=9.590 bg=12.339)  val nll=+5.373(obj=+4.868 bg=+5.439) mse=11.867(obj=9.192 bg=12.211)  lr=9.05e-04  temp=1.000  tot=1.3min
02:38:28    ↳ saved (val_nll=5.3732)
02:38:31  [ 25/100]  train nll=+5.392(obj=+4.925 bg=+5.450) mse=11.879(obj=9.394 bg=12.187)  val nll=+5.362(obj=+4.821 bg=+5.432) mse=11.798(obj=9.033 bg=12.152)  lr=8.95e-04  temp=1.000  tot=1.4min
02:38:31    ↳ saved (val_nll=5.3624)
02:38:34  [ 26/100]  train nll=+5.406(obj=+4.904 bg=+5.469) mse=11.993(obj=9.321 bg=12.328)  val nll=+5.372(obj=+4.868 bg=+5.436) mse=11.791(obj=9.139 bg=12.132)  lr=8.84e-04  temp=1.000  tot=1.4min
02:38:37  [ 27/100]  train nll=+5.405(obj=+4.927 bg=+5.464) mse=12.004(obj=9.427 bg=12.320)  val nll=+5.366(obj=+4.878 bg=+5.428) mse=11.811(obj=9.208 bg=12.144)  lr=8.74e-04  temp=1.000  tot=1.5min
02:38:41  [ 28/100]  train nll=+5.392(obj=+4.870 bg=+5.457) mse=11.927(obj=9.175 bg=12.267)  val nll=+5.362(obj=+4.812 bg=+5.433) mse=11.842(obj=9.090 bg=12.194)  lr=8.62e-04  temp=1.000  tot=1.5min
02:38:41    ↳ saved (val_nll=5.3617)
02:38:44  [ 29/100]  train nll=+5.394(obj=+4.844 bg=+5.463) mse=11.938(obj=9.037 bg=12.298)  val nll=+5.355(obj=+4.759 bg=+5.436) mse=11.810(obj=8.782 bg=12.199)  lr=8.51e-04  temp=1.000  tot=1.6min
02:38:44    ↳ saved (val_nll=5.3554)
02:38:47  [ 30/100]  train nll=+5.396(obj=+4.813 bg=+5.471) mse=11.974(obj=8.900 bg=12.362)  val nll=+5.354(obj=+4.753 bg=+5.434) mse=11.752(obj=8.605 bg=12.154)  lr=8.39e-04  temp=1.000  tot=1.6min
02:38:47    ↳ saved (val_nll=5.3538)
02:38:51  [ 31/100]  train nll=+5.388(obj=+4.766 bg=+5.466) mse=11.939(obj=8.639 bg=12.349)  val nll=+5.360(obj=+4.819 bg=+5.429) mse=11.771(obj=8.874 bg=12.141)  lr=8.26e-04  temp=1.000  tot=1.7min
02:38:54  [ 32/100]  train nll=+5.357(obj=+4.656 bg=+5.445) mse=11.733(obj=8.066 bg=12.188)  val nll=+5.337(obj=+4.497 bg=+5.446) mse=11.637(obj=7.471 bg=12.169)  lr=8.14e-04  temp=1.000  tot=1.8min
02:38:54    ↳ saved (val_nll=5.3366)
02:38:57  [ 33/100]  train nll=+5.361(obj=+4.461 bg=+5.473) mse=11.782(obj=7.152 bg=12.354)  val nll=+5.283(obj=+4.121 bg=+5.431) mse=11.460(obj=5.920 bg=12.168)  lr=8.01e-04  temp=1.000  tot=1.8min
02:38:57    ↳ saved (val_nll=5.2827)
02:39:00  [ 34/100]  train nll=+5.332(obj=+4.240 bg=+5.466) mse=11.669(obj=6.311 bg=12.328)  val nll=+5.307(obj=+4.251 bg=+5.443) mse=11.511(obj=6.155 bg=12.193)  lr=7.87e-04  temp=1.000  tot=1.9min
02:39:04  [ 35/100]  train nll=+5.312(obj=+4.173 bg=+5.451) mse=11.575(obj=6.065 bg=12.250)  val nll=+5.283(obj=+4.135 bg=+5.429) mse=11.436(obj=5.774 bg=12.158)  lr=7.74e-04  temp=1.000  tot=1.9min
02:39:04    ↳ saved (val_nll=5.2826)
02:39:07  [ 36/100]  train nll=+5.294(obj=+3.965 bg=+5.461) mse=11.523(obj=5.447 bg=12.284)  val nll=+5.289(obj=+4.190 bg=+5.428) mse=11.504(obj=6.302 bg=12.168)  lr=7.60e-04  temp=1.000  tot=2.0min
02:39:10  [ 37/100]  train nll=+5.297(obj=+3.924 bg=+5.469) mse=11.567(obj=5.344 bg=12.346)  val nll=+5.240(obj=+3.678 bg=+5.439) mse=11.367(obj=4.719 bg=12.216)  lr=7.45e-04  temp=1.000  tot=2.0min
02:39:10    ↳ saved (val_nll=5.2396)
02:39:13  [ 38/100]  train nll=+5.277(obj=+3.791 bg=+5.463) mse=11.506(obj=5.007 bg=12.318)  val nll=+5.238(obj=+3.727 bg=+5.430) mse=11.348(obj=4.934 bg=12.166)  lr=7.31e-04  temp=1.000  tot=2.1min
02:39:13    ↳ saved (val_nll=5.2377)
02:39:17  [ 39/100]  train nll=+5.275(obj=+3.757 bg=+5.464) mse=11.490(obj=4.937 bg=12.301)  val nll=+5.239(obj=+3.727 bg=+5.431) mse=11.355(obj=4.746 bg=12.199)  lr=7.16e-04  temp=1.000  tot=2.1min
02:39:20  [ 40/100]  train nll=+5.259(obj=+3.617 bg=+5.462) mse=11.465(obj=4.614 bg=12.308)  val nll=+5.224(obj=+3.362 bg=+5.463) mse=11.371(obj=4.069 bg=12.303)  lr=7.01e-04  temp=1.000  tot=2.2min
02:39:20    ↳ saved (val_nll=5.2236)
02:39:23  [ 41/100]  train nll=+5.245(obj=+3.514 bg=+5.460) mse=11.409(obj=4.398 bg=12.280)  val nll=+5.198(obj=+3.361 bg=+5.432) mse=11.241(obj=3.998 bg=12.167)  lr=6.86e-04  temp=1.000  tot=2.2min
02:39:23    ↳ saved (val_nll=5.1977)
02:39:26  [ 42/100]  train nll=+5.239(obj=+3.481 bg=+5.456) mse=11.400(obj=4.337 bg=12.271)  val nll=+5.175(obj=+3.127 bg=+5.434) mse=11.243(obj=3.721 bg=12.203)  lr=6.70e-04  temp=1.000  tot=2.3min
02:39:26    ↳ saved (val_nll=5.1746)
02:39:30  [ 43/100]  train nll=+5.226(obj=+3.362 bg=+5.456) mse=11.378(obj=4.127 bg=12.270)  val nll=+5.172(obj=+3.138 bg=+5.432) mse=11.202(obj=3.727 bg=12.156)  lr=6.55e-04  temp=1.000  tot=2.3min
02:39:30    ↳ saved (val_nll=5.1719)
02:39:33  [ 44/100]  train nll=+5.226(obj=+3.347 bg=+5.458) mse=11.364(obj=4.094 bg=12.263)  val nll=+5.177(obj=+3.078 bg=+5.446) mse=11.278(obj=3.675 bg=12.249)  lr=6.39e-04  temp=1.000  tot=2.4min
02:39:36  [ 45/100]  train nll=+5.212(obj=+3.205 bg=+5.459) mse=11.370(obj=3.848 bg=12.297)  val nll=+5.155(obj=+2.835 bg=+5.449) mse=11.259(obj=3.255 bg=12.280)  lr=6.23e-04  temp=1.000  tot=2.5min
02:39:36    ↳ saved (val_nll=5.1545)
02:39:40  [ 46/100]  train nll=+5.213(obj=+3.209 bg=+5.457) mse=11.347(obj=3.869 bg=12.257)  val nll=+5.135(obj=+2.789 bg=+5.432) mse=11.153(obj=3.228 bg=12.164)  lr=6.07e-04  temp=1.000  tot=2.5min
02:39:40    ↳ saved (val_nll=5.1345)
02:39:43  [ 47/100]  train nll=+5.211(obj=+3.184 bg=+5.460) mse=11.369(obj=3.825 bg=12.294)  val nll=+5.145(obj=+2.899 bg=+5.432) mse=11.179(obj=3.450 bg=12.165)  lr=5.91e-04  temp=1.000  tot=2.6min
02:39:46  [ 48/100]  train nll=+5.197(obj=+3.101 bg=+5.454) mse=11.317(obj=3.698 bg=12.251)  val nll=+5.160(obj=+2.922 bg=+5.444) mse=11.256(obj=3.451 bg=12.251)  lr=5.75e-04  temp=1.000  tot=2.6min
02:39:50  [ 49/100]  train nll=+5.183(obj=+3.025 bg=+5.450) mse=11.286(obj=3.564 bg=12.242)  val nll=+5.120(obj=+2.708 bg=+5.427) mse=11.118(obj=3.101 bg=12.141)  lr=5.58e-04  temp=1.000  tot=2.7min
02:39:50    ↳ saved (val_nll=5.1196)
02:39:53  [ 50/100]  train nll=+5.212(obj=+3.072 bg=+5.478) mse=11.453(obj=3.683 bg=12.418)  val nll=+5.113(obj=+2.626 bg=+5.430) mse=11.141(obj=3.045 bg=12.175)  lr=5.42e-04  temp=1.000  tot=2.7min
02:39:53    ↳ saved (val_nll=5.1127)
02:39:56  [ 51/100]  train nll=+5.174(obj=+2.933 bg=+5.453) mse=11.292(obj=3.449 bg=12.265)  val nll=+5.097(obj=+2.470 bg=+5.432) mse=11.104(obj=2.793 bg=12.165)  lr=5.25e-04  temp=1.000  tot=2.8min
02:39:56    ↳ saved (val_nll=5.0965)
02:39:59  [ 52/100]  train nll=+5.176(obj=+2.874 bg=+5.460) mse=11.329(obj=3.352 bg=12.316)  val nll=+5.114(obj=+2.602 bg=+5.435) mse=11.146(obj=2.955 bg=12.191)  lr=5.09e-04  temp=1.000  tot=2.8min
02:40:02  [ 53/100]  train nll=+5.179(obj=+2.843 bg=+5.467) mse=11.357(obj=3.305 bg=12.349)  val nll=+5.102(obj=+2.543 bg=+5.428) mse=11.087(obj=2.890 bg=12.133)  lr=4.92e-04  temp=1.000  tot=2.9min
02:40:05  [ 54/100]  train nll=+5.155(obj=+2.836 bg=+5.442) mse=11.201(obj=3.298 bg=12.178)  val nll=+5.124(obj=+2.736 bg=+5.430) mse=11.136(obj=3.180 bg=12.151)  lr=4.76e-04  temp=1.000  tot=2.9min
02:40:08  [ 55/100]  train nll=+5.156(obj=+2.784 bg=+5.452) mse=11.255(obj=3.247 bg=12.253)  val nll=+5.085(obj=+2.353 bg=+5.433) mse=11.107(obj=2.630 bg=12.189)  lr=4.59e-04  temp=1.000  tot=3.0min
02:40:08    ↳ saved (val_nll=5.0847)
02:40:12  [ 56/100]  train nll=+5.172(obj=+2.804 bg=+5.466) mse=11.353(obj=3.272 bg=12.358)  val nll=+5.089(obj=+2.407 bg=+5.429) mse=11.085(obj=2.704 bg=12.154)  lr=4.43e-04  temp=1.000  tot=3.1min
02:40:15  [ 57/100]  train nll=+5.156(obj=+2.711 bg=+5.457) mse=11.260(obj=3.132 bg=12.260)  val nll=+5.091(obj=+2.491 bg=+5.425) mse=11.089(obj=2.856 bg=12.141)  lr=4.26e-04  temp=1.000  tot=3.1min
02:40:19  [ 58/100]  train nll=+5.137(obj=+2.691 bg=+5.443) mse=11.174(obj=3.095 bg=12.183)  val nll=+5.081(obj=+2.386 bg=+5.423) mse=11.071(obj=2.680 bg=12.141)  lr=4.10e-04  temp=1.000  tot=3.2min
02:40:19    ↳ saved (val_nll=5.0814)
02:40:22  [ 59/100]  train nll=+5.149(obj=+2.635 bg=+5.459) mse=11.260(obj=3.026 bg=12.275)  val nll=+5.085(obj=+2.335 bg=+5.437) mse=11.086(obj=2.625 bg=12.166)  lr=3.94e-04  temp=1.000  tot=3.2min
02:40:25  [ 60/100]  train nll=+5.126(obj=+2.593 bg=+5.443) mse=11.159(obj=2.980 bg=12.183)  val nll=+5.071(obj=+2.270 bg=+5.432) mse=11.072(obj=2.569 bg=12.157)  lr=3.78e-04  temp=1.000  tot=3.3min
02:40:25    ↳ saved (val_nll=5.0711)
02:40:28  [ 61/100]  train nll=+5.135(obj=+2.570 bg=+5.457) mse=11.253(obj=2.964 bg=12.289)  val nll=+5.063(obj=+2.204 bg=+5.426) mse=11.065(obj=2.506 bg=12.157)  lr=3.62e-04  temp=1.000  tot=3.3min
02:40:28    ↳ saved (val_nll=5.0629)
02:40:32  [ 62/100]  train nll=+5.133(obj=+2.549 bg=+5.454) mse=11.238(obj=2.915 bg=12.272)  val nll=+5.056(obj=+2.182 bg=+5.424) mse=11.055(obj=2.437 bg=12.154)  lr=3.46e-04  temp=1.000  tot=3.4min
02:40:32    ↳ saved (val_nll=5.0563)
02:40:35  [ 63/100]  train nll=+5.128(obj=+2.508 bg=+5.454) mse=11.228(obj=2.867 bg=12.267)  val nll=+5.046(obj=+2.079 bg=+5.426) mse=11.053(obj=2.380 bg=12.160)  lr=3.31e-04  temp=1.000  tot=3.4min
02:40:35    ↳ saved (val_nll=5.0458)
02:40:38  [ 64/100]  train nll=+5.135(obj=+2.514 bg=+5.459) mse=11.265(obj=2.872 bg=12.302)  val nll=+5.081(obj=+2.307 bg=+5.435) mse=11.101(obj=2.659 bg=12.179)  lr=3.15e-04  temp=1.000  tot=3.5min
02:40:42  [ 65/100]  train nll=+5.133(obj=+2.489 bg=+5.459) mse=11.258(obj=2.855 bg=12.296)  val nll=+5.075(obj=+2.265 bg=+5.434) mse=11.082(obj=2.545 bg=12.172)  lr=3.00e-04  temp=1.000  tot=3.5min
02:40:45  [ 66/100]  train nll=+5.132(obj=+2.408 bg=+5.463) mse=11.293(obj=2.730 bg=12.334)  val nll=+5.060(obj=+2.145 bg=+5.432) mse=11.056(obj=2.447 bg=12.154)  lr=2.85e-04  temp=1.000  tot=3.6min
02:40:48  [ 67/100]  train nll=+5.114(obj=+2.428 bg=+5.446) mse=11.193(obj=2.762 bg=12.233)  val nll=+5.049(obj=+2.007 bg=+5.437) mse=11.080(obj=2.281 bg=12.203)  lr=2.70e-04  temp=1.000  tot=3.7min
02:40:51  [ 68/100]  train nll=+5.107(obj=+2.392 bg=+5.445) mse=11.144(obj=2.712 bg=12.194)  val nll=+5.046(obj=+2.031 bg=+5.430) mse=11.038(obj=2.294 bg=12.154)  lr=2.56e-04  temp=1.000  tot=3.7min
02:40:54  [ 69/100]  train nll=+5.105(obj=+2.380 bg=+5.442) mse=11.139(obj=2.701 bg=12.181)  val nll=+5.063(obj=+2.190 bg=+5.431) mse=11.067(obj=2.483 bg=12.162)  lr=2.41e-04  temp=1.000  tot=3.8min
02:40:58  [ 70/100]  train nll=+5.107(obj=+2.339 bg=+5.449) mse=11.181(obj=2.669 bg=12.232)  val nll=+5.038(obj=+1.971 bg=+5.432) mse=11.068(obj=2.243 bg=12.194)  lr=2.27e-04  temp=1.000  tot=3.8min
02:40:58    ↳ saved (val_nll=5.0379)
02:41:01  [ 71/100]  train nll=+5.106(obj=+2.359 bg=+5.447) mse=11.166(obj=2.667 bg=12.221)  val nll=+5.047(obj=+2.078 bg=+5.425) mse=11.035(obj=2.347 bg=12.144)  lr=2.14e-04  temp=1.000  tot=3.9min
02:41:04  [ 72/100]  train nll=+5.115(obj=+2.310 bg=+5.462) mse=11.288(obj=2.628 bg=12.358)  val nll=+5.045(obj=+2.065 bg=+5.427) mse=11.027(obj=2.352 bg=12.134)  lr=2.00e-04  temp=1.000  tot=3.9min
02:41:08  [ 73/100]  train nll=+5.102(obj=+2.320 bg=+5.447) mse=11.160(obj=2.633 bg=12.217)  val nll=+5.038(obj=+1.942 bg=+5.431) mse=11.046(obj=2.190 bg=12.175)  lr=1.87e-04  temp=1.000  tot=4.0min
02:41:08    ↳ saved (val_nll=5.0377)
02:41:11  [ 74/100]  train nll=+5.109(obj=+2.279 bg=+5.460) mse=11.236(obj=2.595 bg=12.307)  val nll=+5.025(obj=+1.902 bg=+5.424) mse=11.011(obj=2.178 bg=12.138)  lr=1.75e-04  temp=1.000  tot=4.0min
02:41:11    ↳ saved (val_nll=5.0245)
02:41:15  [ 75/100]  train nll=+5.102(obj=+2.268 bg=+5.457) mse=11.213(obj=2.562 bg=12.295)  val nll=+5.029(obj=+1.932 bg=+5.422) mse=11.030(obj=2.214 bg=12.155)  lr=1.62e-04  temp=1.000  tot=4.1min
02:41:18  [ 76/100]  train nll=+5.088(obj=+2.213 bg=+5.441) mse=11.121(obj=2.527 bg=12.176)  val nll=+5.028(obj=+1.944 bg=+5.423) mse=11.019(obj=2.206 bg=12.143)  lr=1.50e-04  temp=1.000  tot=4.2min
02:41:21  [ 77/100]  train nll=+5.096(obj=+2.186 bg=+5.459) mse=11.232(obj=2.487 bg=12.318)  val nll=+5.021(obj=+1.805 bg=+5.433) mse=11.041(obj=2.100 bg=12.182)  lr=1.39e-04  temp=1.000  tot=4.2min
02:41:21    ↳ saved (val_nll=5.0210)
02:41:25  [ 78/100]  train nll=+5.080(obj=+2.180 bg=+5.440) mse=11.101(obj=2.468 bg=12.173)  val nll=+5.021(obj=+1.837 bg=+5.428) mse=11.022(obj=2.118 bg=12.158)  lr=1.27e-04  temp=1.000  tot=4.3min
02:41:25    ↳ saved (val_nll=5.0206)
02:41:28  [ 79/100]  train nll=+5.085(obj=+2.167 bg=+5.444) mse=11.156(obj=2.470 bg=12.225)  val nll=+5.017(obj=+1.811 bg=+5.424) mse=11.000(obj=2.067 bg=12.140)  lr=1.17e-04  temp=1.000  tot=4.3min
02:41:28    ↳ saved (val_nll=5.0167)
02:41:31  [ 80/100]  train nll=+5.092(obj=+2.162 bg=+5.458) mse=11.217(obj=2.450 bg=12.310)  val nll=+5.012(obj=+1.790 bg=+5.425) mse=11.013(obj=2.050 bg=12.157)  lr=1.06e-04  temp=1.000  tot=4.4min
02:41:31    ↳ saved (val_nll=5.0119)
02:41:34  [ 81/100]  train nll=+5.089(obj=+2.121 bg=+5.460) mse=11.214(obj=2.410 bg=12.312)  val nll=+5.012(obj=+1.776 bg=+5.426) mse=11.014(obj=2.061 bg=12.156)  lr=9.64e-05  temp=1.000  tot=4.4min
02:41:34    ↳ saved (val_nll=5.0118)
02:41:37  [ 82/100]  train nll=+5.078(obj=+2.090 bg=+5.448) mse=11.145(obj=2.372 bg=12.231)  val nll=+5.007(obj=+1.766 bg=+5.422) mse=11.002(obj=2.053 bg=12.144)  lr=8.69e-05  temp=1.000  tot=4.5min
02:41:37    ↳ saved (val_nll=5.0067)
02:41:41  [ 83/100]  train nll=+5.073(obj=+2.091 bg=+5.440) mse=11.112(obj=2.377 bg=12.184)  val nll=+5.009(obj=+1.764 bg=+5.425) mse=11.014(obj=2.020 bg=12.161)  lr=7.79e-05  temp=1.000  tot=4.5min
02:41:44  [ 84/100]  train nll=+5.080(obj=+2.076 bg=+5.452) mse=11.169(obj=2.366 bg=12.258)  val nll=+5.016(obj=+1.774 bg=+5.430) mse=11.021(obj=2.048 bg=12.165)  lr=6.93e-05  temp=1.000  tot=4.6min
02:41:47  [ 85/100]  train nll=+5.089(obj=+2.086 bg=+5.458) mse=11.229(obj=2.361 bg=12.316)  val nll=+5.014(obj=+1.772 bg=+5.429) mse=11.023(obj=2.040 bg=12.169)  lr=6.12e-05  temp=1.000  tot=4.6min
02:41:50  [ 86/100]  train nll=+5.067(obj=+2.080 bg=+5.440) mse=11.075(obj=2.356 bg=12.160)  val nll=+5.014(obj=+1.755 bg=+5.430) mse=11.006(obj=2.014 bg=12.154)  lr=5.36e-05  temp=1.000  tot=4.7min
02:41:54  [ 87/100]  train nll=+5.075(obj=+2.040 bg=+5.451) mse=11.162(obj=2.325 bg=12.256)  val nll=+5.003(obj=+1.682 bg=+5.428) mse=10.995(obj=1.955 bg=12.148)  lr=4.65e-05  temp=1.000  tot=4.8min
02:41:54    ↳ saved (val_nll=5.0035)
02:41:57  [ 88/100]  train nll=+5.076(obj=+2.045 bg=+5.452) mse=11.176(obj=2.326 bg=12.273)  val nll=+5.002(obj=+1.675 bg=+5.429) mse=10.994(obj=1.958 bg=12.147)  lr=3.98e-05  temp=1.000  tot=4.8min
02:41:57    ↳ saved (val_nll=5.0021)
02:42:00  [ 89/100]  train nll=+5.076(obj=+2.044 bg=+5.449) mse=11.176(obj=2.348 bg=12.257)  val nll=+5.003(obj=+1.674 bg=+5.429) mse=11.000(obj=1.942 bg=12.155)  lr=3.37e-05  temp=1.000  tot=4.9min
02:42:04  [ 90/100]  train nll=+5.071(obj=+2.024 bg=+5.448) mse=11.152(obj=2.311 bg=12.243)  val nll=+4.995(obj=+1.668 bg=+5.423) mse=10.992(obj=1.941 bg=12.147)  lr=2.81e-05  temp=1.000  tot=4.9min
02:42:04    ↳ saved (val_nll=4.9954)
02:42:07  [ 91/100]  train nll=+5.074(obj=+2.016 bg=+5.453) mse=11.173(obj=2.285 bg=12.271)  val nll=+4.996(obj=+1.665 bg=+5.423) mse=10.993(obj=1.935 bg=12.149)  lr=2.30e-05  temp=1.000  tot=5.0min
02:42:10  [ 92/100]  train nll=+5.072(obj=+1.989 bg=+5.455) mse=11.213(obj=2.274 bg=12.321)  val nll=+4.992(obj=+1.636 bg=+5.423) mse=10.993(obj=1.922 bg=12.150)  lr=1.84e-05  temp=1.000  tot=5.0min
02:42:10    ↳ saved (val_nll=4.9919)
02:42:13  [ 93/100]  train nll=+5.073(obj=+2.002 bg=+5.449) mse=11.174(obj=2.295 bg=12.259)  val nll=+4.992(obj=+1.634 bg=+5.423) mse=10.997(obj=1.915 bg=12.155)  lr=1.43e-05  temp=1.000  tot=5.1min
02:42:17  [ 94/100]  train nll=+5.079(obj=+2.012 bg=+5.457) mse=11.200(obj=2.264 bg=12.300)  val nll=+4.994(obj=+1.637 bg=+5.425) mse=10.995(obj=1.918 bg=12.153)  lr=1.08e-05  temp=1.000  tot=5.1min
02:42:20  [ 95/100]  train nll=+5.073(obj=+1.993 bg=+5.455) mse=11.199(obj=2.286 bg=12.301)  val nll=+4.992(obj=+1.623 bg=+5.424) mse=10.990(obj=1.908 bg=12.149)  lr=7.81e-06  temp=1.000  tot=5.2min
02:42:20    ↳ saved (val_nll=4.9916)
02:42:23  [ 96/100]  train nll=+5.062(obj=+1.993 bg=+5.446) mse=11.117(obj=2.280 bg=12.217)  val nll=+4.994(obj=+1.632 bg=+5.425) mse=10.993(obj=1.913 bg=12.152)  lr=5.36e-06  temp=1.000  tot=5.2min
02:42:26  [ 97/100]  train nll=+5.077(obj=+1.988 bg=+5.460) mse=11.219(obj=2.286 bg=12.325)  val nll=+4.990(obj=+1.614 bg=+5.424) mse=10.989(obj=1.902 bg=12.149)  lr=3.46e-06  temp=1.000  tot=5.3min
02:42:26    ↳ saved (val_nll=4.9902)
02:42:29  [ 98/100]  train nll=+5.066(obj=+1.974 bg=+5.448) mse=11.141(obj=2.265 bg=12.235)  val nll=+4.991(obj=+1.612 bg=+5.424) mse=10.991(obj=1.898 bg=12.150)  lr=2.09e-06  temp=1.000  tot=5.3min
02:42:33  [ 99/100]  train nll=+5.059(obj=+1.957 bg=+5.442) mse=11.117(obj=2.233 bg=12.212)  val nll=+4.991(obj=+1.613 bg=+5.424) mse=10.991(obj=1.901 bg=12.150)  lr=1.27e-06  temp=1.000  tot=5.4min
02:42:36  [100/100]  train nll=+5.060(obj=+1.961 bg=+5.448) mse=11.132(obj=2.252 bg=12.239)  val nll=+4.990(obj=+1.608 bg=+5.424) mse=10.990(obj=1.898 bg=12.150)  lr=1.00e-06  temp=1.000  tot=5.5min
02:42:36    ↳ saved (val_nll=4.9901)
02:42:36  Best val NLL: 4.9901  |  time: 5.5min
02:42:37  Saved 12 val visualizations → experiments/v20_3layer_randdepth/vis
