11:05:13  train=29979 val=3479
11:05:14  params: 1.62M
11:05:43  [  1/300]  train nll=+4.480(obj=+4.111 bg=+4.492) mse=7.319(obj=6.188 bg=7.355)  val nll=+4.143(obj=+3.689 bg=+4.158) mse=6.484(obj=5.214 bg=6.530)  lr=4.00e-04  tot=0.5min
11:05:43    ↳ saved (val_nll=4.1428)
11:06:10  [  2/300]  train nll=+4.409(obj=+4.014 bg=+4.423) mse=7.260(obj=6.152 bg=7.296)  val nll=+4.159(obj=+3.726 bg=+4.175) mse=6.436(obj=5.175 bg=6.481)  lr=6.00e-04  tot=0.9min
11:06:37  [  3/300]  train nll=+4.341(obj=+3.946 bg=+4.354) mse=7.188(obj=6.000 bg=7.226)  val nll=+4.114(obj=+3.598 bg=+4.130) mse=6.410(obj=4.978 bg=6.456)  lr=8.00e-04  tot=1.4min
11:06:37    ↳ saved (val_nll=4.1137)
11:07:04  [  4/300]  train nll=+4.305(obj=+3.838 bg=+4.320) mse=7.011(obj=5.680 bg=7.052)  val nll=+4.092(obj=+3.649 bg=+4.107) mse=6.310(obj=5.047 bg=6.352)  lr=1.00e-03  tot=1.8min
11:07:04    ↳ saved (val_nll=4.0923)
11:07:31  [  5/300]  train nll=+4.261(obj=+3.802 bg=+4.275) mse=6.941(obj=5.598 bg=6.984)  val nll=+4.186(obj=+3.733 bg=+4.201) mse=6.431(obj=5.260 bg=6.471)  lr=1.00e-03  tot=2.3min
11:07:59  [  6/300]  train nll=+4.187(obj=+3.691 bg=+4.203) mse=6.773(obj=5.413 bg=6.817)  val nll=+4.022(obj=+3.475 bg=+4.042) mse=6.205(obj=4.876 bg=6.253)  lr=1.00e-03  tot=2.7min
11:07:59    ↳ saved (val_nll=4.0223)
11:08:26  [  7/300]  train nll=+4.146(obj=+3.611 bg=+4.163) mse=6.695(obj=5.231 bg=6.741)  val nll=+3.893(obj=+3.278 bg=+3.913) mse=5.973(obj=4.380 bg=6.027)  lr=1.00e-03  tot=3.2min
11:08:26    ↳ saved (val_nll=3.8927)
11:08:53  [  8/300]  train nll=+4.071(obj=+3.503 bg=+4.090) mse=6.573(obj=5.075 bg=6.620)  val nll=+4.041(obj=+3.397 bg=+4.063) mse=6.286(obj=4.635 bg=6.342)  lr=1.00e-03  tot=3.7min
11:09:20  [  9/300]  train nll=+4.060(obj=+3.470 bg=+4.079) mse=6.511(obj=5.006 bg=6.559)  val nll=+3.824(obj=+3.110 bg=+3.849) mse=5.820(obj=4.123 bg=5.877)  lr=1.00e-03  tot=4.1min
11:09:20    ↳ saved (val_nll=3.8244)
11:09:48  [ 10/300]  train nll=+3.994(obj=+3.348 bg=+4.015) mse=6.418(obj=4.838 bg=6.468)  val nll=+4.043(obj=+3.545 bg=+4.060) mse=6.099(obj=4.703 bg=6.146)  lr=9.99e-04  tot=4.6min
11:10:15  [ 11/300]  train nll=+3.974(obj=+3.344 bg=+3.994) mse=6.350(obj=4.855 bg=6.398)  val nll=+3.844(obj=+3.222 bg=+3.865) mse=5.776(obj=4.390 bg=5.822)  lr=9.99e-04  tot=5.0min
11:10:43  [ 12/300]  train nll=+3.923(obj=+3.272 bg=+3.944) mse=6.287(obj=4.774 bg=6.335)  val nll=+3.817(obj=+3.095 bg=+3.840) mse=5.810(obj=4.215 bg=5.863)  lr=9.99e-04  tot=5.5min
11:10:43    ↳ saved (val_nll=3.8168)
11:11:10  [ 13/300]  train nll=+3.897(obj=+3.238 bg=+3.918) mse=6.235(obj=4.691 bg=6.283)  val nll=+3.703(obj=+2.975 bg=+3.728) mse=5.632(obj=4.024 bg=5.686)  lr=9.98e-04  tot=5.9min
11:11:10    ↳ saved (val_nll=3.7033)
11:11:38  [ 14/300]  train nll=+3.874(obj=+3.174 bg=+3.896) mse=6.207(obj=4.576 bg=6.258)  val nll=+3.685(obj=+2.921 bg=+3.710) mse=5.651(obj=4.079 bg=5.703)  lr=9.98e-04  tot=6.4min
11:11:38    ↳ saved (val_nll=3.6850)
11:12:03  [ 15/300]  train nll=+3.847(obj=+3.129 bg=+3.870) mse=6.142(obj=4.510 bg=6.193)  val nll=+3.752(obj=+3.017 bg=+3.776) mse=5.720(obj=4.147 bg=5.771)  lr=9.97e-04  tot=6.8min
11:12:20  [ 16/300]  train nll=+3.822(obj=+3.084 bg=+3.845) mse=6.083(obj=4.376 bg=6.137)  val nll=+3.571(obj=+2.713 bg=+3.599) mse=5.416(obj=3.697 bg=5.472)  lr=9.97e-04  tot=7.1min
11:12:20    ↳ saved (val_nll=3.5712)
11:12:46  [ 17/300]  train nll=+3.782(obj=+3.007 bg=+3.807) mse=5.970(obj=4.220 bg=6.025)  val nll=+3.661(obj=+2.771 bg=+3.690) mse=5.423(obj=3.655 bg=5.482)  lr=9.96e-04  tot=7.5min
11:13:13  [ 18/300]  train nll=+3.750(obj=+2.948 bg=+3.775) mse=5.913(obj=4.147 bg=5.969)  val nll=+3.650(obj=+2.803 bg=+3.678) mse=5.576(obj=3.782 bg=5.635)  lr=9.95e-04  tot=8.0min
11:13:40  [ 19/300]  train nll=+3.703(obj=+2.881 bg=+3.729) mse=5.794(obj=3.917 bg=5.854)  val nll=+3.539(obj=+2.650 bg=+3.569) mse=5.275(obj=3.365 bg=5.337)  lr=9.94e-04  tot=8.4min
11:13:40    ↳ saved (val_nll=3.5390)
11:14:07  [ 20/300]  train nll=+3.692(obj=+2.832 bg=+3.719) mse=5.746(obj=3.817 bg=5.808)  val nll=+3.653(obj=+2.680 bg=+3.685) mse=5.518(obj=3.649 bg=5.581)  lr=9.94e-04  tot=8.9min
11:14:34  [ 21/300]  train nll=+3.639(obj=+2.755 bg=+3.667) mse=5.634(obj=3.663 bg=5.696)  val nll=+3.566(obj=+2.718 bg=+3.594) mse=5.315(obj=3.506 bg=5.376)  lr=9.93e-04  tot=9.3min
11:15:01  [ 22/300]  train nll=+3.606(obj=+2.712 bg=+3.634) mse=5.578(obj=3.582 bg=5.640)  val nll=+3.707(obj=+3.036 bg=+3.729) mse=5.408(obj=3.752 bg=5.462)  lr=9.92e-04  tot=9.8min
11:15:28  [ 23/300]  train nll=+3.581(obj=+2.643 bg=+3.611) mse=5.527(obj=3.495 bg=5.591)  val nll=+3.564(obj=+2.564 bg=+3.597) mse=5.248(obj=3.216 bg=5.314)  lr=9.91e-04  tot=10.2min
11:15:55  [ 24/300]  train nll=+3.545(obj=+2.613 bg=+3.574) mse=5.453(obj=3.418 bg=5.517)  val nll=+3.421(obj=+2.402 bg=+3.455) mse=4.951(obj=3.024 bg=5.015)  lr=9.90e-04  tot=10.7min
11:15:55    ↳ saved (val_nll=3.4214)
11:16:22  [ 25/300]  train nll=+3.462(obj=+2.482 bg=+3.493) mse=5.264(obj=3.201 bg=5.328)  val nll=+3.412(obj=+2.502 bg=+3.443) mse=4.965(obj=3.216 bg=5.023)  lr=9.89e-04  tot=11.1min
11:16:22    ↳ saved (val_nll=3.4125)
11:16:50  [ 26/300]  train nll=+3.442(obj=+2.455 bg=+3.473) mse=5.184(obj=3.120 bg=5.249)  val nll=+3.541(obj=+2.537 bg=+3.572) mse=5.084(obj=3.282 bg=5.141)  lr=9.88e-04  tot=11.6min
11:17:17  [ 27/300]  train nll=+3.423(obj=+2.402 bg=+3.454) mse=5.147(obj=3.030 bg=5.214)  val nll=+3.718(obj=+2.813 bg=+3.747) mse=5.203(obj=3.358 bg=5.264)  lr=9.86e-04  tot=12.0min
11:17:44  [ 28/300]  train nll=+3.390(obj=+2.372 bg=+3.422) mse=5.053(obj=2.953 bg=5.119)  val nll=+3.371(obj=+2.409 bg=+3.402) mse=4.889(obj=3.056 bg=4.949)  lr=9.85e-04  tot=12.5min
11:17:44    ↳ saved (val_nll=3.3710)
11:18:12  [ 29/300]  train nll=+3.323(obj=+2.303 bg=+3.355) mse=4.932(obj=2.866 bg=4.997)  val nll=+3.313(obj=+2.324 bg=+3.346) mse=4.572(obj=2.711 bg=4.630)  lr=9.84e-04  tot=13.0min
11:18:12    ↳ saved (val_nll=3.3134)
11:18:39  [ 30/300]  train nll=+3.304(obj=+2.275 bg=+3.337) mse=4.850(obj=2.781 bg=4.915)  val nll=+3.501(obj=+2.523 bg=+3.533) mse=4.799(obj=2.898 bg=4.859)  lr=9.82e-04  tot=13.4min
11:19:06  [ 31/300]  train nll=+3.321(obj=+2.278 bg=+3.353) mse=4.916(obj=2.858 bg=4.980)  val nll=+3.307(obj=+2.547 bg=+3.331) mse=4.603(obj=3.000 bg=4.654)  lr=9.81e-04  tot=13.9min
11:19:06    ↳ saved (val_nll=3.3065)
11:19:33  [ 32/300]  train nll=+3.241(obj=+2.185 bg=+3.274) mse=4.755(obj=2.671 bg=4.820)  val nll=+3.402(obj=+2.234 bg=+3.439) mse=4.529(obj=2.523 bg=4.593)  lr=9.79e-04  tot=14.3min
11:20:00  [ 33/300]  train nll=+3.230(obj=+2.141 bg=+3.264) mse=4.727(obj=2.627 bg=4.792)  val nll=+3.095(obj=+1.996 bg=+3.131) mse=4.292(obj=2.365 bg=4.354)  lr=9.78e-04  tot=14.8min
11:20:00    ↳ saved (val_nll=3.0948)
11:20:27  [ 34/300]  train nll=+3.165(obj=+2.057 bg=+3.200) mse=4.600(obj=2.497 bg=4.666)  val nll=+3.267(obj=+2.230 bg=+3.301) mse=4.449(obj=2.682 bg=4.506)  lr=9.76e-04  tot=15.2min
11:20:55  [ 35/300]  train nll=+3.137(obj=+2.007 bg=+3.172) mse=4.547(obj=2.440 bg=4.613)  val nll=+3.344(obj=+2.329 bg=+3.376) mse=4.614(obj=2.777 bg=4.672)  lr=9.75e-04  tot=15.7min
11:21:22  [ 36/300]  train nll=+3.116(obj=+1.990 bg=+3.152) mse=4.509(obj=2.394 bg=4.575)  val nll=+3.222(obj=+2.255 bg=+3.253) mse=4.392(obj=2.705 bg=4.447)  lr=9.73e-04  tot=16.1min
11:21:50  [ 37/300]  train nll=+3.093(obj=+1.992 bg=+3.127) mse=4.467(obj=2.390 bg=4.532)  val nll=+3.166(obj=+1.965 bg=+3.205) mse=4.231(obj=2.380 bg=4.292)  lr=9.71e-04  tot=16.6min
11:22:17  [ 38/300]  train nll=+3.057(obj=+1.934 bg=+3.092) mse=4.416(obj=2.382 bg=4.480)  val nll=+3.176(obj=+1.840 bg=+3.219) mse=4.244(obj=2.275 bg=4.306)  lr=9.69e-04  tot=17.1min
11:22:45  [ 39/300]  train nll=+3.019(obj=+1.910 bg=+3.054) mse=4.351(obj=2.317 bg=4.415)  val nll=+3.166(obj=+2.081 bg=+3.201) mse=4.287(obj=2.539 bg=4.344)  lr=9.68e-04  tot=17.5min
11:23:12  [ 40/300]  train nll=+3.009(obj=+1.865 bg=+3.045) mse=4.313(obj=2.267 bg=4.377)  val nll=+3.131(obj=+1.975 bg=+3.169) mse=4.230(obj=2.389 bg=4.289)  lr=9.66e-04  tot=18.0min
11:23:39  [ 41/300]  train nll=+2.955(obj=+1.816 bg=+2.991) mse=4.249(obj=2.196 bg=4.313)  val nll=+3.221(obj=+2.543 bg=+3.243) mse=4.267(obj=2.632 bg=4.318)  lr=9.64e-04  tot=18.4min
11:24:06  [ 42/300]  train nll=+2.937(obj=+1.772 bg=+2.973) mse=4.194(obj=2.161 bg=4.258)  val nll=+3.246(obj=+2.258 bg=+3.281) mse=4.190(obj=2.534 bg=4.244)  lr=9.62e-04  tot=18.9min
11:24:33  [ 43/300]  train nll=+2.920(obj=+1.747 bg=+2.956) mse=4.176(obj=2.134 bg=4.240)  val nll=+3.260(obj=+2.309 bg=+3.290) mse=4.288(obj=2.621 bg=4.340)  lr=9.60e-04  tot=19.3min
11:25:01  [ 44/300]  train nll=+2.883(obj=+1.699 bg=+2.920) mse=4.115(obj=2.076 bg=4.179)  val nll=+3.115(obj=+2.037 bg=+3.150) mse=4.214(obj=2.448 bg=4.271)  lr=9.58e-04  tot=19.8min
11:25:27  [ 45/300]  train nll=+2.855(obj=+1.669 bg=+2.892) mse=4.084(obj=2.048 bg=4.148)  val nll=+3.218(obj=+2.084 bg=+3.256) mse=3.994(obj=2.226 bg=4.049)  lr=9.55e-04  tot=20.2min
11:25:55  [ 46/300]  train nll=+2.830(obj=+1.659 bg=+2.867) mse=4.027(obj=2.031 bg=4.090)  val nll=+2.993(obj=+2.058 bg=+3.022) mse=4.107(obj=2.384 bg=4.159)  lr=9.53e-04  tot=20.7min
11:25:55    ↳ saved (val_nll=2.9933)
11:26:22  [ 47/300]  train nll=+2.829(obj=+1.666 bg=+2.865) mse=4.013(obj=2.030 bg=4.075)  val nll=+3.388(obj=+2.455 bg=+3.419) mse=4.318(obj=2.648 bg=4.371)  lr=9.51e-04  tot=21.1min
11:26:49  [ 48/300]  train nll=+2.813(obj=+1.611 bg=+2.851) mse=4.006(obj=1.978 bg=4.069)  val nll=+3.412(obj=+3.294 bg=+3.414) mse=4.140(obj=2.709 bg=4.185)  lr=9.49e-04  tot=21.6min
11:27:16  [ 49/300]  train nll=+2.781(obj=+1.588 bg=+2.818) mse=3.949(obj=1.957 bg=4.012)  val nll=+3.001(obj=+2.088 bg=+3.030) mse=4.008(obj=2.292 bg=4.061)  lr=9.46e-04  tot=22.0min
11:27:43  [ 50/300]  train nll=+2.748(obj=+1.561 bg=+2.785) mse=3.888(obj=1.926 bg=3.949)  val nll=+2.993(obj=+1.854 bg=+3.031) mse=4.033(obj=2.198 bg=4.092)  lr=9.44e-04  tot=22.5min
11:27:43    ↳ saved (val_nll=2.9930)
11:28:10  [ 51/300]  train nll=+2.741(obj=+1.551 bg=+2.778) mse=3.893(obj=1.918 bg=3.955)  val nll=+2.989(obj=+1.804 bg=+3.028) mse=3.936(obj=2.203 bg=3.992)  lr=9.41e-04  tot=22.9min
11:28:10    ↳ saved (val_nll=2.9886)
11:28:38  [ 52/300]  train nll=+2.718(obj=+1.518 bg=+2.755) mse=3.872(obj=1.891 bg=3.934)  val nll=+3.033(obj=+2.070 bg=+3.064) mse=3.972(obj=2.342 bg=4.023)  lr=9.39e-04  tot=23.4min
11:29:06  [ 53/300]  train nll=+2.705(obj=+1.498 bg=+2.743) mse=3.814(obj=1.862 bg=3.875)  val nll=+3.308(obj=+2.083 bg=+3.348) mse=4.011(obj=2.251 bg=4.067)  lr=9.36e-04  tot=23.9min
11:29:32  [ 54/300]  train nll=+2.680(obj=+1.457 bg=+2.718) mse=3.808(obj=1.833 bg=3.870)  val nll=+3.141(obj=+2.053 bg=+3.176) mse=3.896(obj=2.226 bg=3.949)  lr=9.34e-04  tot=24.3min
11:30:00  [ 55/300]  train nll=+2.656(obj=+1.449 bg=+2.694) mse=3.763(obj=1.806 bg=3.824)  val nll=+3.286(obj=+2.278 bg=+3.319) mse=3.912(obj=2.296 bg=3.963)  lr=9.31e-04  tot=24.8min
11:30:27  [ 56/300]  train nll=+2.661(obj=+1.455 bg=+2.699) mse=3.767(obj=1.826 bg=3.827)  val nll=+3.143(obj=+2.173 bg=+3.173) mse=4.101(obj=2.421 bg=4.154)  lr=9.28e-04  tot=25.2min
11:30:49  [ 57/300]  train nll=+2.616(obj=+1.408 bg=+2.653) mse=3.702(obj=1.784 bg=3.762)  val nll=+3.027(obj=+1.833 bg=+3.065) mse=3.839(obj=2.070 bg=3.894)  lr=9.25e-04  tot=25.6min
11:31:06  [ 58/300]  train nll=+2.594(obj=+1.385 bg=+2.632) mse=3.676(obj=1.772 bg=3.735)  val nll=+3.093(obj=+1.921 bg=+3.132) mse=4.019(obj=2.283 bg=4.074)  lr=9.23e-04  tot=25.9min
11:31:29  [ 59/300]  train nll=+2.599(obj=+1.362 bg=+2.638) mse=3.678(obj=1.749 bg=3.738)  val nll=+2.941(obj=+1.747 bg=+2.980) mse=3.812(obj=2.118 bg=3.866)  lr=9.20e-04  tot=26.3min
11:31:29    ↳ saved (val_nll=2.9409)
11:31:56  [ 60/300]  train nll=+2.604(obj=+1.402 bg=+2.642) mse=3.674(obj=1.774 bg=3.733)  val nll=+3.432(obj=+2.375 bg=+3.465) mse=3.943(obj=2.339 bg=3.993)  lr=9.17e-04  tot=26.7min
11:32:23  [ 61/300]  train nll=+2.560(obj=+1.361 bg=+2.598) mse=3.633(obj=1.751 bg=3.691)  val nll=+3.210(obj=+2.088 bg=+3.245) mse=3.940(obj=2.230 bg=3.994)  lr=9.14e-04  tot=27.2min
11:32:50  [ 62/300]  train nll=+2.554(obj=+1.357 bg=+2.591) mse=3.612(obj=1.713 bg=3.671)  val nll=+3.074(obj=+1.870 bg=+3.113) mse=3.932(obj=2.148 bg=3.988)  lr=9.11e-04  tot=27.6min
11:33:17  [ 63/300]  train nll=+2.553(obj=+1.348 bg=+2.591) mse=3.619(obj=1.735 bg=3.678)  val nll=+3.073(obj=+1.674 bg=+3.118) mse=3.870(obj=2.009 bg=3.930)  lr=9.08e-04  tot=28.0min
11:33:43  [ 64/300]  train nll=+2.487(obj=+1.266 bg=+2.525) mse=3.548(obj=1.662 bg=3.607)  val nll=+3.318(obj=+2.097 bg=+3.358) mse=3.914(obj=2.121 bg=3.971)  lr=9.05e-04  tot=28.5min
11:34:10  [ 65/300]  train nll=+2.478(obj=+1.243 bg=+2.516) mse=3.513(obj=1.630 bg=3.571)  val nll=+3.057(obj=+1.772 bg=+3.098) mse=3.912(obj=2.083 bg=3.970)  lr=9.01e-04  tot=28.9min
11:34:37  [ 66/300]  train nll=+2.530(obj=+1.300 bg=+2.569) mse=3.565(obj=1.681 bg=3.624)  val nll=+2.870(obj=+1.630 bg=+2.910) mse=3.700(obj=1.981 bg=3.753)  lr=8.98e-04  tot=29.4min
11:34:37    ↳ saved (val_nll=2.8705)
11:35:04  [ 67/300]  train nll=+2.441(obj=+1.187 bg=+2.480) mse=3.482(obj=1.589 bg=3.541)  val nll=+3.018(obj=+1.615 bg=+3.063) mse=3.755(obj=1.970 bg=3.812)  lr=8.95e-04  tot=29.8min
11:35:31  [ 68/300]  train nll=+2.472(obj=+1.257 bg=+2.510) mse=3.496(obj=1.647 bg=3.553)  val nll=+3.351(obj=+2.061 bg=+3.394) mse=3.950(obj=2.150 bg=4.008)  lr=8.92e-04  tot=30.3min
11:35:58  [ 69/300]  train nll=+2.464(obj=+1.236 bg=+2.503) mse=3.496(obj=1.624 bg=3.554)  val nll=+3.159(obj=+1.926 bg=+3.199) mse=3.858(obj=2.112 bg=3.914)  lr=8.88e-04  tot=30.7min
11:36:25  [ 70/300]  train nll=+2.434(obj=+1.200 bg=+2.473) mse=3.466(obj=1.610 bg=3.524)  val nll=+3.115(obj=+1.780 bg=+3.160) mse=3.931(obj=2.041 bg=3.991)  lr=8.85e-04  tot=31.2min
11:36:52  [ 71/300]  train nll=+2.421(obj=+1.187 bg=+2.460) mse=3.467(obj=1.600 bg=3.525)  val nll=+3.000(obj=+1.838 bg=+3.040) mse=3.788(obj=2.111 bg=3.842)  lr=8.82e-04  tot=31.6min
11:37:18  [ 72/300]  train nll=+2.384(obj=+1.130 bg=+2.423) mse=3.405(obj=1.568 bg=3.462)  val nll=+3.055(obj=+1.762 bg=+3.096) mse=3.813(obj=2.044 bg=3.868)  lr=8.78e-04  tot=32.1min
11:37:45  [ 73/300]  train nll=+2.387(obj=+1.123 bg=+2.426) mse=3.390(obj=1.546 bg=3.447)  val nll=+3.526(obj=+2.308 bg=+3.570) mse=3.795(obj=2.002 bg=3.853)  lr=8.75e-04  tot=32.5min
11:38:11  [ 74/300]  train nll=+2.350(obj=+1.094 bg=+2.389) mse=3.351(obj=1.519 bg=3.409)  val nll=+3.478(obj=+2.256 bg=+3.520) mse=3.967(obj=2.136 bg=4.025)  lr=8.71e-04  tot=33.0min
11:38:38  [ 75/300]  train nll=+2.364(obj=+1.124 bg=+2.403) mse=3.369(obj=1.540 bg=3.426)  val nll=+3.146(obj=+1.911 bg=+3.186) mse=3.841(obj=2.095 bg=3.895)  lr=8.68e-04  tot=33.4min
11:39:05  [ 76/300]  train nll=+2.354(obj=+1.095 bg=+2.394) mse=3.353(obj=1.519 bg=3.411)  val nll=+3.184(obj=+2.039 bg=+3.221) mse=3.721(obj=2.085 bg=3.772)  lr=8.64e-04  tot=33.8min
11:39:31  [ 77/300]  train nll=+2.320(obj=+1.080 bg=+2.359) mse=3.309(obj=1.491 bg=3.366)  val nll=+3.181(obj=+2.040 bg=+3.219) mse=3.952(obj=2.169 bg=4.009)  lr=8.60e-04  tot=34.3min
11:39:58  [ 78/300]  train nll=+2.329(obj=+1.075 bg=+2.368) mse=3.309(obj=1.508 bg=3.365)  val nll=+3.299(obj=+2.472 bg=+3.326) mse=3.938(obj=2.410 bg=3.986)  lr=8.57e-04  tot=34.7min
11:40:26  [ 79/300]  train nll=+2.299(obj=+1.063 bg=+2.337) mse=3.283(obj=1.491 bg=3.339)  val nll=+3.399(obj=+2.284 bg=+3.436) mse=3.919(obj=2.202 bg=3.973)  lr=8.53e-04  tot=35.2min
11:40:53  [ 80/300]  train nll=+2.320(obj=+1.075 bg=+2.359) mse=3.324(obj=1.501 bg=3.382)  val nll=+3.119(obj=+1.952 bg=+3.163) mse=3.708(obj=2.069 bg=3.762)  lr=8.49e-04  tot=35.7min
11:41:20  [ 81/300]  train nll=+2.287(obj=+1.026 bg=+2.326) mse=3.275(obj=1.467 bg=3.332)  val nll=+3.528(obj=+2.258 bg=+3.570) mse=3.842(obj=2.137 bg=3.896)  lr=8.45e-04  tot=36.1min
11:41:47  [ 82/300]  train nll=+2.250(obj=+0.967 bg=+2.289) mse=3.238(obj=1.442 bg=3.294)  val nll=+2.962(obj=+1.512 bg=+3.008) mse=3.616(obj=1.834 bg=3.672)  lr=8.41e-04  tot=36.6min
11:42:14  [ 83/300]  train nll=+2.260(obj=+1.002 bg=+2.299) mse=3.229(obj=1.458 bg=3.284)  val nll=+3.168(obj=+2.031 bg=+3.207) mse=3.799(obj=2.058 bg=3.854)  lr=8.37e-04  tot=37.0min
11:42:40  [ 84/300]  train nll=+2.255(obj=+0.985 bg=+2.295) mse=3.235(obj=1.444 bg=3.291)  val nll=+3.656(obj=+2.434 bg=+3.698) mse=3.798(obj=2.057 bg=3.854)  lr=8.33e-04  tot=37.4min
11:43:08  [ 85/300]  train nll=+2.273(obj=+1.032 bg=+2.312) mse=3.251(obj=1.465 bg=3.306)  val nll=+3.492(obj=+2.419 bg=+3.528) mse=4.057(obj=2.305 bg=4.113)  lr=8.29e-04  tot=37.9min
11:43:35  [ 86/300]  train nll=+2.258(obj=+1.015 bg=+2.297) mse=3.226(obj=1.453 bg=3.281)  val nll=+3.039(obj=+2.039 bg=+3.072) mse=3.659(obj=2.156 bg=3.705)  lr=8.25e-04  tot=38.3min
11:44:02  [ 87/300]  train nll=+2.199(obj=+0.932 bg=+2.239) mse=3.179(obj=1.405 bg=3.235)  val nll=+3.671(obj=+2.824 bg=+3.699) mse=3.963(obj=2.335 bg=4.014)  lr=8.21e-04  tot=38.8min
11:44:29  [ 88/300]  train nll=+2.194(obj=+0.906 bg=+2.234) mse=3.169(obj=1.378 bg=3.224)  val nll=+2.964(obj=+1.705 bg=+3.006) mse=3.609(obj=1.933 bg=3.663)  lr=8.17e-04  tot=39.3min
11:44:56  [ 89/300]  train nll=+2.186(obj=+0.931 bg=+2.225) mse=3.146(obj=1.397 bg=3.200)  val nll=+3.105(obj=+1.976 bg=+3.142) mse=3.668(obj=2.037 bg=3.720)  lr=8.13e-04  tot=39.7min
11:45:23  [ 90/300]  train nll=+2.160(obj=+0.897 bg=+2.200) mse=3.111(obj=1.378 bg=3.165)  val nll=+3.344(obj=+2.160 bg=+3.383) mse=3.837(obj=2.091 bg=3.891)  lr=8.09e-04  tot=40.2min
11:45:50  [ 91/300]  train nll=+2.175(obj=+0.884 bg=+2.215) mse=3.149(obj=1.386 bg=3.204)  val nll=+3.470(obj=+2.234 bg=+3.510) mse=3.747(obj=2.108 bg=3.799)  lr=8.05e-04  tot=40.6min
11:46:17  [ 92/300]  train nll=+2.149(obj=+0.865 bg=+2.189) mse=3.137(obj=1.377 bg=3.192)  val nll=+3.540(obj=+2.072 bg=+3.589) mse=3.904(obj=2.104 bg=3.963)  lr=8.01e-04  tot=41.0min
11:46:44  [ 93/300]  train nll=+2.154(obj=+0.890 bg=+2.193) mse=3.111(obj=1.353 bg=3.165)  val nll=+3.185(obj=+1.736 bg=+3.235) mse=3.629(obj=1.879 bg=3.686)  lr=7.96e-04  tot=41.5min
11:47:11  [ 94/300]  train nll=+2.130(obj=+0.878 bg=+2.169) mse=3.088(obj=1.361 bg=3.142)  val nll=+3.417(obj=+2.387 bg=+3.452) mse=3.751(obj=2.134 bg=3.802)  lr=7.92e-04  tot=41.9min
11:47:39  [ 95/300]  train nll=+2.138(obj=+0.854 bg=+2.178) mse=3.105(obj=1.345 bg=3.160)  val nll=+3.087(obj=+1.613 bg=+3.136) mse=3.635(obj=1.888 bg=3.690)  lr=7.88e-04  tot=42.4min
11:48:05  [ 96/300]  train nll=+2.115(obj=+0.833 bg=+2.156) mse=3.063(obj=1.329 bg=3.118)  val nll=+3.617(obj=+3.200 bg=+3.628) mse=3.708(obj=2.305 bg=3.751)  lr=7.83e-04  tot=42.9min
11:48:33  [ 97/300]  train nll=+2.118(obj=+0.857 bg=+2.158) mse=3.071(obj=1.345 bg=3.125)  val nll=+3.516(obj=+2.400 bg=+3.554) mse=3.649(obj=2.021 bg=3.700)  lr=7.79e-04  tot=43.3min
11:48:59  [ 98/300]  train nll=+2.083(obj=+0.801 bg=+2.123) mse=3.021(obj=1.311 bg=3.075)  val nll=+3.205(obj=+1.880 bg=+3.248) mse=3.613(obj=1.965 bg=3.665)  lr=7.74e-04  tot=43.8min
11:49:27  [ 99/300]  train nll=+2.078(obj=+0.806 bg=+2.118) mse=3.008(obj=1.321 bg=3.061)  val nll=+3.342(obj=+2.317 bg=+3.375) mse=3.754(obj=2.158 bg=3.803)  lr=7.70e-04  tot=44.2min
11:49:54  [100/300]  train nll=+2.072(obj=+0.794 bg=+2.112) mse=3.025(obj=1.319 bg=3.079)  val nll=+3.396(obj=+1.979 bg=+3.442) mse=3.735(obj=1.979 bg=3.790)  lr=7.65e-04  tot=44.7min
11:50:21  [101/300]  train nll=+2.047(obj=+0.756 bg=+2.087) mse=3.006(obj=1.303 bg=3.059)  val nll=+3.328(obj=+2.593 bg=+3.353) mse=3.663(obj=2.189 bg=3.710)  lr=7.61e-04  tot=45.1min
11:50:48  [102/300]  train nll=+2.069(obj=+0.791 bg=+2.109) mse=3.007(obj=1.287 bg=3.061)  val nll=+3.704(obj=+2.723 bg=+3.735) mse=3.874(obj=2.265 bg=3.925)  lr=7.56e-04  tot=45.6min
11:51:07  [103/300]  train nll=+2.057(obj=+0.785 bg=+2.097) mse=3.019(obj=1.302 bg=3.072)  val nll=+3.397(obj=+2.238 bg=+3.437) mse=3.654(obj=2.056 bg=3.705)  lr=7.52e-04  tot=45.9min
11:51:29  [104/300]  train nll=+2.015(obj=+0.717 bg=+2.056) mse=2.979(obj=1.266 bg=3.033)  val nll=+3.575(obj=+2.199 bg=+3.619) mse=3.700(obj=1.950 bg=3.754)  lr=7.47e-04  tot=46.3min
11:51:56  [105/300]  train nll=+2.034(obj=+0.721 bg=+2.075) mse=2.985(obj=1.265 bg=3.039)  val nll=+3.561(obj=+2.292 bg=+3.605) mse=3.650(obj=1.910 bg=3.704)  lr=7.43e-04  tot=46.7min
11:52:23  [106/300]  train nll=+1.998(obj=+0.710 bg=+2.038) mse=2.934(obj=1.251 bg=2.987)  val nll=+3.398(obj=+2.051 bg=+3.443) mse=3.813(obj=2.064 bg=3.869)  lr=7.38e-04  tot=47.1min
11:52:49  [107/300]  train nll=+1.975(obj=+0.675 bg=+2.015) mse=2.904(obj=1.235 bg=2.956)  val nll=+3.701(obj=+2.974 bg=+3.727) mse=3.724(obj=2.234 bg=3.771)  lr=7.33e-04  tot=47.6min
11:53:16  [108/300]  train nll=+1.991(obj=+0.705 bg=+2.031) mse=2.944(obj=1.249 bg=2.997)  val nll=+3.475(obj=+2.295 bg=+3.517) mse=3.621(obj=2.113 bg=3.672)  lr=7.28e-04  tot=48.0min
