01:18:50  train=72821 val=8092
01:18:51  params: 1.62M
01:19:38  [  1/30]  train nll=+7.373(obj=+6.674 bg=+7.410) mse=31.255(obj=19.951 bg=31.811)  val nll=+7.145(obj=+6.616 bg=+7.166) mse=28.165(obj=20.207 bg=28.436)  lr=4.00e-04  tot=0.8min
01:19:38    ↳ saved (val_nll=7.1448)
01:20:24  [  2/30]  train nll=+7.110(obj=+6.499 bg=+7.142) mse=28.336(obj=19.151 bg=28.787)  val nll=+7.072(obj=+6.530 bg=+7.096) mse=28.183(obj=20.016 bg=28.490)  lr=6.00e-04  tot=1.6min
01:20:24    ↳ saved (val_nll=7.0718)
01:21:03  [  3/30]  train nll=+7.002(obj=+6.355 bg=+7.036) mse=26.760(obj=17.735 bg=27.204)  val nll=+7.025(obj=+6.538 bg=+7.047) mse=27.041(obj=20.311 bg=27.319)  lr=8.00e-04  tot=2.2min
01:21:03    ↳ saved (val_nll=7.0252)
01:21:49  [  4/30]  train nll=+6.940(obj=+6.280 bg=+6.975) mse=26.075(obj=17.366 bg=26.502)  val nll=+6.929(obj=+6.403 bg=+6.952) mse=26.297(obj=18.825 bg=26.581)  lr=1.00e-03  tot=3.0min
01:21:49    ↳ saved (val_nll=6.9291)
01:22:32  [  5/30]  train nll=+6.926(obj=+6.261 bg=+6.961) mse=25.734(obj=17.234 bg=26.151)  val nll=+7.183(obj=+6.510 bg=+7.208) mse=28.880(obj=20.207 bg=29.177)  lr=1.00e-03  tot=3.7min
01:23:13  [  6/30]  train nll=+6.805(obj=+6.093 bg=+6.842) mse=24.599(obj=16.099 bg=25.015)  val nll=+7.063(obj=+6.282 bg=+7.095) mse=26.770(obj=18.193 bg=27.085)  lr=9.96e-04  tot=4.4min
01:24:00  [  7/30]  train nll=+6.710(obj=+5.978 bg=+6.748) mse=23.439(obj=15.361 bg=23.833)  val nll=+7.131(obj=+6.077 bg=+7.172) mse=26.848(obj=16.359 bg=27.246)  lr=9.84e-04  tot=5.2min
01:25:06  [  8/30]  train nll=+6.617(obj=+5.893 bg=+6.655) mse=22.540(obj=14.932 bg=22.913)  val nll=+7.260(obj=+6.248 bg=+7.299) mse=26.837(obj=18.324 bg=27.161)  lr=9.65e-04  tot=6.2min
01:26:03  [  9/30]  train nll=+6.527(obj=+5.766 bg=+6.567) mse=21.680(obj=14.153 bg=22.050)  val nll=+7.301(obj=+6.340 bg=+7.338) mse=28.558(obj=19.514 bg=28.876)  lr=9.38e-04  tot=7.2min
01:27:16  [ 10/30]  train nll=+6.441(obj=+5.667 bg=+6.481) mse=20.843(obj=13.679 bg=21.195)  val nll=+6.902(obj=+6.095 bg=+6.938) mse=25.938(obj=17.249 bg=26.293)  lr=9.05e-04  tot=8.4min
01:27:16    ↳ saved (val_nll=6.9019)
01:28:36  [ 11/30]  train nll=+6.361(obj=+5.540 bg=+6.403) mse=20.172(obj=12.968 bg=20.525)  val nll=+7.141(obj=+6.082 bg=+7.183) mse=25.561(obj=17.809 bg=25.880)  lr=8.65e-04  tot=9.7min
01:29:43  [ 12/30]  train nll=+6.274(obj=+5.444 bg=+6.317) mse=19.448(obj=12.437 bg=19.792)  val nll=+7.047(obj=+6.118 bg=+7.084) mse=24.910(obj=17.268 bg=25.208)  lr=8.19e-04  tot=10.9min
01:30:28  [ 13/30]  train nll=+6.175(obj=+5.349 bg=+6.218) mse=18.612(obj=11.994 bg=18.935)  val nll=+7.513(obj=+6.350 bg=+7.557) mse=26.116(obj=18.189 bg=26.436)  lr=7.68e-04  tot=11.6min
01:31:08  [ 14/30]  train nll=+6.100(obj=+5.236 bg=+6.144) mse=18.046(obj=11.551 bg=18.367)  val nll=+7.313(obj=+6.153 bg=+7.357) mse=25.933(obj=17.896 bg=26.249)  lr=7.13e-04  tot=12.3min
01:31:51  [ 15/30]  train nll=+6.025(obj=+5.139 bg=+6.070) mse=17.497(obj=11.047 bg=17.814)  val nll=+7.212(obj=+5.781 bg=+7.269) mse=24.617(obj=14.805 bg=25.002)  lr=6.55e-04  tot=13.0min
01:32:37  [ 16/30]  train nll=+5.923(obj=+5.023 bg=+5.969) mse=16.725(obj=10.570 bg=17.028)  val nll=+7.368(obj=+6.087 bg=+7.418) mse=24.794(obj=15.922 bg=25.164)  lr=5.94e-04  tot=13.8min
01:33:15  [ 17/30]  train nll=+5.833(obj=+4.935 bg=+5.879) mse=16.079(obj=10.196 bg=16.368)  val nll=+7.276(obj=+5.921 bg=+7.328) mse=25.306(obj=17.162 bg=25.635)  lr=5.32e-04  tot=14.4min
01:34:01  [ 18/30]  train nll=+5.735(obj=+4.795 bg=+5.783) mse=15.449(obj=9.639 bg=15.735)  val nll=+7.866(obj=+6.218 bg=+7.928) mse=25.747(obj=17.015 bg=26.103)  lr=4.69e-04  tot=15.2min
01:34:47  [ 19/30]  train nll=+5.652(obj=+4.688 bg=+5.702) mse=14.890(obj=9.253 bg=15.168)  val nll=+7.900(obj=+6.393 bg=+7.955) mse=25.674(obj=17.470 bg=26.012)  lr=4.07e-04  tot=15.9min
01:35:28  [ 20/30]  train nll=+5.569(obj=+4.574 bg=+5.620) mse=14.402(obj=8.832 bg=14.676)  val nll=+7.778(obj=+5.990 bg=+7.835) mse=24.514(obj=16.105 bg=24.859)  lr=3.46e-04  tot=16.6min
01:36:13  [ 21/30]  train nll=+5.475(obj=+4.485 bg=+5.526) mse=13.871(obj=8.480 bg=14.135)  val nll=+8.836(obj=+7.239 bg=+8.910) mse=24.473(obj=15.685 bg=24.806)  lr=2.88e-04  tot=17.4min
01:36:53  [ 22/30]  train nll=+5.389(obj=+4.366 bg=+5.441) mse=13.383(obj=8.134 bg=13.640)  val nll=+8.545(obj=+6.552 bg=+8.616) mse=25.571(obj=16.841 bg=25.933)  lr=2.33e-04  tot=18.0min
01:37:38  [ 23/30]  train nll=+5.287(obj=+4.248 bg=+5.340) mse=12.898(obj=7.694 bg=13.155)  val nll=+9.050(obj=+6.625 bg=+9.128) mse=24.441(obj=15.562 bg=24.797)  lr=1.82e-04  tot=18.8min
01:38:19  [ 24/30]  train nll=+5.225(obj=+4.158 bg=+5.279) mse=12.567(obj=7.438 bg=12.819)  val nll=+9.114(obj=+6.605 bg=+9.190) mse=24.597(obj=15.766 bg=24.953)  lr=1.36e-04  tot=19.5min
01:39:04  [ 25/30]  train nll=+5.152(obj=+4.082 bg=+5.206) mse=12.217(obj=7.308 bg=12.458)  val nll=+9.060(obj=+7.078 bg=+9.138) mse=24.884(obj=15.976 bg=25.230)  lr=9.64e-05  tot=20.2min
01:39:43  [ 26/30]  train nll=+5.080(obj=+4.004 bg=+5.134) mse=11.889(obj=7.081 bg=12.126)  val nll=+9.634(obj=+6.836 bg=+9.719) mse=24.539(obj=15.712 bg=24.899)  lr=6.28e-05  tot=20.9min
01:40:29  [ 27/30]  train nll=+5.034(obj=+3.936 bg=+5.090) mse=11.705(obj=6.910 bg=11.940)  val nll=+9.434(obj=+6.851 bg=+9.515) mse=24.728(obj=15.393 bg=25.093)  lr=3.61e-05  tot=21.6min
01:41:07  [ 28/30]  train nll=+4.995(obj=+3.903 bg=+5.050) mse=11.528(obj=6.780 bg=11.763)  val nll=+9.596(obj=+6.614 bg=+9.692) mse=24.106(obj=15.624 bg=24.472)  lr=1.67e-05  tot=22.3min
01:41:53  [ 29/30]  train nll=+4.948(obj=+3.844 bg=+5.004) mse=11.318(obj=6.626 bg=11.549)  val nll=+10.126(obj=+7.091 bg=+10.225) mse=24.406(obj=15.925 bg=24.744)  lr=4.94e-06  tot=23.0min
01:42:45  [ 30/30]  train nll=+4.938(obj=+3.834 bg=+4.993) mse=11.294(obj=6.640 bg=11.520)  val nll=+9.832(obj=+7.325 bg=+9.927) mse=24.511(obj=16.211 bg=24.876)  lr=1.00e-06  tot=23.9min
01:42:45  Best val NLL: 6.9019  |  time: 23.9min
01:42:46  Saved 12 vis → experiments/wm_sign_v1/vis
