02:29:27  loading cache /dev/shm/nuscenes_v3_full (V3 full-image)
02:29:27    perturbation: ±0.5 deg / ±0.2 m   crop_px=[128, 384] (full-image px → 64)
02:29:27  train cache loaded: 87978 instances
02:29:28  val cache loaded: 15492 instances
02:29:28  object-level split: train=93123 val=10347 (seed=42)
02:29:28  params: 1.62M
02:29:49  vis_pretrain → experiments/ns_v504r_convnext_deform_l4/vis_pretrain
02:36:10  [  1/50]  train nll=+3.152(obj=+4.071 bg=+2.999) mse=3.45(obj=5.03/m3.76/95p13.7 bg=3.19/m2.57/95p7.8)  val nll=+2.900(obj=+3.587 bg=+2.785) mse=3.48(obj=5.03/m3.66/95p13.9 bg=3.21/m2.60/95p7.7)  lr=1.20e-04  tot=6.7min
02:36:10    ↳ saved (val_nll=2.8998)
02:41:52  [  2/50]  train nll=+2.793(obj=+3.547 bg=+2.668) mse=3.40(obj=4.95/m3.70/95p13.3 bg=3.15/m2.53/95p7.7)  val nll=+2.629(obj=+3.379 bg=+2.502) mse=3.36(obj=4.90/m3.54/95p13.6 bg=3.09/m2.44/95p7.8)  lr=1.80e-04  tot=12.4min
02:41:57    ↳ saved (val_nll=2.6295)
02:47:19  [  3/50]  train nll=+2.705(obj=+3.407 bg=+2.589) mse=3.39(obj=4.94/m3.68/95p13.4 bg=3.13/m2.51/95p7.7)  val nll=+2.565(obj=+3.251 bg=+2.449) mse=3.33(obj=4.92/m3.59/95p13.6 bg=3.07/m2.42/95p7.7)  lr=2.40e-04  tot=17.8min
02:47:19    ↳ saved (val_nll=2.5653)
02:51:43  [  4/50]  train nll=+2.683(obj=+3.385 bg=+2.566) mse=3.36(obj=4.91/m3.66/95p13.3 bg=3.10/m2.48/95p7.6)  val nll=+2.579(obj=+3.375 bg=+2.444) mse=3.30(obj=4.97/m3.66/95p13.7 bg=3.02/m2.39/95p7.6)  lr=3.00e-04  tot=22.2min
02:57:21  [  5/50]  train nll=+2.578(obj=+3.246 bg=+2.467) mse=3.23(obj=4.67/m3.51/95p12.5 bg=2.99/m2.39/95p7.4)  val nll=+2.565(obj=+3.197 bg=+2.459) mse=3.18(obj=4.56/m3.32/95p12.5 bg=2.95/m2.34/95p7.3)  lr=3.00e-04  tot=27.9min
02:57:22    ↳ saved (val_nll=2.5647)
03:01:34  [  6/50]  train nll=+2.513(obj=+3.165 bg=+2.403) mse=3.16(obj=4.52/m3.37/95p12.0 bg=2.93/m2.32/95p7.3)  val nll=+2.467(obj=+3.138 bg=+2.351) mse=3.14(obj=4.54/m3.39/95p12.3 bg=2.90/m2.27/95p7.4)  lr=3.00e-04  tot=32.1min
03:01:35    ↳ saved (val_nll=2.4674)
03:06:26  [  7/50]  train nll=+2.473(obj=+3.129 bg=+2.364) mse=3.11(obj=4.47/m3.35/95p12.0 bg=2.89/m2.29/95p7.2)  val nll=+2.562(obj=+3.159 bg=+2.462) mse=3.17(obj=4.51/m3.38/95p12.3 bg=2.94/m2.34/95p7.3)  lr=2.99e-04  tot=37.0min
03:11:24  [  8/50]  train nll=+2.435(obj=+3.075 bg=+2.328) mse=3.07(obj=4.39/m3.27/95p11.8 bg=2.85/m2.25/95p7.1)  val nll=+2.412(obj=+3.007 bg=+2.311) mse=3.06(obj=4.31/m3.23/95p11.6 bg=2.85/m2.26/95p7.1)  lr=2.97e-04  tot=41.9min
03:11:24    ↳ saved (val_nll=2.4115)
03:16:53  [  9/50]  train nll=+2.385(obj=+3.015 bg=+2.280) mse=3.03(obj=4.30/m3.22/95p11.6 bg=2.81/m2.21/95p7.1)  val nll=+2.365(obj=+3.032 bg=+2.252) mse=3.05(obj=4.45/m3.22/95p12.8 bg=2.81/m2.18/95p7.1)  lr=2.94e-04  tot=47.4min
03:16:54    ↳ saved (val_nll=2.3655)
03:22:08  [ 10/50]  train nll=+2.365(obj=+2.995 bg=+2.260) mse=3.01(obj=4.29/m3.16/95p11.7 bg=2.79/m2.20/95p7.0)  val nll=+2.367(obj=+3.005 bg=+2.260) mse=3.02(obj=4.28/m3.16/95p11.7 bg=2.80/m2.19/95p7.2)  lr=2.91e-04  tot=52.7min
03:22:16  vis_ep010: saved 10 → experiments/ns_v504r_convnext_deform_l4/vis_ep010
03:26:44  [ 11/50]  train nll=+2.365(obj=+3.000 bg=+2.259) mse=3.00(obj=4.30/m3.19/95p11.7 bg=2.79/m2.19/95p7.0)  val nll=+2.278(obj=+2.963 bg=+2.163) mse=2.94(obj=4.31/m3.11/95p12.3 bg=2.71/m2.12/95p6.9)  lr=2.87e-04  tot=57.3min
03:26:45    ↳ saved (val_nll=2.2779)
03:31:21  [ 12/50]  train nll=+2.336(obj=+2.954 bg=+2.234) mse=2.97(obj=4.24/m3.13/95p11.5 bg=2.76/m2.16/95p7.0)  val nll=+2.274(obj=+2.914 bg=+2.163) mse=2.95(obj=4.23/m3.10/95p11.4 bg=2.74/m2.12/95p6.9)  lr=2.82e-04  tot=61.9min
03:31:22    ↳ saved (val_nll=2.2744)
03:35:52  [ 13/50]  train nll=+2.301(obj=+2.911 bg=+2.199) mse=2.93(obj=4.16/m3.09/95p11.2 bg=2.73/m2.14/95p6.9)  val nll=+2.240(obj=+2.889 bg=+2.134) mse=2.88(obj=4.17/m3.04/95p11.6 bg=2.67/m2.07/95p6.8)  lr=2.77e-04  tot=66.4min
03:35:52    ↳ saved (val_nll=2.2400)
03:41:39  [ 14/50]  train nll=+2.274(obj=+2.873 bg=+2.174) mse=2.89(obj=4.07/m3.03/95p11.0 bg=2.70/m2.11/95p6.8)  val nll=+2.240(obj=+2.849 bg=+2.136) mse=2.88(obj=4.05/m3.06/95p10.7 bg=2.68/m2.09/95p6.8)  lr=2.71e-04  tot=72.2min
03:45:59  [ 15/50]  train nll=+2.263(obj=+2.857 bg=+2.164) mse=2.86(obj=4.00/m3.01/95p10.7 bg=2.67/m2.10/95p6.7)  val nll=+2.246(obj=+2.854 bg=+2.141) mse=2.83(obj=3.94/m2.94/95p10.6 bg=2.65/m2.07/95p6.8)  lr=2.65e-04  tot=76.5min
03:50:10  [ 16/50]  train nll=+2.215(obj=+2.788 bg=+2.119) mse=2.80(obj=3.89/m2.90/95p10.5 bg=2.62/m2.05/95p6.6)  val nll=+2.132(obj=+2.702 bg=+2.036) mse=2.72(obj=3.77/m2.85/95p10.1 bg=2.54/m1.99/95p6.5)  lr=2.58e-04  tot=80.7min
03:50:11    ↳ saved (val_nll=2.1316)
03:54:22  [ 17/50]  train nll=+2.192(obj=+2.772 bg=+2.094) mse=2.77(obj=3.83/m2.89/95p10.2 bg=2.59/m2.02/95p6.6)  val nll=+2.147(obj=+2.737 bg=+2.047) mse=2.73(obj=3.77/m2.86/95p10.0 bg=2.55/m1.97/95p6.6)  lr=2.50e-04  tot=84.9min
03:58:38  [ 18/50]  train nll=+2.187(obj=+2.750 bg=+2.093) mse=2.75(obj=3.75/m2.84/95p10.0 bg=2.58/m2.02/95p6.6)  val nll=+2.318(obj=+2.811 bg=+2.234) mse=2.80(obj=3.79/m2.83/95p10.0 bg=2.63/m2.11/95p6.5)  lr=2.42e-04  tot=89.1min
04:02:57  [ 19/50]  train nll=+2.145(obj=+2.711 bg=+2.051) mse=2.69(obj=3.68/m2.79/95p9.7 bg=2.53/m1.97/95p6.4)  val nll=+2.148(obj=+2.721 bg=+2.052) mse=2.68(obj=3.63/m2.81/95p9.4 bg=2.52/m1.97/95p6.5)  lr=2.34e-04  tot=93.5min
04:07:00  [ 20/50]  train nll=+2.128(obj=+2.660 bg=+2.039) mse=2.67(obj=3.59/m2.73/95p9.4 bg=2.52/m1.97/95p6.4)  val nll=+2.035(obj=+2.550 bg=+1.948) mse=2.58(obj=3.45/m2.66/95p8.9 bg=2.43/m1.90/95p6.3)  lr=2.25e-04  tot=97.5min
04:07:01    ↳ saved (val_nll=2.0345)
04:07:11  vis_ep020: saved 10 → experiments/ns_v504r_convnext_deform_l4/vis_ep020
04:11:26  [ 21/50]  train nll=+2.111(obj=+2.656 bg=+2.021) mse=2.65(obj=3.58/m2.72/95p9.4 bg=2.49/m1.95/95p6.4)  val nll=+2.198(obj=+2.727 bg=+2.110) mse=2.74(obj=3.68/m2.85/95p9.5 bg=2.58/m2.06/95p6.5)  lr=2.16e-04  tot=101.9min
04:15:45  [ 22/50]  train nll=+2.082(obj=+2.621 bg=+1.992) mse=2.61(obj=3.52/m2.67/95p9.2 bg=2.47/m1.93/95p6.3)  val nll=+1.979(obj=+2.505 bg=+1.889) mse=2.53(obj=3.39/m2.56/95p8.9 bg=2.39/m1.85/95p6.2)  lr=2.06e-04  tot=106.3min
04:15:45    ↳ saved (val_nll=1.9788)
04:20:08  [ 23/50]  train nll=+2.073(obj=+2.605 bg=+1.984) mse=2.60(obj=3.50/m2.67/95p9.1 bg=2.45/m1.91/95p6.3)  val nll=+2.131(obj=+2.654 bg=+2.044) mse=2.66(obj=3.57/m2.63/95p9.9 bg=2.51/m1.95/95p6.5)  lr=1.96e-04  tot=110.6min
04:24:19  [ 24/50]  train nll=+2.051(obj=+2.583 bg=+1.962) mse=2.58(obj=3.46/m2.63/95p9.0 bg=2.44/m1.90/95p6.2)  val nll=+2.047(obj=+2.571 bg=+1.958) mse=2.58(obj=3.41/m2.61/95p8.9 bg=2.44/m1.89/95p6.3)  lr=1.86e-04  tot=114.8min
04:28:22  [ 25/50]  train nll=+2.033(obj=+2.543 bg=+1.948) mse=2.55(obj=3.39/m2.60/95p8.8 bg=2.42/m1.89/95p6.2)  val nll=+1.957(obj=+2.435 bg=+1.876) mse=2.48(obj=3.24/m2.49/95p8.5 bg=2.36/m1.84/95p6.0)  lr=1.76e-04  tot=118.9min
04:28:23    ↳ saved (val_nll=1.9570)
04:32:47  [ 26/50]  train nll=+2.017(obj=+2.527 bg=+1.931) mse=2.55(obj=3.38/m2.59/95p8.8 bg=2.41/m1.87/95p6.2)  val nll=+1.969(obj=+2.498 bg=+1.880) mse=2.50(obj=3.36/m2.52/95p9.1 bg=2.36/m1.82/95p6.0)  lr=1.66e-04  tot=123.3min
04:37:00  [ 27/50]  train nll=+1.985(obj=+2.478 bg=+1.902) mse=2.51(obj=3.30/m2.51/95p8.7 bg=2.38/m1.84/95p6.1)  val nll=+1.942(obj=+2.500 bg=+1.849) mse=2.45(obj=3.30/m2.51/95p8.6 bg=2.31/m1.79/95p5.9)  lr=1.55e-04  tot=127.5min
04:37:00    ↳ saved (val_nll=1.9420)
04:41:24  [ 28/50]  train nll=+1.968(obj=+2.459 bg=+1.887) mse=2.49(obj=3.29/m2.51/95p8.5 bg=2.36/m1.83/95p6.1)  val nll=+2.047(obj=+2.583 bg=+1.957) mse=2.55(obj=3.34/m2.60/95p8.8 bg=2.41/m1.86/95p6.2)  lr=1.45e-04  tot=131.9min
04:45:43  [ 29/50]  train nll=+1.959(obj=+2.452 bg=+1.875) mse=2.48(obj=3.28/m2.51/95p8.5 bg=2.35/m1.83/95p6.0)  val nll=+2.011(obj=+2.505 bg=+1.927) mse=2.53(obj=3.37/m2.59/95p8.9 bg=2.39/m1.87/95p6.1)  lr=1.34e-04  tot=136.2min
04:50:00  [ 30/50]  train nll=+1.938(obj=+2.442 bg=+1.855) mse=2.46(obj=3.24/m2.47/95p8.4 bg=2.33/m1.81/95p6.0)  val nll=+1.934(obj=+2.404 bg=+1.854) mse=2.45(obj=3.17/m2.47/95p8.1 bg=2.33/m1.80/95p6.0)  lr=1.24e-04  tot=140.5min
04:50:01    ↳ saved (val_nll=1.9339)
04:50:12  vis_ep030: saved 10 → experiments/ns_v504r_convnext_deform_l4/vis_ep030
04:54:27  [ 31/50]  train nll=+1.925(obj=+2.426 bg=+1.842) mse=2.45(obj=3.25/m2.49/95p8.4 bg=2.32/m1.80/95p6.0)  val nll=+1.906(obj=+2.414 bg=+1.820) mse=2.42(obj=3.20/m2.48/95p8.2 bg=2.29/m1.79/95p5.8)  lr=1.14e-04  tot=145.0min
04:54:27    ↳ saved (val_nll=1.9060)
04:58:46  [ 32/50]  train nll=+1.908(obj=+2.411 bg=+1.825) mse=2.44(obj=3.24/m2.47/95p8.4 bg=2.30/m1.79/95p5.9)  val nll=+1.965(obj=+2.436 bg=+1.885) mse=2.44(obj=3.18/m2.44/95p8.2 bg=2.31/m1.81/95p5.9)  lr=1.04e-04  tot=149.3min
05:03:14  [ 33/50]  train nll=+1.887(obj=+2.374 bg=+1.805) mse=2.42(obj=3.19/m2.44/95p8.3 bg=2.29/m1.77/95p5.9)  val nll=+1.875(obj=+2.360 bg=+1.793) mse=2.40(obj=3.13/m2.37/95p8.4 bg=2.28/m1.76/95p5.9)  lr=9.39e-05  tot=153.7min
05:03:15    ↳ saved (val_nll=1.8754)
05:07:36  [ 34/50]  train nll=+1.875(obj=+2.368 bg=+1.792) mse=2.41(obj=3.18/m2.43/95p8.3 bg=2.28/m1.76/95p5.9)  val nll=+1.845(obj=+2.289 bg=+1.771) mse=2.37(obj=3.07/m2.32/95p8.0 bg=2.26/m1.74/95p5.9)  lr=8.43e-05  tot=158.1min
05:07:37    ↳ saved (val_nll=1.8455)
05:11:50  [ 35/50]  train nll=+1.862(obj=+2.350 bg=+1.779) mse=2.39(obj=3.15/m2.40/95p8.2 bg=2.26/m1.75/95p5.8)  val nll=+1.838(obj=+2.326 bg=+1.754) mse=2.37(obj=3.11/m2.39/95p8.2 bg=2.25/m1.73/95p5.8)  lr=7.51e-05  tot=162.4min
05:11:51    ↳ saved (val_nll=1.8380)
05:16:06  [ 36/50]  train nll=+1.853(obj=+2.329 bg=+1.773) mse=2.38(obj=3.13/m2.38/95p8.2 bg=2.26/m1.74/95p5.9)  val nll=+1.797(obj=+2.287 bg=+1.714) mse=2.34(obj=3.10/m2.38/95p8.0 bg=2.21/m1.70/95p5.7)  lr=6.62e-05  tot=166.6min
05:16:07    ↳ saved (val_nll=1.7971)
05:20:20  [ 37/50]  train nll=+1.833(obj=+2.314 bg=+1.752) mse=2.37(obj=3.12/m2.38/95p8.1 bg=2.24/m1.73/95p5.8)  val nll=+1.844(obj=+2.322 bg=+1.762) mse=2.38(obj=3.14/m2.37/95p8.4 bg=2.25/m1.73/95p5.8)  lr=5.77e-05  tot=170.9min
05:24:27  [ 38/50]  train nll=+1.820(obj=+2.300 bg=+1.741) mse=2.36(obj=3.09/m2.35/95p8.0 bg=2.24/m1.72/95p5.8)  val nll=+1.812(obj=+2.240 bg=+1.739) mse=2.34(obj=3.00/m2.24/95p8.0 bg=2.23/m1.70/95p5.8)  lr=4.97e-05  tot=175.0min
05:28:42  [ 39/50]  train nll=+1.804(obj=+2.275 bg=+1.726) mse=2.34(obj=3.07/m2.35/95p8.0 bg=2.22/m1.71/95p5.7)  val nll=+1.811(obj=+2.339 bg=+1.722) mse=2.32(obj=3.10/m2.35/95p8.2 bg=2.19/m1.67/95p5.7)  lr=4.22e-05  tot=179.2min
05:32:47  [ 40/50]  train nll=+1.797(obj=+2.259 bg=+1.720) mse=2.33(obj=3.04/m2.32/95p7.9 bg=2.21/m1.70/95p5.7)  val nll=+1.751(obj=+2.145 bg=+1.683) mse=2.27(obj=2.90/m2.22/95p7.7 bg=2.16/m1.68/95p5.6)  lr=3.52e-05  tot=183.3min
05:32:48    ↳ saved (val_nll=1.7515)
05:33:02  vis_ep040: saved 10 → experiments/ns_v504r_convnext_deform_l4/vis_ep040
05:37:19  [ 41/50]  train nll=+1.787(obj=+2.242 bg=+1.711) mse=2.33(obj=3.03/m2.31/95p7.9 bg=2.21/m1.70/95p5.7)  val nll=+1.749(obj=+2.222 bg=+1.667) mse=2.29(obj=3.00/m2.27/95p7.8 bg=2.17/m1.66/95p5.7)  lr=2.87e-05  tot=187.8min
05:37:20    ↳ saved (val_nll=1.7490)
05:41:35  [ 42/50]  train nll=+1.783(obj=+2.242 bg=+1.706) mse=2.32(obj=3.02/m2.29/95p7.9 bg=2.21/m1.69/95p5.8)  val nll=+1.734(obj=+2.228 bg=+1.649) mse=2.26(obj=2.98/m2.29/95p7.8 bg=2.13/m1.64/95p5.6)  lr=2.29e-05  tot=192.1min
05:41:36    ↳ saved (val_nll=1.7343)
05:45:57  [ 43/50]  train nll=+1.766(obj=+2.227 bg=+1.689) mse=2.31(obj=3.01/m2.28/95p7.8 bg=2.19/m1.68/95p5.7)  val nll=+1.755(obj=+2.156 bg=+1.686) mse=2.29(obj=2.90/m2.21/95p7.7 bg=2.19/m1.68/95p5.7)  lr=1.77e-05  tot=196.5min
05:50:14  [ 44/50]  train nll=+1.766(obj=+2.228 bg=+1.689) mse=2.31(obj=3.02/m2.29/95p7.9 bg=2.19/m1.68/95p5.7)  val nll=+1.756(obj=+2.215 bg=+1.677) mse=2.30(obj=3.01/m2.27/95p7.9 bg=2.18/m1.66/95p5.7)  lr=1.31e-05  tot=200.8min
05:54:25  [ 45/50]  train nll=+1.757(obj=+2.221 bg=+1.680) mse=2.31(obj=3.01/m2.29/95p7.8 bg=2.19/m1.67/95p5.7)  val nll=+1.747(obj=+2.200 bg=+1.668) mse=2.28(obj=3.00/m2.27/95p7.9 bg=2.16/m1.65/95p5.6)  lr=9.14e-06  tot=204.9min
05:58:34  [ 46/50]  train nll=+1.756(obj=+2.195 bg=+1.682) mse=2.30(obj=2.96/m2.25/95p7.7 bg=2.19/m1.68/95p5.7)  val nll=+1.728(obj=+2.164 bg=+1.654) mse=2.27(obj=2.98/m2.24/95p7.8 bg=2.15/m1.64/95p5.6)  lr=5.91e-06  tot=209.1min
05:58:35    ↳ saved (val_nll=1.7281)
06:02:58  [ 47/50]  train nll=+1.754(obj=+2.205 bg=+1.679) mse=2.30(obj=2.98/m2.26/95p7.8 bg=2.18/m1.67/95p5.7)  val nll=+1.712(obj=+2.198 bg=+1.630) mse=2.26(obj=2.99/m2.27/95p7.7 bg=2.14/m1.64/95p5.6)  lr=3.38e-06  tot=213.5min
06:02:59    ↳ saved (val_nll=1.7120)
06:07:14  [ 48/50]  train nll=+1.751(obj=+2.219 bg=+1.673) mse=2.30(obj=3.02/m2.30/95p7.9 bg=2.18/m1.67/95p5.7)  val nll=+1.718(obj=+2.181 bg=+1.640) mse=2.26(obj=2.94/m2.23/95p7.7 bg=2.14/m1.63/95p5.6)  lr=1.56e-06  tot=217.8min
06:11:30  [ 49/50]  train nll=+1.745(obj=+2.195 bg=+1.670) mse=2.29(obj=2.97/m2.27/95p7.8 bg=2.17/m1.67/95p5.7)  val nll=+1.727(obj=+2.175 bg=+1.649) mse=2.27(obj=2.96/m2.23/95p7.7 bg=2.15/m1.65/95p5.6)  lr=4.65e-07  tot=222.0min
06:15:50  [ 50/50]  train nll=+1.740(obj=+2.184 bg=+1.666) mse=2.28(obj=2.95/m2.24/95p7.7 bg=2.17/m1.66/95p5.7)  val nll=+1.715(obj=+2.142 bg=+1.644) mse=2.26(obj=2.93/m2.22/95p7.8 bg=2.14/m1.65/95p5.6)  lr=1.00e-07  tot=226.3min
06:15:59  vis_ep050: saved 10 → experiments/ns_v504r_convnext_deform_l4/vis_ep050
06:15:59  Best val NLL: 1.7120  |  time: 226.5min
06:16:23  vis: skipped due to error: Input type (unsigned char) and bias type (c10::BFloat16) should be the same
06:16:23  Report saved → report.html
