10:31:44  loading cache /mnt/nvme6t/e2e_calib_cache/ddad_v3_full (V3 full-image)
10:31:44    perturbation: ±1.0 deg / ±1.0 m   crop_px=[128, 384] (full-image px → 64)
10:31:44  train cache loaded: 8520 instances
10:31:45  val cache loaded: 1440 instances
10:31:45  object-level split: train=8964 val=996 (seed=42)
10:31:45  params: 1.62M
10:32:06  vis_pretrain → experiments/dd_v504r_sigma1/vis_pretrain
10:33:49  [  1/50]  train nll=+5.710(obj=+0.000 bg=+5.711) mse=12.03(obj=nan/mnan/95pnan bg=12.05/m9.36/95p31.5)  val nll=+5.617(obj=+0.000 bg=+5.617) mse=12.10(obj=nan/mnan/95pnan bg=12.08/m9.50/95p31.1)  lr=1.20e-04  tot=2.1min
10:33:49    ↳ saved (val_nll=5.6169)
10:35:19  [  2/50]  train nll=+5.497(obj=+0.000 bg=+5.498) mse=11.92(obj=nan/mnan/95pnan bg=11.89/m9.25/95p31.0)  val nll=+5.363(obj=+0.000 bg=+5.363) mse=11.63(obj=nan/mnan/95pnan bg=11.65/m9.04/95p30.6)  lr=1.80e-04  tot=3.6min
10:35:20    ↳ saved (val_nll=5.3632)
10:36:51  [  3/50]  train nll=+5.298(obj=+0.000 bg=+5.299) mse=11.49(obj=nan/mnan/95pnan bg=11.45/m9.03/95p29.3)  val nll=+5.107(obj=+0.000 bg=+5.108) mse=10.98(obj=nan/mnan/95pnan bg=10.96/m8.50/95p28.5)  lr=2.40e-04  tot=5.1min
10:36:52    ↳ saved (val_nll=5.1070)
10:38:25  [  4/50]  train nll=+5.115(obj=+0.000 bg=+5.118) mse=10.73(obj=nan/mnan/95pnan bg=10.73/m8.60/95p26.9)  val nll=+4.962(obj=+0.000 bg=+4.964) mse=10.14(obj=nan/mnan/95pnan bg=10.16/m8.01/95p25.8)  lr=3.00e-04  tot=6.7min
10:38:25    ↳ saved (val_nll=4.9621)
10:39:59  [  5/50]  train nll=+4.962(obj=+0.000 bg=+4.964) mse=9.82(obj=nan/mnan/95pnan bg=9.85/m8.05/95p23.8)  val nll=+5.263(obj=+0.000 bg=+5.263) mse=10.10(obj=nan/mnan/95pnan bg=10.10/m8.52/95p23.6)  lr=3.00e-04  tot=8.2min
10:41:32  [  6/50]  train nll=+4.742(obj=+0.000 bg=+4.743) mse=8.75(obj=nan/mnan/95pnan bg=8.77/m7.27/95p20.8)  val nll=+4.636(obj=+0.000 bg=+4.636) mse=8.31(obj=nan/mnan/95pnan bg=8.30/m6.84/95p19.7)  lr=3.00e-04  tot=9.8min
10:41:33    ↳ saved (val_nll=4.6359)
10:43:07  [  7/50]  train nll=+4.739(obj=+0.000 bg=+4.740) mse=8.58(obj=nan/mnan/95pnan bg=8.62/m7.21/95p20.2)  val nll=+4.583(obj=+0.000 bg=+4.584) mse=8.25(obj=nan/mnan/95pnan bg=8.26/m6.94/95p19.1)  lr=2.99e-04  tot=11.4min
10:43:07    ↳ saved (val_nll=4.5827)
10:44:42  [  8/50]  train nll=+4.462(obj=+0.000 bg=+4.463) mse=7.77(obj=nan/mnan/95pnan bg=7.74/m6.37/95p18.5)  val nll=+4.469(obj=+0.000 bg=+4.469) mse=7.82(obj=nan/mnan/95pnan bg=7.83/m6.40/95p18.3)  lr=2.97e-04  tot=12.9min
10:44:43    ↳ saved (val_nll=4.4693)
10:46:16  [  9/50]  train nll=+4.334(obj=+0.000 bg=+4.335) mse=7.33(obj=nan/mnan/95pnan bg=7.33/m5.98/95p17.7)  val nll=+4.602(obj=+0.000 bg=+4.603) mse=7.96(obj=nan/mnan/95pnan bg=7.96/m6.58/95p18.7)  lr=2.94e-04  tot=14.5min
10:47:49  [ 10/50]  train nll=+4.365(obj=+0.000 bg=+4.365) mse=7.38(obj=nan/mnan/95pnan bg=7.35/m6.05/95p17.7)  val nll=+4.289(obj=+0.000 bg=+4.289) mse=7.26(obj=nan/mnan/95pnan bg=7.23/m5.86/95p17.3)  lr=2.91e-04  tot=16.1min
10:47:50    ↳ saved (val_nll=4.2885)
10:48:06  vis_ep010: saved 10 → experiments/dd_v504r_sigma1/vis_ep010
10:49:36  [ 11/50]  train nll=+4.198(obj=+0.000 bg=+4.199) mse=6.85(obj=nan/mnan/95pnan bg=6.85/m5.58/95p16.6)  val nll=+4.296(obj=+0.000 bg=+4.296) mse=7.08(obj=nan/mnan/95pnan bg=7.09/m5.83/95p16.8)  lr=2.87e-04  tot=17.8min
10:51:09  [ 12/50]  train nll=+4.187(obj=+0.000 bg=+4.187) mse=6.79(obj=nan/mnan/95pnan bg=6.82/m5.56/95p16.6)  val nll=+4.371(obj=+0.000 bg=+4.372) mse=7.31(obj=nan/mnan/95pnan bg=7.32/m6.02/95p17.7)  lr=2.82e-04  tot=19.4min
10:52:42  [ 13/50]  train nll=+4.108(obj=+0.000 bg=+4.109) mse=6.61(obj=nan/mnan/95pnan bg=6.54/m5.32/95p15.9)  val nll=+4.022(obj=+0.000 bg=+4.023) mse=6.26(obj=nan/mnan/95pnan bg=6.28/m5.13/95p14.9)  lr=2.77e-04  tot=20.9min
10:52:42    ↳ saved (val_nll=4.0224)
10:54:15  [ 14/50]  train nll=+4.103(obj=+0.000 bg=+4.103) mse=6.56(obj=nan/mnan/95pnan bg=6.57/m5.34/95p16.0)  val nll=+4.327(obj=+0.000 bg=+4.328) mse=6.92(obj=nan/mnan/95pnan bg=6.94/m5.72/95p16.8)  lr=2.71e-04  tot=22.5min
10:55:48  [ 15/50]  train nll=+4.121(obj=+0.000 bg=+4.121) mse=6.59(obj=nan/mnan/95pnan bg=6.64/m5.44/95p16.0)  val nll=+4.100(obj=+0.000 bg=+4.101) mse=6.52(obj=nan/mnan/95pnan bg=6.50/m5.27/95p16.0)  lr=2.65e-04  tot=24.0min
10:57:21  [ 16/50]  train nll=+4.045(obj=+0.000 bg=+4.045) mse=6.39(obj=nan/mnan/95pnan bg=6.41/m5.20/95p15.6)  val nll=+3.924(obj=+0.000 bg=+3.925) mse=6.03(obj=nan/mnan/95pnan bg=6.04/m4.88/95p14.7)  lr=2.58e-04  tot=25.6min
10:57:21    ↳ saved (val_nll=3.9244)
10:58:53  [ 17/50]  train nll=+4.057(obj=+0.000 bg=+4.057) mse=6.46(obj=nan/mnan/95pnan bg=6.48/m5.31/95p15.6)  val nll=+3.858(obj=+0.000 bg=+3.858) mse=5.83(obj=nan/mnan/95pnan bg=5.84/m4.58/95p15.2)  lr=2.50e-04  tot=27.1min
10:58:54    ↳ saved (val_nll=3.8576)
11:00:26  [ 18/50]  train nll=+3.996(obj=+0.000 bg=+3.997) mse=6.24(obj=nan/mnan/95pnan bg=6.26/m5.08/95p15.3)  val nll=+4.309(obj=+0.000 bg=+4.309) mse=6.70(obj=nan/mnan/95pnan bg=6.72/m5.57/95p16.1)  lr=2.42e-04  tot=28.7min
11:01:59  [ 19/50]  train nll=+4.001(obj=+0.000 bg=+4.001) mse=6.22(obj=nan/mnan/95pnan bg=6.23/m5.02/95p15.3)  val nll=+3.876(obj=+0.000 bg=+3.876) mse=5.93(obj=nan/mnan/95pnan bg=5.94/m4.67/95p15.1)  lr=2.34e-04  tot=30.2min
11:03:33  [ 20/50]  train nll=+3.954(obj=+0.000 bg=+3.954) mse=6.13(obj=nan/mnan/95pnan bg=6.13/m4.97/95p15.0)  val nll=+3.805(obj=+0.000 bg=+3.806) mse=5.73(obj=nan/mnan/95pnan bg=5.74/m4.62/95p14.5)  lr=2.25e-04  tot=31.8min
11:03:34    ↳ saved (val_nll=3.8053)
11:03:50  vis_ep020: saved 10 → experiments/dd_v504r_sigma1/vis_ep020
11:05:23  [ 21/50]  train nll=+3.862(obj=+0.000 bg=+3.863) mse=5.88(obj=nan/mnan/95pnan bg=5.89/m4.74/95p14.5)  val nll=+3.912(obj=+0.000 bg=+3.913) mse=6.00(obj=nan/mnan/95pnan bg=5.99/m4.86/95p15.1)  lr=2.16e-04  tot=33.6min
11:06:55  [ 22/50]  train nll=+3.880(obj=+0.000 bg=+3.880) mse=5.94(obj=nan/mnan/95pnan bg=5.95/m4.83/95p14.5)  val nll=+3.937(obj=+0.000 bg=+3.937) mse=6.15(obj=nan/mnan/95pnan bg=6.16/m4.98/95p15.0)  lr=2.06e-04  tot=35.2min
11:08:26  [ 23/50]  train nll=+3.837(obj=+0.000 bg=+3.837) mse=5.80(obj=nan/mnan/95pnan bg=5.80/m4.66/95p14.4)  val nll=+4.263(obj=+0.000 bg=+4.263) mse=6.60(obj=nan/mnan/95pnan bg=6.61/m5.53/95p15.1)  lr=1.96e-04  tot=36.7min
11:09:59  [ 24/50]  train nll=+3.917(obj=+0.000 bg=+3.918) mse=5.95(obj=nan/mnan/95pnan bg=5.94/m4.85/95p14.4)  val nll=+3.799(obj=+0.000 bg=+3.799) mse=5.70(obj=nan/mnan/95pnan bg=5.70/m4.56/95p14.0)  lr=1.86e-04  tot=38.2min
11:09:59    ↳ saved (val_nll=3.7986)
11:11:32  [ 25/50]  train nll=+3.791(obj=+0.000 bg=+3.791) mse=5.72(obj=nan/mnan/95pnan bg=5.71/m4.58/95p14.2)  val nll=+3.802(obj=+0.000 bg=+3.802) mse=5.58(obj=nan/mnan/95pnan bg=5.59/m4.58/95p13.7)  lr=1.76e-04  tot=39.8min
11:13:03  [ 26/50]  train nll=+3.814(obj=+0.000 bg=+3.814) mse=5.74(obj=nan/mnan/95pnan bg=5.72/m4.60/95p14.0)  val nll=+3.703(obj=+0.000 bg=+3.703) mse=5.49(obj=nan/mnan/95pnan bg=5.47/m4.28/95p14.0)  lr=1.66e-04  tot=41.3min
11:13:03    ↳ saved (val_nll=3.7027)
11:14:34  [ 27/50]  train nll=+3.787(obj=+0.000 bg=+3.787) mse=5.67(obj=nan/mnan/95pnan bg=5.68/m4.55/95p14.1)  val nll=+3.880(obj=+0.000 bg=+3.881) mse=6.02(obj=nan/mnan/95pnan bg=6.03/m4.86/95p14.9)  lr=1.55e-04  tot=42.8min
11:16:05  [ 28/50]  train nll=+3.751(obj=+0.000 bg=+3.751) mse=5.61(obj=nan/mnan/95pnan bg=5.62/m4.54/95p13.7)  val nll=+3.639(obj=+0.000 bg=+3.639) mse=5.34(obj=nan/mnan/95pnan bg=5.35/m4.30/95p13.2)  lr=1.45e-04  tot=44.3min
11:16:05    ↳ saved (val_nll=3.6387)
11:17:39  [ 29/50]  train nll=+3.728(obj=+0.000 bg=+3.728) mse=5.53(obj=nan/mnan/95pnan bg=5.54/m4.44/95p13.7)  val nll=+3.728(obj=+0.000 bg=+3.728) mse=5.62(obj=nan/mnan/95pnan bg=5.62/m4.41/95p14.2)  lr=1.34e-04  tot=45.9min
11:19:12  [ 30/50]  train nll=+3.683(obj=+0.000 bg=+3.683) mse=5.44(obj=nan/mnan/95pnan bg=5.45/m4.35/95p13.5)  val nll=+3.574(obj=+0.000 bg=+3.574) mse=5.11(obj=nan/mnan/95pnan bg=5.10/m4.05/95p12.9)  lr=1.24e-04  tot=47.4min
11:19:13    ↳ saved (val_nll=3.5742)
11:19:30  vis_ep030: saved 10 → experiments/dd_v504r_sigma1/vis_ep030
11:21:01  [ 31/50]  train nll=+3.702(obj=+0.000 bg=+3.702) mse=5.46(obj=nan/mnan/95pnan bg=5.43/m4.35/95p13.4)  val nll=+3.608(obj=+0.000 bg=+3.608) mse=5.28(obj=nan/mnan/95pnan bg=5.29/m4.25/95p13.2)  lr=1.14e-04  tot=49.3min
11:22:34  [ 32/50]  train nll=+3.711(obj=+0.000 bg=+3.711) mse=5.48(obj=nan/mnan/95pnan bg=5.49/m4.40/95p13.5)  val nll=+3.512(obj=+0.000 bg=+3.512) mse=4.98(obj=nan/mnan/95pnan bg=4.97/m4.04/95p12.1)  lr=1.04e-04  tot=50.8min
11:22:35    ↳ saved (val_nll=3.5119)
11:24:08  [ 33/50]  train nll=+3.685(obj=+0.000 bg=+3.685) mse=5.41(obj=nan/mnan/95pnan bg=5.37/m4.32/95p13.2)  val nll=+3.740(obj=+0.000 bg=+3.740) mse=5.43(obj=nan/mnan/95pnan bg=5.44/m4.34/95p13.1)  lr=9.39e-05  tot=52.4min
11:25:41  [ 34/50]  train nll=+3.652(obj=+0.000 bg=+3.653) mse=5.35(obj=nan/mnan/95pnan bg=5.36/m4.30/95p13.3)  val nll=+3.562(obj=+0.000 bg=+3.562) mse=5.11(obj=nan/mnan/95pnan bg=5.11/m4.11/95p12.9)  lr=8.43e-05  tot=53.9min
11:27:13  [ 35/50]  train nll=+3.656(obj=+0.000 bg=+3.656) mse=5.35(obj=nan/mnan/95pnan bg=5.32/m4.23/95p13.1)  val nll=+3.717(obj=+0.000 bg=+3.717) mse=5.37(obj=nan/mnan/95pnan bg=5.37/m4.39/95p12.9)  lr=7.51e-05  tot=55.5min
11:28:47  [ 36/50]  train nll=+3.623(obj=+0.000 bg=+3.624) mse=5.26(obj=nan/mnan/95pnan bg=5.26/m4.22/95p13.0)  val nll=+3.576(obj=+0.000 bg=+3.576) mse=5.16(obj=nan/mnan/95pnan bg=5.16/m4.07/95p13.0)  lr=6.62e-05  tot=57.0min
11:30:21  [ 37/50]  train nll=+3.626(obj=+0.000 bg=+3.626) mse=5.32(obj=nan/mnan/95pnan bg=5.29/m4.25/95p13.1)  val nll=+3.589(obj=+0.000 bg=+3.589) mse=5.17(obj=nan/mnan/95pnan bg=5.16/m4.04/95p13.1)  lr=5.77e-05  tot=58.6min
11:31:53  [ 38/50]  train nll=+3.599(obj=+0.000 bg=+3.599) mse=5.26(obj=nan/mnan/95pnan bg=5.18/m4.09/95p13.0)  val nll=+3.541(obj=+0.000 bg=+3.541) mse=5.10(obj=nan/mnan/95pnan bg=5.12/m4.09/95p12.9)  lr=4.97e-05  tot=60.1min
11:33:25  [ 39/50]  train nll=+3.559(obj=+0.000 bg=+3.559) mse=5.17(obj=nan/mnan/95pnan bg=5.19/m4.12/95p13.0)  val nll=+3.469(obj=+0.000 bg=+3.470) mse=4.96(obj=nan/mnan/95pnan bg=4.97/m3.91/95p12.6)  lr=4.22e-05  tot=61.7min
11:33:26    ↳ saved (val_nll=3.4695)
11:34:59  [ 40/50]  train nll=+3.544(obj=+0.000 bg=+3.544) mse=5.12(obj=nan/mnan/95pnan bg=5.10/m4.08/95p12.7)  val nll=+3.436(obj=+0.000 bg=+3.436) mse=4.81(obj=nan/mnan/95pnan bg=4.80/m3.83/95p11.9)  lr=3.52e-05  tot=63.2min
11:35:00    ↳ saved (val_nll=3.4356)
11:35:16  vis_ep040: saved 10 → experiments/dd_v504r_sigma1/vis_ep040
11:36:48  [ 41/50]  train nll=+3.522(obj=+0.000 bg=+3.522) mse=5.08(obj=nan/mnan/95pnan bg=5.10/m4.08/95p12.6)  val nll=+3.500(obj=+0.000 bg=+3.500) mse=5.04(obj=nan/mnan/95pnan bg=5.03/m3.86/95p12.9)  lr=2.87e-05  tot=65.0min
11:38:21  [ 42/50]  train nll=+3.560(obj=+0.000 bg=+3.560) mse=5.17(obj=nan/mnan/95pnan bg=5.14/m4.07/95p12.9)  val nll=+3.419(obj=+0.000 bg=+3.419) mse=4.83(obj=nan/mnan/95pnan bg=4.83/m3.74/95p12.3)  lr=2.29e-05  tot=66.6min
11:38:22    ↳ saved (val_nll=3.4193)
11:39:54  [ 43/50]  train nll=+3.534(obj=+0.000 bg=+3.534) mse=5.11(obj=nan/mnan/95pnan bg=5.11/m4.09/95p12.6)  val nll=+3.474(obj=+0.000 bg=+3.474) mse=4.89(obj=nan/mnan/95pnan bg=4.88/m3.88/95p12.0)  lr=1.77e-05  tot=68.2min
11:41:28  [ 44/50]  train nll=+3.514(obj=+0.000 bg=+3.514) mse=5.06(obj=nan/mnan/95pnan bg=5.02/m4.01/95p12.4)  val nll=+3.461(obj=+0.000 bg=+3.461) mse=4.90(obj=nan/mnan/95pnan bg=4.90/m3.91/95p12.4)  lr=1.31e-05  tot=69.7min
11:43:00  [ 45/50]  train nll=+3.476(obj=+0.000 bg=+3.477) mse=4.97(obj=nan/mnan/95pnan bg=4.99/m3.94/95p12.5)  val nll=+3.377(obj=+0.000 bg=+3.377) mse=4.73(obj=nan/mnan/95pnan bg=4.72/m3.61/95p12.0)  lr=9.14e-06  tot=71.2min
11:43:01    ↳ saved (val_nll=3.3771)
11:44:32  [ 46/50]  train nll=+3.503(obj=+0.000 bg=+3.503) mse=5.02(obj=nan/mnan/95pnan bg=4.99/m3.98/95p12.4)  val nll=+3.362(obj=+0.000 bg=+3.362) mse=4.67(obj=nan/mnan/95pnan bg=4.67/m3.58/95p12.1)  lr=5.91e-06  tot=72.8min
11:44:32    ↳ saved (val_nll=3.3616)
11:46:04  [ 47/50]  train nll=+3.527(obj=+0.000 bg=+3.527) mse=5.13(obj=nan/mnan/95pnan bg=5.02/m3.98/95p12.6)  val nll=+3.417(obj=+0.000 bg=+3.417) mse=4.77(obj=nan/mnan/95pnan bg=4.77/m3.73/95p12.2)  lr=3.38e-06  tot=74.3min
11:47:35  [ 48/50]  train nll=+3.477(obj=+0.000 bg=+3.477) mse=5.00(obj=nan/mnan/95pnan bg=4.98/m3.94/95p12.5)  val nll=+3.428(obj=+0.000 bg=+3.428) mse=4.92(obj=nan/mnan/95pnan bg=4.93/m3.82/95p12.5)  lr=1.56e-06  tot=75.8min
11:49:05  [ 49/50]  train nll=+3.478(obj=+0.000 bg=+3.478) mse=5.00(obj=nan/mnan/95pnan bg=4.98/m3.90/95p12.6)  val nll=+3.359(obj=+0.000 bg=+3.359) mse=4.66(obj=nan/mnan/95pnan bg=4.66/m3.72/95p11.4)  lr=4.65e-07  tot=77.3min
11:49:06    ↳ saved (val_nll=3.3588)
11:50:36  [ 50/50]  train nll=+3.471(obj=+0.000 bg=+3.471) mse=4.99(obj=nan/mnan/95pnan bg=5.00/m3.98/95p12.4)  val nll=+3.421(obj=+0.000 bg=+3.421) mse=4.81(obj=nan/mnan/95pnan bg=4.81/m3.79/95p12.2)  lr=1.00e-07  tot=78.8min
11:50:50  vis_ep050: saved 10 → experiments/dd_v504r_sigma1/vis_ep050
11:50:50  Best val NLL: 3.3588  |  time: 79.1min
12:01:17  vis: skipped due to error: Input type (unsigned char) and bias type (c10::BFloat16) should be the same
12:01:17  Report saved → report.html
