00:01:22  loading cache /dev/shm/pandaset_v3_full (V3 full-image)
00:01:22    perturbation: ±0.5 deg / ±0.2 m   crop_px=[128, 384] (full-image px → 64)
00:01:23  train cache loaded: 84480 instances
00:01:23  val cache loaded: 14400 instances
00:01:23  object-level split: train=88992 val=9888 (seed=42)
00:01:23  params: 1.62M
00:04:00  [  1/100]  train nll=+3.819(obj=+4.184 bg=+3.641) mse=5.22(obj=6.21/m5.26/95p14.2 bg=4.73/m4.15/95p10.3)  val nll=+3.737(obj=+4.082 bg=+3.569) mse=5.26(obj=6.30/m5.31/95p14.4 bg=4.76/m4.19/95p10.3)  lr=4.00e-04  tot=2.6min
00:04:01    ↳ saved (val_nll=3.7370)
00:05:42  [  2/100]  train nll=+3.742(obj=+4.079 bg=+3.577) mse=5.19(obj=6.17/m5.25/95p14.2 bg=4.71/m4.13/95p10.2)  val nll=+3.702(obj=+3.997 bg=+3.557) mse=5.17(obj=6.04/m5.14/95p13.8 bg=4.73/m4.19/95p10.2)  lr=6.00e-04  tot=4.3min
00:05:43    ↳ saved (val_nll=3.7022)
00:07:27  [  3/100]  train nll=+3.684(obj=+4.013 bg=+3.523) mse=5.11(obj=6.06/m5.17/95p13.8 bg=4.65/m4.08/95p10.1)  val nll=+3.655(obj=+4.022 bg=+3.476) mse=5.06(obj=6.07/m5.06/95p14.4 bg=4.57/m3.95/95p10.2)  lr=8.00e-04  tot=6.1min
00:07:27    ↳ saved (val_nll=3.6548)
00:09:10  [  4/100]  train nll=+3.661(obj=+3.982 bg=+3.505) mse=5.08(obj=6.00/m5.13/95p13.5 bg=4.63/m4.08/95p10.0)  val nll=+3.659(obj=+3.993 bg=+3.497) mse=5.00(obj=5.94/m5.15/95p13.1 bg=4.55/m4.03/95p9.7)  lr=1.00e-03  tot=7.8min
00:10:54  [  5/100]  train nll=+3.626(obj=+3.940 bg=+3.473) mse=5.01(obj=5.91/m5.09/95p13.2 bg=4.57/m4.04/95p9.9)  val nll=+3.565(obj=+3.896 bg=+3.407) mse=4.93(obj=5.86/m5.09/95p12.9 bg=4.46/m3.96/95p9.4)  lr=1.00e-03  tot=9.5min
00:10:55    ↳ saved (val_nll=3.5654)
00:12:39  [  6/100]  train nll=+3.587(obj=+3.899 bg=+3.434) mse=4.94(obj=5.81/m5.03/95p12.8 bg=4.51/m3.98/95p9.7)  val nll=+3.519(obj=+3.808 bg=+3.380) mse=4.73(obj=5.53/m4.86/95p12.0 bg=4.35/m3.87/95p9.3)  lr=1.00e-03  tot=11.3min
00:12:39    ↳ saved (val_nll=3.5194)
00:14:22  [  7/100]  train nll=+3.560(obj=+3.860 bg=+3.414) mse=4.86(obj=5.69/m4.96/95p12.4 bg=4.45/m3.94/95p9.5)  val nll=+3.475(obj=+3.783 bg=+3.326) mse=4.73(obj=5.53/m4.83/95p12.1 bg=4.33/m3.83/95p9.3)  lr=9.99e-04  tot=13.0min
00:14:22    ↳ saved (val_nll=3.4752)
00:16:06  [  8/100]  train nll=+3.516(obj=+3.808 bg=+3.373) mse=4.75(obj=5.54/m4.88/95p12.0 bg=4.37/m3.87/95p9.4)  val nll=+3.530(obj=+3.820 bg=+3.388) mse=4.74(obj=5.49/m4.88/95p11.8 bg=4.36/m3.86/95p9.4)  lr=9.98e-04  tot=14.7min
00:17:51  [  9/100]  train nll=+3.483(obj=+3.770 bg=+3.343) mse=4.68(obj=5.44/m4.78/95p11.7 bg=4.31/m3.82/95p9.2)  val nll=+3.390(obj=+3.679 bg=+3.249) mse=4.51(obj=5.24/m4.63/95p11.2 bg=4.15/m3.71/95p8.8)  lr=9.96e-04  tot=16.5min
00:17:51    ↳ saved (val_nll=3.3905)
00:19:34  [ 10/100]  train nll=+3.440(obj=+3.717 bg=+3.304) mse=4.59(obj=5.31/m4.69/95p11.5 bg=4.24/m3.75/95p9.1)  val nll=+3.533(obj=+3.844 bg=+3.380) mse=4.78(obj=5.57/m4.76/95p12.6 bg=4.40/m3.87/95p9.6)  lr=9.93e-04  tot=18.2min
00:21:21  [ 11/100]  train nll=+3.419(obj=+3.691 bg=+3.285) mse=4.54(obj=5.23/m4.60/95p11.4 bg=4.20/m3.71/95p9.0)  val nll=+3.426(obj=+3.667 bg=+3.305) mse=4.54(obj=5.16/m4.50/95p11.4 bg=4.22/m3.73/95p9.1)  lr=9.90e-04  tot=20.0min
00:23:07  [ 12/100]  train nll=+3.392(obj=+3.661 bg=+3.262) mse=4.48(obj=5.17/m4.55/95p11.2 bg=4.15/m3.67/95p8.9)  val nll=+3.476(obj=+3.710 bg=+3.359) mse=4.59(obj=5.23/m4.68/95p11.2 bg=4.27/m3.83/95p9.0)  lr=9.87e-04  tot=21.7min
00:24:52  [ 13/100]  train nll=+3.356(obj=+3.616 bg=+3.228) mse=4.42(obj=5.06/m4.47/95p10.9 bg=4.11/m3.62/95p8.8)  val nll=+3.413(obj=+3.658 bg=+3.291) mse=4.58(obj=5.22/m4.70/95p11.1 bg=4.25/m3.86/95p8.7)  lr=9.83e-04  tot=23.5min
00:26:38  [ 14/100]  train nll=+3.325(obj=+3.589 bg=+3.196) mse=4.35(obj=5.00/m4.38/95p10.9 bg=4.04/m3.57/95p8.7)  val nll=+3.496(obj=+3.699 bg=+3.396) mse=4.45(obj=5.03/m4.43/95p10.8 bg=4.17/m3.70/95p8.8)  lr=9.78e-04  tot=25.2min
00:28:23  [ 15/100]  train nll=+3.315(obj=+3.573 bg=+3.188) mse=4.34(obj=4.97/m4.36/95p10.8 bg=4.03/m3.56/95p8.7)  val nll=+3.203(obj=+3.448 bg=+3.084) mse=4.14(obj=4.71/m4.13/95p10.3 bg=3.86/m3.40/95p8.3)  lr=9.73e-04  tot=27.0min
00:28:23    ↳ saved (val_nll=3.2034)
00:30:06  [ 16/100]  train nll=+3.285(obj=+3.535 bg=+3.163) mse=4.28(obj=4.88/m4.29/95p10.6 bg=3.99/m3.52/95p8.6)  val nll=+3.253(obj=+3.524 bg=+3.120) mse=4.27(obj=4.89/m4.23/95p10.9 bg=3.97/m3.44/95p8.8)  lr=9.67e-04  tot=28.7min
00:31:50  [ 17/100]  train nll=+3.271(obj=+3.516 bg=+3.151) mse=4.26(obj=4.84/m4.22/95p10.6 bg=3.98/m3.49/95p8.6)  val nll=+3.233(obj=+3.477 bg=+3.112) mse=4.21(obj=4.78/m4.17/95p10.4 bg=3.94/m3.42/95p8.8)  lr=9.61e-04  tot=30.4min
00:33:33  [ 18/100]  train nll=+3.253(obj=+3.497 bg=+3.134) mse=4.22(obj=4.80/m4.21/95p10.5 bg=3.94/m3.46/95p8.5)  val nll=+3.161(obj=+3.395 bg=+3.047) mse=4.05(obj=4.53/m3.95/95p9.9 bg=3.81/m3.32/95p8.4)  lr=9.55e-04  tot=32.2min
00:33:34    ↳ saved (val_nll=3.1615)
00:35:16  [ 19/100]  train nll=+3.204(obj=+3.445 bg=+3.085) mse=4.15(obj=4.72/m4.12/95p10.4 bg=3.87/m3.39/95p8.4)  val nll=+3.109(obj=+3.317 bg=+3.007) mse=3.99(obj=4.45/m3.88/95p9.9 bg=3.77/m3.29/95p8.3)  lr=9.47e-04  tot=33.9min
00:35:17    ↳ saved (val_nll=3.1086)
00:37:01  [ 20/100]  train nll=+3.199(obj=+3.440 bg=+3.081) mse=4.14(obj=4.71/m4.11/95p10.3 bg=3.86/m3.39/95p8.4)  val nll=+3.154(obj=+3.418 bg=+3.024) mse=4.07(obj=4.61/m3.96/95p10.4 bg=3.80/m3.24/95p8.7)  lr=9.40e-04  tot=35.6min
00:38:45  [ 21/100]  train nll=+3.178(obj=+3.417 bg=+3.060) mse=4.12(obj=4.67/m4.05/95p10.3 bg=3.85/m3.36/95p8.4)  val nll=+3.136(obj=+3.379 bg=+3.019) mse=4.01(obj=4.53/m3.92/95p9.9 bg=3.75/m3.25/95p8.3)  lr=9.32e-04  tot=37.4min
00:40:28  [ 22/100]  train nll=+3.162(obj=+3.398 bg=+3.046) mse=4.10(obj=4.64/m4.03/95p10.3 bg=3.83/m3.35/95p8.4)  val nll=+3.108(obj=+3.323 bg=+3.003) mse=4.02(obj=4.50/m3.91/95p9.9 bg=3.78/m3.27/95p8.5)  lr=9.23e-04  tot=39.1min
00:40:28    ↳ saved (val_nll=3.1082)
00:42:13  [ 23/100]  train nll=+3.138(obj=+3.366 bg=+3.027) mse=4.04(obj=4.56/m3.96/95p10.2 bg=3.79/m3.30/95p8.3)  val nll=+3.073(obj=+3.304 bg=+2.960) mse=3.97(obj=4.47/m3.84/95p10.0 bg=3.73/m3.24/95p8.2)  lr=9.14e-04  tot=40.8min
00:42:14    ↳ saved (val_nll=3.0734)
00:43:58  [ 24/100]  train nll=+3.120(obj=+3.343 bg=+3.012) mse=4.02(obj=4.52/m3.93/95p10.0 bg=3.77/m3.28/95p8.2)  val nll=+3.095(obj=+3.279 bg=+3.004) mse=3.96(obj=4.40/m3.88/95p9.6 bg=3.74/m3.27/95p8.2)  lr=9.05e-04  tot=42.6min
00:45:41  [ 25/100]  train nll=+3.100(obj=+3.318 bg=+2.993) mse=3.98(obj=4.47/m3.87/95p9.9 bg=3.73/m3.24/95p8.3)  val nll=+3.101(obj=+3.311 bg=+2.999) mse=3.93(obj=4.41/m3.85/95p9.7 bg=3.69/m3.20/95p8.2)  lr=8.95e-04  tot=44.3min
00:47:25  [ 26/100]  train nll=+3.083(obj=+3.305 bg=+2.973) mse=3.96(obj=4.46/m3.86/95p9.9 bg=3.72/m3.23/95p8.2)  val nll=+3.014(obj=+3.207 bg=+2.919) mse=3.81(obj=4.25/m3.66/95p9.5 bg=3.60/m3.14/95p7.9)  lr=8.84e-04  tot=46.0min
00:47:26    ↳ saved (val_nll=3.0140)
00:49:08  [ 27/100]  train nll=+3.056(obj=+3.273 bg=+2.949) mse=3.91(obj=4.40/m3.78/95p9.9 bg=3.68/m3.17/95p8.2)  val nll=+3.102(obj=+3.286 bg=+3.009) mse=3.96(obj=4.39/m3.81/95p9.6 bg=3.73/m3.28/95p8.1)  lr=8.74e-04  tot=47.7min
00:50:51  [ 28/100]  train nll=+3.041(obj=+3.255 bg=+2.936) mse=3.89(obj=4.37/m3.73/95p9.9 bg=3.66/m3.15/95p8.1)  val nll=+3.096(obj=+3.302 bg=+2.993) mse=3.94(obj=4.42/m3.77/95p10.0 bg=3.71/m3.20/95p8.2)  lr=8.62e-04  tot=49.5min
00:52:34  [ 29/100]  train nll=+3.010(obj=+3.220 bg=+2.906) mse=3.84(obj=4.30/m3.67/95p9.7 bg=3.62/m3.12/95p8.0)  val nll=+2.951(obj=+3.159 bg=+2.848) mse=3.77(obj=4.21/m3.58/95p9.6 bg=3.56/m3.08/95p8.0)  lr=8.51e-04  tot=51.2min
00:52:34    ↳ saved (val_nll=2.9515)
00:54:17  [ 30/100]  train nll=+3.001(obj=+3.206 bg=+2.899) mse=3.82(obj=4.28/m3.64/95p9.7 bg=3.60/m3.11/95p8.0)  val nll=+2.901(obj=+3.105 bg=+2.801) mse=3.75(obj=4.22/m3.59/95p9.5 bg=3.52/m3.02/95p7.9)  lr=8.39e-04  tot=52.9min
00:54:18    ↳ saved (val_nll=2.9012)
00:56:01  [ 31/100]  train nll=+2.982(obj=+3.187 bg=+2.881) mse=3.80(obj=4.25/m3.63/95p9.7 bg=3.58/m3.09/95p8.0)  val nll=+3.021(obj=+3.185 bg=+2.940) mse=3.80(obj=4.19/m3.54/95p9.5 bg=3.60/m3.13/95p7.9)  lr=8.26e-04  tot=54.6min
00:57:45  [ 32/100]  train nll=+2.955(obj=+3.148 bg=+2.860) mse=3.76(obj=4.18/m3.54/95p9.5 bg=3.56/m3.06/95p8.0)  val nll=+2.996(obj=+3.209 bg=+2.889) mse=3.76(obj=4.22/m3.64/95p9.5 bg=3.54/m3.07/95p7.8)  lr=8.14e-04  tot=56.4min
00:59:25  [ 33/100]  train nll=+2.946(obj=+3.140 bg=+2.851) mse=3.74(obj=4.15/m3.51/95p9.5 bg=3.54/m3.03/95p8.0)  val nll=+2.849(obj=+3.046 bg=+2.750) mse=3.60(obj=4.01/m3.33/95p9.4 bg=3.40/m2.88/95p7.8)  lr=8.01e-04  tot=58.0min
00:59:26    ↳ saved (val_nll=2.8488)
01:01:08  [ 34/100]  train nll=+2.916(obj=+3.113 bg=+2.819) mse=3.70(obj=4.13/m3.48/95p9.5 bg=3.50/m2.99/95p7.9)  val nll=+2.950(obj=+3.152 bg=+2.850) mse=3.72(obj=4.13/m3.44/95p9.7 bg=3.51/m3.00/95p7.9)  lr=7.87e-04  tot=59.7min
01:02:52  [ 35/100]  train nll=+2.897(obj=+3.093 bg=+2.801) mse=3.68(obj=4.09/m3.42/95p9.5 bg=3.47/m2.96/95p7.9)  val nll=+2.795(obj=+2.972 bg=+2.708) mse=3.51(obj=3.88/m3.25/95p8.9 bg=3.34/m2.84/95p7.6)  lr=7.74e-04  tot=61.5min
01:02:53    ↳ saved (val_nll=2.7950)
01:04:35  [ 36/100]  train nll=+2.878(obj=+3.072 bg=+2.783) mse=3.64(obj=4.04/m3.40/95p9.3 bg=3.44/m2.92/95p7.9)  val nll=+2.877(obj=+3.052 bg=+2.790) mse=3.61(obj=3.97/m3.29/95p9.6 bg=3.44/m2.91/95p7.9)  lr=7.60e-04  tot=63.2min
01:06:21  [ 37/100]  train nll=+2.859(obj=+3.046 bg=+2.766) mse=3.61(obj=4.01/m3.35/95p9.4 bg=3.42/m2.91/95p7.8)  val nll=+3.005(obj=+3.166 bg=+2.927) mse=3.74(obj=4.08/m3.46/95p9.1 bg=3.58/m3.09/95p7.9)  lr=7.45e-04  tot=65.0min
01:08:05  [ 38/100]  train nll=+2.851(obj=+3.033 bg=+2.762) mse=3.61(obj=4.00/m3.33/95p9.3 bg=3.41/m2.90/95p7.8)  val nll=+2.894(obj=+3.053 bg=+2.812) mse=3.62(obj=3.93/m3.24/95p9.3 bg=3.46/m2.90/95p8.0)  lr=7.31e-04  tot=66.7min
01:09:47  [ 39/100]  train nll=+2.826(obj=+3.008 bg=+2.735) mse=3.56(obj=3.94/m3.27/95p9.3 bg=3.37/m2.84/95p7.8)  val nll=+2.859(obj=+3.041 bg=+2.767) mse=3.56(obj=3.94/m3.31/95p9.0 bg=3.38/m2.84/95p7.8)  lr=7.16e-04  tot=68.4min
01:11:33  [ 40/100]  train nll=+2.791(obj=+2.971 bg=+2.702) mse=3.51(obj=3.88/m3.21/95p9.2 bg=3.33/m2.80/95p7.7)  val nll=+2.759(obj=+2.948 bg=+2.666) mse=3.43(obj=3.80/m3.16/95p8.8 bg=3.24/m2.73/95p7.5)  lr=7.01e-04  tot=70.2min
01:11:33    ↳ saved (val_nll=2.7592)
01:13:17  [ 41/100]  train nll=+2.764(obj=+2.940 bg=+2.677) mse=3.48(obj=3.85/m3.15/95p9.2 bg=3.30/m2.76/95p7.7)  val nll=+2.872(obj=+2.948 bg=+2.834) mse=3.49(obj=3.81/m3.11/95p9.0 bg=3.33/m2.81/95p7.5)  lr=6.86e-04  tot=71.9min
01:15:00  [ 42/100]  train nll=+2.761(obj=+2.943 bg=+2.670) mse=3.46(obj=3.82/m3.14/95p9.1 bg=3.28/m2.74/95p7.6)  val nll=+2.792(obj=+2.961 bg=+2.709) mse=3.43(obj=3.75/m3.10/95p8.9 bg=3.27/m2.72/95p7.6)  lr=6.70e-04  tot=73.6min
01:16:45  [ 43/100]  train nll=+2.735(obj=+2.907 bg=+2.649) mse=3.44(obj=3.80/m3.11/95p9.1 bg=3.27/m2.74/95p7.6)  val nll=+2.629(obj=+2.757 bg=+2.564) mse=3.30(obj=3.60/m2.86/95p9.0 bg=3.16/m2.60/95p7.6)  lr=6.55e-04  tot=75.4min
01:16:46    ↳ saved (val_nll=2.6286)
01:18:30  [ 44/100]  train nll=+2.700(obj=+2.873 bg=+2.615) mse=3.38(obj=3.73/m3.04/95p9.0 bg=3.21/m2.68/95p7.5)  val nll=+2.638(obj=+2.810 bg=+2.551) mse=3.26(obj=3.62/m2.90/95p9.0 bg=3.07/m2.54/95p7.3)  lr=6.39e-04  tot=77.1min
01:20:13  [ 45/100]  train nll=+2.702(obj=+2.869 bg=+2.619) mse=3.38(obj=3.72/m3.01/95p9.0 bg=3.21/m2.67/95p7.6)  val nll=+2.833(obj=+3.015 bg=+2.743) mse=3.45(obj=3.78/m3.07/95p9.2 bg=3.27/m2.72/95p7.7)  lr=6.23e-04  tot=78.8min
01:21:57  [ 46/100]  train nll=+2.653(obj=+2.820 bg=+2.569) mse=3.31(obj=3.64/m2.95/95p8.8 bg=3.15/m2.61/95p7.4)  val nll=+2.661(obj=+2.811 bg=+2.587) mse=3.32(obj=3.64/m2.92/95p8.9 bg=3.16/m2.61/95p7.5)  lr=6.07e-04  tot=80.6min
01:23:40  [ 47/100]  train nll=+2.647(obj=+2.811 bg=+2.565) mse=3.30(obj=3.64/m2.93/95p8.9 bg=3.13/m2.59/95p7.4)  val nll=+2.622(obj=+2.800 bg=+2.533) mse=3.26(obj=3.61/m2.89/95p8.9 bg=3.08/m2.54/95p7.3)  lr=5.91e-04  tot=82.3min
01:23:41    ↳ saved (val_nll=2.6224)
01:25:24  [ 48/100]  train nll=+2.620(obj=+2.782 bg=+2.540) mse=3.27(obj=3.59/m2.88/95p8.9 bg=3.11/m2.57/95p7.4)  val nll=+2.677(obj=+2.857 bg=+2.586) mse=3.32(obj=3.61/m2.92/95p8.9 bg=3.15/m2.61/95p7.5)  lr=5.75e-04  tot=84.0min
01:27:11  [ 49/100]  train nll=+2.601(obj=+2.755 bg=+2.525) mse=3.25(obj=3.56/m2.83/95p8.8 bg=3.09/m2.54/95p7.4)  val nll=+2.599(obj=+2.776 bg=+2.512) mse=3.18(obj=3.52/m2.79/95p8.8 bg=3.01/m2.48/95p7.2)  lr=5.58e-04  tot=85.8min
01:27:11    ↳ saved (val_nll=2.5993)
01:28:54  [ 50/100]  train nll=+2.560(obj=+2.725 bg=+2.478) mse=3.20(obj=3.52/m2.78/95p8.8 bg=3.04/m2.47/95p7.3)  val nll=+2.442(obj=+2.583 bg=+2.370) mse=3.04(obj=3.34/m2.59/95p8.4 bg=2.89/m2.34/95p7.1)  lr=5.42e-04  tot=87.5min
01:28:54    ↳ saved (val_nll=2.4417)
01:30:38  [ 51/100]  train nll=+2.552(obj=+2.700 bg=+2.478) mse=3.18(obj=3.47/m2.75/95p8.6 bg=3.03/m2.47/95p7.3)  val nll=+2.491(obj=+2.636 bg=+2.420) mse=3.09(obj=3.38/m2.63/95p8.5 bg=2.95/m2.37/95p7.3)  lr=5.25e-04  tot=89.2min
01:32:22  [ 52/100]  train nll=+2.522(obj=+2.682 bg=+2.442) mse=3.14(obj=3.46/m2.71/95p8.7 bg=2.98/m2.42/95p7.2)  val nll=+2.590(obj=+2.734 bg=+2.516) mse=3.11(obj=3.37/m2.62/95p8.5 bg=2.96/m2.42/95p7.2)  lr=5.09e-04  tot=91.0min
01:34:04  [ 53/100]  train nll=+2.516(obj=+2.669 bg=+2.440) mse=3.12(obj=3.43/m2.69/95p8.7 bg=2.97/m2.40/95p7.3)  val nll=+2.366(obj=+2.484 bg=+2.308) mse=2.94(obj=3.16/m2.39/95p8.4 bg=2.83/m2.23/95p7.1)  lr=4.92e-04  tot=92.7min
01:34:05    ↳ saved (val_nll=2.3662)
01:35:49  [ 54/100]  train nll=+2.487(obj=+2.638 bg=+2.411) mse=3.10(obj=3.40/m2.64/95p8.6 bg=2.94/m2.37/95p7.2)  val nll=+2.511(obj=+2.684 bg=+2.424) mse=3.06(obj=3.41/m2.62/95p8.7 bg=2.89/m2.33/95p7.1)  lr=4.76e-04  tot=94.4min
01:37:31  [ 55/100]  train nll=+2.467(obj=+2.617 bg=+2.393) mse=3.06(obj=3.37/m2.61/95p8.6 bg=2.91/m2.35/95p7.2)  val nll=+2.377(obj=+2.550 bg=+2.292) mse=2.89(obj=3.21/m2.45/95p8.3 bg=2.74/m2.17/95p6.8)  lr=4.59e-04  tot=96.1min
01:39:15  [ 56/100]  train nll=+2.453(obj=+2.603 bg=+2.378) mse=3.06(obj=3.36/m2.58/95p8.6 bg=2.91/m2.33/95p7.2)  val nll=+2.387(obj=+2.504 bg=+2.329) mse=2.98(obj=3.22/m2.46/95p8.4 bg=2.87/m2.28/95p7.1)  lr=4.43e-04  tot=97.9min
01:41:00  [ 57/100]  train nll=+2.422(obj=+2.574 bg=+2.346) mse=3.02(obj=3.32/m2.56/95p8.6 bg=2.87/m2.30/95p7.1)  val nll=+2.381(obj=+2.548 bg=+2.299) mse=2.96(obj=3.28/m2.43/95p8.8 bg=2.80/m2.20/95p7.0)  lr=4.26e-04  tot=99.6min
01:42:47  [ 58/100]  train nll=+2.409(obj=+2.557 bg=+2.335) mse=3.00(obj=3.30/m2.52/95p8.5 bg=2.85/m2.27/95p7.1)  val nll=+2.353(obj=+2.487 bg=+2.284) mse=2.90(obj=3.16/m2.39/95p8.2 bg=2.77/m2.17/95p7.0)  lr=4.10e-04  tot=101.4min
01:42:47    ↳ saved (val_nll=2.3527)
01:44:32  [ 59/100]  train nll=+2.383(obj=+2.536 bg=+2.306) mse=2.96(obj=3.26/m2.51/95p8.4 bg=2.82/m2.24/95p7.0)  val nll=+2.229(obj=+2.371 bg=+2.158) mse=2.80(obj=3.06/m2.31/95p8.0 bg=2.67/m2.09/95p6.8)  lr=3.94e-04  tot=103.1min
01:44:33    ↳ saved (val_nll=2.2286)
01:46:18  [ 60/100]  train nll=+2.363(obj=+2.500 bg=+2.295) mse=2.94(obj=3.22/m2.46/95p8.4 bg=2.80/m2.22/95p7.0)  val nll=+2.312(obj=+2.482 bg=+2.229) mse=2.88(obj=3.15/m2.34/95p8.4 bg=2.71/m2.11/95p6.9)  lr=3.78e-04  tot=104.9min
01:48:03  [ 61/100]  train nll=+2.348(obj=+2.490 bg=+2.277) mse=2.92(obj=3.20/m2.44/95p8.3 bg=2.79/m2.20/95p7.0)  val nll=+2.312(obj=+2.423 bg=+2.253) mse=2.83(obj=3.05/m2.34/95p7.9 bg=2.72/m2.18/95p6.8)  lr=3.62e-04  tot=106.7min
01:49:45  [ 62/100]  train nll=+2.320(obj=+2.469 bg=+2.246) mse=2.89(obj=3.18/m2.40/95p8.3 bg=2.75/m2.16/95p6.9)  val nll=+2.288(obj=+2.454 bg=+2.203) mse=2.84(obj=3.15/m2.35/95p8.5 bg=2.69/m2.11/95p6.7)  lr=3.46e-04  tot=108.4min
01:51:29  [ 63/100]  train nll=+2.308(obj=+2.442 bg=+2.241) mse=2.88(obj=3.15/m2.38/95p8.3 bg=2.75/m2.16/95p6.9)  val nll=+2.242(obj=+2.404 bg=+2.159) mse=2.77(obj=3.06/m2.30/95p8.1 bg=2.62/m2.04/95p6.7)  lr=3.31e-04  tot=110.1min
01:53:14  [ 64/100]  train nll=+2.299(obj=+2.445 bg=+2.226) mse=2.87(obj=3.16/m2.38/95p8.3 bg=2.73/m2.14/95p6.9)  val nll=+2.154(obj=+2.292 bg=+2.084) mse=2.70(obj=3.00/m2.17/95p8.2 bg=2.55/m1.99/95p6.5)  lr=3.15e-04  tot=111.8min
01:53:15    ↳ saved (val_nll=2.1542)
01:55:01  [ 65/100]  train nll=+2.275(obj=+2.406 bg=+2.209) mse=2.83(obj=3.09/m2.32/95p8.2 bg=2.70/m2.12/95p6.8)  val nll=+2.219(obj=+2.320 bg=+2.170) mse=2.75(obj=2.98/m2.20/95p8.0 bg=2.64/m2.07/95p6.7)  lr=3.00e-04  tot=113.6min
01:56:49  [ 66/100]  train nll=+2.262(obj=+2.396 bg=+2.194) mse=2.82(obj=3.08/m2.31/95p8.1 bg=2.69/m2.10/95p6.9)  val nll=+2.162(obj=+2.295 bg=+2.092) mse=2.72(obj=2.99/m2.20/95p8.0 bg=2.57/m1.96/95p6.7)  lr=2.85e-04  tot=115.4min
01:58:34  [ 67/100]  train nll=+2.246(obj=+2.387 bg=+2.176) mse=2.81(obj=3.09/m2.30/95p8.2 bg=2.68/m2.08/95p6.8)  val nll=+2.253(obj=+2.373 bg=+2.194) mse=2.78(obj=3.02/m2.23/95p8.2 bg=2.66/m2.03/95p7.0)  lr=2.70e-04  tot=117.2min
02:00:18  [ 68/100]  train nll=+2.239(obj=+2.371 bg=+2.173) mse=2.80(obj=3.06/m2.29/95p8.1 bg=2.67/m2.08/95p6.8)  val nll=+2.139(obj=+2.274 bg=+2.074) mse=2.66(obj=2.91/m2.14/95p7.9 bg=2.53/m1.95/95p6.5)  lr=2.56e-04  tot=118.9min
02:00:19    ↳ saved (val_nll=2.1393)
02:02:08  [ 69/100]  train nll=+2.214(obj=+2.364 bg=+2.139) mse=2.77(obj=3.06/m2.28/95p8.1 bg=2.63/m2.03/95p6.8)  val nll=+2.181(obj=+2.280 bg=+2.131) mse=2.70(obj=2.94/m2.16/95p7.9 bg=2.59/m1.99/95p6.7)  lr=2.41e-04  tot=120.7min
02:03:55  [ 70/100]  train nll=+2.199(obj=+2.332 bg=+2.133) mse=2.76(obj=3.03/m2.24/95p8.1 bg=2.63/m2.03/95p6.8)  val nll=+2.101(obj=+2.229 bg=+2.036) mse=2.65(obj=2.89/m2.09/95p7.9 bg=2.53/m1.92/95p6.7)  lr=2.27e-04  tot=122.5min
02:03:55    ↳ saved (val_nll=2.1012)
02:05:40  [ 71/100]  train nll=+2.179(obj=+2.309 bg=+2.114) mse=2.74(obj=3.00/m2.21/95p8.1 bg=2.61/m2.01/95p6.8)  val nll=+2.105(obj=+2.252 bg=+2.030) mse=2.64(obj=2.91/m2.09/95p7.9 bg=2.52/m1.89/95p6.7)  lr=2.14e-04  tot=124.3min
02:07:28  [ 72/100]  train nll=+2.170(obj=+2.305 bg=+2.102) mse=2.73(obj=2.99/m2.19/95p8.1 bg=2.59/m1.99/95p6.7)  val nll=+2.025(obj=+2.183 bg=+1.947) mse=2.58(obj=2.86/m2.05/95p8.0 bg=2.44/m1.85/95p6.5)  lr=2.00e-04  tot=126.1min
02:07:29    ↳ saved (val_nll=2.0249)
02:09:16  [ 73/100]  train nll=+2.154(obj=+2.292 bg=+2.084) mse=2.72(obj=2.98/m2.19/95p8.1 bg=2.59/m1.98/95p6.8)  val nll=+2.060(obj=+2.166 bg=+2.006) mse=2.58(obj=2.80/m2.03/95p7.9 bg=2.47/m1.89/95p6.5)  lr=1.87e-04  tot=127.9min
02:11:01  [ 74/100]  train nll=+2.142(obj=+2.275 bg=+2.076) mse=2.70(obj=2.97/m2.17/95p8.0 bg=2.57/m1.97/95p6.7)  val nll=+2.087(obj=+2.211 bg=+2.023) mse=2.61(obj=2.86/m2.07/95p7.8 bg=2.49/m1.91/95p6.4)  lr=1.75e-04  tot=129.6min
02:12:43  [ 75/100]  train nll=+2.129(obj=+2.256 bg=+2.066) mse=2.68(obj=2.92/m2.14/95p7.9 bg=2.55/m1.95/95p6.7)  val nll=+2.058(obj=+2.225 bg=+1.975) mse=2.57(obj=2.84/m2.02/95p7.9 bg=2.44/m1.85/95p6.5)  lr=1.62e-04  tot=131.3min
02:14:24  [ 76/100]  train nll=+2.105(obj=+2.233 bg=+2.042) mse=2.65(obj=2.90/m2.11/95p7.9 bg=2.53/m1.93/95p6.6)  val nll=+1.984(obj=+2.072 bg=+1.940) mse=2.50(obj=2.69/m1.92/95p7.5 bg=2.41/m1.82/95p6.4)  lr=1.50e-04  tot=133.0min
02:14:25    ↳ saved (val_nll=1.9839)
02:16:07  [ 77/100]  train nll=+2.095(obj=+2.223 bg=+2.031) mse=2.65(obj=2.90/m2.11/95p7.9 bg=2.52/m1.92/95p6.6)  val nll=+1.996(obj=+2.098 bg=+1.945) mse=2.54(obj=2.75/m1.98/95p7.6 bg=2.44/m1.83/95p6.5)  lr=1.39e-04  tot=134.7min
02:17:51  [ 78/100]  train nll=+2.086(obj=+2.217 bg=+2.021) mse=2.64(obj=2.90/m2.10/95p7.9 bg=2.52/m1.91/95p6.7)  val nll=+2.029(obj=+2.154 bg=+1.968) mse=2.52(obj=2.73/m1.97/95p7.6 bg=2.41/m1.81/95p6.6)  lr=1.27e-04  tot=136.5min
02:19:33  [ 79/100]  train nll=+2.073(obj=+2.200 bg=+2.010) mse=2.63(obj=2.88/m2.08/95p7.9 bg=2.50/m1.90/95p6.6)  val nll=+1.947(obj=+2.057 bg=+1.892) mse=2.48(obj=2.69/m1.93/95p7.4 bg=2.38/m1.77/95p6.5)  lr=1.17e-04  tot=138.2min
02:19:34    ↳ saved (val_nll=1.9465)
02:21:17  [ 80/100]  train nll=+2.062(obj=+2.190 bg=+1.997) mse=2.62(obj=2.86/m2.08/95p7.8 bg=2.49/m1.89/95p6.6)  val nll=+1.959(obj=+2.081 bg=+1.899) mse=2.48(obj=2.75/m1.94/95p7.7 bg=2.35/m1.75/95p6.3)  lr=1.06e-04  tot=139.9min
02:22:59  [ 81/100]  train nll=+2.047(obj=+2.164 bg=+1.988) mse=2.60(obj=2.84/m2.04/95p7.8 bg=2.48/m1.88/95p6.5)  val nll=+1.962(obj=+2.065 bg=+1.908) mse=2.50(obj=2.70/m1.92/95p7.7 bg=2.39/m1.79/95p6.5)  lr=9.64e-05  tot=141.6min
02:24:41  [ 82/100]  train nll=+2.040(obj=+2.158 bg=+1.980) mse=2.59(obj=2.83/m2.04/95p7.8 bg=2.47/m1.87/95p6.5)  val nll=+1.936(obj=+2.054 bg=+1.878) mse=2.47(obj=2.69/m1.87/95p7.7 bg=2.36/m1.74/95p6.4)  lr=8.69e-05  tot=143.3min
02:24:41    ↳ saved (val_nll=1.9363)
02:26:24  [ 83/100]  train nll=+2.031(obj=+2.145 bg=+1.973) mse=2.58(obj=2.81/m2.02/95p7.8 bg=2.47/m1.86/95p6.6)  val nll=+1.895(obj=+1.991 bg=+1.846) mse=2.43(obj=2.64/m1.86/95p7.4 bg=2.31/m1.72/95p6.2)  lr=7.79e-05  tot=145.0min
02:26:25    ↳ saved (val_nll=1.8955)
02:28:07  [ 84/100]  train nll=+2.026(obj=+2.140 bg=+1.969) mse=2.59(obj=2.82/m2.02/95p7.8 bg=2.47/m1.86/95p6.6)  val nll=+1.916(obj=+2.029 bg=+1.859) mse=2.46(obj=2.70/m1.89/95p7.8 bg=2.34/m1.75/95p6.3)  lr=6.93e-05  tot=146.7min
02:29:48  [ 85/100]  train nll=+2.012(obj=+2.137 bg=+1.949) mse=2.57(obj=2.82/m2.03/95p7.7 bg=2.44/m1.84/95p6.5)  val nll=+1.934(obj=+2.024 bg=+1.885) mse=2.45(obj=2.65/m1.84/95p7.5 bg=2.35/m1.72/95p6.4)  lr=6.12e-05  tot=148.4min
02:31:31  [ 86/100]  train nll=+2.005(obj=+2.131 bg=+1.943) mse=2.56(obj=2.80/m2.00/95p7.7 bg=2.44/m1.83/95p6.5)  val nll=+1.896(obj=+1.999 bg=+1.842) mse=2.42(obj=2.64/m1.83/95p7.5 bg=2.32/m1.71/95p6.3)  lr=5.36e-05  tot=150.1min
02:33:13  [ 87/100]  train nll=+1.995(obj=+2.115 bg=+1.934) mse=2.55(obj=2.79/m1.98/95p7.8 bg=2.43/m1.82/95p6.5)  val nll=+1.895(obj=+1.991 bg=+1.846) mse=2.42(obj=2.64/m1.84/95p7.5 bg=2.32/m1.71/95p6.4)  lr=4.65e-05  tot=151.8min
02:33:13    ↳ saved (val_nll=1.8950)
02:34:54  [ 88/100]  train nll=+1.986(obj=+2.108 bg=+1.924) mse=2.54(obj=2.77/m1.98/95p7.7 bg=2.43/m1.82/95p6.5)  val nll=+1.890(obj=+2.019 bg=+1.826) mse=2.41(obj=2.65/m1.87/95p7.5 bg=2.28/m1.69/95p6.1)  lr=3.98e-05  tot=153.5min
02:34:55    ↳ saved (val_nll=1.8901)
02:36:37  [ 89/100]  train nll=+1.983(obj=+2.091 bg=+1.929) mse=2.54(obj=2.76/m1.97/95p7.7 bg=2.42/m1.81/95p6.5)  val nll=+1.863(obj=+1.962 bg=+1.813) mse=2.40(obj=2.61/m1.79/95p7.6 bg=2.29/m1.70/95p6.2)  lr=3.37e-05  tot=155.2min
02:36:38    ↳ saved (val_nll=1.8630)
02:38:19  [ 90/100]  train nll=+1.977(obj=+2.080 bg=+1.926) mse=2.53(obj=2.74/m1.95/95p7.6 bg=2.42/m1.81/95p6.5)  val nll=+1.911(obj=+2.048 bg=+1.839) mse=2.47(obj=2.74/m1.91/95p7.9 bg=2.32/m1.70/95p6.3)  lr=2.81e-05  tot=156.9min
02:40:01  [ 91/100]  train nll=+1.975(obj=+2.089 bg=+1.916) mse=2.53(obj=2.75/m1.96/95p7.6 bg=2.42/m1.81/95p6.4)  val nll=+1.846(obj=+1.967 bg=+1.785) mse=2.39(obj=2.62/m1.82/95p7.3 bg=2.28/m1.68/95p6.2)  lr=2.30e-05  tot=158.6min
02:40:01    ↳ saved (val_nll=1.8463)
02:41:44  [ 92/100]  train nll=+1.961(obj=+2.078 bg=+1.902) mse=2.51(obj=2.75/m1.95/95p7.7 bg=2.39/m1.79/95p6.4)  val nll=+1.877(obj=+1.972 bg=+1.830) mse=2.41(obj=2.61/m1.79/95p7.4 bg=2.32/m1.69/95p6.4)  lr=1.84e-05  tot=160.3min
02:43:25  [ 93/100]  train nll=+1.955(obj=+2.062 bg=+1.901) mse=2.52(obj=2.74/m1.94/95p7.7 bg=2.40/m1.79/95p6.5)  val nll=+1.850(obj=+1.929 bg=+1.807) mse=2.39(obj=2.60/m1.79/95p7.5 bg=2.29/m1.68/95p6.3)  lr=1.43e-05  tot=162.0min
02:45:05  [ 94/100]  train nll=+1.964(obj=+2.073 bg=+1.909) mse=2.52(obj=2.74/m1.95/95p7.6 bg=2.41/m1.80/95p6.5)  val nll=+1.836(obj=+1.959 bg=+1.774) mse=2.35(obj=2.56/m1.78/95p7.3 bg=2.24/m1.65/95p6.0)  lr=1.08e-05  tot=163.7min
02:45:06    ↳ saved (val_nll=1.8359)
02:46:47  [ 95/100]  train nll=+1.953(obj=+2.065 bg=+1.896) mse=2.51(obj=2.73/m1.93/95p7.6 bg=2.39/m1.78/95p6.4)  val nll=+1.847(obj=+1.964 bg=+1.788) mse=2.38(obj=2.60/m1.80/95p7.6 bg=2.27/m1.66/95p6.2)  lr=7.81e-06  tot=165.4min
02:48:28  [ 96/100]  train nll=+1.955(obj=+2.066 bg=+1.898) mse=2.52(obj=2.75/m1.94/95p7.7 bg=2.40/m1.79/95p6.5)  val nll=+1.854(obj=+1.984 bg=+1.785) mse=2.41(obj=2.68/m1.85/95p7.7 bg=2.27/m1.66/95p6.2)  lr=5.36e-06  tot=167.1min
02:50:08  [ 97/100]  train nll=+1.948(obj=+2.060 bg=+1.891) mse=2.50(obj=2.73/m1.93/95p7.7 bg=2.39/m1.78/95p6.4)  val nll=+1.820(obj=+1.938 bg=+1.759) mse=2.36(obj=2.57/m1.77/95p7.4 bg=2.25/m1.63/95p6.3)  lr=3.46e-06  tot=168.7min
02:50:09    ↳ saved (val_nll=1.8200)
02:51:51  [ 98/100]  train nll=+1.951(obj=+2.062 bg=+1.894) mse=2.51(obj=2.73/m1.93/95p7.6 bg=2.39/m1.79/95p6.4)  val nll=+1.857(obj=+1.973 bg=+1.799) mse=2.39(obj=2.62/m1.80/95p7.4 bg=2.28/m1.67/95p6.3)  lr=2.09e-06  tot=170.5min
02:53:32  [ 99/100]  train nll=+1.947(obj=+2.060 bg=+1.889) mse=2.51(obj=2.74/m1.93/95p7.7 bg=2.39/m1.78/95p6.4)  val nll=+1.865(obj=+1.954 bg=+1.818) mse=2.41(obj=2.62/m1.84/95p7.4 bg=2.31/m1.69/95p6.3)  lr=1.27e-06  tot=172.1min
02:55:14  [100/100]  train nll=+1.949(obj=+2.065 bg=+1.889) mse=2.51(obj=2.75/m1.94/95p7.7 bg=2.39/m1.78/95p6.4)  val nll=+1.841(obj=+1.956 bg=+1.782) mse=2.37(obj=2.59/m1.81/95p7.3 bg=2.26/m1.66/95p6.2)  lr=1.00e-06  tot=173.8min
02:55:14  Best val NLL: 1.8200  |  time: 173.8min
02:55:14  vis: skipped (V3 cache uses full-image schema, not yet wired to vis_ps)
02:55:14  Report saved → report.html
