01:14:32  crop_grid: kamikado_pad256 3840x2160 / 512px -> 8x5 = 40 windows
01:14:32  crop_grid: overriding --oversample 16 -> 40
01:14:34  accelerate: num_processes=1 mixed_precision=no device=cuda
01:14:34    [/mnt/ssd2t/work/e2e_calib/cache/kamikado_pad256] train=683 val=98 (os=40) u_band=0.0 crop_px=512-512 mode=calib
01:14:34  SCENE-level split (from the cache meta): train=683 val=98 frames — val scenes are never trained on
01:14:36  params: 1.14M  (world_size=1, bs/rank=4, global_bs=4)
01:14:36  resumed weights from experiments/km_s1_512_from_nsps/best_model.pt (missing=6 unexpected=0)
01:16:01  ep001/30  tr_nll=4.4327 tr_mse=8.195  va_nll=5.4443 va_mse=10.914  lr=1.20e-04  ep_t=85.5s  total=1.4min
01:16:01  ep001/30   POSE rot=0.1640deg t=0.0438m chi2r=24744.6 sigma=13.022px frac_pd=1.00
01:16:09    ↳ best val_nll=5.4443  saved experiments/km_s2_512_from_nsps/best_model.pt (4.62 MB)
01:17:19  ep002/30  tr_nll=79.9761 tr_mse=9.121  va_nll=nan va_mse=nan  lr=1.80e-04  ep_t=69.7s  total=2.7min
01:18:25  ep003/30  tr_nll=4.2702 tr_mse=7.847  va_nll=nan va_mse=nan  lr=2.40e-04  ep_t=66.1s  total=3.8min
01:19:30  ep004/30  tr_nll=4.0965 tr_mse=7.572  va_nll=nan va_mse=nan  lr=3.00e-04  ep_t=65.3s  total=4.9min
01:20:58  ep005/30  tr_nll=4.0241 tr_mse=7.480  va_nll=5.6616 va_mse=10.745  lr=3.00e-04  ep_t=87.8s  total=6.4min
01:20:58  ep005/30   POSE rot=0.1221deg t=0.0528m chi2r=6.9 sigma=10.039px frac_pd=1.00
01:22:09  ep006/30  tr_nll=3.8795 tr_mse=7.450  va_nll=nan va_mse=nan  lr=2.99e-04  ep_t=65.1s  total=7.6min
01:23:14  ep007/30  tr_nll=3.7866 tr_mse=7.325  va_nll=nan va_mse=nan  lr=2.95e-04  ep_t=65.0s  total=8.6min
01:24:20  ep008/30  tr_nll=3.5614 tr_mse=7.142  va_nll=nan va_mse=nan  lr=2.90e-04  ep_t=65.5s  total=9.7min
01:25:28  ep009/30  tr_nll=3.3238 tr_mse=6.730  va_nll=nan va_mse=nan  lr=2.82e-04  ep_t=68.6s  total=10.9min
01:26:58  ep010/30  tr_nll=3.1482 tr_mse=6.624  va_nll=5.5524 va_mse=10.700  lr=2.71e-04  ep_t=90.0s  total=12.4min
01:26:58  ep010/30   POSE rot=0.1575deg t=0.0414m chi2r=6.0 sigma=11.302px frac_pd=1.00
01:28:10  ep011/30  tr_nll=3.0131 tr_mse=6.509  va_nll=nan va_mse=nan  lr=2.59e-04  ep_t=65.8s  total=13.6min
01:29:17  ep012/30  tr_nll=2.8383 tr_mse=6.137  va_nll=nan va_mse=nan  lr=2.46e-04  ep_t=66.9s  total=14.7min
01:30:36  ep013/30  tr_nll=2.7217 tr_mse=5.955  va_nll=nan va_mse=nan  lr=2.31e-04  ep_t=76.8s  total=16.0min
01:31:42  ep014/30  tr_nll=2.6574 tr_mse=5.793  va_nll=nan va_mse=nan  lr=2.14e-04  ep_t=66.4s  total=17.1min
01:33:17  ep015/30  tr_nll=2.5583 tr_mse=5.674  va_nll=5.6906 va_mse=9.831  lr=1.97e-04  ep_t=95.3s  total=18.7min
01:33:17  ep015/30   POSE rot=0.0865deg t=0.0338m chi2r=4.5 sigma=7.436px frac_pd=1.00
01:34:29  ep016/30  tr_nll=2.5127 tr_mse=5.582  va_nll=nan va_mse=nan  lr=1.79e-04  ep_t=65.2s  total=19.9min
01:35:33  ep017/30  tr_nll=2.3815 tr_mse=5.404  va_nll=nan va_mse=nan  lr=1.60e-04  ep_t=64.7s  total=21.0min
01:36:51  ep018/30  tr_nll=2.3259 tr_mse=5.280  va_nll=nan va_mse=nan  lr=1.41e-04  ep_t=77.6s  total=22.3min
01:38:08  ep019/30  tr_nll=2.2783 tr_mse=5.246  va_nll=nan va_mse=nan  lr=1.22e-04  ep_t=76.4s  total=23.5min
01:39:34  ep020/30  tr_nll=2.2184 tr_mse=5.093  va_nll=6.2903 va_mse=10.256  lr=1.04e-04  ep_t=85.7s  total=25.0min
01:39:34  ep020/30   POSE rot=0.1156deg t=0.0262m chi2r=4.2 sigma=7.124px frac_pd=1.00
01:40:45  ep021/30  tr_nll=2.1309 tr_mse=4.913  va_nll=nan va_mse=nan  lr=8.68e-05  ep_t=65.1s  total=26.1min
01:41:49  ep022/30  tr_nll=2.1048 tr_mse=4.975  va_nll=nan va_mse=nan  lr=7.04e-05  ep_t=64.5s  total=27.2min
01:42:54  ep023/30  tr_nll=2.0056 tr_mse=4.754  va_nll=nan va_mse=nan  lr=5.52e-05  ep_t=65.0s  total=28.3min
01:43:59  ep024/30  tr_nll=1.9577 tr_mse=4.735  va_nll=nan va_mse=nan  lr=4.15e-05  ep_t=64.8s  total=29.4min
01:45:24  ep025/30  tr_nll=1.9038 tr_mse=4.555  va_nll=6.6277 va_mse=10.147  lr=2.96e-05  ep_t=85.1s  total=30.8min
01:45:24  ep025/30   POSE rot=0.1022deg t=0.0273m chi2r=4.7 sigma=6.655px frac_pd=1.00
01:46:47  ep026/30  tr_nll=1.8654 tr_mse=4.543  va_nll=nan va_mse=nan  lr=1.95e-05  ep_t=76.9s  total=32.2min
01:47:57  ep027/30  tr_nll=1.8661 tr_mse=4.575  va_nll=nan va_mse=nan  lr=1.15e-05  ep_t=70.3s  total=33.4min
01:49:02  ep028/30  tr_nll=1.8008 tr_mse=4.476  va_nll=nan va_mse=nan  lr=5.70e-06  ep_t=64.7s  total=34.4min
01:50:07  ep029/30  tr_nll=1.7925 tr_mse=4.451  va_nll=nan va_mse=nan  lr=2.18e-06  ep_t=64.6s  total=35.5min
01:51:33  ep030/30  tr_nll=1.7865 tr_mse=4.474  va_nll=7.0380 va_mse=10.187  lr=1.00e-06  ep_t=85.9s  total=36.9min
01:51:33  ep030/30   POSE rot=0.0909deg t=0.0273m chi2r=5.6 sigma=6.546px frac_pd=1.00
