10:38:33  NS: 83769 | PS: 33458 | WM: 94553
10:38:33  NS: train=20000 val=500
10:38:33  PS: train=20000 val=500
10:38:33  WM: train=20000 val=500
10:38:33  joint: train=60000 val=1500 (seed=42)
10:38:33  params: 1.62M
10:39:06  [  1/200]  train nll=+4.838(obj=+4.453 bg=+4.857) mse=8.635(obj=6.960 bg=8.712)  val nll=+4.391(obj=+3.815 bg=+4.417) mse=7.950(obj=5.465 bg=8.067)  lr=4.00e-04  tot=0.6min
10:39:06    ↳ saved (val_nll=4.3912)
10:39:38  [  2/200]  train nll=+4.486(obj=+4.076 bg=+4.505) mse=7.967(obj=6.168 bg=8.049)  val nll=+4.243(obj=+3.702 bg=+4.268) mse=7.422(obj=5.245 bg=7.523)  lr=6.00e-04  tot=1.1min
10:39:38    ↳ saved (val_nll=4.2431)
10:40:11  [  3/200]  train nll=+4.405(obj=+3.979 bg=+4.425) mse=7.716(obj=5.923 bg=7.798)  val nll=+4.355(obj=+3.776 bg=+4.381) mse=7.740(obj=5.609 bg=7.839)  lr=8.00e-04  tot=1.6min
10:40:44  [  4/200]  train nll=+4.391(obj=+3.948 bg=+4.411) mse=7.640(obj=5.835 bg=7.722)  val nll=+4.229(obj=+3.589 bg=+4.259) mse=7.178(obj=4.862 bg=7.285)  lr=1.00e-03  tot=2.2min
10:40:44    ↳ saved (val_nll=4.2294)
10:41:16  [  5/200]  train nll=+4.343(obj=+3.870 bg=+4.365) mse=7.523(obj=5.643 bg=7.609)  val nll=+4.273(obj=+3.557 bg=+4.307) mse=7.491(obj=4.936 bg=7.611)  lr=1.00e-03  tot=2.7min
10:41:48  [  6/200]  train nll=+4.242(obj=+3.731 bg=+4.266) mse=7.320(obj=5.385 bg=7.408)  val nll=+4.194(obj=+3.562 bg=+4.223) mse=7.166(obj=5.019 bg=7.263)  lr=1.00e-03  tot=3.2min
10:41:48    ↳ saved (val_nll=4.1942)
10:42:20  [  7/200]  train nll=+4.176(obj=+3.628 bg=+4.201) mse=7.132(obj=5.143 bg=7.223)  val nll=+4.107(obj=+3.463 bg=+4.136) mse=7.008(obj=4.522 bg=7.120)  lr=1.00e-03  tot=3.8min
10:42:20    ↳ saved (val_nll=4.1073)
10:42:53  [  8/200]  train nll=+4.083(obj=+3.471 bg=+4.112) mse=6.936(obj=4.808 bg=7.033)  val nll=+4.178(obj=+3.452 bg=+4.211) mse=7.288(obj=4.648 bg=7.411)  lr=9.99e-04  tot=4.3min
10:43:26  [  9/200]  train nll=+4.003(obj=+3.369 bg=+4.032) mse=6.718(obj=4.588 bg=6.816)  val nll=+3.847(obj=+3.042 bg=+3.885) mse=6.415(obj=3.936 bg=6.530)  lr=9.99e-04  tot=4.9min
10:43:26    ↳ saved (val_nll=3.8469)
10:43:58  [ 10/200]  train nll=+3.962(obj=+3.289 bg=+3.993) mse=6.630(obj=4.424 bg=6.731)  val nll=+3.869(obj=+2.902 bg=+3.913) mse=6.698(obj=3.760 bg=6.834)  lr=9.98e-04  tot=5.4min
10:44:31  [ 11/200]  train nll=+3.907(obj=+3.209 bg=+3.939) mse=6.534(obj=4.284 bg=6.637)  val nll=+3.924(obj=+3.000 bg=+3.968) mse=6.586(obj=3.614 bg=6.725)  lr=9.98e-04  tot=6.0min
10:45:03  [ 12/200]  train nll=+3.862(obj=+3.155 bg=+3.895) mse=6.389(obj=4.154 bg=6.492)  val nll=+3.747(obj=+2.751 bg=+3.793) mse=6.326(obj=3.487 bg=6.457)  lr=9.97e-04  tot=6.5min
10:45:03    ↳ saved (val_nll=3.7467)
10:45:36  [ 13/200]  train nll=+3.816(obj=+3.078 bg=+3.850) mse=6.289(obj=4.022 bg=6.393)  val nll=+3.652(obj=+2.632 bg=+3.699) mse=6.072(obj=3.354 bg=6.197)  lr=9.96e-04  tot=7.0min
10:45:36    ↳ saved (val_nll=3.6525)
10:46:07  [ 14/200]  train nll=+3.754(obj=+3.000 bg=+3.789) mse=6.132(obj=3.867 bg=6.235)  val nll=+3.637(obj=+2.562 bg=+3.687) mse=5.958(obj=3.160 bg=6.087)  lr=9.95e-04  tot=7.6min
10:46:07    ↳ saved (val_nll=3.6374)
10:46:39  [ 15/200]  train nll=+3.714(obj=+2.938 bg=+3.750) mse=6.025(obj=3.730 bg=6.130)  val nll=+3.843(obj=+2.974 bg=+3.883) mse=6.635(obj=3.823 bg=6.765)  lr=9.94e-04  tot=8.1min
10:47:12  [ 16/200]  train nll=+3.689(obj=+2.902 bg=+3.726) mse=5.954(obj=3.676 bg=6.058)  val nll=+3.666(obj=+2.788 bg=+3.707) mse=6.192(obj=3.459 bg=6.316)  lr=9.92e-04  tot=8.6min
10:47:44  [ 17/200]  train nll=+3.639(obj=+2.825 bg=+3.676) mse=5.821(obj=3.530 bg=5.926)  val nll=+3.690(obj=+2.710 bg=+3.737) mse=5.999(obj=3.229 bg=6.129)  lr=9.91e-04  tot=9.2min
10:48:16  [ 18/200]  train nll=+3.589(obj=+2.751 bg=+3.628) mse=5.754(obj=3.404 bg=5.862)  val nll=+3.551(obj=+2.481 bg=+3.601) mse=5.977(obj=3.039 bg=6.112)  lr=9.89e-04  tot=9.7min
10:48:16    ↳ saved (val_nll=3.5507)
10:48:48  [ 19/200]  train nll=+3.549(obj=+2.713 bg=+3.587) mse=5.634(obj=3.357 bg=5.737)  val nll=+3.692(obj=+2.862 bg=+3.732) mse=5.914(obj=3.248 bg=6.038)  lr=9.87e-04  tot=10.3min
10:49:20  [ 20/200]  train nll=+3.503(obj=+2.643 bg=+3.543) mse=5.509(obj=3.231 bg=5.614)  val nll=+3.532(obj=+2.747 bg=+3.567) mse=5.670(obj=3.351 bg=5.775)  lr=9.85e-04  tot=10.8min
10:49:20    ↳ saved (val_nll=3.5316)
10:49:52  [ 21/200]  train nll=+3.459(obj=+2.576 bg=+3.500) mse=5.439(obj=3.150 bg=5.544)  val nll=+3.446(obj=+2.390 bg=+3.496) mse=5.675(obj=2.853 bg=5.809)  lr=9.83e-04  tot=11.3min
10:49:52    ↳ saved (val_nll=3.4455)
10:50:24  [ 22/200]  train nll=+3.435(obj=+2.552 bg=+3.476) mse=5.381(obj=3.086 bg=5.486)  val nll=+3.430(obj=+2.363 bg=+3.481) mse=5.504(obj=2.783 bg=5.630)  lr=9.81e-04  tot=11.9min
10:50:25    ↳ saved (val_nll=3.4300)
10:50:57  [ 23/200]  train nll=+3.367(obj=+2.478 bg=+3.408) mse=5.245(obj=2.990 bg=5.348)  val nll=+3.381(obj=+2.482 bg=+3.422) mse=5.447(obj=2.907 bg=5.563)  lr=9.79e-04  tot=12.4min
10:50:57    ↳ saved (val_nll=3.3805)
10:51:30  [ 24/200]  train nll=+3.349(obj=+2.443 bg=+3.390) mse=5.214(obj=2.938 bg=5.318)  val nll=+3.378(obj=+2.402 bg=+3.423) mse=5.330(obj=2.926 bg=5.445)  lr=9.77e-04  tot=12.9min
10:51:30    ↳ saved (val_nll=3.3776)
10:52:02  [ 25/200]  train nll=+3.320(obj=+2.405 bg=+3.362) mse=5.138(obj=2.884 bg=5.241)  val nll=+3.407(obj=+2.474 bg=+3.452) mse=5.332(obj=2.975 bg=5.442)  lr=9.74e-04  tot=13.5min
10:52:34  [ 26/200]  train nll=+3.299(obj=+2.375 bg=+3.342) mse=5.097(obj=2.839 bg=5.200)  val nll=+3.290(obj=+2.180 bg=+3.341) mse=5.352(obj=2.600 bg=5.480)  lr=9.72e-04  tot=14.0min
10:52:34    ↳ saved (val_nll=3.2896)
10:53:07  [ 27/200]  train nll=+3.277(obj=+2.345 bg=+3.320) mse=5.033(obj=2.786 bg=5.136)  val nll=+3.237(obj=+2.127 bg=+3.289) mse=5.072(obj=2.507 bg=5.192)  lr=9.69e-04  tot=14.6min
10:53:07    ↳ saved (val_nll=3.2367)
10:53:39  [ 28/200]  train nll=+3.209(obj=+2.272 bg=+3.252) mse=4.916(obj=2.697 bg=5.017)  val nll=+3.450(obj=+2.328 bg=+3.503) mse=5.299(obj=2.642 bg=5.420)  lr=9.66e-04  tot=15.1min
10:54:12  [ 29/200]  train nll=+3.191(obj=+2.248 bg=+3.234) mse=4.900(obj=2.668 bg=5.002)  val nll=+3.507(obj=+2.450 bg=+3.554) mse=5.525(obj=2.969 bg=5.641)  lr=9.63e-04  tot=15.6min
10:54:43  [ 30/200]  train nll=+3.172(obj=+2.218 bg=+3.216) mse=4.854(obj=2.627 bg=4.956)  val nll=+3.362(obj=+2.388 bg=+3.407) mse=5.237(obj=2.701 bg=5.355)  lr=9.60e-04  tot=16.2min
10:55:16  [ 31/200]  train nll=+3.124(obj=+2.175 bg=+3.168) mse=4.756(obj=2.582 bg=4.855)  val nll=+3.340(obj=+2.113 bg=+3.396) mse=5.471(obj=2.521 bg=5.600)  lr=9.57e-04  tot=16.7min
10:55:48  [ 32/200]  train nll=+3.129(obj=+2.178 bg=+3.173) mse=4.751(obj=2.581 bg=4.851)  val nll=+3.236(obj=+2.071 bg=+3.291) mse=5.197(obj=2.531 bg=5.320)  lr=9.53e-04  tot=17.2min
10:55:48    ↳ saved (val_nll=3.2359)
10:56:20  [ 33/200]  train nll=+3.082(obj=+2.126 bg=+3.126) mse=4.671(obj=2.538 bg=4.769)  val nll=+3.341(obj=+2.141 bg=+3.397) mse=5.349(obj=2.517 bg=5.478)  lr=9.50e-04  tot=17.8min
10:56:53  [ 34/200]  train nll=+3.044(obj=+2.079 bg=+3.088) mse=4.593(obj=2.462 bg=4.690)  val nll=+3.326(obj=+2.189 bg=+3.379) mse=5.221(obj=2.551 bg=5.343)  lr=9.46e-04  tot=18.3min
10:57:25  [ 35/200]  train nll=+3.047(obj=+2.063 bg=+3.092) mse=4.626(obj=2.455 bg=4.725)  val nll=+3.109(obj=+1.955 bg=+3.163) mse=4.959(obj=2.308 bg=5.083)  lr=9.43e-04  tot=18.9min
10:57:25    ↳ saved (val_nll=3.1090)
10:57:57  [ 36/200]  train nll=+2.985(obj=+2.013 bg=+3.029) mse=4.496(obj=2.376 bg=4.593)  val nll=+3.651(obj=+2.335 bg=+3.717) mse=5.433(obj=2.767 bg=5.558)  lr=9.39e-04  tot=19.4min
10:58:30  [ 37/200]  train nll=+2.990(obj=+2.013 bg=+3.035) mse=4.516(obj=2.384 bg=4.614)  val nll=+3.291(obj=+2.064 bg=+3.351) mse=5.136(obj=2.413 bg=5.262)  lr=9.35e-04  tot=19.9min
10:59:01  [ 38/200]  train nll=+2.958(obj=+1.966 bg=+3.004) mse=4.446(obj=2.321 bg=4.544)  val nll=+3.248(obj=+1.957 bg=+3.308) mse=5.035(obj=2.230 bg=5.165)  lr=9.31e-04  tot=20.5min
10:59:33  [ 39/200]  train nll=+2.969(obj=+1.989 bg=+3.013) mse=4.472(obj=2.345 bg=4.569)  val nll=+3.058(obj=+1.988 bg=+3.108) mse=4.808(obj=2.327 bg=4.922)  lr=9.27e-04  tot=21.0min
10:59:33    ↳ saved (val_nll=3.0581)
11:00:06  [ 40/200]  train nll=+2.929(obj=+1.953 bg=+2.974) mse=4.428(obj=2.309 bg=4.525)  val nll=+3.043(obj=+1.925 bg=+3.096) mse=4.985(obj=2.304 bg=5.109)  lr=9.23e-04  tot=21.5min
11:00:06    ↳ saved (val_nll=3.0431)
11:00:38  [ 41/200]  train nll=+2.906(obj=+1.899 bg=+2.952) mse=4.377(obj=2.253 bg=4.473)  val nll=+3.160(obj=+2.006 bg=+3.214) mse=4.814(obj=2.395 bg=4.927)  lr=9.18e-04  tot=22.1min
11:01:11  [ 42/200]  train nll=+2.867(obj=+1.872 bg=+2.913) mse=4.328(obj=2.231 bg=4.424)  val nll=+3.444(obj=+2.274 bg=+3.500) mse=5.651(obj=2.985 bg=5.776)  lr=9.14e-04  tot=22.6min
11:01:43  [ 43/200]  train nll=+2.875(obj=+1.865 bg=+2.922) mse=4.327(obj=2.223 bg=4.423)  val nll=+3.116(obj=+1.905 bg=+3.174) mse=4.902(obj=2.366 bg=5.017)  lr=9.09e-04  tot=23.2min
11:02:14  [ 44/200]  train nll=+2.815(obj=+1.803 bg=+2.861) mse=4.246(obj=2.165 bg=4.341)  val nll=+3.034(obj=+1.816 bg=+3.090) mse=4.764(obj=2.258 bg=4.878)  lr=9.05e-04  tot=23.7min
11:02:14    ↳ saved (val_nll=3.0336)
11:02:46  [ 45/200]  train nll=+2.810(obj=+1.794 bg=+2.857) mse=4.214(obj=2.137 bg=4.309)  val nll=+3.153(obj=+2.221 bg=+3.198) mse=4.913(obj=2.605 bg=5.023)  lr=9.00e-04  tot=24.2min
11:03:18  [ 46/200]  train nll=+2.804(obj=+1.789 bg=+2.851) mse=4.223(obj=2.146 bg=4.319)  val nll=+3.099(obj=+1.968 bg=+3.153) mse=4.824(obj=2.370 bg=4.940)  lr=8.95e-04  tot=24.8min
11:03:50  [ 47/200]  train nll=+2.769(obj=+1.755 bg=+2.816) mse=4.148(obj=2.106 bg=4.242)  val nll=+3.436(obj=+2.210 bg=+3.497) mse=5.082(obj=2.277 bg=5.215)  lr=8.90e-04  tot=25.3min
11:04:23  [ 48/200]  train nll=+2.750(obj=+1.730 bg=+2.796) mse=4.129(obj=2.072 bg=4.224)  val nll=+2.922(obj=+1.807 bg=+2.973) mse=4.693(obj=2.215 bg=4.805)  lr=8.85e-04  tot=25.8min
11:04:23    ↳ saved (val_nll=2.9225)
11:04:55  [ 49/200]  train nll=+2.738(obj=+1.707 bg=+2.785) mse=4.107(obj=2.053 bg=4.201)  val nll=+2.931(obj=+1.826 bg=+2.980) mse=4.720(obj=2.180 bg=4.834)  lr=8.80e-04  tot=26.4min
11:05:28  [ 50/200]  train nll=+2.727(obj=+1.705 bg=+2.774) mse=4.089(obj=2.045 bg=4.182)  val nll=+2.971(obj=+1.865 bg=+3.024) mse=4.604(obj=2.190 bg=4.715)  lr=8.74e-04  tot=26.9min
11:06:01  [ 51/200]  train nll=+2.682(obj=+1.648 bg=+2.730) mse=4.026(obj=1.999 bg=4.119)  val nll=+3.071(obj=+1.871 bg=+3.129) mse=4.666(obj=2.099 bg=4.784)  lr=8.69e-04  tot=27.5min
11:06:33  [ 52/200]  train nll=+2.666(obj=+1.623 bg=+2.714) mse=4.010(obj=1.984 bg=4.103)  val nll=+3.070(obj=+1.679 bg=+3.138) mse=4.706(obj=2.152 bg=4.823)  lr=8.63e-04  tot=28.0min
11:07:05  [ 53/200]  train nll=+2.667(obj=+1.615 bg=+2.715) mse=4.028(obj=1.960 bg=4.123)  val nll=+2.963(obj=+1.770 bg=+3.020) mse=4.506(obj=2.104 bg=4.618)  lr=8.58e-04  tot=28.5min
11:07:38  [ 54/200]  train nll=+2.638(obj=+1.602 bg=+2.685) mse=3.957(obj=1.963 bg=4.048)  val nll=+2.948(obj=+1.804 bg=+3.000) mse=4.636(obj=2.206 bg=4.747)  lr=8.52e-04  tot=29.1min
11:08:10  [ 55/200]  train nll=+2.602(obj=+1.538 bg=+2.650) mse=3.929(obj=1.896 bg=4.022)  val nll=+3.012(obj=+1.590 bg=+3.082) mse=4.660(obj=2.006 bg=4.782)  lr=8.46e-04  tot=29.6min
11:08:43  [ 56/200]  train nll=+2.610(obj=+1.558 bg=+2.658) mse=3.930(obj=1.917 bg=4.023)  val nll=+3.012(obj=+1.699 bg=+3.078) mse=4.625(obj=2.185 bg=4.742)  lr=8.41e-04  tot=30.2min
11:09:15  [ 57/200]  train nll=+2.609(obj=+1.540 bg=+2.658) mse=3.936(obj=1.898 bg=4.030)  val nll=+2.879(obj=+1.817 bg=+2.929) mse=4.349(obj=2.193 bg=4.453)  lr=8.35e-04  tot=30.7min
11:09:15    ↳ saved (val_nll=2.8789)
11:09:48  [ 58/200]  train nll=+2.587(obj=+1.545 bg=+2.634) mse=3.877(obj=1.909 bg=3.967)  val nll=+3.133(obj=+1.816 bg=+3.198) mse=4.775(obj=2.266 bg=4.893)  lr=8.29e-04  tot=31.2min
11:10:21  [ 59/200]  train nll=+2.556(obj=+1.497 bg=+2.605) mse=3.822(obj=1.867 bg=3.911)  val nll=+2.958(obj=+1.560 bg=+3.025) mse=4.475(obj=1.980 bg=4.591)  lr=8.22e-04  tot=31.8min
11:10:54  [ 60/200]  train nll=+2.536(obj=+1.466 bg=+2.585) mse=3.818(obj=1.830 bg=3.909)  val nll=+3.045(obj=+1.836 bg=+3.101) mse=4.625(obj=2.110 bg=4.737)  lr=8.16e-04  tot=32.3min
11:11:27  [ 61/200]  train nll=+2.524(obj=+1.475 bg=+2.573) mse=3.774(obj=1.830 bg=3.863)  val nll=+3.090(obj=+1.789 bg=+3.152) mse=4.847(obj=2.250 bg=4.970)  lr=8.10e-04  tot=32.9min
11:12:00  [ 62/200]  train nll=+2.539(obj=+1.496 bg=+2.587) mse=3.813(obj=1.857 bg=3.903)  val nll=+2.917(obj=+1.554 bg=+2.982) mse=4.487(obj=1.877 bg=4.609)  lr=8.04e-04  tot=33.4min
11:12:32  [ 63/200]  train nll=+2.522(obj=+1.467 bg=+2.571) mse=3.786(obj=1.834 bg=3.876)  val nll=+2.989(obj=+1.892 bg=+3.039) mse=4.611(obj=2.177 bg=4.721)  lr=7.97e-04  tot=34.0min
11:13:05  [ 64/200]  train nll=+2.491(obj=+1.431 bg=+2.540) mse=3.734(obj=1.805 bg=3.823)  val nll=+2.967(obj=+1.543 bg=+3.037) mse=4.453(obj=1.950 bg=4.572)  lr=7.91e-04  tot=34.5min
11:13:37  [ 65/200]  train nll=+2.470(obj=+1.410 bg=+2.519) mse=3.691(obj=1.776 bg=3.779)  val nll=+2.947(obj=+1.713 bg=+3.006) mse=4.305(obj=1.960 bg=4.413)  lr=7.84e-04  tot=35.1min
11:14:09  [ 66/200]  train nll=+2.447(obj=+1.370 bg=+2.496) mse=3.681(obj=1.753 bg=3.769)  val nll=+3.079(obj=+1.890 bg=+3.132) mse=4.657(obj=2.218 bg=4.767)  lr=7.77e-04  tot=35.6min
11:14:42  [ 67/200]  train nll=+2.435(obj=+1.352 bg=+2.485) mse=3.662(obj=1.728 bg=3.751)  val nll=+2.913(obj=+1.570 bg=+2.980) mse=4.241(obj=1.977 bg=4.348)  lr=7.71e-04  tot=36.1min
11:15:15  [ 68/200]  train nll=+2.404(obj=+1.330 bg=+2.453) mse=3.635(obj=1.717 bg=3.723)  val nll=+3.158(obj=+1.829 bg=+3.226) mse=4.603(obj=2.129 bg=4.717)  lr=7.64e-04  tot=36.7min
11:15:47  [ 69/200]  train nll=+2.410(obj=+1.341 bg=+2.459) mse=3.637(obj=1.727 bg=3.725)  val nll=+3.213(obj=+1.887 bg=+3.278) mse=4.926(obj=2.182 bg=5.053)  lr=7.57e-04  tot=37.2min
11:16:20  [ 70/200]  train nll=+2.397(obj=+1.327 bg=+2.446) mse=3.595(obj=1.716 bg=3.681)  val nll=+3.099(obj=+1.937 bg=+3.157) mse=4.460(obj=2.084 bg=4.573)  lr=7.50e-04  tot=37.8min
11:16:52  [ 71/200]  train nll=+2.380(obj=+1.293 bg=+2.430) mse=3.585(obj=1.684 bg=3.672)  val nll=+2.949(obj=+1.632 bg=+3.013) mse=4.390(obj=1.942 bg=4.503)  lr=7.43e-04  tot=38.3min
11:17:24  [ 72/200]  train nll=+2.363(obj=+1.278 bg=+2.413) mse=3.563(obj=1.680 bg=3.650)  val nll=+3.133(obj=+1.700 bg=+3.203) mse=4.276(obj=1.994 bg=4.379)  lr=7.36e-04  tot=38.8min
11:17:56  [ 73/200]  train nll=+2.353(obj=+1.250 bg=+2.404) mse=3.553(obj=1.654 bg=3.640)  val nll=+3.062(obj=+1.601 bg=+3.135) mse=4.293(obj=1.993 bg=4.402)  lr=7.29e-04  tot=39.4min
11:18:29  [ 74/200]  train nll=+2.330(obj=+1.233 bg=+2.381) mse=3.518(obj=1.639 bg=3.605)  val nll=+2.968(obj=+1.735 bg=+3.028) mse=4.592(obj=2.081 bg=4.711)  lr=7.22e-04  tot=39.9min
11:19:01  [ 75/200]  train nll=+2.327(obj=+1.243 bg=+2.377) mse=3.487(obj=1.654 bg=3.571)  val nll=+2.885(obj=+1.849 bg=+2.934) mse=4.302(obj=2.097 bg=4.406)  lr=7.14e-04  tot=40.5min
11:19:34  [ 76/200]  train nll=+2.291(obj=+1.187 bg=+2.342) mse=3.490(obj=1.610 bg=3.576)  val nll=+3.356(obj=+1.855 bg=+3.428) mse=4.765(obj=2.035 bg=4.887)  lr=7.07e-04  tot=41.0min
11:20:06  [ 77/200]  train nll=+2.287(obj=+1.177 bg=+2.338) mse=3.474(obj=1.595 bg=3.561)  val nll=+2.898(obj=+1.358 bg=+2.975) mse=4.259(obj=1.903 bg=4.367)  lr=7.00e-04  tot=41.5min
11:20:39  [ 78/200]  train nll=+2.274(obj=+1.181 bg=+2.324) mse=3.449(obj=1.587 bg=3.534)  val nll=+3.160(obj=+1.545 bg=+3.241) mse=4.622(obj=1.919 bg=4.748)  lr=6.92e-04  tot=42.1min
11:21:12  [ 79/200]  train nll=+2.250(obj=+1.142 bg=+2.301) mse=3.418(obj=1.560 bg=3.503)  val nll=+3.285(obj=+2.215 bg=+3.338) mse=4.241(obj=2.097 bg=4.338)  lr=6.85e-04  tot=42.6min
11:21:44  [ 80/200]  train nll=+2.253(obj=+1.148 bg=+2.303) mse=3.411(obj=1.578 bg=3.495)  val nll=+3.462(obj=+1.670 bg=+3.561) mse=4.548(obj=1.932 bg=4.670)  lr=6.77e-04  tot=43.2min
11:22:17  [ 81/200]  train nll=+2.245(obj=+1.143 bg=+2.295) mse=3.397(obj=1.574 bg=3.480)  val nll=+3.194(obj=+1.863 bg=+3.262) mse=4.448(obj=1.933 bg=4.566)  lr=6.70e-04  tot=43.7min
11:22:50  [ 82/200]  train nll=+2.231(obj=+1.126 bg=+2.281) mse=3.395(obj=1.560 bg=3.479)  val nll=+3.059(obj=+1.752 bg=+3.121) mse=4.445(obj=1.916 bg=4.560)  lr=6.62e-04  tot=44.3min
11:23:23  [ 83/200]  train nll=+2.218(obj=+1.111 bg=+2.269) mse=3.387(obj=1.549 bg=3.472)  val nll=+2.820(obj=+1.387 bg=+2.890) mse=4.186(obj=1.849 bg=4.294)  lr=6.55e-04  tot=44.8min
11:23:23    ↳ saved (val_nll=2.8203)
11:23:56  [ 84/200]  train nll=+2.203(obj=+1.086 bg=+2.254) mse=3.376(obj=1.535 bg=3.460)  val nll=+3.099(obj=+1.532 bg=+3.180) mse=4.336(obj=1.799 bg=4.452)  lr=6.47e-04  tot=45.4min
11:24:28  [ 85/200]  train nll=+2.186(obj=+1.069 bg=+2.237) mse=3.340(obj=1.519 bg=3.423)  val nll=+2.925(obj=+1.566 bg=+2.993) mse=4.295(obj=1.882 bg=4.407)  lr=6.39e-04  tot=45.9min
11:25:01  [ 86/200]  train nll=+2.157(obj=+1.041 bg=+2.208) mse=3.295(obj=1.499 bg=3.377)  val nll=+3.126(obj=+1.548 bg=+3.210) mse=4.139(obj=1.880 bg=4.245)  lr=6.31e-04  tot=46.5min
11:25:33  [ 87/200]  train nll=+2.155(obj=+1.039 bg=+2.207) mse=3.299(obj=1.500 bg=3.382)  val nll=+3.120(obj=+1.518 bg=+3.201) mse=4.314(obj=1.839 bg=4.426)  lr=6.24e-04  tot=47.0min
11:26:06  [ 88/200]  train nll=+2.162(obj=+1.046 bg=+2.213) mse=3.299(obj=1.495 bg=3.382)  val nll=+2.798(obj=+1.540 bg=+2.856) mse=4.246(obj=1.888 bg=4.352)  lr=6.16e-04  tot=47.5min
11:26:06    ↳ saved (val_nll=2.7983)
11:26:39  [ 89/200]  train nll=+2.126(obj=+1.005 bg=+2.177) mse=3.281(obj=1.470 bg=3.364)  val nll=+2.962(obj=+1.558 bg=+3.029) mse=4.034(obj=1.836 bg=4.138)  lr=6.08e-04  tot=48.1min
11:27:12  [ 90/200]  train nll=+2.110(obj=+0.989 bg=+2.161) mse=3.249(obj=1.460 bg=3.331)  val nll=+2.952(obj=+1.431 bg=+3.023) mse=4.243(obj=1.711 bg=4.360)  lr=6.00e-04  tot=48.6min
11:27:45  [ 91/200]  train nll=+2.107(obj=+0.992 bg=+2.158) mse=3.230(obj=1.458 bg=3.311)  val nll=+2.734(obj=+1.378 bg=+2.800) mse=4.039(obj=1.750 bg=4.147)  lr=5.92e-04  tot=49.2min
11:27:45    ↳ saved (val_nll=2.7345)
11:28:19  [ 92/200]  train nll=+2.094(obj=+0.966 bg=+2.145) mse=3.241(obj=1.455 bg=3.323)  val nll=+2.803(obj=+1.338 bg=+2.871) mse=4.122(obj=1.730 bg=4.233)  lr=5.84e-04  tot=49.8min
11:28:53  [ 93/200]  train nll=+2.071(obj=+0.946 bg=+2.123) mse=3.203(obj=1.428 bg=3.285)  val nll=+2.944(obj=+1.621 bg=+3.004) mse=4.268(obj=1.812 bg=4.378)  lr=5.76e-04  tot=50.3min
11:29:26  [ 94/200]  train nll=+2.087(obj=+0.974 bg=+2.139) mse=3.228(obj=1.456 bg=3.309)  val nll=+3.105(obj=+1.937 bg=+3.160) mse=4.308(obj=1.983 bg=4.417)  lr=5.68e-04  tot=50.9min
11:29:58  [ 95/200]  train nll=+2.053(obj=+0.911 bg=+2.105) mse=3.187(obj=1.408 bg=3.268)  val nll=+2.647(obj=+1.363 bg=+2.707) mse=4.030(obj=1.720 bg=4.138)  lr=5.60e-04  tot=51.4min
11:29:58    ↳ saved (val_nll=2.6472)
11:30:32  [ 96/200]  train nll=+2.048(obj=+0.907 bg=+2.101) mse=3.196(obj=1.408 bg=3.277)  val nll=+2.998(obj=+1.621 bg=+3.062) mse=4.431(obj=1.785 bg=4.551)  lr=5.52e-04  tot=52.0min
11:31:05  [ 97/200]  train nll=+2.031(obj=+0.896 bg=+2.083) mse=3.167(obj=1.402 bg=3.248)  val nll=+2.678(obj=+1.303 bg=+2.742) mse=4.165(obj=1.715 bg=4.277)  lr=5.44e-04  tot=52.5min
11:31:39  [ 98/200]  train nll=+2.015(obj=+0.860 bg=+2.068) mse=3.151(obj=1.376 bg=3.232)  val nll=+2.893(obj=+1.617 bg=+2.954) mse=4.301(obj=1.774 bg=4.417)  lr=5.36e-04  tot=53.1min
11:32:12  [ 99/200]  train nll=+2.016(obj=+0.886 bg=+2.068) mse=3.138(obj=1.391 bg=3.218)  val nll=+3.000(obj=+1.598 bg=+3.066) mse=4.457(obj=1.804 bg=4.576)  lr=5.28e-04  tot=53.6min
11:32:45  [100/200]  train nll=+1.991(obj=+0.846 bg=+2.044) mse=3.101(obj=1.362 bg=3.181)  val nll=+2.832(obj=+1.582 bg=+2.889) mse=4.047(obj=1.794 bg=4.149)  lr=5.20e-04  tot=54.2min
11:33:18  [101/200]  train nll=+1.993(obj=+0.853 bg=+2.045) mse=3.122(obj=1.374 bg=3.201)  val nll=+2.940(obj=+1.539 bg=+3.008) mse=4.138(obj=1.762 bg=4.250)  lr=5.12e-04  tot=54.7min
11:33:51  [102/200]  train nll=+1.982(obj=+0.829 bg=+2.035) mse=3.113(obj=1.353 bg=3.194)  val nll=+2.910(obj=+1.440 bg=+2.978) mse=4.339(obj=1.737 bg=4.455)  lr=5.04e-04  tot=55.3min
11:34:23  [103/200]  train nll=+1.981(obj=+0.826 bg=+2.035) mse=3.099(obj=1.348 bg=3.179)  val nll=+3.006(obj=+1.603 bg=+3.072) mse=4.325(obj=1.824 bg=4.438)  lr=4.96e-04  tot=55.8min
11:34:57  [104/200]  train nll=+1.949(obj=+0.806 bg=+2.001) mse=3.038(obj=1.334 bg=3.116)  val nll=+2.924(obj=+1.448 bg=+2.993) mse=4.267(obj=1.729 bg=4.382)  lr=4.88e-04  tot=56.4min
11:35:30  [105/200]  train nll=+1.951(obj=+0.807 bg=+2.003) mse=3.072(obj=1.345 bg=3.150)  val nll=+2.928(obj=+1.535 bg=+2.990) mse=4.072(obj=1.729 bg=4.178)  lr=4.80e-04  tot=56.9min
11:36:03  [106/200]  train nll=+1.910(obj=+0.759 bg=+1.963) mse=3.015(obj=1.313 bg=3.093)  val nll=+2.801(obj=+1.416 bg=+2.867) mse=4.030(obj=1.723 bg=4.138)  lr=4.72e-04  tot=57.5min
11:36:36  [107/200]  train nll=+1.925(obj=+0.790 bg=+1.978) mse=3.043(obj=1.330 bg=3.122)  val nll=+2.786(obj=+1.293 bg=+2.854) mse=4.198(obj=1.681 bg=4.312)  lr=4.64e-04  tot=58.0min
11:37:09  [108/200]  train nll=+1.889(obj=+0.741 bg=+1.941) mse=2.977(obj=1.302 bg=3.053)  val nll=+2.946(obj=+1.568 bg=+3.010) mse=4.249(obj=1.743 bg=4.364)  lr=4.56e-04  tot=58.6min
11:37:44  [109/200]  train nll=+1.877(obj=+0.726 bg=+1.930) mse=2.965(obj=1.294 bg=3.041)  val nll=+2.775(obj=+1.456 bg=+2.836) mse=4.284(obj=1.682 bg=4.402)  lr=4.48e-04  tot=59.2min
11:38:19  [110/200]  train nll=+1.875(obj=+0.714 bg=+1.928) mse=2.994(obj=1.292 bg=3.072)  val nll=+2.908(obj=+1.366 bg=+2.981) mse=4.239(obj=1.751 bg=4.352)  lr=4.40e-04  tot=59.8min
11:38:54  [111/200]  train nll=+1.849(obj=+0.695 bg=+1.902) mse=2.952(obj=1.272 bg=3.029)  val nll=+2.888(obj=+1.472 bg=+2.957) mse=4.188(obj=1.714 bg=4.302)  lr=4.32e-04  tot=60.3min
11:39:27  [112/200]  train nll=+1.842(obj=+0.687 bg=+1.895) mse=2.925(obj=1.270 bg=3.001)  val nll=+2.807(obj=+1.322 bg=+2.877) mse=3.943(obj=1.630 bg=4.049)  lr=4.24e-04  tot=60.9min
11:40:02  [113/200]  train nll=+1.825(obj=+0.691 bg=+1.877) mse=2.909(obj=1.273 bg=2.983)  val nll=+3.057(obj=+1.613 bg=+3.124) mse=4.330(obj=1.784 bg=4.445)  lr=4.16e-04  tot=61.5min
11:40:37  [114/200]  train nll=+1.808(obj=+0.653 bg=+1.861) mse=2.914(obj=1.255 bg=2.989)  val nll=+3.210(obj=+1.968 bg=+3.271) mse=4.199(obj=1.722 bg=4.314)  lr=4.08e-04  tot=62.1min
11:41:12  [115/200]  train nll=+1.803(obj=+0.648 bg=+1.856) mse=2.895(obj=1.245 bg=2.970)  val nll=+3.101(obj=+1.489 bg=+3.175) mse=4.131(obj=1.677 bg=4.242)  lr=4.00e-04  tot=62.6min
11:41:45  [116/200]  train nll=+1.796(obj=+0.647 bg=+1.849) mse=2.900(obj=1.243 bg=2.976)  val nll=+2.742(obj=+1.383 bg=+2.805) mse=3.884(obj=1.725 bg=3.983)  lr=3.92e-04  tot=63.2min
11:42:17  [117/200]  train nll=+1.784(obj=+0.637 bg=+1.837) mse=2.874(obj=1.242 bg=2.949)  val nll=+2.958(obj=+1.576 bg=+3.022) mse=4.139(obj=1.763 bg=4.246)  lr=3.84e-04  tot=63.7min
11:42:51  [118/200]  train nll=+1.745(obj=+0.597 bg=+1.798) mse=2.836(obj=1.219 bg=2.910)  val nll=+2.971(obj=+1.834 bg=+3.022) mse=3.994(obj=1.743 bg=4.095)  lr=3.76e-04  tot=64.3min
