ClearML Task: created new task id=f9d9ec1a42d848dea52f02b5221dec4f
ClearML results page: http://192.168.1.5:18080/projects/08d9e4b8a1334ad7ba45150d8a16b97e/experiments/f9d9ec1a42d848dea52f02b5221dec4f/output/log
<unknown>:83: SyntaxWarning:

invalid escape sequence '\s'

22:21:37  loading cache /dev/shm/pandaset_v3_full (V3 full-image)
22:21:37    perturbation: ±0.5 deg / ±0.2 m   crop_px=[128, 384] (full-image px → 64)
22:21:37  train cache loaded: 84480 instances
2026-04-30 22:21:37,698 - clearml.model - WARNING - Connecting multiple input models with the same name: `meta`. This might result in the wrong model being used when executing remotely
22:21:37  val cache loaded: 14400 instances
22:21:37  object-level split: train=88992 val=9888 (seed=42)
22:21:37  params: 0.98M
22:24:16  [  1/100]  train nll=+3.711(obj=+4.087 bg=+3.525) mse=5.10(obj=6.12/m5.14/95p14.1 bg=4.60/m3.99/95p10.1)  val nll=+3.649(obj=+4.000 bg=+3.476) mse=5.09(obj=6.11/m5.08/95p14.4 bg=4.58/m3.96/95p10.0)  lr=4.00e-04  tot=2.6min
22:24:16    ↳ saved (val_nll=3.6495)
ClearML Monitor: Could not detect iteration reporting, falling back to iterations as seconds-from-start
22:25:58  [  2/100]  train nll=+3.648(obj=+3.998 bg=+3.476) mse=5.07(obj=6.06/m5.10/95p14.0 bg=4.59/m3.99/95p10.1)  val nll=+3.639(obj=+4.029 bg=+3.449) mse=5.06(obj=6.10/m5.09/95p14.3 bg=4.55/m3.92/95p10.1)  lr=6.00e-04  tot=4.3min
22:25:58    ↳ saved (val_nll=3.6387)
22:27:39  [  3/100]  train nll=+3.625(obj=+3.967 bg=+3.457) mse=5.05(obj=6.02/m5.07/95p13.9 bg=4.57/m3.97/95p10.1)  val nll=+3.637(obj=+3.989 bg=+3.470) mse=5.11(obj=6.08/m5.13/95p14.1 bg=4.64/m4.06/95p10.1)  lr=8.00e-04  tot=6.0min
22:27:39    ↳ saved (val_nll=3.6372)
22:29:20  [  4/100]  train nll=+3.615(obj=+3.953 bg=+3.451) mse=5.04(obj=5.99/m5.06/95p13.8 bg=4.58/m3.99/95p10.0)  val nll=+3.623(obj=+3.973 bg=+3.448) mse=5.02(obj=6.04/m5.07/95p13.9 bg=4.52/m3.94/95p9.9)  lr=1.00e-03  tot=7.7min
22:29:20    ↳ saved (val_nll=3.6226)
22:31:04  [  5/100]  train nll=+3.595(obj=+3.938 bg=+3.428) mse=4.99(obj=5.95/m5.06/95p13.6 bg=4.52/m3.95/95p9.9)  val nll=+3.552(obj=+3.867 bg=+3.400) mse=4.92(obj=5.82/m4.89/95p13.3 bg=4.49/m3.91/95p9.8)  lr=1.00e-03  tot=9.4min
22:31:05    ↳ saved (val_nll=3.5522)
22:32:46  [  6/100]  train nll=+3.552(obj=+3.876 bg=+3.392) mse=4.90(obj=5.80/m5.00/95p12.9 bg=4.46/m3.90/95p9.7)  val nll=+3.535(obj=+3.839 bg=+3.386) mse=4.88(obj=5.72/m5.02/95p12.5 bg=4.47/m3.94/95p9.7)  lr=1.00e-03  tot=11.1min
22:32:46    ↳ saved (val_nll=3.5354)
22:34:28  [  7/100]  train nll=+3.497(obj=+3.803 bg=+3.346) mse=4.76(obj=5.57/m4.85/95p12.2 bg=4.36/m3.84/95p9.4)  val nll=+3.584(obj=+3.842 bg=+3.458) mse=4.82(obj=5.49/m4.87/95p11.9 bg=4.49/m4.03/95p9.6)  lr=9.99e-04  tot=12.8min
22:36:11  [  8/100]  train nll=+3.449(obj=+3.743 bg=+3.304) mse=4.63(obj=5.38/m4.72/95p11.7 bg=4.26/m3.76/95p9.1)  val nll=+3.437(obj=+3.698 bg=+3.310) mse=4.59(obj=5.24/m4.63/95p11.2 bg=4.27/m3.78/95p9.1)  lr=9.98e-04  tot=14.5min
22:36:11    ↳ saved (val_nll=3.4368)
22:37:55  [  9/100]  train nll=+3.404(obj=+3.691 bg=+3.263) mse=4.53(obj=5.25/m4.63/95p11.4 bg=4.18/m3.69/95p9.0)  val nll=+3.397(obj=+3.672 bg=+3.260) mse=4.51(obj=5.19/m4.48/95p11.5 bg=4.17/m3.65/95p9.0)  lr=9.96e-04  tot=16.3min
22:37:56    ↳ saved (val_nll=3.3967)
22:39:35  [ 10/100]  train nll=+3.386(obj=+3.669 bg=+3.247) mse=4.50(obj=5.20/m4.56/95p11.3 bg=4.15/m3.66/95p8.9)  val nll=+3.314(obj=+3.593 bg=+3.176) mse=4.34(obj=5.01/m4.34/95p10.9 bg=4.01/m3.55/95p8.5)  lr=9.93e-04  tot=17.9min
22:39:35    ↳ saved (val_nll=3.3141)
22:41:18  [ 11/100]  train nll=+3.352(obj=+3.631 bg=+3.214) mse=4.43(obj=5.10/m4.49/95p11.1 bg=4.09/m3.61/95p8.8)  val nll=+3.403(obj=+3.665 bg=+3.276) mse=4.49(obj=5.17/m4.57/95p11.1 bg=4.15/m3.72/95p8.7)  lr=9.90e-04  tot=19.7min
22:42:58  [ 12/100]  train nll=+3.332(obj=+3.606 bg=+3.197) mse=4.40(obj=5.06/m4.43/95p11.0 bg=4.07/m3.58/95p8.8)  val nll=+3.347(obj=+3.623 bg=+3.211) mse=4.37(obj=5.05/m4.43/95p11.1 bg=4.05/m3.56/95p8.7)  lr=9.87e-04  tot=21.3min
22:44:39  [ 13/100]  train nll=+3.299(obj=+3.573 bg=+3.164) mse=4.33(obj=4.99/m4.37/95p10.9 bg=4.01/m3.54/95p8.6)  val nll=+3.228(obj=+3.502 bg=+3.092) mse=4.22(obj=4.86/m4.22/95p10.4 bg=3.91/m3.40/95p8.6)  lr=9.83e-04  tot=23.0min
22:44:40    ↳ saved (val_nll=3.2282)
22:46:22  [ 14/100]  train nll=+3.278(obj=+3.543 bg=+3.148) mse=4.30(obj=4.92/m4.31/95p10.7 bg=3.99/m3.51/95p8.6)  val nll=+3.226(obj=+3.524 bg=+3.079) mse=4.27(obj=4.97/m4.32/95p10.9 bg=3.93/m3.46/95p8.4)  lr=9.78e-04  tot=24.7min
22:46:23    ↳ saved (val_nll=3.2262)
22:48:04  [ 15/100]  train nll=+3.269(obj=+3.537 bg=+3.137) mse=4.28(obj=4.91/m4.30/95p10.8 bg=3.97/m3.48/95p8.6)  val nll=+3.297(obj=+3.593 bg=+3.150) mse=4.35(obj=5.07/m4.39/95p11.6 bg=4.00/m3.49/95p8.8)  lr=9.73e-04  tot=26.4min
22:49:43  [ 16/100]  train nll=+3.245(obj=+3.505 bg=+3.117) mse=4.24(obj=4.85/m4.25/95p10.6 bg=3.95/m3.47/95p8.5)  val nll=+3.184(obj=+3.441 bg=+3.060) mse=4.15(obj=4.77/m4.19/95p10.5 bg=3.85/m3.39/95p8.2)  lr=9.67e-04  tot=28.1min
22:49:44    ↳ saved (val_nll=3.1843)
22:51:25  [ 17/100]  train nll=+3.224(obj=+3.478 bg=+3.101) mse=4.20(obj=4.79/m4.20/95p10.4 bg=3.91/m3.43/95p8.5)  val nll=+3.219(obj=+3.481 bg=+3.090) mse=4.18(obj=4.76/m4.14/95p10.5 bg=3.90/m3.40/95p8.5)  lr=9.61e-04  tot=29.8min
22:53:04  [ 18/100]  train nll=+3.208(obj=+3.468 bg=+3.081) mse=4.19(obj=4.78/m4.19/95p10.5 bg=3.89/m3.42/95p8.4)  val nll=+3.322(obj=+3.609 bg=+3.181) mse=4.34(obj=5.00/m4.21/95p11.6 bg=4.01/m3.47/95p8.9)  lr=9.55e-04  tot=31.4min
22:54:42  [ 19/100]  train nll=+3.192(obj=+3.443 bg=+3.069) mse=4.15(obj=4.73/m4.12/95p10.4 bg=3.87/m3.39/95p8.4)  val nll=+3.187(obj=+3.408 bg=+3.079) mse=4.14(obj=4.61/m4.06/95p9.9 bg=3.90/m3.40/95p8.5)  lr=9.47e-04  tot=33.1min
22:56:24  [ 20/100]  train nll=+3.164(obj=+3.415 bg=+3.040) mse=4.11(obj=4.68/m4.08/95p10.3 bg=3.83/m3.34/95p8.3)  val nll=+3.093(obj=+3.341 bg=+2.971) mse=3.99(obj=4.48/m3.91/95p9.9 bg=3.73/m3.24/95p8.3)  lr=9.40e-04  tot=34.8min
22:56:24    ↳ saved (val_nll=3.0931)
22:58:06  [ 21/100]  train nll=+3.164(obj=+3.413 bg=+3.042) mse=4.11(obj=4.67/m4.09/95p10.2 bg=3.83/m3.37/95p8.3)  val nll=+3.153(obj=+3.390 bg=+3.036) mse=4.08(obj=4.64/m4.00/95p10.4 bg=3.81/m3.32/95p8.4)  lr=9.32e-04  tot=36.5min
22:59:46  [ 22/100]  train nll=+3.144(obj=+3.393 bg=+3.022) mse=4.07(obj=4.64/m4.04/95p10.2 bg=3.80/m3.33/95p8.3)  val nll=+3.124(obj=+3.380 bg=+2.997) mse=4.07(obj=4.64/m4.07/95p10.2 bg=3.78/m3.31/95p8.2)  lr=9.23e-04  tot=38.1min
23:01:27  [ 23/100]  train nll=+3.133(obj=+3.383 bg=+3.009) mse=4.05(obj=4.62/m4.03/95p10.1 bg=3.77/m3.30/95p8.2)  val nll=+3.154(obj=+3.444 bg=+3.011) mse=4.09(obj=4.73/m3.99/95p10.9 bg=3.78/m3.28/95p8.4)  lr=9.14e-04  tot=39.8min
23:03:08  [ 24/100]  train nll=+3.120(obj=+3.365 bg=+2.999) mse=4.04(obj=4.59/m3.99/95p10.1 bg=3.77/m3.29/95p8.2)  val nll=+3.064(obj=+3.308 bg=+2.945) mse=3.96(obj=4.47/m3.87/95p9.9 bg=3.71/m3.24/95p8.2)  lr=9.05e-04  tot=41.5min
23:03:09    ↳ saved (val_nll=3.0635)
23:04:49  [ 25/100]  train nll=+3.103(obj=+3.337 bg=+2.987) mse=4.01(obj=4.52/m3.93/95p10.0 bg=3.75/m3.27/95p8.2)  val nll=+3.103(obj=+3.320 bg=+2.995) mse=4.03(obj=4.55/m3.91/95p10.3 bg=3.78/m3.28/95p8.3)  lr=8.95e-04  tot=43.2min
23:06:32  [ 26/100]  train nll=+3.110(obj=+3.350 bg=+2.991) mse=4.03(obj=4.56/m3.98/95p10.0 bg=3.76/m3.29/95p8.2)  val nll=+3.079(obj=+3.297 bg=+2.972) mse=3.97(obj=4.43/m3.85/95p9.7 bg=3.75/m3.26/95p8.2)  lr=8.84e-04  tot=44.9min
23:08:13  [ 27/100]  train nll=+3.094(obj=+3.330 bg=+2.977) mse=4.01(obj=4.53/m3.94/95p10.0 bg=3.75/m3.27/95p8.2)  val nll=+3.294(obj=+3.576 bg=+3.153) mse=4.34(obj=4.96/m4.15/95p11.7 bg=4.03/m3.42/95p9.3)  lr=8.74e-04  tot=46.6min
23:09:53  [ 28/100]  train nll=+3.067(obj=+3.300 bg=+2.954) mse=3.95(obj=4.45/m3.87/95p9.8 bg=3.70/m3.23/95p8.1)  val nll=+3.069(obj=+3.237 bg=+2.983) mse=3.92(obj=4.37/m3.79/95p9.8 bg=3.69/m3.23/95p8.1)  lr=8.62e-04  tot=48.2min
23:11:35  [ 29/100]  train nll=+3.047(obj=+3.277 bg=+2.933) mse=3.93(obj=4.43/m3.84/95p9.8 bg=3.68/m3.19/95p8.1)  val nll=+3.038(obj=+3.289 bg=+2.914) mse=3.90(obj=4.43/m3.79/95p10.2 bg=3.65/m3.16/95p8.1)  lr=8.51e-04  tot=49.9min
23:11:36    ↳ saved (val_nll=3.0376)
23:13:17  [ 30/100]  train nll=+3.043(obj=+3.266 bg=+2.932) mse=3.92(obj=4.40/m3.82/95p9.7 bg=3.68/m3.21/95p8.1)  val nll=+3.080(obj=+3.345 bg=+2.950) mse=4.04(obj=4.63/m3.85/95p10.9 bg=3.75/m3.21/95p8.6)  lr=8.39e-04  tot=51.6min
23:14:58  [ 31/100]  train nll=+3.029(obj=+3.258 bg=+2.916) mse=3.90(obj=4.38/m3.79/95p9.8 bg=3.66/m3.18/95p8.0)  val nll=+3.148(obj=+3.369 bg=+3.035) mse=4.04(obj=4.53/m3.90/95p10.2 bg=3.80/m3.29/95p8.5)  lr=8.26e-04  tot=53.3min
23:16:42  [ 32/100]  train nll=+3.028(obj=+3.253 bg=+2.916) mse=3.91(obj=4.39/m3.81/95p9.7 bg=3.67/m3.18/95p8.1)  val nll=+3.010(obj=+3.229 bg=+2.901) mse=3.86(obj=4.30/m3.75/95p9.4 bg=3.64/m3.17/95p8.0)  lr=8.14e-04  tot=55.1min
23:16:43    ↳ saved (val_nll=3.0101)
23:18:26  [ 33/100]  train nll=+3.004(obj=+3.225 bg=+2.895) mse=3.86(obj=4.34/m3.76/95p9.6 bg=3.63/m3.16/95p8.0)  val nll=+3.021(obj=+3.283 bg=+2.891) mse=3.92(obj=4.47/m3.81/95p10.2 bg=3.66/m3.14/95p8.3)  lr=8.01e-04  tot=56.8min
23:20:10  [ 34/100]  train nll=+3.001(obj=+3.227 bg=+2.889) mse=3.87(obj=4.34/m3.75/95p9.7 bg=3.63/m3.16/95p8.0)  val nll=+2.985(obj=+3.195 bg=+2.879) mse=3.88(obj=4.32/m3.65/95p9.8 bg=3.65/m3.14/95p8.4)  lr=7.87e-04  tot=58.5min
23:20:10    ↳ saved (val_nll=2.9849)
23:21:58  [ 35/100]  train nll=+2.982(obj=+3.199 bg=+2.875) mse=3.84(obj=4.30/m3.71/95p9.6 bg=3.61/m3.13/95p8.0)  val nll=+2.992(obj=+3.211 bg=+2.881) mse=3.81(obj=4.31/m3.67/95p9.8 bg=3.56/m3.06/95p7.9)  lr=7.74e-04  tot=60.3min
23:23:41  [ 36/100]  train nll=+2.972(obj=+3.186 bg=+2.866) mse=3.81(obj=4.26/m3.66/95p9.6 bg=3.59/m3.10/95p8.0)  val nll=+2.963(obj=+3.180 bg=+2.855) mse=3.76(obj=4.18/m3.54/95p9.7 bg=3.55/m3.07/95p8.0)  lr=7.60e-04  tot=62.0min
23:23:42    ↳ saved (val_nll=2.9633)
23:25:22  [ 37/100]  train nll=+2.957(obj=+3.177 bg=+2.848) mse=3.79(obj=4.26/m3.67/95p9.5 bg=3.56/m3.08/95p7.9)  val nll=+2.918(obj=+3.145 bg=+2.806) mse=3.75(obj=4.20/m3.53/95p9.7 bg=3.54/m3.03/95p8.0)  lr=7.45e-04  tot=63.7min
23:25:23    ↳ saved (val_nll=2.9177)
23:27:09  [ 38/100]  train nll=+2.947(obj=+3.159 bg=+2.842) mse=3.78(obj=4.23/m3.62/95p9.6 bg=3.56/m3.07/95p7.9)  val nll=+2.917(obj=+3.116 bg=+2.821) mse=3.71(obj=4.14/m3.51/95p9.3 bg=3.50/m3.00/95p7.8)  lr=7.31e-04  tot=65.5min
23:27:09    ↳ saved (val_nll=2.9175)
23:28:49  [ 39/100]  train nll=+2.936(obj=+3.151 bg=+2.829) mse=3.76(obj=4.20/m3.61/95p9.5 bg=3.53/m3.05/95p7.9)  val nll=+3.007(obj=+3.250 bg=+2.888) mse=3.76(obj=4.21/m3.62/95p9.6 bg=3.55/m3.05/95p7.9)  lr=7.16e-04  tot=67.2min
23:30:30  [ 40/100]  train nll=+2.927(obj=+3.138 bg=+2.822) mse=3.75(obj=4.19/m3.58/95p9.5 bg=3.53/m3.04/95p7.9)  val nll=+2.861(obj=+3.072 bg=+2.758) mse=3.68(obj=4.10/m3.49/95p9.3 bg=3.48/m2.96/95p7.8)  lr=7.01e-04  tot=68.9min
23:30:30    ↳ saved (val_nll=2.8614)
23:32:12  [ 41/100]  train nll=+2.908(obj=+3.115 bg=+2.805) mse=3.72(obj=4.14/m3.54/95p9.4 bg=3.51/m3.03/95p7.9)  val nll=+2.851(obj=+3.033 bg=+2.760) mse=3.66(obj=4.01/m3.43/95p8.9 bg=3.47/m2.99/95p7.8)  lr=6.86e-04  tot=70.6min
23:32:12    ↳ saved (val_nll=2.8506)
23:33:52  [ 42/100]  train nll=+2.893(obj=+3.091 bg=+2.795) mse=3.70(obj=4.11/m3.50/95p9.3 bg=3.50/m3.00/95p7.8)  val nll=+2.874(obj=+3.075 bg=+2.774) mse=3.60(obj=4.02/m3.37/95p9.1 bg=3.39/m2.91/95p7.7)  lr=6.70e-04  tot=72.2min
23:35:32  [ 43/100]  train nll=+2.882(obj=+3.081 bg=+2.784) mse=3.68(obj=4.09/m3.47/95p9.3 bg=3.48/m2.99/95p7.8)  val nll=+2.846(obj=+3.048 bg=+2.744) mse=3.62(obj=4.03/m3.34/95p9.7 bg=3.42/m2.87/95p7.9)  lr=6.55e-04  tot=73.9min
23:35:33    ↳ saved (val_nll=2.8460)
23:37:13  [ 44/100]  train nll=+2.868(obj=+3.067 bg=+2.770) mse=3.66(obj=4.06/m3.43/95p9.3 bg=3.46/m2.97/95p7.8)  val nll=+2.806(obj=+2.993 bg=+2.713) mse=3.57(obj=3.95/m3.30/95p9.4 bg=3.38/m2.90/95p7.7)  lr=6.39e-04  tot=75.6min
23:37:14    ↳ saved (val_nll=2.8058)
23:38:54  [ 45/100]  train nll=+2.851(obj=+3.049 bg=+2.753) mse=3.63(obj=4.03/m3.40/95p9.3 bg=3.43/m2.94/95p7.8)  val nll=+2.869(obj=+3.045 bg=+2.783) mse=3.58(obj=3.94/m3.30/95p9.1 bg=3.41/m2.90/95p7.8)  lr=6.23e-04  tot=77.3min
23:40:32  [ 46/100]  train nll=+2.838(obj=+3.029 bg=+2.744) mse=3.61(obj=4.00/m3.36/95p9.2 bg=3.42/m2.92/95p7.8)  val nll=+2.896(obj=+3.094 bg=+2.799) mse=3.63(obj=4.00/m3.35/95p9.4 bg=3.44/m2.87/95p8.1)  lr=6.07e-04  tot=78.9min
23:42:14  [ 47/100]  train nll=+2.822(obj=+3.023 bg=+2.723) mse=3.60(obj=4.00/m3.36/95p9.3 bg=3.39/m2.90/95p7.7)  val nll=+2.901(obj=+3.119 bg=+2.792) mse=3.60(obj=4.02/m3.36/95p9.4 bg=3.40/m2.88/95p7.8)  lr=5.91e-04  tot=80.6min
23:43:54  [ 48/100]  train nll=+2.818(obj=+3.002 bg=+2.727) mse=3.58(obj=3.96/m3.33/95p9.1 bg=3.40/m2.90/95p7.7)  val nll=+2.822(obj=+3.023 bg=+2.721) mse=3.53(obj=3.95/m3.31/95p9.1 bg=3.32/m2.83/95p7.5)  lr=5.75e-04  tot=82.3min
23:45:33  [ 49/100]  train nll=+2.802(obj=+2.991 bg=+2.708) mse=3.56(obj=3.95/m3.32/95p9.2 bg=3.37/m2.86/95p7.7)  val nll=+2.764(obj=+2.957 bg=+2.668) mse=3.50(obj=3.88/m3.21/95p9.2 bg=3.30/m2.82/95p7.5)  lr=5.58e-04  tot=83.9min
23:45:34    ↳ saved (val_nll=2.7642)
23:47:15  [ 50/100]  train nll=+2.795(obj=+2.988 bg=+2.699) mse=3.54(obj=3.93/m3.29/95p9.1 bg=3.35/m2.84/95p7.7)  val nll=+2.729(obj=+2.911 bg=+2.638) mse=3.41(obj=3.75/m3.10/95p8.8 bg=3.24/m2.76/95p7.4)  lr=5.42e-04  tot=85.6min
23:47:15    ↳ saved (val_nll=2.7294)
23:48:54  [ 51/100]  train nll=+2.769(obj=+2.954 bg=+2.678) mse=3.51(obj=3.88/m3.23/95p9.1 bg=3.33/m2.82/95p7.7)  val nll=+2.700(obj=+2.880 bg=+2.610) mse=3.42(obj=3.81/m3.14/95p9.0 bg=3.24/m2.74/95p7.5)  lr=5.25e-04  tot=87.3min
23:48:54    ↳ saved (val_nll=2.7004)
23:50:34  [ 52/100]  train nll=+2.768(obj=+2.950 bg=+2.677) mse=3.51(obj=3.88/m3.23/95p9.1 bg=3.33/m2.82/95p7.6)  val nll=+2.724(obj=+2.885 bg=+2.646) mse=3.41(obj=3.73/m3.06/95p8.8 bg=3.24/m2.75/95p7.4)  lr=5.09e-04  tot=88.9min
23:52:15  [ 53/100]  train nll=+2.759(obj=+2.943 bg=+2.668) mse=3.50(obj=3.87/m3.22/95p9.1 bg=3.32/m2.82/95p7.6)  val nll=+2.700(obj=+2.879 bg=+2.610) mse=3.46(obj=3.82/m3.13/95p9.3 bg=3.27/m2.72/95p7.8)  lr=4.92e-04  tot=90.6min
23:52:15    ↳ saved (val_nll=2.6996)
23:53:54  [ 54/100]  train nll=+2.726(obj=+2.908 bg=+2.636) mse=3.45(obj=3.80/m3.15/95p9.0 bg=3.27/m2.76/95p7.5)  val nll=+2.744(obj=+2.927 bg=+2.651) mse=3.49(obj=3.85/m3.19/95p9.1 bg=3.31/m2.85/95p7.5)  lr=4.76e-04  tot=92.3min
23:55:31  [ 55/100]  train nll=+2.729(obj=+2.905 bg=+2.641) mse=3.46(obj=3.81/m3.15/95p9.0 bg=3.29/m2.77/95p7.6)  val nll=+2.674(obj=+2.826 bg=+2.597) mse=3.37(obj=3.66/m3.01/95p8.7 bg=3.22/m2.69/95p7.5)  lr=4.59e-04  tot=93.9min
23:55:31    ↳ saved (val_nll=2.6736)
23:57:12  [ 56/100]  train nll=+2.706(obj=+2.881 bg=+2.619) mse=3.42(obj=3.76/m3.09/95p8.9 bg=3.25/m2.73/95p7.5)  val nll=+2.690(obj=+2.856 bg=+2.608) mse=3.38(obj=3.70/m3.00/95p8.8 bg=3.22/m2.70/95p7.4)  lr=4.43e-04  tot=95.6min
23:58:52  [ 57/100]  train nll=+2.700(obj=+2.869 bg=+2.615) mse=3.42(obj=3.76/m3.10/95p8.9 bg=3.25/m2.74/95p7.5)  val nll=+2.633(obj=+2.807 bg=+2.549) mse=3.31(obj=3.65/m2.96/95p8.9 bg=3.15/m2.61/95p7.4)  lr=4.26e-04  tot=97.2min
23:58:52    ↳ saved (val_nll=2.6331)
/home/hiro/miniconda3/lib/python3.13/multiprocessing/resource_tracker.py:301: UserWarning: resource_tracker: There appear to be 290 leaked semaphore objects to clean up at shutdown: {'/mp-_87o7e53', '/mp-4jdrnlfi', '/mp-oxczl_gw', '/mp-tx_2fsp9', '/mp-m4bwob0b', '/mp-c3cu_4ev', '/mp-iqbhywqw', '/mp-iqf_doib', '/mp-ld1idspb', '/mp-o_vqph0a', '/mp-rd9zor3n', '/mp-frdifb75', '/mp-5w7m9tq2', '/mp-8q_j4vs1', '/mp-8qbo9ptr', '/mp-dx_7s61f', '/mp-wc9ycm_2', '/mp-fkc1kz2q', '/mp-mw0w7uc_', '/mp-vr6opim4', '/mp-5y0vx119', '/mp-n76ucj5i', '/mp-j3ilvarl', '/mp-pfhpdj93', '/mp-yvtpp9nz', '/mp-bzmyo7cn', '/mp-p92hmiye', '/mp-ee6aesjd', '/mp-runhb2ua', '/mp-q0h93k0n', '/mp-kxanspl4', '/mp-gf0zfg3x', '/mp-az_x7ovu', '/mp-xa472tef', '/mp-d226qfbj', '/mp-zem71wvj', '/mp-tecl6m3n', '/mp-ri1g_vfa', '/mp-9j5x1uft', '/mp-yqkxwf_r', '/mp-79b_7s_6', '/mp-3i_cj_v1', '/mp-bvo6_2c9', '/mp-skcajaqj', '/mp-eha13bvu', '/mp-vcldfbs_', '/mp-31964r72', '/mp-cpowhve5', '/mp-82dmwnf0', '/mp-nzt0uz3u', '/mp-poc6zldy', '/mp-dhi_hh_1', '/mp-w5ytuojl', '/mp-yj5zrjcl', '/mp-1tqeth6p', '/mp-z4n0ln_i', '/mp-rkoe310c', '/mp-rr28dzk6', '/mp-z23vaxly', '/mp-ksyp8b2f', '/mp-ennmktq1', '/mp-v2ktor1e', '/mp-jigvsoby', '/mp-_ykwgl8_', '/mp-t6alwned', '/mp-nwzjy1ig', '/mp-_0aefby3', '/mp-t_yphl40', '/mp-4fnizsih', '/mp-lxnfeofg', '/mp-wyffgojn', '/mp-fg5bi52a', '/mp-fvaobazy', '/mp-9t1ctttp', '/mp-17m4vvrn', '/mp-0j227dic', '/mp-0ljvho49', '/mp-wkvpu663', '/mp-sgal6m5k', '/mp-5_m0o646', '/mp-g__co4bj', '/mp-a3oykrrk', '/mp-m2a5zk0h', '/mp-rkx_q73r', '/mp-6mrycl93', '/mp-_q4t90bw', '/mp-vpohmsgf', '/mp-knvle7dj', '/mp-_aqavhud', '/mp-phjsd7bz', '/mp-ubp3pfp9', '/mp-vt9sc0p2', '/mp-j9gnii6q', '/mp-w1na7gbf', '/mp-el5feczk', '/mp-u7agw2gz', '/mp-jvfqjqor', '/mp-57tlcapn', '/mp-ld42o251', '/mp-8u9198s1', '/mp-tjr1_5xh', '/mp-ycnzwpoa', '/mp-ze47jua4', '/mp-meqwk9qm', '/mp-336a5av2', '/mp-tissaqz9', '/mp-j7_9p_al', '/mp-y9ez8eso', '/mp-2v9ilnf6', '/mp-l5vohzyw', '/mp-rki62a0c', '/mp-uoploza2', '/mp-h41w3c3x', '/mp-b7365w2t', '/mp-gz3m4455', '/mp-z2ndfwxe', '/mp-mwy_2dfw', '/mp-ttmk49o4', '/mp-6n2yl6k3', '/mp-7ivlt3er', '/mp-33dsntp2', '/mp-ecjhink8', '/mp-8qjm90f8', '/mp-8mpavo85', '/mp-zh08rw29', '/mp-dmydyxok', '/mp-75xt5ahx', '/mp-pgl3fgho', '/mp-1f7atwiz', '/mp-w80qofsg', '/mp-i_jtt_5p', '/mp-kjqt0sq2', '/mp-h7xmjq7y', '/mp-agdivx5k', '/mp-_4usdt2o', '/mp-q4417utr', '/mp-27x8b2hb', '/mp-lfvhe697', '/mp-1hk6xkey', '/mp-sjc042i7', '/mp-z5hy12hn', '/mp-icl7xvv4', '/mp-x4dzgtzx', '/mp-j7db83bg', '/mp-x3i752ka', '/mp-cc0acnmg', '/mp-j2xpfvt_', '/mp-exblzkff', '/mp-1loabrzp', '/mp-585rq41w', '/mp-nm6gmrma', '/mp-isp7ri11', '/mp-t4awbosc', '/mp-mivwgbzg', '/mp-5m7vjgp2', '/mp-nzr6_ci2', '/mp-b96jon72', '/mp-_a53lvoh', '/mp-_3acr5a5', '/mp-9j0ooqa6', '/mp-wm5bk5ny', '/mp-8vq87csy', '/mp-mwjbqbio', '/mp-q2d8hj8k', '/mp-8_0ivlsm', '/mp-8b6hq96e', '/mp-qj16q23_', '/mp-dmhkxm08', '/mp-shfusddi', '/mp-9x35cphe', '/mp-bcfu33s_', '/mp-smlu7xwq', '/mp-wj3d7aai', '/mp-d6loww02', '/mp-bkydb2tm', '/mp-27g98mpd', '/mp-nvzwlg3b', '/mp-ojh2i33x', '/mp-mxb48x71', '/mp-9rmgozyu', '/mp-w76gst3p', '/mp-djtnn8x7', '/mp-0ko6roc4', '/mp-r2eryf1f', '/mp-8pgloy2e', '/mp-c8hcqe36', '/mp-1e2gd9sm', '/mp-8msh62_n', '/mp-qth23ahl', '/mp-zohz76eo', '/mp-awshwcse', '/mp-daslgabx', '/mp-3rkbicfc', '/mp-nlp68sji', '/mp-kk7aptnd', '/mp-js5y_mut', '/mp-0qrj70b9', '/mp-ia7iz85n', '/mp-iduoba6z', '/mp-qafnsffa', '/mp-cp0s6i11', '/mp-earj5aoi', '/mp-phsx9inb', '/mp-2_bm2b59', '/mp-4tf0bqy4', '/mp-0vajhmrx', '/mp-dlopjykc', '/mp-d3ns144u', '/mp-jf393n_a', '/mp-8lgi_ztq', '/mp-auad2_me', '/mp-r5lttr5l', '/mp-2dfgcyj_', '/mp-3tg7uad6', '/mp-7g4hh9lc', '/mp-l24h44on', '/mp-64d3xi4f', '/mp-1wo93078', '/mp-tf7dslg4', '/mp-g8be8ws2', '/mp-byr9qe6_', '/mp-l6w_dxbh', '/mp-w6b3lpxj', '/mp-6kahaqcd', '/mp-u3t0g2mc', '/mp-ub0ctx0l', '/mp-7pfr92f7', '/mp-m27vq8d9', '/mp-2bf_vife', '/mp-wpr2e4m4', '/mp-ty9cgaou', '/mp-gg3jgub8', '/mp-wfkjw6fs', '/mp-pozwhtwd', '/mp-hemen9a5', '/mp-kqhbut3q', '/mp-fox0gklt', '/mp-66h489aw', '/mp-qe2uu2ez', '/mp-vazxg1fe', '/mp-vabmmbzf', '/mp-f7uyr96_', '/mp-dqjhs6nk', '/mp-hy72jm6_', '/mp-mo5_d1kd', '/mp-fzb9eo0k', '/mp-taeue8kq', '/mp-n8m61i2h', '/mp-miuyefo9', '/mp-zkw38rq2', '/mp-09atvfg4', '/mp-60db57jo', '/mp-pdxgaapr', '/mp-kpyd6lz2', '/mp-jb3233x_', '/mp-v670uy6i', '/mp-k9gviil4', '/mp-j6pu7poi', '/mp-szwafz8l', '/mp-t55uk__1', '/mp-wu72epaq', '/mp-j3l55gej', '/mp-igql1n3m', '/mp-t0mm4oe_', '/mp-s6fp63xz', '/mp-z936taxr', '/mp-vfifasf7', '/mp-emfdm2nw', '/mp-y9rxcqhw', '/mp-xml7as00', '/mp-qhofoo4b', '/mp-2ge1me97', '/mp-yf556bzo', '/mp-c1zt7koi', '/mp-bj0zi5ua', '/mp-11hyaxsj', '/mp-itjozub_', '/mp-r40mkfk3', '/mp-bnniv359', '/mp-jo04ejdv', '/mp-9ihtgxld', '/mp-k7nh4whg', '/mp-g5jaa4e_', '/mp-_xalvqjh', '/mp-1lo_gsv0', '/mp-wjrpym90', '/mp-q_4bfats', '/mp-70a5n4lp', '/mp-2o3qvvvr', '/mp-lktxbde0'}
  warnings.warn(
