15:19:17  loading cache /dev/shm/nuscenes_v3_full (V3 full-image)
15:19:17    perturbation: ±0.5 deg / ±0.2 m   crop_px=[128, 384] (full-image px → 64)
15:19:18  train cache loaded: 87978 instances
15:19:18  val cache loaded: 15492 instances
15:19:18  object-level split: train=93123 val=10347 (seed=42)
15:19:18  params: 1.61M
15:19:40  vis_pretrain → experiments/ns_v505_frustum_fixed/vis_pretrain
15:23:15  [  1/50]  train nll=+3.031(obj=+3.877 bg=+2.891) mse=3.41(obj=4.96/m3.70/95p13.4 bg=3.15/m2.53/95p7.7)  val nll=+2.752(obj=+3.482 bg=+2.629) mse=3.38(obj=5.04/m3.68/95p13.8 bg=3.10/m2.46/95p7.7)  lr=1.20e-04  tot=3.9min
15:23:15    ↳ saved (val_nll=2.7523)
15:26:07  [  2/50]  train nll=+2.763(obj=+3.469 bg=+2.646) mse=3.40(obj=4.95/m3.68/95p13.4 bg=3.15/m2.53/95p7.7)  val nll=+2.654(obj=+3.376 bg=+2.531) mse=3.36(obj=4.99/m3.71/95p13.5 bg=3.08/m2.43/95p7.7)  lr=1.80e-04  tot=6.8min
15:26:07    ↳ saved (val_nll=2.6540)
15:29:01  [  3/50]  train nll=+2.723(obj=+3.399 bg=+2.611) mse=3.40(obj=4.94/m3.68/95p13.3 bg=3.14/m2.52/95p7.7)  val nll=+3.246(obj=+3.924 bg=+3.132) mse=3.59(obj=5.11/m3.85/95p13.5 bg=3.33/m2.76/95p7.8)  lr=2.40e-04  tot=9.7min
15:31:55  [  4/50]  train nll=+2.616(obj=+3.298 bg=+2.503) mse=3.26(obj=4.75/m3.53/95p12.9 bg=3.01/m2.39/95p7.5)  val nll=+2.439(obj=+3.110 bg=+2.328) mse=3.10(obj=4.51/m3.32/95p12.6 bg=2.87/m2.25/95p7.3)  lr=3.00e-04  tot=12.6min
15:31:56    ↳ saved (val_nll=2.4394)
15:34:47  [  5/50]  train nll=+2.526(obj=+3.187 bg=+2.416) mse=3.14(obj=4.55/m3.34/95p12.4 bg=2.91/m2.30/95p7.3)  val nll=+2.422(obj=+3.104 bg=+2.304) mse=3.10(obj=4.57/m3.31/95p12.7 bg=2.85/m2.20/95p7.4)  lr=3.00e-04  tot=15.5min
15:34:48    ↳ saved (val_nll=2.4215)
15:37:41  [  6/50]  train nll=+2.421(obj=+3.080 bg=+2.312) mse=3.06(obj=4.43/m3.21/95p12.3 bg=2.83/m2.21/95p7.2)  val nll=+2.350(obj=+3.023 bg=+2.235) mse=3.02(obj=4.42/m3.22/95p12.6 bg=2.79/m2.14/95p7.2)  lr=3.00e-04  tot=18.4min
15:37:41    ↳ saved (val_nll=2.3502)
15:40:32  [  7/50]  train nll=+2.364(obj=+3.012 bg=+2.255) mse=3.00(obj=4.33/m3.15/95p11.9 bg=2.77/m2.16/95p7.0)  val nll=+2.387(obj=+3.002 bg=+2.281) mse=3.02(obj=4.31/m3.12/95p12.0 bg=2.80/m2.21/95p7.0)  lr=2.99e-04  tot=21.2min
15:43:24  [  8/50]  train nll=+2.318(obj=+2.951 bg=+2.212) mse=2.95(obj=4.24/m3.09/95p11.8 bg=2.74/m2.13/95p7.0)  val nll=+2.258(obj=+2.879 bg=+2.152) mse=2.91(obj=4.24/m3.00/95p11.8 bg=2.69/m2.09/95p6.8)  lr=2.97e-04  tot=24.1min
15:43:25    ↳ saved (val_nll=2.2576)
15:46:16  [  9/50]  train nll=+2.312(obj=+2.940 bg=+2.207) mse=2.95(obj=4.24/m3.07/95p11.8 bg=2.74/m2.12/95p7.0)  val nll=+2.259(obj=+2.895 bg=+2.150) mse=2.93(obj=4.20/m3.05/95p11.4 bg=2.72/m2.09/95p7.0)  lr=2.94e-04  tot=27.0min
15:49:17  [ 10/50]  train nll=+2.277(obj=+2.902 bg=+2.173) mse=2.93(obj=4.20/m3.05/95p11.7 bg=2.72/m2.10/95p7.0)  val nll=+2.236(obj=+2.862 bg=+2.132) mse=2.89(obj=4.12/m3.00/95p11.1 bg=2.69/m2.06/95p6.9)  lr=2.91e-04  tot=30.0min
15:49:18    ↳ saved (val_nll=2.2363)
15:49:36  vis_ep010: saved 10 → experiments/ns_v505_frustum_fixed/vis_ep010
15:52:43  [ 11/50]  train nll=+2.260(obj=+2.883 bg=+2.156) mse=2.92(obj=4.18/m3.02/95p11.6 bg=2.71/m2.09/95p7.0)  val nll=+2.193(obj=+2.869 bg=+2.079) mse=2.87(obj=4.16/m3.01/95p11.1 bg=2.65/m2.03/95p6.8)  lr=2.87e-04  tot=33.4min
15:52:43    ↳ saved (val_nll=2.1935)
15:55:37  [ 12/50]  train nll=+2.235(obj=+2.847 bg=+2.133) mse=2.88(obj=4.09/m2.98/95p11.3 bg=2.68/m2.07/95p6.9)  val nll=+2.190(obj=+2.864 bg=+2.076) mse=2.87(obj=4.23/m3.05/95p12.0 bg=2.64/m2.04/95p6.8)  lr=2.82e-04  tot=36.3min
15:55:38    ↳ saved (val_nll=2.1898)
15:58:31  [ 13/50]  train nll=+2.223(obj=+2.836 bg=+2.121) mse=2.87(obj=4.09/m2.98/95p11.3 bg=2.67/m2.07/95p6.8)  val nll=+2.351(obj=+2.994 bg=+2.241) mse=3.02(obj=4.32/m3.16/95p12.1 bg=2.79/m2.17/95p7.1)  lr=2.77e-04  tot=39.2min
16:01:25  [ 14/50]  train nll=+2.219(obj=+2.836 bg=+2.116) mse=2.88(obj=4.13/m2.99/95p11.5 bg=2.67/m2.06/95p6.8)  val nll=+2.322(obj=+2.979 bg=+2.209) mse=2.98(obj=4.37/m3.14/95p12.0 bg=2.75/m2.12/95p7.0)  lr=2.71e-04  tot=42.1min
16:04:19  [ 15/50]  train nll=+2.211(obj=+2.824 bg=+2.110) mse=2.87(obj=4.10/m2.97/95p11.4 bg=2.67/m2.05/95p6.8)  val nll=+2.119(obj=+2.713 bg=+2.018) mse=2.81(obj=4.05/m2.86/95p11.8 bg=2.60/m1.99/95p6.7)  lr=2.65e-04  tot=45.0min
16:04:19    ↳ saved (val_nll=2.1188)
16:07:16  [ 16/50]  train nll=+2.180(obj=+2.802 bg=+2.077) mse=2.85(obj=4.09/m2.95/95p11.4 bg=2.64/m2.03/95p6.8)  val nll=+2.173(obj=+2.797 bg=+2.068) mse=2.85(obj=4.16/m2.95/95p11.7 bg=2.63/m2.03/95p6.7)  lr=2.58e-04  tot=48.0min
16:10:12  [ 17/50]  train nll=+2.177(obj=+2.780 bg=+2.078) mse=2.83(obj=4.02/m2.92/95p11.1 bg=2.63/m2.03/95p6.8)  val nll=+2.138(obj=+2.743 bg=+2.037) mse=2.80(obj=3.97/m2.91/95p10.6 bg=2.60/m2.00/95p6.7)  lr=2.50e-04  tot=50.9min
16:13:10  [ 18/50]  train nll=+2.141(obj=+2.741 bg=+2.041) mse=2.79(obj=3.96/m2.89/95p10.9 bg=2.60/m2.00/95p6.7)  val nll=+2.141(obj=+2.723 bg=+2.043) mse=2.80(obj=3.90/m2.88/95p10.7 bg=2.61/m2.01/95p6.7)  lr=2.42e-04  tot=53.9min
16:16:06  [ 19/50]  train nll=+2.135(obj=+2.721 bg=+2.038) mse=2.76(obj=3.88/m2.86/95p10.6 bg=2.58/m2.00/95p6.6)  val nll=+2.092(obj=+2.677 bg=+1.993) mse=2.70(obj=3.80/m2.80/95p10.6 bg=2.52/m1.94/95p6.5)  lr=2.34e-04  tot=56.8min
16:16:07    ↳ saved (val_nll=2.0925)
16:19:08  [ 20/50]  train nll=+2.108(obj=+2.692 bg=+2.011) mse=2.72(obj=3.79/m2.81/95p10.3 bg=2.55/m1.97/95p6.6)  val nll=+2.059(obj=+2.703 bg=+1.950) mse=2.69(obj=3.86/m2.84/95p10.8 bg=2.49/m1.93/95p6.5)  lr=2.25e-04  tot=59.8min
16:19:09    ↳ saved (val_nll=2.0586)
16:19:25  vis_ep020: saved 10 → experiments/ns_v505_frustum_fixed/vis_ep020
16:22:21  [ 21/50]  train nll=+2.083(obj=+2.648 bg=+1.989) mse=2.68(obj=3.68/m2.76/95p9.9 bg=2.52/m1.95/95p6.5)  val nll=+2.043(obj=+2.573 bg=+1.952) mse=2.61(obj=3.52/m2.60/95p9.6 bg=2.45/m1.89/95p6.3)  lr=2.16e-04  tot=63.0min
16:22:21    ↳ saved (val_nll=2.0427)
16:25:17  [ 22/50]  train nll=+2.062(obj=+2.627 bg=+1.967) mse=2.64(obj=3.63/m2.72/95p9.7 bg=2.48/m1.92/95p6.4)  val nll=+2.042(obj=+2.649 bg=+1.940) mse=2.61(obj=3.61/m2.73/95p9.6 bg=2.44/m1.90/95p6.3)  lr=2.06e-04  tot=66.0min
16:25:18    ↳ saved (val_nll=2.0421)
16:28:14  [ 23/50]  train nll=+2.049(obj=+2.595 bg=+1.957) mse=2.62(obj=3.53/m2.69/95p9.3 bg=2.46/m1.91/95p6.3)  val nll=+2.043(obj=+2.592 bg=+1.950) mse=2.61(obj=3.51/m2.66/95p9.3 bg=2.46/m1.91/95p6.3)  lr=1.96e-04  tot=68.9min
16:31:08  [ 24/50]  train nll=+2.032(obj=+2.578 bg=+1.942) mse=2.59(obj=3.51/m2.66/95p9.3 bg=2.44/m1.89/95p6.3)  val nll=+1.984(obj=+2.526 bg=+1.891) mse=2.54(obj=3.41/m2.61/95p8.9 bg=2.39/m1.84/95p6.2)  lr=1.86e-04  tot=71.8min
16:31:08    ↳ saved (val_nll=1.9842)
