[08:45:28] device = cuda
[08:45:28] args = {'name': 'v34_ddad', 'full': True, 'scene': '/mnt/nvme6t/ddad_ps/000000', 'scenes_root': '/mnt/nvme6t/ddad_ps', 'train_frac': 0.8, 'cameras': 'all', 'img_size': 128, 'max_points': 256, 'batch_size': 64, 'lr': 0.001, 'n_overfit': 64, 'epochs': 100, 'log_every': 1, 'baseline_min': 1, 'baseline_max': 20, 'sigma_ypr': 1.0, 'sigma_t': 0.2, 'crop_min': 128, 'crop_max': 384, 'num_workers': 24, 'virtual_epoch': 20000, 'deform_mode': 'sl', 'n_cross_layers': 2, 'n_intra_layers': 2, 'uvd': True, 'dataset': 'pandaset', 'waymo_root': '/mnt/mininas/datasets/waymo/training', 'max_train_scenes': 0, 'mine_val': True, 'val_pool_size': 1000, 'migrate_k': 500, 'overfit_patience': 3, 'overfit_metric': 'nll', 'rewind_back': 3, 'rewind_lr_reset': True, 'sentinel_size': 1000, 'stop_no_improve_migrations': 3}
[08:58:45] model params: 1.593 M
[09:00:36] ep   0  loss=7.728  err_AB=19.33px  err_BA=19.69px  (base=19.09px)  val_err=11.86px (base 20.20)  val_nll=5.28  d=0.94m(base 0.23)  val_d=0.45m(base 0.22)  lr=1.00e-03  t=110s
[09:02:16] ep   1  loss=4.886  err_AB=10.75px  err_BA=10.54px  (base=19.10px)  val_err=8.58px (base 20.20)  val_nll=4.31  d=0.35m(base 0.23)  val_d=0.31m(base 0.22)  lr=9.99e-04  t=210s
[09:03:41] ep   2  loss=4.208  err_AB=8.70px  err_BA=8.49px  (base=19.09px)  val_err=8.16px (base 20.19)  val_nll=3.98  d=0.29m(base 0.23)  val_d=0.27m(base 0.22)  lr=9.98e-04  t=295s
[09:04:54] ep   3  loss=3.925  err_AB=8.10px  err_BA=7.81px  (base=19.09px)  val_err=7.55px (base 20.20)  val_nll=3.89  d=0.28m(base 0.23)  val_d=0.29m(base 0.22)  lr=9.96e-04  t=368s
[09:06:06] ep   4  loss=3.693  err_AB=7.38px  err_BA=7.20px  (base=19.09px)  val_err=7.40px (base 20.21)  val_nll=3.62  d=0.27m(base 0.23)  val_d=0.24m(base 0.22)  lr=9.94e-04  t=440s
[09:07:28] ep   5  loss=3.509  err_AB=6.94px  err_BA=6.81px  (base=19.09px)  val_err=6.48px (base 20.20)  val_nll=3.27  d=0.26m(base 0.23)  val_d=0.23m(base 0.22)  lr=9.91e-04  t=522s
[09:08:49] ep   6  loss=3.326  err_AB=6.42px  err_BA=6.35px  (base=19.10px)  val_err=5.99px (base 20.18)  val_nll=3.20  d=0.25m(base 0.23)  val_d=0.25m(base 0.22)  lr=9.88e-04  t=602s
[09:10:19] ep   7  loss=3.246  err_AB=6.21px  err_BA=6.10px  (base=19.09px)  val_err=5.87px (base 20.20)  val_nll=3.03  d=0.25m(base 0.23)  val_d=0.23m(base 0.22)  lr=9.84e-04  t=693s
[09:11:55] ep   8  loss=3.151  err_AB=6.01px  err_BA=5.92px  (base=19.10px)  val_err=6.09px (base 20.20)  val_nll=3.10  d=0.25m(base 0.23)  val_d=0.23m(base 0.22)  lr=9.80e-04  t=789s
[09:13:41] ep   9  loss=3.045  err_AB=5.78px  err_BA=5.67px  (base=19.10px)  val_err=6.65px (base 20.20)  val_nll=3.29  d=0.25m(base 0.23)  val_d=0.24m(base 0.22)  lr=9.76e-04  t=895s
[09:15:54] ep  10  loss=3.012  err_AB=5.70px  err_BA=5.60px  (base=19.10px)  val_err=5.80px (base 20.20)  val_nll=2.98  d=0.25m(base 0.23)  val_d=0.23m(base 0.22)  lr=9.71e-04  t=1028s
[09:17:52] ep  11  loss=2.909  err_AB=5.48px  err_BA=5.40px  (base=19.10px)  val_err=5.63px (base 20.20)  val_nll=3.04  d=0.24m(base 0.23)  val_d=0.26m(base 0.22)  lr=9.65e-04  t=1146s
[09:19:55] ep  12  loss=2.843  err_AB=5.33px  err_BA=5.30px  (base=19.09px)  val_err=5.18px (base 20.20)  val_nll=2.68  d=0.24m(base 0.23)  val_d=0.22m(base 0.22)  lr=9.59e-04  t=1268s
[09:21:33] ep  13  loss=2.772  err_AB=5.21px  err_BA=5.14px  (base=19.09px)  val_err=5.46px (base 20.20)  val_nll=2.87  d=0.23m(base 0.23)  val_d=0.22m(base 0.22)  lr=9.53e-04  t=1367s
[09:23:29] ep  14  loss=2.716  err_AB=5.13px  err_BA=5.06px  (base=19.10px)  val_err=5.11px (base 20.19)  val_nll=2.63  d=0.23m(base 0.23)  val_d=0.22m(base 0.22)  lr=9.46e-04  t=1482s
[09:25:41] ep  15  loss=2.678  err_AB=5.02px  err_BA=4.98px  (base=19.10px)  val_err=5.45px (base 20.20)  val_nll=2.78  d=0.23m(base 0.23)  val_d=0.22m(base 0.22)  lr=9.39e-04  t=1614s
[09:27:41] ep  16  loss=2.629  err_AB=4.91px  err_BA=4.89px  (base=19.08px)  val_err=4.79px (base 20.18)  val_nll=2.43  d=0.23m(base 0.23)  val_d=0.21m(base 0.22)  lr=9.31e-04  t=1735s
[09:29:22] ep  17  loss=2.541  err_AB=4.78px  err_BA=4.72px  (base=19.11px)  val_err=5.37px (base 20.19)  val_nll=2.83  d=0.22m(base 0.23)  val_d=0.22m(base 0.22)  lr=9.23e-04  t=1835s
[09:30:47] ep  18  loss=2.554  err_AB=4.87px  err_BA=4.78px  (base=19.10px)  val_err=4.90px (base 20.19)  val_nll=2.71  d=0.21m(base 0.23)  val_d=0.22m(base 0.22)  lr=9.14e-04  t=1920s
[09:32:13]   [MIGRATE#1] moved 500 val→train (total migrated 500, next_mining_idx=1500 (sentinel+∞ mode))
[09:32:13]   [REWIND] model ← snapshot from ep 16 (current ep 19, rewound by 3 epochs)
[09:32:13]   [LR-RESET] lr ← 1.0e-03, cosine restart over 81 remaining epochs
[09:32:13] ep  19  loss=2.464  err_AB=4.68px  err_BA=4.59px  (base=19.09px)  val_err=4.92px (base 20.19)  val_nll=2.57  d=0.21m(base 0.23)  val_d=0.21m(base 0.22)  lr=1.00e-03  t=2007s
[09:33:29] ep  20  loss=2.550  err_AB=4.85px  err_BA=4.74px  (base=19.14px)  val_err=4.92px (base 20.18)  val_nll=2.48  d=0.22m(base 0.23)  val_d=0.20m(base 0.22)  lr=1.00e-03  t=2083s
[09:34:41] ep  21  loss=2.579  err_AB=4.88px  err_BA=4.78px  (base=19.14px)  val_err=5.23px (base 20.20)  val_nll=2.66  d=0.22m(base 0.23)  val_d=0.20m(base 0.22)  lr=9.99e-04  t=2155s
[09:35:53] ep  22  loss=2.563  err_AB=4.87px  err_BA=4.77px  (base=19.15px)  val_err=5.48px (base 20.19)  val_nll=3.02  d=0.21m(base 0.23)  val_d=0.25m(base 0.22)  lr=9.97e-04  t=2227s
[09:37:22]   [MIGRATE#2] moved 500 val→train (total migrated 1000, next_mining_idx=2000 (sentinel+∞ mode))
[09:37:22]   [REWIND] model ← snapshot from ep 20 (current ep 23, rewound by 3 epochs)
[09:37:22]   [LR-RESET] lr ← 1.0e-03, cosine restart over 77 remaining epochs
[09:37:22] ep  23  loss=2.558  err_AB=4.83px  err_BA=4.77px  (base=19.16px)  val_err=5.03px (base 20.19)  val_nll=2.65  d=0.21m(base 0.23)  val_d=0.22m(base 0.22)  lr=1.00e-03  t=2316s
[09:38:36] ep  24  loss=2.510  err_AB=4.78px  err_BA=4.66px  (base=19.17px)  val_err=5.11px (base 20.19)  val_nll=2.72  d=0.21m(base 0.23)  val_d=0.23m(base 0.22)  lr=1.00e-03  t=2389s
[09:39:49] ep  25  loss=2.524  err_AB=4.77px  err_BA=4.67px  (base=19.16px)  val_err=5.21px (base 20.19)  val_nll=2.73  d=0.21m(base 0.23)  val_d=0.23m(base 0.22)  lr=9.98e-04  t=2463s
[09:41:05] ep  26  loss=2.466  err_AB=4.67px  err_BA=4.57px  (base=19.16px)  val_err=4.66px (base 20.19)  val_nll=2.38  d=0.21m(base 0.23)  val_d=0.20m(base 0.22)  lr=9.96e-04  t=2539s
[09:42:21] ep  27  loss=2.386  err_AB=4.55px  err_BA=4.46px  (base=19.15px)  val_err=5.28px (base 20.20)  val_nll=2.82  d=0.21m(base 0.23)  val_d=0.20m(base 0.22)  lr=9.93e-04  t=2615s
[09:43:37] ep  28  loss=2.406  err_AB=4.60px  err_BA=4.50px  (base=19.16px)  val_err=4.73px (base 20.19)  val_nll=2.51  d=0.21m(base 0.23)  val_d=0.21m(base 0.22)  lr=9.90e-04  t=2691s
[09:45:13]   [MIGRATE#3] moved 500 val→train (total migrated 1500, next_mining_idx=2500 (sentinel+∞ mode))
[09:45:13]   [REWIND] model ← snapshot from ep 26 (current ep 29, rewound by 3 epochs)
[09:45:13]   [LR-RESET] lr ← 1.0e-03, cosine restart over 71 remaining epochs
[09:45:13] ep  29  loss=2.275  err_AB=4.37px  err_BA=4.31px  (base=19.16px)  val_err=4.96px (base 20.20)  val_nll=2.52  d=0.20m(base 0.23)  val_d=0.20m(base 0.22)  lr=1.00e-03  t=2786s
[09:46:32] ep  30  loss=2.479  err_AB=4.73px  err_BA=4.61px  (base=19.18px)  val_err=5.02px (base 20.20)  val_nll=2.54  d=0.21m(base 0.23)  val_d=0.20m(base 0.22)  lr=1.00e-03  t=2865s
[09:47:50] ep  31  loss=2.391  err_AB=4.57px  err_BA=4.45px  (base=19.18px)  val_err=4.71px (base 20.20)  val_nll=2.41  d=0.20m(base 0.23)  val_d=0.19m(base 0.22)  lr=9.98e-04  t=2944s
