13:27:41  accelerate: num_processes=8 mixed_precision=fp16 device=cuda:0
13:27:41    [/raid/home/hfunaya/cache_v5/kamikado_v3_full] train=1004 val=98 (os=10) u_band=0.0 crop_px=512-512 mode=calib
13:27:41    [/raid/home/hfunaya/cache_v5/woven_v3_full] train=1400 val=389 (os=8) u_band=0.0 crop_px=512-512 mode=calib
13:27:41  SCENE-level split (from the cache meta): train=2404 val=487 frames — val scenes are never trained on
13:27:42  params: 1.14M  (world_size=8, bs/rank=4, global_bs=32)
13:27:44  resumed weights from experiments/cam6_250x2_100ep/best_model.pt (missing=0 unexpected=0)
13:28:22  ep001/30  tr_nll=7.1913 tr_mse=11.314  va_nll=4.3954 va_mse=8.342  lr=1.20e-04  ep_t=38.5s  total=0.7min
13:28:22  ep001/30   POSE rot=0.3005deg t=0.0847m chi2r=0.2 sigma=10.943px frac_pd=1.00
13:29:15    ↳ best val_nll=4.3954  saved experiments/kmwv_s1cam6_pts_512r256_0901_1326/best_model.pt (4.62 MB)
13:29:37  ep002/30  tr_nll=3.9758 tr_mse=6.971  va_nll=nan va_mse=nan  lr=1.80e-04  ep_t=21.1s  total=1.9min
13:29:58  ep003/30  tr_nll=3.7873 tr_mse=6.499  va_nll=nan va_mse=nan  lr=2.40e-04  ep_t=21.5s  total=2.3min
13:30:19  ep004/30  tr_nll=3.5313 tr_mse=5.944  va_nll=nan va_mse=nan  lr=3.00e-04  ep_t=20.1s  total=2.6min
13:30:46  ep005/30  tr_nll=3.4997 tr_mse=5.825  va_nll=3.5232 va_mse=6.562  lr=3.00e-04  ep_t=26.9s  total=3.1min
13:30:46  ep005/30   POSE rot=0.2740deg t=0.0710m chi2r=0.4 sigma=5.900px frac_pd=1.00
13:31:40    ↳ best val_nll=3.5232  saved experiments/kmwv_s1cam6_pts_512r256_0901_1326/best_model.pt (4.62 MB)
13:32:00  ep006/30  tr_nll=3.3028 tr_mse=5.618  va_nll=nan va_mse=nan  lr=2.99e-04  ep_t=20.0s  total=4.3min
13:32:20  ep007/30  tr_nll=3.2370 tr_mse=5.434  va_nll=nan va_mse=nan  lr=2.95e-04  ep_t=19.9s  total=4.6min
13:32:42  ep008/30  tr_nll=3.1403 tr_mse=5.142  va_nll=nan va_mse=nan  lr=2.90e-04  ep_t=21.9s  total=5.0min
13:33:02  ep009/30  tr_nll=3.1961 tr_mse=5.339  va_nll=nan va_mse=nan  lr=2.82e-04  ep_t=19.8s  total=5.3min
13:33:30  ep010/30  tr_nll=3.2340 tr_mse=5.195  va_nll=3.0550 va_mse=5.359  lr=2.71e-04  ep_t=28.3s  total=5.8min
13:33:30  ep010/30   POSE rot=0.2677deg t=0.0683m chi2r=0.5 sigma=4.751px frac_pd=1.00
13:34:18    ↳ best val_nll=3.0550  saved experiments/kmwv_s1cam6_pts_512r256_0901_1326/best_model.pt (4.62 MB)
13:34:36  ep011/30  tr_nll=2.9785 tr_mse=4.872  va_nll=nan va_mse=nan  lr=2.59e-04  ep_t=17.5s  total=6.9min
13:34:54  ep012/30  tr_nll=3.0258 tr_mse=4.940  va_nll=nan va_mse=nan  lr=2.46e-04  ep_t=18.1s  total=7.2min
13:35:15  ep013/30  tr_nll=3.0281 tr_mse=4.923  va_nll=nan va_mse=nan  lr=2.31e-04  ep_t=21.4s  total=7.5min
13:35:32  ep014/30  tr_nll=2.9294 tr_mse=4.798  va_nll=nan va_mse=nan  lr=2.14e-04  ep_t=16.4s  total=7.8min
13:35:54  ep015/30  tr_nll=2.8797 tr_mse=4.681  va_nll=2.9966 va_mse=5.230  lr=1.97e-04  ep_t=22.7s  total=8.2min
13:35:54  ep015/30   POSE rot=0.2577deg t=0.0685m chi2r=0.6 sigma=4.306px frac_pd=1.00
13:36:44    ↳ best val_nll=2.9966  saved experiments/kmwv_s1cam6_pts_512r256_0901_1326/best_model.pt (4.62 MB)
13:37:04  ep016/30  tr_nll=2.9381 tr_mse=4.813  va_nll=nan va_mse=nan  lr=1.79e-04  ep_t=19.9s  total=9.4min
13:37:27  ep017/30  tr_nll=2.8780 tr_mse=4.622  va_nll=nan va_mse=nan  lr=1.60e-04  ep_t=22.2s  total=9.7min
13:37:49  ep018/30  tr_nll=2.8427 tr_mse=4.543  va_nll=nan va_mse=nan  lr=1.41e-04  ep_t=22.0s  total=10.1min
13:38:09  ep019/30  tr_nll=2.8068 tr_mse=4.496  va_nll=nan va_mse=nan  lr=1.22e-04  ep_t=19.8s  total=10.4min
13:38:35  ep020/30  tr_nll=2.8106 tr_mse=4.540  va_nll=3.0411 va_mse=5.489  lr=1.04e-04  ep_t=26.0s  total=10.9min
13:38:35  ep020/30   POSE rot=0.2607deg t=0.0669m chi2r=0.5 sigma=4.366px frac_pd=1.00
13:39:44  ep021/30  tr_nll=2.8258 tr_mse=4.530  va_nll=nan va_mse=nan  lr=8.68e-05  ep_t=19.7s  total=12.0min
13:40:01  ep022/30  tr_nll=2.7639 tr_mse=4.439  va_nll=nan va_mse=nan  lr=7.04e-05  ep_t=16.3s  total=12.3min
13:40:20  ep023/30  tr_nll=2.7411 tr_mse=4.372  va_nll=nan va_mse=nan  lr=5.52e-05  ep_t=19.3s  total=12.6min
13:40:38  ep024/30  tr_nll=2.7355 tr_mse=4.411  va_nll=nan va_mse=nan  lr=4.15e-05  ep_t=17.8s  total=12.9min
13:41:09  ep025/30  tr_nll=2.7543 tr_mse=4.373  va_nll=3.0131 va_mse=5.092  lr=2.96e-05  ep_t=31.2s  total=13.5min
13:41:09  ep025/30   POSE rot=0.2565deg t=0.0646m chi2r=0.6 sigma=4.218px frac_pd=1.00
13:42:24  ep026/30  tr_nll=2.7930 tr_mse=4.449  va_nll=nan va_mse=nan  lr=1.95e-05  ep_t=21.5s  total=14.7min
13:42:44  ep027/30  tr_nll=2.7367 tr_mse=4.370  va_nll=nan va_mse=nan  lr=1.15e-05  ep_t=19.7s  total=15.0min
13:43:06  ep028/30  tr_nll=2.7103 tr_mse=4.253  va_nll=nan va_mse=nan  lr=5.70e-06  ep_t=21.7s  total=15.4min
13:43:25  ep029/30  tr_nll=2.7725 tr_mse=4.355  va_nll=nan va_mse=nan  lr=2.18e-06  ep_t=19.7s  total=15.7min
13:43:48  ep030/30  tr_nll=2.7510 tr_mse=4.410  va_nll=2.9878 va_mse=5.387  lr=1.00e-06  ep_t=22.2s  total=16.1min
13:43:48  ep030/30   POSE rot=0.2746deg t=0.0678m chi2r=0.7 sigma=4.168px frac_pd=1.00
13:44:36    ↳ best val_nll=2.9878  saved experiments/kmwv_s1cam6_pts_512r256_0901_1326/best_model.pt (4.62 MB)
