14:11:22  object-level split: train=30113 val=3345 (seed=42)
14:11:23  params: 1.62M
14:11:53  [  1/200]  train nll=+4.468(obj=+4.078 bg=+4.481) mse=7.215(obj=6.058 bg=7.252)  val nll=+4.653(obj=+3.974 bg=+4.675) mse=7.204(obj=6.018 bg=7.242)  lr=4.00e-04  tot=0.5min
14:11:53    ↳ saved (val_nll=4.6533)
14:12:20  [  2/200]  train nll=+4.364(obj=+3.965 bg=+4.377) mse=7.168(obj=6.051 bg=7.205)  val nll=+4.429(obj=+4.052 bg=+4.442) mse=7.288(obj=6.214 bg=7.322)  lr=6.00e-04  tot=0.9min
14:12:20    ↳ saved (val_nll=4.4291)
14:12:44  [  3/200]  train nll=+4.310(obj=+3.860 bg=+4.325) mse=7.010(obj=5.703 bg=7.052)  val nll=+4.264(obj=+3.785 bg=+4.280) mse=6.982(obj=5.703 bg=7.024)  lr=8.00e-04  tot=1.4min
14:12:44    ↳ saved (val_nll=4.2637)
14:13:01  [  4/200]  train nll=+4.254(obj=+3.792 bg=+4.270) mse=6.885(obj=5.546 bg=6.929)  val nll=+4.289(obj=+3.813 bg=+4.303) mse=6.866(obj=5.543 bg=6.909)  lr=1.00e-03  tot=1.6min
14:13:26  [  5/200]  train nll=+4.246(obj=+3.796 bg=+4.261) mse=6.858(obj=5.560 bg=6.900)  val nll=+4.191(obj=+3.617 bg=+4.210) mse=6.765(obj=5.288 bg=6.813)  lr=1.00e-03  tot=2.0min
14:13:26    ↳ saved (val_nll=4.1911)
14:13:53  [  6/200]  train nll=+4.166(obj=+3.658 bg=+4.183) mse=6.727(obj=5.305 bg=6.773)  val nll=+4.060(obj=+3.467 bg=+4.078) mse=6.512(obj=4.977 bg=6.561)  lr=1.00e-03  tot=2.5min
14:13:53    ↳ saved (val_nll=4.0595)
14:14:20  [  7/200]  train nll=+4.123(obj=+3.582 bg=+4.141) mse=6.646(obj=5.197 bg=6.692)  val nll=+4.211(obj=+3.707 bg=+4.228) mse=6.752(obj=5.350 bg=6.797)  lr=1.00e-03  tot=3.0min
14:14:47  [  8/200]  train nll=+4.069(obj=+3.528 bg=+4.086) mse=6.486(obj=5.061 bg=6.532)  val nll=+4.612(obj=+4.482 bg=+4.618) mse=7.309(obj=6.208 bg=7.345)  lr=9.99e-04  tot=3.4min
14:15:14  [  9/200]  train nll=+4.030(obj=+3.443 bg=+4.049) mse=6.440(obj=4.918 bg=6.488)  val nll=+4.059(obj=+3.554 bg=+4.076) mse=6.475(obj=5.044 bg=6.521)  lr=9.99e-04  tot=3.8min
14:15:14    ↳ saved (val_nll=4.0592)
14:15:41  [ 10/200]  train nll=+3.990(obj=+3.370 bg=+4.010) mse=6.366(obj=4.828 bg=6.415)  val nll=+4.035(obj=+3.405 bg=+4.056) mse=6.519(obj=4.936 bg=6.570)  lr=9.98e-04  tot=4.3min
14:15:41    ↳ saved (val_nll=4.0347)
14:16:08  [ 11/200]  train nll=+3.949(obj=+3.308 bg=+3.969) mse=6.315(obj=4.744 bg=6.365)  val nll=+3.977(obj=+3.222 bg=+4.002) mse=6.378(obj=4.686 bg=6.433)  lr=9.98e-04  tot=4.7min
14:16:08    ↳ saved (val_nll=3.9771)
14:16:35  [ 12/200]  train nll=+3.918(obj=+3.278 bg=+3.939) mse=6.242(obj=4.728 bg=6.290)  val nll=+3.860(obj=+3.215 bg=+3.880) mse=6.187(obj=4.612 bg=6.238)  lr=9.97e-04  tot=5.2min
14:16:35    ↳ saved (val_nll=3.8598)
14:17:02  [ 13/200]  train nll=+3.880(obj=+3.233 bg=+3.902) mse=6.158(obj=4.646 bg=6.206)  val nll=+3.947(obj=+3.301 bg=+3.968) mse=6.165(obj=4.616 bg=6.215)  lr=9.96e-04  tot=5.7min
14:17:30  [ 14/200]  train nll=+3.859(obj=+3.184 bg=+3.881) mse=6.122(obj=4.573 bg=6.171)  val nll=+3.776(obj=+3.060 bg=+3.800) mse=6.019(obj=4.461 bg=6.070)  lr=9.95e-04  tot=6.1min
14:17:30    ↳ saved (val_nll=3.7759)
14:17:56  [ 15/200]  train nll=+3.808(obj=+3.129 bg=+3.830) mse=6.050(obj=4.501 bg=6.100)  val nll=+3.807(obj=+3.073 bg=+3.831) mse=6.112(obj=4.481 bg=6.164)  lr=9.94e-04  tot=6.6min
14:18:23  [ 16/200]  train nll=+3.786(obj=+3.077 bg=+3.809) mse=5.967(obj=4.382 bg=6.017)  val nll=+3.701(obj=+2.898 bg=+3.727) mse=5.849(obj=4.081 bg=5.905)  lr=9.92e-04  tot=7.0min
14:18:23    ↳ saved (val_nll=3.7013)
14:18:50  [ 17/200]  train nll=+3.756(obj=+3.021 bg=+3.780) mse=5.939(obj=4.302 bg=5.991)  val nll=+3.784(obj=+3.006 bg=+3.809) mse=5.977(obj=4.305 bg=6.029)  lr=9.91e-04  tot=7.4min
14:19:16  [ 18/200]  train nll=+3.706(obj=+2.939 bg=+3.731) mse=5.832(obj=4.129 bg=5.887)  val nll=+3.834(obj=+2.820 bg=+3.867) mse=5.843(obj=3.926 bg=5.906)  lr=9.89e-04  tot=7.9min
14:19:43  [ 19/200]  train nll=+3.658(obj=+2.850 bg=+3.684) mse=5.706(obj=3.900 bg=5.764)  val nll=+3.515(obj=+2.547 bg=+3.546) mse=5.500(obj=3.594 bg=5.561)  lr=9.87e-04  tot=8.3min
14:19:43    ↳ saved (val_nll=3.5154)
14:20:10  [ 20/200]  train nll=+3.605(obj=+2.750 bg=+3.632) mse=5.593(obj=3.700 bg=5.653)  val nll=+3.640(obj=+2.870 bg=+3.665) mse=5.741(obj=4.084 bg=5.794)  lr=9.85e-04  tot=8.8min
14:20:37  [ 21/200]  train nll=+3.585(obj=+2.698 bg=+3.613) mse=5.514(obj=3.566 bg=5.576)  val nll=+3.413(obj=+2.420 bg=+3.445) mse=5.308(obj=3.266 bg=5.374)  lr=9.83e-04  tot=9.2min
14:20:37    ↳ saved (val_nll=3.4130)
14:21:04  [ 22/200]  train nll=+3.536(obj=+2.636 bg=+3.565) mse=5.424(obj=3.453 bg=5.487)  val nll=+3.502(obj=+2.489 bg=+3.534) mse=5.414(obj=3.180 bg=5.483)  lr=9.81e-04  tot=9.7min
14:21:31  [ 23/200]  train nll=+3.476(obj=+2.541 bg=+3.506) mse=5.281(obj=3.271 bg=5.345)  val nll=+3.445(obj=+2.632 bg=+3.470) mse=5.200(obj=3.362 bg=5.258)  lr=9.79e-04  tot=10.1min
14:21:58  [ 24/200]  train nll=+3.458(obj=+2.524 bg=+3.488) mse=5.237(obj=3.237 bg=5.301)  val nll=+3.509(obj=+2.551 bg=+3.539) mse=5.363(obj=3.271 bg=5.430)  lr=9.77e-04  tot=10.6min
14:22:26  [ 25/200]  train nll=+3.419(obj=+2.453 bg=+3.450) mse=5.132(obj=3.134 bg=5.195)  val nll=+3.377(obj=+2.290 bg=+3.412) mse=5.112(obj=2.898 bg=5.182)  lr=9.74e-04  tot=11.1min
14:22:26    ↳ saved (val_nll=3.3775)
14:22:53  [ 26/200]  train nll=+3.325(obj=+2.336 bg=+3.356) mse=4.966(obj=2.935 bg=5.031)  val nll=+3.167(obj=+1.945 bg=+3.205) mse=4.700(obj=2.457 bg=4.771)  lr=9.72e-04  tot=11.5min
14:22:53    ↳ saved (val_nll=3.1665)
14:23:14  [ 27/200]  train nll=+3.328(obj=+2.322 bg=+3.360) mse=4.928(obj=2.906 bg=4.993)  val nll=+3.263(obj=+2.213 bg=+3.297) mse=4.849(obj=2.743 bg=4.916)  lr=9.69e-04  tot=11.9min
14:23:31  [ 28/200]  train nll=+3.314(obj=+2.317 bg=+3.346) mse=4.933(obj=2.883 bg=4.998)  val nll=+3.265(obj=+2.165 bg=+3.300) mse=4.782(obj=2.644 bg=4.850)  lr=9.66e-04  tot=12.1min
14:23:55  [ 29/200]  train nll=+3.237(obj=+2.220 bg=+3.269) mse=4.750(obj=2.747 bg=4.814)  val nll=+3.122(obj=+1.895 bg=+3.161) mse=4.626(obj=2.422 bg=4.696)  lr=9.63e-04  tot=12.5min
14:23:55    ↳ saved (val_nll=3.1223)
14:24:22  [ 30/200]  train nll=+3.258(obj=+2.240 bg=+3.290) mse=4.788(obj=2.770 bg=4.852)  val nll=+3.400(obj=+2.321 bg=+3.434) mse=4.931(obj=2.857 bg=4.997)  lr=9.60e-04  tot=13.0min
14:24:49  [ 31/200]  train nll=+3.192(obj=+2.167 bg=+3.224) mse=4.662(obj=2.684 bg=4.725)  val nll=+3.162(obj=+2.076 bg=+3.196) mse=4.703(obj=2.758 bg=4.764)  lr=9.57e-04  tot=13.4min
14:25:16  [ 32/200]  train nll=+3.202(obj=+2.143 bg=+3.235) mse=4.679(obj=2.659 bg=4.744)  val nll=+3.221(obj=+2.405 bg=+3.247) mse=4.647(obj=2.767 bg=4.707)  lr=9.53e-04  tot=13.9min
14:25:43  [ 33/200]  train nll=+3.148(obj=+2.077 bg=+3.182) mse=4.590(obj=2.565 bg=4.655)  val nll=+3.463(obj=+2.681 bg=+3.488) mse=5.061(obj=3.565 bg=5.109)  lr=9.50e-04  tot=14.3min
14:26:10  [ 34/200]  train nll=+3.069(obj=+1.977 bg=+3.103) mse=4.453(obj=2.444 bg=4.517)  val nll=+2.984(obj=+1.784 bg=+3.022) mse=4.212(obj=2.141 bg=4.278)  lr=9.46e-04  tot=14.8min
14:26:10    ↳ saved (val_nll=2.9835)
14:26:37  [ 35/200]  train nll=+3.071(obj=+1.985 bg=+3.106) mse=4.441(obj=2.438 bg=4.504)  val nll=+2.924(obj=+1.714 bg=+2.963) mse=4.238(obj=2.145 bg=4.305)  lr=9.43e-04  tot=15.2min
14:26:37    ↳ saved (val_nll=2.9245)
14:27:04  [ 36/200]  train nll=+3.072(obj=+1.996 bg=+3.106) mse=4.440(obj=2.438 bg=4.503)  val nll=+3.129(obj=+2.378 bg=+3.154) mse=4.399(obj=2.673 bg=4.454)  lr=9.39e-04  tot=15.7min
14:27:31  [ 37/200]  train nll=+3.031(obj=+1.938 bg=+3.066) mse=4.344(obj=2.343 bg=4.407)  val nll=+3.012(obj=+1.634 bg=+3.055) mse=4.334(obj=2.133 bg=4.403)  lr=9.35e-04  tot=16.1min
14:27:58  [ 38/200]  train nll=+3.001(obj=+1.911 bg=+3.035) mse=4.297(obj=2.318 bg=4.360)  val nll=+2.912(obj=+1.630 bg=+2.953) mse=4.142(obj=2.083 bg=4.207)  lr=9.31e-04  tot=16.6min
14:27:58    ↳ saved (val_nll=2.9121)
14:28:25  [ 39/200]  train nll=+2.985(obj=+1.867 bg=+3.020) mse=4.264(obj=2.257 bg=4.328)  val nll=+3.047(obj=+1.831 bg=+3.086) mse=4.341(obj=2.202 bg=4.410)  lr=9.27e-04  tot=17.0min
14:28:52  [ 40/200]  train nll=+2.966(obj=+1.855 bg=+3.001) mse=4.243(obj=2.277 bg=4.306)  val nll=+3.130(obj=+2.118 bg=+3.162) mse=4.454(obj=2.400 bg=4.520)  lr=9.23e-04  tot=17.5min
14:29:19  [ 41/200]  train nll=+2.910(obj=+1.818 bg=+2.944) mse=4.154(obj=2.212 bg=4.215)  val nll=+2.909(obj=+1.591 bg=+2.950) mse=4.123(obj=1.993 bg=4.191)  lr=9.18e-04  tot=17.9min
14:29:19    ↳ saved (val_nll=2.9087)
14:29:46  [ 42/200]  train nll=+2.880(obj=+1.765 bg=+2.915) mse=4.116(obj=2.159 bg=4.177)  val nll=+2.894(obj=+1.623 bg=+2.934) mse=4.175(obj=2.094 bg=4.241)  lr=9.14e-04  tot=18.4min
14:29:46    ↳ saved (val_nll=2.8942)
14:30:13  [ 43/200]  train nll=+2.887(obj=+1.782 bg=+2.922) mse=4.094(obj=2.174 bg=4.155)  val nll=+2.802(obj=+1.556 bg=+2.842) mse=3.967(obj=1.952 bg=4.032)  lr=9.09e-04  tot=18.8min
14:30:13    ↳ saved (val_nll=2.8016)
14:30:40  [ 44/200]  train nll=+2.820(obj=+1.689 bg=+2.856) mse=3.999(obj=2.085 bg=4.059)  val nll=+3.135(obj=+1.986 bg=+3.170) mse=4.234(obj=2.275 bg=4.296)  lr=9.05e-04  tot=19.3min
14:31:06  [ 45/200]  train nll=+2.810(obj=+1.639 bg=+2.847) mse=4.010(obj=2.045 bg=4.072)  val nll=+2.812(obj=+1.476 bg=+2.855) mse=4.068(obj=1.949 bg=4.135)  lr=9.00e-04  tot=19.7min
14:31:33  [ 46/200]  train nll=+2.791(obj=+1.635 bg=+2.828) mse=3.967(obj=2.032 bg=4.029)  val nll=+2.786(obj=+1.633 bg=+2.822) mse=4.011(obj=2.058 bg=4.072)  lr=8.95e-04  tot=20.2min
14:31:33    ↳ saved (val_nll=2.7864)
14:32:00  [ 47/200]  train nll=+2.766(obj=+1.616 bg=+2.802) mse=3.934(obj=2.007 bg=3.995)  val nll=+2.683(obj=+1.299 bg=+2.728) mse=3.805(obj=1.735 bg=3.872)  lr=8.90e-04  tot=20.6min
14:32:00    ↳ saved (val_nll=2.6830)
14:32:27  [ 48/200]  train nll=+2.743(obj=+1.578 bg=+2.780) mse=3.908(obj=1.973 bg=3.969)  val nll=+2.724(obj=+1.629 bg=+2.759) mse=3.879(obj=1.931 bg=3.941)  lr=8.85e-04  tot=21.1min
14:32:55  [ 49/200]  train nll=+2.729(obj=+1.580 bg=+2.765) mse=3.851(obj=1.975 bg=3.911)  val nll=+2.786(obj=+1.538 bg=+2.826) mse=4.067(obj=2.020 bg=4.132)  lr=8.80e-04  tot=21.5min
14:33:21  [ 50/200]  train nll=+2.718(obj=+1.559 bg=+2.754) mse=3.841(obj=1.943 bg=3.900)  val nll=+2.773(obj=+1.556 bg=+2.811) mse=3.820(obj=1.830 bg=3.882)  lr=8.74e-04  tot=22.0min
14:33:48  [ 51/200]  train nll=+2.681(obj=+1.501 bg=+2.718) mse=3.800(obj=1.905 bg=3.860)  val nll=+2.751(obj=+1.907 bg=+2.777) mse=3.780(obj=2.088 bg=3.834)  lr=8.69e-04  tot=22.4min
14:34:12  [ 52/200]  train nll=+2.706(obj=+1.572 bg=+2.742) mse=3.807(obj=1.927 bg=3.867)  val nll=+2.581(obj=+1.259 bg=+2.622) mse=3.699(obj=1.732 bg=3.761)  lr=8.64e-04  tot=22.8min
14:34:12    ↳ saved (val_nll=2.5805)
14:34:28  [ 53/200]  train nll=+2.620(obj=+1.472 bg=+2.656) mse=3.715(obj=1.858 bg=3.774)  val nll=+2.738(obj=+1.427 bg=+2.780) mse=3.865(obj=1.810 bg=3.931)  lr=8.58e-04  tot=23.1min
14:34:45  [ 54/200]  train nll=+2.625(obj=+1.461 bg=+2.662) mse=3.712(obj=1.839 bg=3.771)  val nll=+2.634(obj=+1.390 bg=+2.674) mse=3.780(obj=1.798 bg=3.844)  lr=8.52e-04  tot=23.4min
14:35:12  [ 55/200]  train nll=+2.640(obj=+1.489 bg=+2.676) mse=3.715(obj=1.850 bg=3.774)  val nll=+2.790(obj=+1.669 bg=+2.826) mse=3.849(obj=1.966 bg=3.908)  lr=8.47e-04  tot=23.8min
14:35:39  [ 56/200]  train nll=+2.591(obj=+1.425 bg=+2.628) mse=3.672(obj=1.811 bg=3.731)  val nll=+2.625(obj=+1.372 bg=+2.665) mse=3.767(obj=1.806 bg=3.829)  lr=8.41e-04  tot=24.3min
14:36:06  [ 57/200]  train nll=+2.573(obj=+1.419 bg=+2.609) mse=3.629(obj=1.796 bg=3.687)  val nll=+2.652(obj=+1.422 bg=+2.690) mse=3.816(obj=1.765 bg=3.880)  lr=8.35e-04  tot=24.7min
14:36:33  [ 58/200]  train nll=+2.573(obj=+1.387 bg=+2.611) mse=3.619(obj=1.779 bg=3.677)  val nll=+3.201(obj=+2.413 bg=+3.226) mse=4.119(obj=2.248 bg=4.178)  lr=8.29e-04  tot=25.2min
14:37:00  [ 59/200]  train nll=+2.545(obj=+1.389 bg=+2.581) mse=3.587(obj=1.776 bg=3.644)  val nll=+2.703(obj=+1.681 bg=+2.736) mse=3.683(obj=1.854 bg=3.741)  lr=8.23e-04  tot=25.6min
14:37:27  [ 60/200]  train nll=+2.525(obj=+1.336 bg=+2.562) mse=3.578(obj=1.733 bg=3.636)  val nll=+2.713(obj=+1.771 bg=+2.742) mse=3.769(obj=2.041 bg=3.823)  lr=8.16e-04  tot=26.1min
14:37:54  [ 61/200]  train nll=+2.496(obj=+1.306 bg=+2.534) mse=3.545(obj=1.695 bg=3.604)  val nll=+2.542(obj=+1.160 bg=+2.585) mse=3.579(obj=1.574 bg=3.643)  lr=8.10e-04  tot=26.5min
14:37:54    ↳ saved (val_nll=2.5416)
14:38:20  [ 62/200]  train nll=+2.466(obj=+1.256 bg=+2.504) mse=3.496(obj=1.668 bg=3.554)  val nll=+2.701(obj=+1.600 bg=+2.735) mse=3.796(obj=1.973 bg=3.853)  lr=8.04e-04  tot=27.0min
14:38:47  [ 63/200]  train nll=+2.455(obj=+1.256 bg=+2.492) mse=3.461(obj=1.669 bg=3.517)  val nll=+2.660(obj=+1.629 bg=+2.692) mse=3.773(obj=1.925 bg=3.832)  lr=7.97e-04  tot=27.4min
14:39:13  [ 64/200]  train nll=+2.434(obj=+1.225 bg=+2.473) mse=3.476(obj=1.668 bg=3.533)  val nll=+2.501(obj=+1.129 bg=+2.544) mse=3.569(obj=1.677 bg=3.628)  lr=7.91e-04  tot=27.8min
14:39:13    ↳ saved (val_nll=2.5015)
14:39:40  [ 65/200]  train nll=+2.467(obj=+1.279 bg=+2.504) mse=3.474(obj=1.653 bg=3.531)  val nll=+2.557(obj=+1.137 bg=+2.602) mse=3.594(obj=1.626 bg=3.657)  lr=7.84e-04  tot=28.3min
14:40:07  [ 66/200]  train nll=+2.400(obj=+1.201 bg=+2.438) mse=3.411(obj=1.638 bg=3.467)  val nll=+2.628(obj=+1.329 bg=+2.671) mse=3.753(obj=1.632 bg=3.821)  lr=7.78e-04  tot=28.7min
14:40:34  [ 67/200]  train nll=+2.403(obj=+1.177 bg=+2.442) mse=3.416(obj=1.606 bg=3.473)  val nll=+2.624(obj=+1.642 bg=+2.656) mse=3.603(obj=1.871 bg=3.658)  lr=7.71e-04  tot=29.2min
14:41:00  [ 68/200]  train nll=+2.371(obj=+1.183 bg=+2.409) mse=3.367(obj=1.591 bg=3.423)  val nll=+2.534(obj=+1.183 bg=+2.576) mse=3.609(obj=1.630 bg=3.671)  lr=7.64e-04  tot=29.6min
14:41:27  [ 69/200]  train nll=+2.339(obj=+1.101 bg=+2.378) mse=3.348(obj=1.556 bg=3.404)  val nll=+2.574(obj=+1.135 bg=+2.619) mse=3.584(obj=1.568 bg=3.648)  lr=7.57e-04  tot=30.1min
14:41:54  [ 70/200]  train nll=+2.328(obj=+1.099 bg=+2.367) mse=3.311(obj=1.534 bg=3.368)  val nll=+2.596(obj=+1.174 bg=+2.640) mse=3.498(obj=1.550 bg=3.560)  lr=7.50e-04  tot=30.5min
14:42:21  [ 71/200]  train nll=+2.332(obj=+1.126 bg=+2.370) mse=3.312(obj=1.557 bg=3.368)  val nll=+2.652(obj=+1.346 bg=+2.693) mse=3.636(obj=1.699 bg=3.697)  lr=7.43e-04  tot=31.0min
14:42:47  [ 72/200]  train nll=+2.348(obj=+1.124 bg=+2.387) mse=3.353(obj=1.587 bg=3.409)  val nll=+2.550(obj=+1.564 bg=+2.582) mse=3.664(obj=1.784 bg=3.723)  lr=7.36e-04  tot=31.4min
14:43:13  [ 73/200]  train nll=+2.296(obj=+1.046 bg=+2.336) mse=3.285(obj=1.508 bg=3.341)  val nll=+2.469(obj=+1.233 bg=+2.508) mse=3.477(obj=1.552 bg=3.539)  lr=7.29e-04  tot=31.8min
14:43:13    ↳ saved (val_nll=2.4688)
14:43:40  [ 74/200]  train nll=+2.289(obj=+1.037 bg=+2.329) mse=3.277(obj=1.494 bg=3.333)  val nll=+2.398(obj=+0.920 bg=+2.445) mse=3.403(obj=1.413 bg=3.466)  lr=7.22e-04  tot=32.3min
14:43:40    ↳ saved (val_nll=2.3981)
14:44:06  [ 75/200]  train nll=+2.264(obj=+1.040 bg=+2.302) mse=3.254(obj=1.494 bg=3.310)  val nll=+2.336(obj=+0.880 bg=+2.382) mse=3.368(obj=1.419 bg=3.429)  lr=7.15e-04  tot=32.7min
14:44:06    ↳ saved (val_nll=2.3357)
14:44:33  [ 76/200]  train nll=+2.290(obj=+1.089 bg=+2.328) mse=3.265(obj=1.526 bg=3.320)  val nll=+2.388(obj=+0.949 bg=+2.434) mse=3.336(obj=1.390 bg=3.398)  lr=7.07e-04  tot=33.2min
14:44:59  [ 77/200]  train nll=+2.244(obj=+1.023 bg=+2.282) mse=3.201(obj=1.482 bg=3.255)  val nll=+2.306(obj=+0.760 bg=+2.355) mse=3.294(obj=1.348 bg=3.356)  lr=7.00e-04  tot=33.6min
14:44:59    ↳ saved (val_nll=2.3061)
14:45:26  [ 78/200]  train nll=+2.208(obj=+0.973 bg=+2.247) mse=3.177(obj=1.450 bg=3.231)  val nll=+2.404(obj=+0.963 bg=+2.449) mse=3.420(obj=1.464 bg=3.482)  lr=6.93e-04  tot=34.0min
14:45:52  [ 79/200]  train nll=+2.225(obj=+0.998 bg=+2.264) mse=3.177(obj=1.467 bg=3.231)  val nll=+2.382(obj=+0.958 bg=+2.427) mse=3.367(obj=1.435 bg=3.429)  lr=6.85e-04  tot=34.5min
14:46:17  [ 80/200]  train nll=+2.203(obj=+0.972 bg=+2.242) mse=3.168(obj=1.421 bg=3.223)  val nll=+2.510(obj=+1.120 bg=+2.553) mse=3.346(obj=1.465 bg=3.405)  lr=6.78e-04  tot=34.9min
14:46:33  [ 81/200]  train nll=+2.214(obj=+0.971 bg=+2.254) mse=3.164(obj=1.433 bg=3.219)  val nll=+2.341(obj=+1.070 bg=+2.381) mse=3.300(obj=1.477 bg=3.358)  lr=6.70e-04  tot=35.2min
14:46:51  [ 82/200]  train nll=+2.157(obj=+0.916 bg=+2.196) mse=3.131(obj=1.414 bg=3.185)  val nll=+2.609(obj=+1.058 bg=+2.658) mse=3.654(obj=1.658 bg=3.718)  lr=6.62e-04  tot=35.5min
14:47:18  [ 83/200]  train nll=+2.137(obj=+0.899 bg=+2.176) mse=3.107(obj=1.383 bg=3.161)  val nll=+2.440(obj=+1.230 bg=+2.477) mse=3.449(obj=1.536 bg=3.509)  lr=6.55e-04  tot=35.9min
14:47:45  [ 84/200]  train nll=+2.116(obj=+0.857 bg=+2.156) mse=3.049(obj=1.351 bg=3.103)  val nll=+2.330(obj=+0.853 bg=+2.376) mse=3.311(obj=1.379 bg=3.373)  lr=6.47e-04  tot=36.4min
14:48:12  [ 85/200]  train nll=+2.148(obj=+0.920 bg=+2.187) mse=3.106(obj=1.415 bg=3.160)  val nll=+2.785(obj=+2.005 bg=+2.809) mse=3.571(obj=1.908 bg=3.623)  lr=6.39e-04  tot=36.8min
14:48:38  [ 86/200]  train nll=+2.101(obj=+0.827 bg=+2.141) mse=3.051(obj=1.334 bg=3.105)  val nll=+2.253(obj=+0.855 bg=+2.298) mse=3.187(obj=1.376 bg=3.245)  lr=6.32e-04  tot=37.3min
14:48:38    ↳ saved (val_nll=2.2535)
14:49:05  [ 87/200]  train nll=+2.087(obj=+0.835 bg=+2.127) mse=3.056(obj=1.346 bg=3.110)  val nll=+2.258(obj=+0.705 bg=+2.307) mse=3.276(obj=1.369 bg=3.336)  lr=6.24e-04  tot=37.7min
14:49:32  [ 88/200]  train nll=+2.082(obj=+0.795 bg=+2.123) mse=3.059(obj=1.335 bg=3.113)  val nll=+2.590(obj=+1.384 bg=+2.627) mse=3.372(obj=1.513 bg=3.430)  lr=6.16e-04  tot=38.1min
14:49:59  [ 89/200]  train nll=+2.064(obj=+0.794 bg=+2.104) mse=3.007(obj=1.311 bg=3.060)  val nll=+2.283(obj=+0.962 bg=+2.325) mse=3.168(obj=1.320 bg=3.227)  lr=6.08e-04  tot=38.6min
14:50:26  [ 90/200]  train nll=+2.040(obj=+0.784 bg=+2.080) mse=2.980(obj=1.309 bg=3.033)  val nll=+2.295(obj=+0.693 bg=+2.346) mse=3.340(obj=1.270 bg=3.406)  lr=6.00e-04  tot=39.0min
14:50:53  [ 91/200]  train nll=+2.034(obj=+0.769 bg=+2.074) mse=2.978(obj=1.307 bg=3.031)  val nll=+2.292(obj=+1.134 bg=+2.328) mse=3.166(obj=1.386 bg=3.222)  lr=5.93e-04  tot=39.5min
14:51:20  [ 92/200]  train nll=+1.992(obj=+0.697 bg=+2.033) mse=2.960(obj=1.269 bg=3.013)  val nll=+2.186(obj=+0.634 bg=+2.235) mse=3.132(obj=1.276 bg=3.190)  lr=5.85e-04  tot=39.9min
14:51:20    ↳ saved (val_nll=2.1861)
14:51:47  [ 93/200]  train nll=+2.026(obj=+0.745 bg=+2.067) mse=2.969(obj=1.293 bg=3.022)  val nll=+2.205(obj=+0.774 bg=+2.250) mse=3.097(obj=1.307 bg=3.153)  lr=5.77e-04  tot=40.4min
14:52:13  [ 94/200]  train nll=+1.972(obj=+0.696 bg=+2.012) mse=2.906(obj=1.265 bg=2.958)  val nll=+2.310(obj=+0.930 bg=+2.354) mse=3.198(obj=1.351 bg=3.257)  lr=5.69e-04  tot=40.8min
14:52:40  [ 95/200]  train nll=+1.980(obj=+0.693 bg=+2.021) mse=2.938(obj=1.279 bg=2.991)  val nll=+2.175(obj=+0.734 bg=+2.220) mse=3.188(obj=1.316 bg=3.247)  lr=5.61e-04  tot=41.3min
14:52:40    ↳ saved (val_nll=2.1749)
14:53:07  [ 96/200]  train nll=+1.953(obj=+0.672 bg=+1.994) mse=2.903(obj=1.254 bg=2.955)  val nll=+2.632(obj=+1.654 bg=+2.662) mse=3.256(obj=1.562 bg=3.309)  lr=5.53e-04  tot=41.7min
14:53:34  [ 97/200]  train nll=+1.960(obj=+0.645 bg=+2.001) mse=2.899(obj=1.229 bg=2.952)  val nll=+2.183(obj=+0.670 bg=+2.232) mse=3.183(obj=1.309 bg=3.243)  lr=5.45e-04  tot=42.2min
14:54:01  [ 98/200]  train nll=+1.957(obj=+0.652 bg=+1.999) mse=2.905(obj=1.246 bg=2.957)  val nll=+2.469(obj=+1.722 bg=+2.493) mse=3.295(obj=1.680 bg=3.346)  lr=5.37e-04  tot=42.6min
14:54:27  [ 99/200]  train nll=+1.916(obj=+0.627 bg=+1.957) mse=2.851(obj=1.219 bg=2.903)  val nll=+2.231(obj=+0.761 bg=+2.276) mse=3.251(obj=1.304 bg=3.312)  lr=5.29e-04  tot=43.1min
14:54:54  [100/200]  train nll=+1.908(obj=+0.577 bg=+1.950) mse=2.871(obj=1.198 bg=2.924)  val nll=+2.154(obj=+0.553 bg=+2.204) mse=3.137(obj=1.198 bg=3.198)  lr=5.21e-04  tot=43.5min
14:54:54    ↳ saved (val_nll=2.1537)
14:55:21  [101/200]  train nll=+1.901(obj=+0.607 bg=+1.942) mse=2.844(obj=1.219 bg=2.896)  val nll=+2.376(obj=+1.130 bg=+2.415) mse=3.156(obj=1.380 bg=3.211)  lr=5.13e-04  tot=44.0min
14:55:48  [102/200]  train nll=+1.854(obj=+0.532 bg=+1.896) mse=2.802(obj=1.169 bg=2.854)  val nll=+2.168(obj=+0.696 bg=+2.214) mse=3.127(obj=1.234 bg=3.187)  lr=5.05e-04  tot=44.4min
14:56:14  [103/200]  train nll=+1.861(obj=+0.560 bg=+1.903) mse=2.819(obj=1.192 bg=2.870)  val nll=+2.500(obj=+1.417 bg=+2.534) mse=3.235(obj=1.582 bg=3.287)  lr=4.96e-04  tot=44.9min
14:56:41  [104/200]  train nll=+1.839(obj=+0.535 bg=+1.880) mse=2.768(obj=1.172 bg=2.819)  val nll=+2.233(obj=+0.605 bg=+2.284) mse=3.107(obj=1.225 bg=3.167)  lr=4.88e-04  tot=45.3min
14:57:08  [105/200]  train nll=+1.815(obj=+0.515 bg=+1.856) mse=2.750(obj=1.156 bg=2.800)  val nll=+2.198(obj=+0.776 bg=+2.243) mse=3.097(obj=1.234 bg=3.156)  lr=4.80e-04  tot=45.7min
14:57:35  [106/200]  train nll=+1.819(obj=+0.497 bg=+1.861) mse=2.764(obj=1.151 bg=2.815)  val nll=+2.313(obj=+0.872 bg=+2.357) mse=3.148(obj=1.302 bg=3.206)  lr=4.72e-04  tot=46.2min
14:58:01  [107/200]  train nll=+1.821(obj=+0.488 bg=+1.863) mse=2.782(obj=1.149 bg=2.834)  val nll=+2.169(obj=+0.513 bg=+2.222) mse=3.062(obj=1.182 bg=3.123)  lr=4.64e-04  tot=46.6min
14:58:28  [108/200]  train nll=+1.798(obj=+0.485 bg=+1.840) mse=2.734(obj=1.157 bg=2.784)  val nll=+2.077(obj=+0.578 bg=+2.124) mse=3.031(obj=1.145 bg=3.091)  lr=4.56e-04  tot=47.1min
14:58:28    ↳ saved (val_nll=2.0773)
14:58:55  [109/200]  train nll=+1.799(obj=+0.492 bg=+1.840) mse=2.742(obj=1.152 bg=2.792)  val nll=+2.300(obj=+0.716 bg=+2.351) mse=3.015(obj=1.224 bg=3.073)  lr=4.48e-04  tot=47.5min
14:59:22  [110/200]  train nll=+1.781(obj=+0.480 bg=+1.822) mse=2.719(obj=1.139 bg=2.769)  val nll=+2.119(obj=+0.681 bg=+2.164) mse=3.048(obj=1.301 bg=3.103)  lr=4.40e-04  tot=48.0min
14:59:49  [111/200]  train nll=+1.746(obj=+0.422 bg=+1.788) mse=2.704(obj=1.114 bg=2.754)  val nll=+2.158(obj=+0.524 bg=+2.210) mse=2.987(obj=1.177 bg=3.044)  lr=4.32e-04  tot=48.4min
15:00:16  [112/200]  train nll=+1.755(obj=+0.429 bg=+1.797) mse=2.699(obj=1.108 bg=2.749)  val nll=+2.209(obj=+0.779 bg=+2.254) mse=3.054(obj=1.245 bg=3.111)  lr=4.24e-04  tot=48.9min
15:00:32  [113/200]  train nll=+1.737(obj=+0.396 bg=+1.779) mse=2.684(obj=1.095 bg=2.734)  val nll=+2.242(obj=+0.831 bg=+2.287) mse=3.099(obj=1.270 bg=3.157)  lr=4.16e-04  tot=49.1min
15:00:54  [114/200]  train nll=+1.725(obj=+0.390 bg=+1.768) mse=2.674(obj=1.104 bg=2.724)  val nll=+2.108(obj=+0.573 bg=+2.157) mse=3.025(obj=1.182 bg=3.084)  lr=4.08e-04  tot=49.5min
15:01:21  [115/200]  train nll=+1.697(obj=+0.347 bg=+1.740) mse=2.652(obj=1.082 bg=2.702)  val nll=+2.073(obj=+0.317 bg=+2.128) mse=2.862(obj=1.083 bg=2.918)  lr=4.01e-04  tot=50.0min
15:01:21    ↳ saved (val_nll=2.0732)
15:01:48  [116/200]  train nll=+1.679(obj=+0.350 bg=+1.721) mse=2.616(obj=1.071 bg=2.665)  val nll=+2.267(obj=+0.908 bg=+2.310) mse=3.016(obj=1.243 bg=3.073)  lr=3.93e-04  tot=50.4min
15:02:15  [117/200]  train nll=+1.670(obj=+0.333 bg=+1.713) mse=2.638(obj=1.066 bg=2.688)  val nll=+2.107(obj=+0.428 bg=+2.159) mse=2.926(obj=1.103 bg=2.983)  lr=3.85e-04  tot=50.9min
15:02:41  [118/200]  train nll=+1.662(obj=+0.306 bg=+1.705) mse=2.626(obj=1.061 bg=2.676)  val nll=+2.067(obj=+0.501 bg=+2.116) mse=2.944(obj=1.113 bg=3.002)  lr=3.77e-04  tot=51.3min
15:02:41    ↳ saved (val_nll=2.0669)
15:03:08  [119/200]  train nll=+1.658(obj=+0.310 bg=+1.701) mse=2.632(obj=1.057 bg=2.682)  val nll=+2.111(obj=+0.466 bg=+2.164) mse=2.952(obj=1.109 bg=3.012)  lr=3.69e-04  tot=51.8min
15:03:35  [120/200]  train nll=+1.665(obj=+0.328 bg=+1.707) mse=2.638(obj=1.072 bg=2.688)  val nll=+2.154(obj=+0.377 bg=+2.212) mse=2.970(obj=1.122 bg=3.029)  lr=3.62e-04  tot=52.2min
15:04:02  [121/200]  train nll=+1.637(obj=+0.286 bg=+1.680) mse=2.589(obj=1.033 bg=2.639)  val nll=+2.032(obj=+0.471 bg=+2.081) mse=2.914(obj=1.132 bg=2.971)  lr=3.54e-04  tot=52.6min
15:04:02    ↳ saved (val_nll=2.0317)
15:04:28  [122/200]  train nll=+1.620(obj=+0.250 bg=+1.663) mse=2.590(obj=1.035 bg=2.639)  val nll=+2.259(obj=+0.637 bg=+2.310) mse=3.007(obj=1.187 bg=3.065)  lr=3.46e-04  tot=53.1min
15:04:55  [123/200]  train nll=+1.602(obj=+0.219 bg=+1.645) mse=2.570(obj=1.024 bg=2.619)  val nll=+2.149(obj=+0.585 bg=+2.198) mse=2.905(obj=1.131 bg=2.962)  lr=3.39e-04  tot=53.5min
15:05:22  [124/200]  train nll=+1.574(obj=+0.208 bg=+1.618) mse=2.555(obj=1.021 bg=2.604)  val nll=+2.103(obj=+0.509 bg=+2.153) mse=2.882(obj=1.104 bg=2.939)  lr=3.31e-04  tot=54.0min
15:05:49  [125/200]  train nll=+1.576(obj=+0.216 bg=+1.620) mse=2.556(obj=1.019 bg=2.605)  val nll=+1.969(obj=+0.267 bg=+2.023) mse=2.906(obj=1.043 bg=2.966)  lr=3.23e-04  tot=54.4min
15:05:49    ↳ saved (val_nll=1.9689)
15:06:15  [126/200]  train nll=+1.561(obj=+0.206 bg=+1.604) mse=2.543(obj=1.000 bg=2.592)  val nll=+2.099(obj=+0.268 bg=+2.156) mse=2.971(obj=1.043 bg=3.032)  lr=3.16e-04  tot=54.9min
15:06:43  [127/200]  train nll=+1.537(obj=+0.160 bg=+1.580) mse=2.506(obj=0.989 bg=2.553)  val nll=+2.174(obj=+0.659 bg=+2.221) mse=2.981(obj=1.193 bg=3.037)  lr=3.08e-04  tot=55.3min
15:07:09  [128/200]  train nll=+1.536(obj=+0.168 bg=+1.579) mse=2.510(obj=0.986 bg=2.558)  val nll=+1.977(obj=+0.396 bg=+2.026) mse=2.809(obj=1.079 bg=2.863)  lr=3.01e-04  tot=55.8min
15:07:36  [129/200]  train nll=+1.512(obj=+0.156 bg=+1.555) mse=2.484(obj=0.980 bg=2.532)  val nll=+2.024(obj=+0.369 bg=+2.077) mse=2.867(obj=1.089 bg=2.924)  lr=2.94e-04  tot=56.2min
15:08:03  [130/200]  train nll=+1.526(obj=+0.136 bg=+1.570) mse=2.504(obj=0.984 bg=2.553)  val nll=+1.960(obj=+0.268 bg=+2.013) mse=2.850(obj=1.024 bg=2.908)  lr=2.86e-04  tot=56.7min
15:08:03    ↳ saved (val_nll=1.9601)
15:08:30  [131/200]  train nll=+1.500(obj=+0.105 bg=+1.544) mse=2.488(obj=0.953 bg=2.536)  val nll=+2.096(obj=+0.625 bg=+2.142) mse=2.866(obj=1.150 bg=2.920)  lr=2.79e-04  tot=57.1min
15:08:57  [132/200]  train nll=+1.476(obj=+0.073 bg=+1.520) mse=2.465(obj=0.940 bg=2.513)  val nll=+2.018(obj=+0.202 bg=+2.075) mse=2.931(obj=1.003 bg=2.992)  lr=2.72e-04  tot=57.6min
15:09:23  [133/200]  train nll=+1.465(obj=+0.080 bg=+1.509) mse=2.457(obj=0.947 bg=2.505)  val nll=+2.047(obj=+0.329 bg=+2.101) mse=2.852(obj=1.037 bg=2.909)  lr=2.65e-04  tot=58.0min
15:09:51  [134/200]  train nll=+1.454(obj=+0.065 bg=+1.499) mse=2.443(obj=0.935 bg=2.491)  val nll=+2.226(obj=+0.990 bg=+2.263) mse=2.924(obj=1.163 bg=2.979)  lr=2.58e-04  tot=58.5min
15:10:12  [135/200]  train nll=+1.456(obj=+0.073 bg=+1.500) mse=2.442(obj=0.945 bg=2.490)  val nll=+2.074(obj=+0.372 bg=+2.127) mse=2.876(obj=1.054 bg=2.933)  lr=2.51e-04  tot=58.8min
15:10:40  [136/200]  train nll=+1.448(obj=+0.050 bg=+1.492) mse=2.444(obj=0.937 bg=2.491)  val nll=+2.021(obj=+0.474 bg=+2.069) mse=2.819(obj=1.079 bg=2.874)  lr=2.44e-04  tot=59.3min
15:11:07  [137/200]  train nll=+1.427(obj=+0.037 bg=+1.471) mse=2.415(obj=0.936 bg=2.462)  val nll=+2.117(obj=+0.554 bg=+2.166) mse=2.823(obj=1.042 bg=2.879)  lr=2.37e-04  tot=59.7min
15:11:34  [138/200]  train nll=+1.416(obj=-0.001 bg=+1.461) mse=2.405(obj=0.924 bg=2.452)  val nll=+2.004(obj=+0.302 bg=+2.057) mse=2.811(obj=1.022 bg=2.868)  lr=2.30e-04  tot=60.2min
15:12:01  [139/200]  train nll=+1.428(obj=+0.016 bg=+1.473) mse=2.412(obj=0.916 bg=2.459)  val nll=+1.991(obj=+0.284 bg=+2.045) mse=2.787(obj=1.035 bg=2.843)  lr=2.23e-04  tot=60.6min
15:12:28  [140/200]  train nll=+1.368(obj=-0.066 bg=+1.414) mse=2.374(obj=0.887 bg=2.421)  val nll=+2.187(obj=+0.506 bg=+2.239) mse=2.833(obj=1.035 bg=2.890)  lr=2.17e-04  tot=61.1min
15:12:55  [141/200]  train nll=+1.375(obj=-0.041 bg=+1.420) mse=2.358(obj=0.888 bg=2.404)  val nll=+2.007(obj=+0.217 bg=+2.063) mse=2.822(obj=1.007 bg=2.879)  lr=2.10e-04  tot=61.5min
15:13:11  [142/200]  train nll=+1.365(obj=-0.042 bg=+1.410) mse=2.354(obj=0.899 bg=2.400)  val nll=+2.040(obj=+0.455 bg=+2.090) mse=2.793(obj=1.052 bg=2.848)  lr=2.04e-04  tot=61.8min
15:13:28  [143/200]  train nll=+1.366(obj=-0.051 bg=+1.412) mse=2.373(obj=0.899 bg=2.420)  val nll=+1.962(obj=+0.243 bg=+2.016) mse=2.799(obj=1.014 bg=2.855)  lr=1.97e-04  tot=62.1min
15:13:51  [144/200]  train nll=+1.350(obj=-0.074 bg=+1.395) mse=2.368(obj=0.880 bg=2.415)  val nll=+2.011(obj=+0.398 bg=+2.061) mse=2.826(obj=1.033 bg=2.882)  lr=1.91e-04  tot=62.5min
15:14:18  [145/200]  train nll=+1.337(obj=-0.118 bg=+1.384) mse=2.343(obj=0.860 bg=2.390)  val nll=+2.050(obj=+0.265 bg=+2.106) mse=2.941(obj=1.072 bg=3.000)  lr=1.85e-04  tot=62.9min
15:14:46  [146/200]  train nll=+1.323(obj=-0.097 bg=+1.368) mse=2.340(obj=0.891 bg=2.386)  val nll=+2.125(obj=+0.237 bg=+2.185) mse=2.814(obj=0.984 bg=2.872)  lr=1.78e-04  tot=63.4min
15:15:12  [147/200]  train nll=+1.304(obj=-0.110 bg=+1.348) mse=2.294(obj=0.867 bg=2.340)  val nll=+1.952(obj=+0.161 bg=+2.008) mse=2.788(obj=0.978 bg=2.844)  lr=1.72e-04  tot=63.8min
15:15:12    ↳ saved (val_nll=1.9523)
15:15:39  [148/200]  train nll=+1.298(obj=-0.164 bg=+1.345) mse=2.336(obj=0.859 bg=2.383)  val nll=+2.039(obj=+0.362 bg=+2.092) mse=2.812(obj=1.042 bg=2.868)  lr=1.66e-04  tot=64.3min
15:16:06  [149/200]  train nll=+1.286(obj=-0.154 bg=+1.332) mse=2.289(obj=0.847 bg=2.335)  val nll=+2.071(obj=+0.170 bg=+2.131) mse=2.821(obj=0.974 bg=2.880)  lr=1.60e-04  tot=64.7min
15:16:33  [150/200]  train nll=+1.271(obj=-0.145 bg=+1.316) mse=2.290(obj=0.852 bg=2.335)  val nll=+1.976(obj=+0.184 bg=+2.032) mse=2.781(obj=0.960 bg=2.839)  lr=1.54e-04  tot=65.2min
15:17:00  [151/200]  train nll=+1.272(obj=-0.171 bg=+1.318) mse=2.299(obj=0.839 bg=2.345)  val nll=+2.093(obj=+0.583 bg=+2.141) mse=2.777(obj=1.022 bg=2.833)  lr=1.49e-04  tot=65.6min
15:17:27  [152/200]  train nll=+1.258(obj=-0.178 bg=+1.303) mse=2.285(obj=0.841 bg=2.330)  val nll=+2.170(obj=+0.198 bg=+2.231) mse=2.809(obj=0.946 bg=2.868)  lr=1.43e-04  tot=66.1min
15:17:53  [153/200]  train nll=+1.240(obj=-0.212 bg=+1.286) mse=2.264(obj=0.827 bg=2.309)  val nll=+1.951(obj=+0.067 bg=+2.010) mse=2.735(obj=0.925 bg=2.792)  lr=1.37e-04  tot=66.5min
15:17:53    ↳ saved (val_nll=1.9512)
15:18:20  [154/200]  train nll=+1.239(obj=-0.213 bg=+1.285) mse=2.259(obj=0.831 bg=2.304)  val nll=+2.019(obj=+0.071 bg=+2.079) mse=2.793(obj=0.955 bg=2.851)  lr=1.32e-04  tot=67.0min
15:18:47  [155/200]  train nll=+1.236(obj=-0.215 bg=+1.282) mse=2.276(obj=0.831 bg=2.322)  val nll=+2.022(obj=+0.099 bg=+2.083) mse=2.754(obj=0.913 bg=2.813)  lr=1.27e-04  tot=67.4min
15:19:14  [156/200]  train nll=+1.216(obj=-0.252 bg=+1.263) mse=2.241(obj=0.815 bg=2.287)  val nll=+2.053(obj=+0.147 bg=+2.113) mse=2.740(obj=0.953 bg=2.797)  lr=1.21e-04  tot=67.8min
15:19:41  [157/200]  train nll=+1.201(obj=-0.274 bg=+1.248) mse=2.248(obj=0.815 bg=2.293)  val nll=+2.128(obj=+0.110 bg=+2.192) mse=2.808(obj=0.966 bg=2.867)  lr=1.16e-04  tot=68.3min
15:20:08  [158/200]  train nll=+1.191(obj=-0.257 bg=+1.237) mse=2.238(obj=0.816 bg=2.283)  val nll=+2.136(obj=+0.134 bg=+2.200) mse=2.728(obj=0.924 bg=2.786)  lr=1.11e-04  tot=68.7min
15:20:35  [159/200]  train nll=+1.181(obj=-0.306 bg=+1.228) mse=2.233(obj=0.811 bg=2.278)  val nll=+2.109(obj=+0.084 bg=+2.172) mse=2.872(obj=0.941 bg=2.932)  lr=1.06e-04  tot=69.2min
15:21:01  [160/200]  train nll=+1.168(obj=-0.303 bg=+1.214) mse=2.217(obj=0.805 bg=2.262)  val nll=+2.125(obj=+0.081 bg=+2.189) mse=2.707(obj=0.916 bg=2.764)  lr=1.01e-04  tot=69.6min
15:21:28  [161/200]  train nll=+1.178(obj=-0.291 bg=+1.225) mse=2.216(obj=0.796 bg=2.260)  val nll=+2.194(obj=+0.135 bg=+2.257) mse=2.778(obj=0.952 bg=2.835)  lr=9.64e-05  tot=70.1min
15:21:55  [162/200]  train nll=+1.164(obj=-0.304 bg=+1.210) mse=2.224(obj=0.794 bg=2.269)  val nll=+2.028(obj=+0.191 bg=+2.085) mse=2.796(obj=0.985 bg=2.853)  lr=9.17e-05  tot=70.5min
15:22:22  [163/200]  train nll=+1.148(obj=-0.339 bg=+1.196) mse=2.191(obj=0.798 bg=2.235)  val nll=+2.099(obj=+0.202 bg=+2.159) mse=2.757(obj=0.968 bg=2.815)  lr=8.71e-05  tot=71.0min
15:22:50  [164/200]  train nll=+1.144(obj=-0.337 bg=+1.190) mse=2.196(obj=0.787 bg=2.240)  val nll=+2.051(obj=+0.116 bg=+2.111) mse=2.696(obj=0.935 bg=2.751)  lr=8.27e-05  tot=71.4min
15:23:17  [165/200]  train nll=+1.127(obj=-0.360 bg=+1.175) mse=2.196(obj=0.781 bg=2.241)  val nll=+1.949(obj=+0.074 bg=+2.009) mse=2.712(obj=0.906 bg=2.769)  lr=7.83e-05  tot=71.9min
15:23:17    ↳ saved (val_nll=1.9491)
15:23:43  [166/200]  train nll=+1.119(obj=-0.348 bg=+1.166) mse=2.185(obj=0.787 bg=2.229)  val nll=+2.028(obj=+0.101 bg=+2.089) mse=2.727(obj=0.922 bg=2.784)  lr=7.41e-05  tot=72.3min
15:24:10  [167/200]  train nll=+1.112(obj=-0.394 bg=+1.160) mse=2.176(obj=0.775 bg=2.219)  val nll=+2.073(obj=+0.167 bg=+2.133) mse=2.696(obj=0.934 bg=2.752)  lr=6.99e-05  tot=72.8min
15:24:38  [168/200]  train nll=+1.111(obj=-0.379 bg=+1.158) mse=2.183(obj=0.770 bg=2.228)  val nll=+2.011(obj=+0.074 bg=+2.073) mse=2.706(obj=0.903 bg=2.764)  lr=6.59e-05  tot=73.2min
15:25:04  [169/200]  train nll=+1.090(obj=-0.417 bg=+1.138) mse=2.162(obj=0.759 bg=2.207)  val nll=+2.100(obj=+0.058 bg=+2.164) mse=2.713(obj=0.913 bg=2.770)  lr=6.20e-05  tot=73.7min
15:25:31  [170/200]  train nll=+1.091(obj=-0.409 bg=+1.139) mse=2.169(obj=0.774 bg=2.213)  val nll=+2.084(obj=+0.230 bg=+2.142) mse=2.697(obj=0.942 bg=2.752)  lr=5.82e-05  tot=74.1min
15:25:58  [171/200]  train nll=+1.086(obj=-0.403 bg=+1.134) mse=2.160(obj=0.771 bg=2.204)  val nll=+2.031(obj=+0.062 bg=+2.094) mse=2.731(obj=0.922 bg=2.789)  lr=5.45e-05  tot=74.6min
15:26:19  [172/200]  train nll=+1.083(obj=-0.400 bg=+1.130) mse=2.163(obj=0.769 bg=2.207)  val nll=+2.070(obj=+0.170 bg=+2.131) mse=2.713(obj=0.927 bg=2.770)  lr=5.10e-05  tot=74.9min
15:26:36  [173/200]  train nll=+1.072(obj=-0.421 bg=+1.119) mse=2.155(obj=0.760 bg=2.199)  val nll=+1.975(obj=+0.097 bg=+2.034) mse=2.655(obj=0.924 bg=2.710)  lr=4.75e-05  tot=75.2min
15:27:00  [174/200]  train nll=+1.065(obj=-0.439 bg=+1.112) mse=2.163(obj=0.763 bg=2.208)  val nll=+2.079(obj=+0.068 bg=+2.142) mse=2.684(obj=0.917 bg=2.739)  lr=4.42e-05  tot=75.6min
15:27:27  [175/200]  train nll=+1.058(obj=-0.444 bg=+1.106) mse=2.152(obj=0.759 bg=2.196)  val nll=+2.083(obj=+0.119 bg=+2.145) mse=2.638(obj=0.890 bg=2.693)  lr=4.10e-05  tot=76.1min
15:27:54  [176/200]  train nll=+1.046(obj=-0.449 bg=+1.094) mse=2.133(obj=0.753 bg=2.177)  val nll=+2.014(obj=+0.164 bg=+2.073) mse=2.672(obj=0.939 bg=2.727)  lr=3.79e-05  tot=76.5min
15:28:20  [177/200]  train nll=+1.053(obj=-0.445 bg=+1.100) mse=2.139(obj=0.759 bg=2.182)  val nll=+2.160(obj=+0.083 bg=+2.224) mse=2.786(obj=0.923 bg=2.845)  lr=3.49e-05  tot=77.0min
15:28:47  [178/200]  train nll=+1.048(obj=-0.463 bg=+1.096) mse=2.146(obj=0.752 bg=2.190)  val nll=+2.054(obj=+0.142 bg=+2.114) mse=2.741(obj=0.914 bg=2.798)  lr=3.20e-05  tot=77.4min
15:29:14  [179/200]  train nll=+1.037(obj=-0.462 bg=+1.084) mse=2.099(obj=0.743 bg=2.142)  val nll=+2.142(obj=+0.203 bg=+2.204) mse=2.715(obj=0.911 bg=2.773)  lr=2.93e-05  tot=77.8min
15:29:42  [180/200]  train nll=+1.026(obj=-0.477 bg=+1.073) mse=2.123(obj=0.747 bg=2.166)  val nll=+2.140(obj=+0.092 bg=+2.204) mse=2.738(obj=0.917 bg=2.796)  lr=2.67e-05  tot=78.3min
15:30:08  [181/200]  train nll=+1.030(obj=-0.474 bg=+1.077) mse=2.120(obj=0.745 bg=2.163)  val nll=+2.049(obj=+0.073 bg=+2.111) mse=2.652(obj=0.886 bg=2.708)  lr=2.42e-05  tot=78.8min
15:30:36  [182/200]  train nll=+1.024(obj=-0.508 bg=+1.072) mse=2.129(obj=0.742 bg=2.173)  val nll=+2.091(obj=+0.097 bg=+2.154) mse=2.664(obj=0.879 bg=2.721)  lr=2.19e-05  tot=79.2min
15:31:03  [183/200]  train nll=+1.032(obj=-0.480 bg=+1.080) mse=2.127(obj=0.749 bg=2.170)  val nll=+2.027(obj=-0.019 bg=+2.092) mse=2.732(obj=0.920 bg=2.790)  lr=1.96e-05  tot=79.7min
15:31:29  [184/200]  train nll=+1.010(obj=-0.521 bg=+1.059) mse=2.113(obj=0.736 bg=2.157)  val nll=+2.036(obj=+0.074 bg=+2.098) mse=2.670(obj=0.903 bg=2.726)  lr=1.75e-05  tot=80.1min
15:31:56  [185/200]  train nll=+1.015(obj=-0.502 bg=+1.063) mse=2.109(obj=0.738 bg=2.152)  val nll=+2.068(obj=+0.050 bg=+2.130) mse=2.714(obj=0.894 bg=2.771)  lr=1.55e-05  tot=80.6min
15:32:23  [186/200]  train nll=+1.013(obj=-0.519 bg=+1.062) mse=2.143(obj=0.730 bg=2.187)  val nll=+2.167(obj=+0.201 bg=+2.230) mse=2.735(obj=0.914 bg=2.793)  lr=1.37e-05  tot=81.0min
15:32:50  [187/200]  train nll=+1.012(obj=-0.494 bg=+1.060) mse=2.104(obj=0.741 bg=2.147)  val nll=+2.195(obj=+0.107 bg=+2.260) mse=2.755(obj=0.891 bg=2.814)  lr=1.19e-05  tot=81.4min
15:33:16  [188/200]  train nll=+1.001(obj=-0.543 bg=+1.050) mse=2.103(obj=0.727 bg=2.147)  val nll=+2.119(obj=+0.110 bg=+2.182) mse=2.722(obj=0.900 bg=2.780)  lr=1.03e-05  tot=81.9min
15:33:44  [189/200]  train nll=+0.994(obj=-0.514 bg=+1.042) mse=2.105(obj=0.730 bg=2.148)  val nll=+2.115(obj=+0.125 bg=+2.177) mse=2.716(obj=0.919 bg=2.772)  lr=8.82e-06  tot=82.3min
15:34:11  [190/200]  train nll=+0.993(obj=-0.524 bg=+1.041) mse=2.096(obj=0.734 bg=2.139)  val nll=+2.140(obj=+0.035 bg=+2.206) mse=2.652(obj=0.873 bg=2.708)  lr=7.47e-06  tot=82.8min
15:34:37  [191/200]  train nll=+0.996(obj=-0.536 bg=+1.045) mse=2.119(obj=0.728 bg=2.163)  val nll=+2.034(obj=-0.029 bg=+2.099) mse=2.682(obj=0.866 bg=2.741)  lr=6.24e-06  tot=83.2min
15:35:04  [192/200]  train nll=+0.989(obj=-0.535 bg=+1.037) mse=2.086(obj=0.730 bg=2.129)  val nll=+2.052(obj=+0.034 bg=+2.115) mse=2.612(obj=0.857 bg=2.667)  lr=5.14e-06  tot=83.7min
15:35:31  [193/200]  train nll=+0.993(obj=-0.549 bg=+1.042) mse=2.113(obj=0.725 bg=2.156)  val nll=+2.137(obj=-0.045 bg=+2.207) mse=2.630(obj=0.863 bg=2.687)  lr=4.17e-06  tot=84.1min
15:35:59  [194/200]  train nll=+0.998(obj=-0.535 bg=+1.046) mse=2.105(obj=0.726 bg=2.149)  val nll=+2.163(obj=-0.034 bg=+2.231) mse=2.738(obj=0.911 bg=2.795)  lr=3.33e-06  tot=84.6min
15:36:27  [195/200]  train nll=+0.985(obj=-0.557 bg=+1.033) mse=2.087(obj=0.721 bg=2.130)  val nll=+2.137(obj=+0.099 bg=+2.201) mse=2.715(obj=0.911 bg=2.772)  lr=2.62e-06  tot=85.1min
15:36:53  [196/200]  train nll=+0.990(obj=-0.539 bg=+1.038) mse=2.091(obj=0.727 bg=2.134)  val nll=+2.076(obj=+0.033 bg=+2.139) mse=2.650(obj=0.879 bg=2.706)  lr=2.04e-06  tot=85.5min
15:37:21  [197/200]  train nll=+0.981(obj=-0.534 bg=+1.029) mse=2.091(obj=0.728 bg=2.134)  val nll=+2.079(obj=+0.024 bg=+2.144) mse=2.682(obj=0.909 bg=2.739)  lr=1.58e-06  tot=86.0min
15:37:48  [198/200]  train nll=+0.981(obj=-0.548 bg=+1.030) mse=2.098(obj=0.728 bg=2.141)  val nll=+2.081(obj=+0.029 bg=+2.145) mse=2.638(obj=0.903 bg=2.693)  lr=1.26e-06  tot=86.4min
15:38:15  [199/200]  train nll=+0.975(obj=-0.557 bg=+1.024) mse=2.075(obj=0.723 bg=2.118)  val nll=+2.172(obj=+0.131 bg=+2.235) mse=2.741(obj=0.910 bg=2.798)  lr=1.06e-06  tot=86.9min
15:38:36  [200/200]  train nll=+0.989(obj=-0.549 bg=+1.037) mse=2.105(obj=0.726 bg=2.149)  val nll=+2.195(obj=+0.186 bg=+2.258) mse=2.764(obj=0.910 bg=2.823)  lr=1.00e-06  tot=87.2min
15:38:36  Best val NLL: 1.9491  |  time: 87.2min
15:38:46  Saved 48 vis → experiments/ps_v9_objsplit/vis
15:38:46  Report saved → report.html
