10:41:32  overfit on 500 samples (val == train)
10:41:32  params: 1.62M
10:41:35  [  1/100]  train nll=+5.103(obj=+5.009 bg=+5.108) mse=6.519(obj=5.735 bg=6.552)  val nll=+5.494(obj=+4.820 bg=+5.531) mse=8.218(obj=7.447 bg=8.251)  lr=4.00e-04  tot=0.0min
10:41:35    ↳ saved (val_nll=5.4942)
10:41:35  [  2/100]  train nll=+8.009(obj=+6.870 bg=+8.063) mse=8.240(obj=7.274 bg=8.284)  val nll=+4.434(obj=+4.314 bg=+4.441) mse=6.260(obj=5.627 bg=6.287)  lr=6.00e-04  tot=0.0min
10:41:35    ↳ saved (val_nll=4.4339)
10:41:36  [  3/100]  train nll=+4.492(obj=+4.493 bg=+4.491) mse=6.404(obj=6.084 bg=6.419)  val nll=+4.536(obj=+4.376 bg=+4.547) mse=7.040(obj=6.533 bg=7.065)  lr=8.00e-04  tot=0.1min
10:41:37  [  4/100]  train nll=+4.507(obj=+4.281 bg=+4.517) mse=6.775(obj=5.981 bg=6.811)  val nll=+4.954(obj=+4.839 bg=+4.959) mse=9.403(obj=8.947 bg=9.426)  lr=1.00e-03  tot=0.1min
10:41:38  [  5/100]  train nll=+4.589(obj=+4.421 bg=+4.598) mse=6.765(obj=6.154 bg=6.797)  val nll=+4.743(obj=+4.713 bg=+4.745) mse=7.550(obj=7.156 bg=7.567)  lr=1.00e-03  tot=0.1min
10:41:39  [  6/100]  train nll=+4.805(obj=+4.751 bg=+4.807) mse=7.169(obj=6.894 bg=7.184)  val nll=+5.351(obj=+5.563 bg=+5.345) mse=10.200(obj=10.437 bg=10.197)  lr=1.00e-03  tot=0.1min
10:41:39  [  7/100]  train nll=+5.316(obj=+4.825 bg=+5.336) mse=7.847(obj=7.205 bg=7.873)  val nll=+4.223(obj=+4.045 bg=+4.229) mse=5.965(obj=5.092 bg=6.006)  lr=9.99e-04  tot=0.1min
10:41:39    ↳ saved (val_nll=4.2231)
10:41:40  [  8/100]  train nll=+4.218(obj=+4.013 bg=+4.227) mse=6.101(obj=5.338 bg=6.134)  val nll=+4.282(obj=+4.257 bg=+4.282) mse=6.393(obj=6.205 bg=6.403)  lr=9.98e-04  tot=0.1min
10:41:41  [  9/100]  train nll=+4.133(obj=+3.899 bg=+4.144) mse=5.941(obj=5.263 bg=5.974)  val nll=+4.951(obj=+4.747 bg=+4.960) mse=7.068(obj=6.738 bg=7.084)  lr=9.96e-04  tot=0.1min
10:41:42  [ 10/100]  train nll=+4.186(obj=+3.970 bg=+4.195) mse=6.211(obj=5.667 bg=6.234)  val nll=+4.587(obj=+4.267 bg=+4.603) mse=6.322(obj=5.695 bg=6.352)  lr=9.93e-04  tot=0.2min
10:41:43  [ 11/100]  train nll=+4.450(obj=+4.358 bg=+4.455) mse=6.421(obj=6.083 bg=6.438)  val nll=+4.352(obj=+4.249 bg=+4.357) mse=5.782(obj=4.830 bg=5.824)  lr=9.90e-04  tot=0.2min
10:41:43  [ 12/100]  train nll=+4.638(obj=+4.578 bg=+4.642) mse=6.599(obj=6.314 bg=6.613)  val nll=+4.414(obj=+4.250 bg=+4.422) mse=7.058(obj=6.697 bg=7.076)  lr=9.87e-04  tot=0.2min
10:41:44  [ 13/100]  train nll=+4.520(obj=+4.316 bg=+4.528) mse=7.061(obj=6.514 bg=7.084)  val nll=+4.560(obj=+4.492 bg=+4.563) mse=7.606(obj=7.541 bg=7.611)  lr=9.83e-04  tot=0.2min
10:41:45  [ 14/100]  train nll=+4.433(obj=+4.030 bg=+4.450) mse=6.508(obj=5.591 bg=6.546)  val nll=+4.022(obj=+3.768 bg=+4.034) mse=5.739(obj=4.979 bg=5.775)  lr=9.78e-04  tot=0.2min
10:41:45    ↳ saved (val_nll=4.0224)
10:41:46  [ 15/100]  train nll=+4.230(obj=+3.949 bg=+4.243) mse=6.483(obj=5.786 bg=6.515)  val nll=+4.104(obj=+3.942 bg=+4.111) mse=5.665(obj=5.014 bg=5.697)  lr=9.73e-04  tot=0.2min
10:41:47  [ 16/100]  train nll=+4.251(obj=+3.966 bg=+4.263) mse=6.439(obj=5.623 bg=6.476)  val nll=+4.836(obj=+4.651 bg=+4.844) mse=8.256(obj=7.793 bg=8.279)  lr=9.67e-04  tot=0.2min
10:41:47  [ 17/100]  train nll=+4.250(obj=+4.038 bg=+4.259) mse=6.466(obj=5.930 bg=6.489)  val nll=+4.280(obj=+4.016 bg=+4.292) mse=6.184(obj=5.769 bg=6.206)  lr=9.61e-04  tot=0.2min
10:41:48  [ 18/100]  train nll=+4.178(obj=+3.875 bg=+4.191) mse=6.090(obj=5.409 bg=6.121)  val nll=+4.320(obj=+4.071 bg=+4.331) mse=6.653(obj=6.094 bg=6.677)  lr=9.55e-04  tot=0.3min
10:41:49  [ 19/100]  train nll=+4.200(obj=+3.909 bg=+4.211) mse=6.176(obj=5.614 bg=6.198)  val nll=+4.916(obj=+4.549 bg=+4.931) mse=7.241(obj=6.776 bg=7.263)  lr=9.47e-04  tot=0.3min
10:41:50  [ 20/100]  train nll=+4.391(obj=+4.267 bg=+4.396) mse=6.654(obj=6.173 bg=6.676)  val nll=+4.854(obj=+4.625 bg=+4.863) mse=7.152(obj=6.650 bg=7.175)  lr=9.40e-04  tot=0.3min
10:41:51  [ 21/100]  train nll=+4.200(obj=+4.040 bg=+4.206) mse=6.143(obj=5.816 bg=6.157)  val nll=+4.878(obj=+4.680 bg=+4.886) mse=6.642(obj=6.355 bg=6.656)  lr=9.32e-04  tot=0.3min
10:41:52  [ 22/100]  train nll=+4.384(obj=+4.111 bg=+4.395) mse=6.360(obj=5.901 bg=6.379)  val nll=+3.956(obj=+3.826 bg=+3.961) mse=5.395(obj=4.943 bg=5.418)  lr=9.23e-04  tot=0.3min
10:41:52    ↳ saved (val_nll=3.9555)
10:41:52  [ 23/100]  train nll=+4.397(obj=+4.167 bg=+4.407) mse=6.570(obj=5.901 bg=6.600)  val nll=+4.464(obj=+4.289 bg=+4.473) mse=7.240(obj=6.610 bg=7.270)  lr=9.14e-04  tot=0.3min
10:41:53  [ 24/100]  train nll=+4.371(obj=+4.202 bg=+4.378) mse=6.767(obj=6.266 bg=6.789)  val nll=+4.189(obj=+4.025 bg=+4.196) mse=6.437(obj=5.966 bg=6.460)  lr=9.05e-04  tot=0.3min
10:41:54  [ 25/100]  train nll=+4.223(obj=+3.885 bg=+4.237) mse=6.666(obj=5.662 bg=6.709)  val nll=+4.245(obj=+3.947 bg=+4.257) mse=6.575(obj=5.901 bg=6.605)  lr=8.95e-04  tot=0.4min
10:41:55  [ 26/100]  train nll=+4.251(obj=+4.091 bg=+4.257) mse=6.456(obj=6.087 bg=6.472)  val nll=+4.298(obj=+4.052 bg=+4.309) mse=6.265(obj=5.628 bg=6.296)  lr=8.84e-04  tot=0.4min
10:41:56  [ 27/100]  train nll=+4.041(obj=+3.676 bg=+4.056) mse=5.914(obj=4.873 bg=5.956)  val nll=+4.192(obj=+3.833 bg=+4.206) mse=6.453(obj=5.469 bg=6.497)  lr=8.74e-04  tot=0.4min
10:41:56  [ 28/100]  train nll=+4.134(obj=+3.869 bg=+4.146) mse=6.231(obj=5.533 bg=6.261)  val nll=+4.150(obj=+3.849 bg=+4.163) mse=6.332(obj=5.526 bg=6.368)  lr=8.62e-04  tot=0.4min
10:41:57  [ 29/100]  train nll=+4.063(obj=+3.692 bg=+4.079) mse=5.906(obj=4.937 bg=5.947)  val nll=+4.088(obj=+3.888 bg=+4.098) mse=6.006(obj=5.469 bg=6.033)  lr=8.51e-04  tot=0.4min
10:41:58  [ 30/100]  train nll=+4.233(obj=+3.847 bg=+4.250) mse=6.340(obj=5.458 bg=6.379)  val nll=+4.277(obj=+4.222 bg=+4.280) mse=6.159(obj=5.765 bg=6.179)  lr=8.39e-04  tot=0.4min
10:41:59  [ 31/100]  train nll=+4.033(obj=+3.722 bg=+4.046) mse=5.973(obj=5.288 bg=6.002)  val nll=+4.103(obj=+3.725 bg=+4.121) mse=6.029(obj=5.264 bg=6.065)  lr=8.26e-04  tot=0.4min
10:42:00  [ 32/100]  train nll=+4.032(obj=+3.744 bg=+4.046) mse=5.928(obj=5.227 bg=5.960)  val nll=+4.096(obj=+3.838 bg=+4.109) mse=6.057(obj=5.524 bg=6.085)  lr=8.14e-04  tot=0.5min
10:42:01  [ 33/100]  train nll=+3.974(obj=+3.564 bg=+3.992) mse=5.981(obj=4.893 bg=6.028)  val nll=+4.051(obj=+3.770 bg=+4.065) mse=5.892(obj=5.090 bg=5.930)  lr=8.01e-04  tot=0.5min
10:42:01  [ 34/100]  train nll=+4.005(obj=+3.683 bg=+4.020) mse=5.901(obj=5.272 bg=5.928)  val nll=+3.972(obj=+3.673 bg=+3.987) mse=5.733(obj=4.867 bg=5.774)  lr=7.87e-04  tot=0.5min
10:42:02  [ 35/100]  train nll=+4.012(obj=+3.683 bg=+4.027) mse=5.804(obj=4.867 bg=5.846)  val nll=+3.986(obj=+3.724 bg=+3.998) mse=6.074(obj=5.449 bg=6.103)  lr=7.74e-04  tot=0.5min
10:42:03  [ 36/100]  train nll=+4.110(obj=+3.773 bg=+4.125) mse=6.030(obj=5.083 bg=6.070)  val nll=+3.984(obj=+3.713 bg=+3.996) mse=5.906(obj=5.191 bg=5.939)  lr=7.60e-04  tot=0.5min
10:42:04  [ 37/100]  train nll=+4.073(obj=+3.792 bg=+4.085) mse=6.149(obj=5.486 bg=6.179)  val nll=+4.076(obj=+3.836 bg=+4.088) mse=6.085(obj=5.508 bg=6.114)  lr=7.45e-04  tot=0.5min
10:42:04  [ 38/100]  train nll=+4.221(obj=+3.932 bg=+4.234) mse=6.415(obj=5.633 bg=6.447)  val nll=+4.215(obj=+4.060 bg=+4.224) mse=6.155(obj=5.392 bg=6.191)  lr=7.31e-04  tot=0.5min
10:42:05  [ 39/100]  train nll=+4.039(obj=+3.641 bg=+4.057) mse=6.055(obj=5.066 bg=6.100)  val nll=+3.859(obj=+3.543 bg=+3.874) mse=5.645(obj=4.976 bg=5.678)  lr=7.16e-04  tot=0.5min
10:42:05    ↳ saved (val_nll=3.8592)
10:42:06  [ 40/100]  train nll=+4.163(obj=+3.953 bg=+4.173) mse=6.128(obj=5.530 bg=6.154)  val nll=+4.000(obj=+3.725 bg=+4.013) mse=5.626(obj=4.993 bg=5.655)  lr=7.01e-04  tot=0.6min
10:42:07  [ 41/100]  train nll=+4.133(obj=+3.734 bg=+4.152) mse=6.032(obj=5.097 bg=6.074)  val nll=+4.148(obj=+3.853 bg=+4.161) mse=6.343(obj=5.810 bg=6.369)  lr=6.86e-04  tot=0.6min
10:42:08  [ 42/100]  train nll=+4.011(obj=+3.688 bg=+4.025) mse=5.842(obj=5.001 bg=5.878)  val nll=+3.960(obj=+3.669 bg=+3.974) mse=5.916(obj=5.181 bg=5.951)  lr=6.70e-04  tot=0.6min
10:42:08  [ 43/100]  train nll=+3.938(obj=+3.716 bg=+3.949) mse=5.732(obj=5.278 bg=5.755)  val nll=+3.980(obj=+3.747 bg=+3.991) mse=5.651(obj=5.042 bg=5.680)  lr=6.55e-04  tot=0.6min
10:42:09  [ 44/100]  train nll=+3.890(obj=+3.440 bg=+3.910) mse=5.757(obj=4.652 bg=5.804)  val nll=+4.143(obj=+3.872 bg=+4.154) mse=6.091(obj=5.420 bg=6.119)  lr=6.39e-04  tot=0.6min
10:42:10  [ 45/100]  train nll=+3.936(obj=+3.581 bg=+3.953) mse=5.803(obj=4.822 bg=5.847)  val nll=+3.982(obj=+3.657 bg=+3.996) mse=5.870(obj=5.076 bg=5.904)  lr=6.23e-04  tot=0.6min
10:42:11  [ 46/100]  train nll=+3.771(obj=+3.356 bg=+3.790) mse=5.396(obj=4.488 bg=5.436)  val nll=+4.369(obj=+4.178 bg=+4.381) mse=6.091(obj=5.339 bg=6.127)  lr=6.07e-04  tot=0.6min
10:42:12  [ 47/100]  train nll=+4.007(obj=+3.607 bg=+4.022) mse=5.741(obj=4.767 bg=5.777)  val nll=+3.893(obj=+3.572 bg=+3.905) mse=5.616(obj=4.824 bg=5.651)  lr=5.91e-04  tot=0.7min
10:42:12  [ 48/100]  train nll=+3.947(obj=+3.594 bg=+3.961) mse=5.879(obj=5.086 bg=5.913)  val nll=+3.924(obj=+3.548 bg=+3.941) mse=5.730(obj=4.916 bg=5.769)  lr=5.75e-04  tot=0.7min
10:42:13  [ 49/100]  train nll=+3.984(obj=+3.565 bg=+4.004) mse=5.893(obj=4.827 bg=5.941)  val nll=+3.819(obj=+3.558 bg=+3.832) mse=5.528(obj=4.807 bg=5.563)  lr=5.58e-04  tot=0.7min
10:42:13    ↳ saved (val_nll=3.8186)
10:42:14  [ 50/100]  train nll=+3.889(obj=+3.501 bg=+3.908) mse=5.771(obj=4.864 bg=5.815)  val nll=+3.813(obj=+3.465 bg=+3.827) mse=5.528(obj=4.761 bg=5.564)  lr=5.42e-04  tot=0.7min
10:42:14    ↳ saved (val_nll=3.8126)
10:42:15  [ 51/100]  train nll=+3.982(obj=+3.632 bg=+3.998) mse=5.641(obj=4.869 bg=5.676)  val nll=+3.786(obj=+3.452 bg=+3.802) mse=5.454(obj=4.770 bg=5.486)  lr=5.25e-04  tot=0.7min
10:42:15    ↳ saved (val_nll=3.7862)
10:42:16  [ 52/100]  train nll=+3.871(obj=+3.563 bg=+3.885) mse=5.526(obj=4.943 bg=5.551)  val nll=+4.078(obj=+3.734 bg=+4.095) mse=5.736(obj=4.922 bg=5.774)  lr=5.09e-04  tot=0.7min
10:42:17  [ 53/100]  train nll=+3.889(obj=+3.562 bg=+3.903) mse=5.552(obj=4.846 bg=5.582)  val nll=+3.880(obj=+3.634 bg=+3.893) mse=5.774(obj=5.212 bg=5.804)  lr=4.92e-04  tot=0.7min
10:42:18  [ 54/100]  train nll=+4.019(obj=+3.497 bg=+4.041) mse=5.875(obj=4.696 bg=5.926)  val nll=+3.871(obj=+3.598 bg=+3.884) mse=5.565(obj=4.937 bg=5.595)  lr=4.76e-04  tot=0.8min
10:42:18  [ 55/100]  train nll=+3.861(obj=+3.513 bg=+3.876) mse=5.674(obj=4.745 bg=5.712)  val nll=+3.850(obj=+3.551 bg=+3.864) mse=5.604(obj=5.077 bg=5.631)  lr=4.59e-04  tot=0.8min
10:42:19  [ 56/100]  train nll=+3.896(obj=+3.469 bg=+3.915) mse=5.754(obj=4.831 bg=5.797)  val nll=+4.012(obj=+3.855 bg=+4.022) mse=5.989(obj=5.673 bg=6.009)  lr=4.43e-04  tot=0.8min
10:42:20  [ 57/100]  train nll=+3.968(obj=+3.697 bg=+3.980) mse=5.782(obj=5.139 bg=5.810)  val nll=+3.951(obj=+3.680 bg=+3.963) mse=5.654(obj=5.049 bg=5.682)  lr=4.26e-04  tot=0.8min
10:42:21  [ 58/100]  train nll=+4.062(obj=+3.782 bg=+4.075) mse=5.797(obj=5.069 bg=5.831)  val nll=+3.877(obj=+3.592 bg=+3.891) mse=5.410(obj=4.490 bg=5.452)  lr=4.10e-04  tot=0.8min
10:42:22  [ 59/100]  train nll=+3.914(obj=+3.584 bg=+3.930) mse=5.733(obj=4.945 bg=5.769)  val nll=+3.740(obj=+3.494 bg=+3.752) mse=5.400(obj=4.954 bg=5.422)  lr=3.94e-04  tot=0.8min
10:42:22    ↳ saved (val_nll=3.7401)
10:42:23  [ 60/100]  train nll=+3.950(obj=+3.509 bg=+3.969) mse=5.817(obj=4.858 bg=5.856)  val nll=+3.898(obj=+3.506 bg=+3.916) mse=5.847(obj=4.821 bg=5.894)  lr=3.78e-04  tot=0.8min
10:42:23  [ 61/100]  train nll=+3.821(obj=+3.412 bg=+3.840) mse=5.448(obj=4.522 bg=5.489)  val nll=+4.096(obj=+3.754 bg=+4.112) mse=5.659(obj=4.961 bg=5.692)  lr=3.62e-04  tot=0.8min
10:42:24  [ 62/100]  train nll=+3.893(obj=+3.412 bg=+3.913) mse=5.447(obj=4.424 bg=5.489)  val nll=+3.860(obj=+3.588 bg=+3.873) mse=5.554(obj=4.998 bg=5.582)  lr=3.46e-04  tot=0.9min
10:42:25  [ 63/100]  train nll=+3.783(obj=+3.340 bg=+3.803) mse=5.533(obj=4.479 bg=5.578)  val nll=+3.781(obj=+3.422 bg=+3.798) mse=5.468(obj=4.768 bg=5.502)  lr=3.31e-04  tot=0.9min
10:42:26  [ 64/100]  train nll=+3.752(obj=+3.428 bg=+3.765) mse=5.422(obj=4.673 bg=5.453)  val nll=+4.009(obj=+3.849 bg=+4.017) mse=6.080(obj=5.659 bg=6.098)  lr=3.15e-04  tot=0.9min
10:42:26  [ 65/100]  train nll=+3.720(obj=+3.254 bg=+3.741) mse=5.411(obj=4.420 bg=5.456)  val nll=+3.726(obj=+3.322 bg=+3.745) mse=5.354(obj=4.656 bg=5.388)  lr=3.00e-04  tot=0.9min
10:42:26    ↳ saved (val_nll=3.7255)
10:42:27  [ 66/100]  train nll=+3.715(obj=+3.328 bg=+3.732) mse=5.308(obj=4.476 bg=5.343)  val nll=+3.942(obj=+3.635 bg=+3.957) mse=5.769(obj=5.051 bg=5.804)  lr=2.85e-04  tot=0.9min
10:42:28  [ 67/100]  train nll=+3.765(obj=+3.358 bg=+3.783) mse=5.531(obj=4.630 bg=5.571)  val nll=+4.026(obj=+4.028 bg=+4.026) mse=5.824(obj=5.475 bg=5.840)  lr=2.70e-04  tot=0.9min
10:42:29  [ 68/100]  train nll=+3.887(obj=+3.641 bg=+3.898) mse=5.708(obj=5.082 bg=5.737)  val nll=+3.804(obj=+3.490 bg=+3.820) mse=5.632(obj=4.978 bg=5.663)  lr=2.56e-04  tot=0.9min
10:42:30  [ 69/100]  train nll=+3.748(obj=+3.256 bg=+3.770) mse=5.477(obj=4.312 bg=5.526)  val nll=+3.739(obj=+3.380 bg=+3.756) mse=5.428(obj=4.939 bg=5.452)  lr=2.41e-04  tot=1.0min
10:42:30  [ 70/100]  train nll=+3.735(obj=+3.357 bg=+3.752) mse=5.363(obj=4.510 bg=5.402)  val nll=+3.687(obj=+3.274 bg=+3.706) mse=5.421(obj=4.757 bg=5.455)  lr=2.27e-04  tot=1.0min
10:42:30    ↳ saved (val_nll=3.6867)
10:42:31  [ 71/100]  train nll=+3.705(obj=+3.070 bg=+3.732) mse=5.345(obj=3.946 bg=5.404)  val nll=+3.637(obj=+3.219 bg=+3.656) mse=5.273(obj=4.479 bg=5.310)  lr=2.14e-04  tot=1.0min
10:42:31    ↳ saved (val_nll=3.6366)
10:42:32  [ 72/100]  train nll=+3.746(obj=+3.391 bg=+3.761) mse=5.379(obj=4.516 bg=5.416)  val nll=+3.826(obj=+3.428 bg=+3.844) mse=5.520(obj=4.623 bg=5.561)  lr=2.00e-04  tot=1.0min
10:42:33  [ 73/100]  train nll=+3.735(obj=+3.369 bg=+3.751) mse=5.456(obj=4.690 bg=5.490)  val nll=+3.684(obj=+3.304 bg=+3.701) mse=5.367(obj=4.407 bg=5.410)  lr=1.87e-04  tot=1.0min
10:42:34  [ 74/100]  train nll=+3.729(obj=+3.234 bg=+3.750) mse=5.509(obj=4.351 bg=5.558)  val nll=+3.628(obj=+3.243 bg=+3.646) mse=5.178(obj=4.417 bg=5.214)  lr=1.75e-04  tot=1.0min
10:42:34    ↳ saved (val_nll=3.6282)
10:42:34  [ 75/100]  train nll=+3.659(obj=+3.191 bg=+3.679) mse=5.252(obj=4.304 bg=5.292)  val nll=+3.783(obj=+3.492 bg=+3.797) mse=5.478(obj=4.875 bg=5.506)  lr=1.62e-04  tot=1.0min
10:42:35  [ 76/100]  train nll=+3.648(obj=+3.200 bg=+3.667) mse=5.224(obj=4.273 bg=5.264)  val nll=+3.701(obj=+3.320 bg=+3.718) mse=5.379(obj=4.524 bg=5.419)  lr=1.50e-04  tot=1.0min
10:42:36  [ 77/100]  train nll=+3.701(obj=+3.223 bg=+3.721) mse=5.352(obj=4.344 bg=5.395)  val nll=+3.733(obj=+3.306 bg=+3.752) mse=5.396(obj=4.441 bg=5.439)  lr=1.39e-04  tot=1.1min
10:42:37  [ 78/100]  train nll=+3.608(obj=+3.151 bg=+3.629) mse=5.181(obj=4.053 bg=5.232)  val nll=+3.634(obj=+3.246 bg=+3.652) mse=5.279(obj=4.590 bg=5.311)  lr=1.27e-04  tot=1.1min
10:42:38  [ 79/100]  train nll=+3.685(obj=+3.163 bg=+3.706) mse=5.272(obj=4.251 bg=5.314)  val nll=+3.563(obj=+3.144 bg=+3.582) mse=5.133(obj=4.387 bg=5.169)  lr=1.17e-04  tot=1.1min
10:42:38    ↳ saved (val_nll=3.5631)
10:42:39  [ 80/100]  train nll=+3.678(obj=+3.204 bg=+3.699) mse=5.334(obj=4.282 bg=5.380)  val nll=+3.567(obj=+3.105 bg=+3.587) mse=5.099(obj=4.130 bg=5.142)  lr=1.06e-04  tot=1.1min
10:42:39  [ 81/100]  train nll=+3.562(obj=+3.076 bg=+3.583) mse=5.067(obj=3.969 bg=5.114)  val nll=+3.697(obj=+3.400 bg=+3.711) mse=5.261(obj=4.698 bg=5.290)  lr=9.64e-05  tot=1.1min
10:42:40  [ 82/100]  train nll=+3.608(obj=+3.080 bg=+3.630) mse=5.269(obj=4.128 bg=5.317)  val nll=+3.491(obj=+3.094 bg=+3.510) mse=4.982(obj=4.225 bg=5.020)  lr=8.69e-05  tot=1.1min
10:42:40    ↳ saved (val_nll=3.4913)
10:42:41  [ 83/100]  train nll=+3.615(obj=+3.123 bg=+3.635) mse=5.042(obj=3.996 bg=5.086)  val nll=+3.733(obj=+3.402 bg=+3.749) mse=5.456(obj=4.822 bg=5.489)  lr=7.79e-05  tot=1.1min
10:42:42  [ 84/100]  train nll=+3.641(obj=+3.139 bg=+3.661) mse=5.209(obj=4.207 bg=5.250)  val nll=+3.543(obj=+2.950 bg=+3.569) mse=5.134(obj=3.942 bg=5.187)  lr=6.93e-05  tot=1.2min
10:42:43  [ 85/100]  train nll=+3.604(obj=+3.070 bg=+3.627) mse=5.194(obj=4.051 bg=5.243)  val nll=+3.677(obj=+3.243 bg=+3.696) mse=5.415(obj=4.640 bg=5.451)  lr=6.12e-05  tot=1.2min
10:42:43  [ 86/100]  train nll=+3.555(obj=+3.055 bg=+3.576) mse=5.163(obj=4.133 bg=5.208)  val nll=+3.525(obj=+2.973 bg=+3.549) mse=5.109(obj=4.066 bg=5.155)  lr=5.36e-05  tot=1.2min
10:42:44  [ 87/100]  train nll=+3.615(obj=+3.109 bg=+3.637) mse=5.214(obj=4.105 bg=5.264)  val nll=+3.526(obj=+3.103 bg=+3.544) mse=4.973(obj=4.173 bg=5.009)  lr=4.65e-05  tot=1.2min
10:42:45  [ 88/100]  train nll=+3.516(obj=+3.046 bg=+3.536) mse=5.030(obj=4.127 bg=5.069)  val nll=+3.504(obj=+2.983 bg=+3.527) mse=5.233(obj=4.213 bg=5.280)  lr=3.98e-05  tot=1.2min
10:42:46  [ 89/100]  train nll=+3.457(obj=+2.938 bg=+3.479) mse=4.830(obj=3.876 bg=4.872)  val nll=+3.492(obj=+3.101 bg=+3.510) mse=4.923(obj=4.197 bg=4.958)  lr=3.37e-05  tot=1.2min
10:42:47  [ 90/100]  train nll=+3.685(obj=+3.300 bg=+3.702) mse=5.353(obj=4.445 bg=5.393)  val nll=+3.567(obj=+3.054 bg=+3.590) mse=5.234(obj=4.250 bg=5.278)  lr=2.81e-05  tot=1.2min
10:42:48  [ 91/100]  train nll=+3.527(obj=+2.969 bg=+3.551) mse=5.207(obj=4.186 bg=5.254)  val nll=+3.433(obj=+2.959 bg=+3.455) mse=4.915(obj=4.184 bg=4.950)  lr=2.30e-05  tot=1.2min
10:42:48    ↳ saved (val_nll=3.4334)
10:42:48  [ 92/100]  train nll=+3.509(obj=+2.994 bg=+3.531) mse=5.080(obj=4.137 bg=5.120)  val nll=+3.495(obj=+2.976 bg=+3.517) mse=5.035(obj=4.153 bg=5.074)  lr=1.84e-05  tot=1.3min
10:42:49  [ 93/100]  train nll=+3.478(obj=+2.904 bg=+3.503) mse=5.044(obj=3.976 bg=5.092)  val nll=+3.462(obj=+2.946 bg=+3.485) mse=4.967(obj=4.206 bg=5.004)  lr=1.43e-05  tot=1.3min
10:42:50  [ 94/100]  train nll=+3.478(obj=+2.947 bg=+3.500) mse=5.086(obj=4.036 bg=5.130)  val nll=+3.501(obj=+3.104 bg=+3.519) mse=5.045(obj=4.377 bg=5.078)  lr=1.08e-05  tot=1.3min
10:42:50  [ 95/100]  train nll=+3.528(obj=+3.016 bg=+3.551) mse=5.057(obj=4.109 bg=5.100)  val nll=+3.466(obj=+2.844 bg=+3.494) mse=5.135(obj=3.925 bg=5.189)  lr=7.81e-06  tot=1.3min
10:42:51  [ 96/100]  train nll=+3.507(obj=+2.990 bg=+3.530) mse=4.990(obj=4.069 bg=5.032)  val nll=+3.415(obj=+2.887 bg=+3.438) mse=4.960(obj=4.037 bg=5.001)  lr=5.36e-06  tot=1.3min
10:42:51    ↳ saved (val_nll=3.4152)
10:42:52  [ 97/100]  train nll=+3.539(obj=+2.905 bg=+3.566) mse=5.176(obj=3.822 bg=5.233)  val nll=+3.389(obj=+2.903 bg=+3.411) mse=4.863(obj=4.095 bg=4.900)  lr=3.46e-06  tot=1.3min
10:42:52    ↳ saved (val_nll=3.3890)
10:42:53  [ 98/100]  train nll=+3.557(obj=+3.144 bg=+3.575) mse=5.175(obj=4.389 bg=5.210)  val nll=+3.435(obj=+2.919 bg=+3.458) mse=4.953(obj=4.014 bg=4.996)  lr=2.09e-06  tot=1.3min
10:42:54  [ 99/100]  train nll=+3.415(obj=+2.913 bg=+3.437) mse=4.839(obj=3.863 bg=4.883)  val nll=+3.466(obj=+2.946 bg=+3.490) mse=5.009(obj=4.059 bg=5.052)  lr=1.27e-06  tot=1.4min
10:42:54  [100/100]  train nll=+3.447(obj=+2.912 bg=+3.471) mse=5.001(obj=4.019 bg=5.046)  val nll=+3.416(obj=+3.015 bg=+3.434) mse=4.982(obj=4.414 bg=5.011)  lr=1.00e-06  tot=1.4min
10:42:54  Best val NLL: 3.3890  |  time: 1.4min
10:43:00  Saved 12 vis → experiments/ps_v9_overfit500/vis
10:43:00  Report saved → report.html
