17:56:41  accelerate: num_processes=8 mixed_precision=fp16 device=cuda:0
17:56:41    [/raid/home/hfunaya/cache_v5/kamikado_v3_full] train=1004 val=98 (os=10) u_band=0.0 crop_px=512-512 mode=calib
17:56:41    [/raid/home/hfunaya/cache_v5/woven_v3_full] train=1400 val=389 (os=8) u_band=0.0 crop_px=512-512 mode=calib
17:56:41  SCENE-level split (from the cache meta): train=2404 val=487 frames — val scenes are never trained on
17:56:44  params: 1.14M  (world_size=8, bs/rank=4, global_bs=32)
17:56:44  resumed weights from experiments/front_670x3/best_model.pt (missing=0 unexpected=0)
17:57:42  ep001/30  tr_nll=6.1497 tr_mse=11.959  va_nll=4.4616 va_mse=9.257  lr=1.20e-04  ep_t=58.1s  total=1.0min
17:57:42  ep001/30   POSE rot=0.3066deg t=0.0783m chi2r=0.2 sigma=11.863px frac_pd=1.00
17:58:28    ↳ best val_nll=4.4616  saved experiments/kmwv_s1_pts_512r256_0831_0248/best_model.pt (4.62 MB)
17:58:49  ep002/30  tr_nll=4.0939 tr_mse=7.509  va_nll=nan va_mse=nan  lr=1.80e-04  ep_t=20.9s  total=2.1min
17:59:10  ep003/30  tr_nll=3.9117 tr_mse=6.873  va_nll=nan va_mse=nan  lr=2.40e-04  ep_t=20.9s  total=2.4min
17:59:30  ep004/30  tr_nll=3.6638 tr_mse=6.309  va_nll=nan va_mse=nan  lr=3.00e-04  ep_t=19.2s  total=2.8min
17:59:55  ep005/30  tr_nll=3.5654 tr_mse=6.201  va_nll=3.5728 va_mse=6.896  lr=3.00e-04  ep_t=25.0s  total=3.2min
17:59:55  ep005/30   POSE rot=0.2827deg t=0.0701m chi2r=0.3 sigma=6.242px frac_pd=1.00
18:00:40    ↳ best val_nll=3.5728  saved experiments/kmwv_s1_pts_512r256_0831_0248/best_model.pt (4.62 MB)
18:01:01  ep006/30  tr_nll=3.4315 tr_mse=5.907  va_nll=nan va_mse=nan  lr=2.99e-04  ep_t=20.3s  total=4.3min
18:01:22  ep007/30  tr_nll=3.3551 tr_mse=5.776  va_nll=nan va_mse=nan  lr=2.95e-04  ep_t=21.0s  total=4.6min
18:01:41  ep008/30  tr_nll=3.2668 tr_mse=5.509  va_nll=nan va_mse=nan  lr=2.90e-04  ep_t=18.9s  total=5.0min
18:02:01  ep009/30  tr_nll=3.1882 tr_mse=5.359  va_nll=nan va_mse=nan  lr=2.82e-04  ep_t=19.3s  total=5.3min
18:02:24  ep010/30  tr_nll=3.1613 tr_mse=5.414  va_nll=3.2386 va_mse=5.828  lr=2.71e-04  ep_t=22.9s  total=5.7min
18:02:24  ep010/30   POSE rot=0.2745deg t=0.0698m chi2r=0.4 sigma=5.340px frac_pd=1.00
18:03:03    ↳ best val_nll=3.2386  saved experiments/kmwv_s1_pts_512r256_0831_0248/best_model.pt (4.62 MB)
18:03:24  ep011/30  tr_nll=3.1532 tr_mse=5.367  va_nll=nan va_mse=nan  lr=2.59e-04  ep_t=21.0s  total=6.7min
18:03:44  ep012/30  tr_nll=3.1544 tr_mse=5.330  va_nll=nan va_mse=nan  lr=2.46e-04  ep_t=19.2s  total=7.0min
18:04:05  ep013/30  tr_nll=2.9946 tr_mse=4.928  va_nll=nan va_mse=nan  lr=2.31e-04  ep_t=21.1s  total=7.3min
18:04:24  ep014/30  tr_nll=3.1472 tr_mse=5.224  va_nll=nan va_mse=nan  lr=2.14e-04  ep_t=19.2s  total=7.7min
18:04:48  ep015/30  tr_nll=3.0086 tr_mse=5.025  va_nll=3.3302 va_mse=6.082  lr=1.97e-04  ep_t=24.0s  total=8.1min
18:04:48  ep015/30   POSE rot=0.2616deg t=0.0706m chi2r=0.5 sigma=4.695px frac_pd=1.00
18:05:51  ep016/30  tr_nll=3.0070 tr_mse=4.976  va_nll=nan va_mse=nan  lr=1.79e-04  ep_t=18.6s  total=9.1min
18:06:10  ep017/30  tr_nll=2.9644 tr_mse=4.836  va_nll=nan va_mse=nan  lr=1.60e-04  ep_t=18.9s  total=9.4min
18:06:30  ep018/30  tr_nll=2.9927 tr_mse=4.863  va_nll=nan va_mse=nan  lr=1.41e-04  ep_t=20.2s  total=9.8min
18:06:49  ep019/30  tr_nll=2.9102 tr_mse=4.775  va_nll=nan va_mse=nan  lr=1.22e-04  ep_t=19.2s  total=10.1min
18:07:13  ep020/30  tr_nll=2.9295 tr_mse=4.879  va_nll=3.0162 va_mse=5.263  lr=1.04e-04  ep_t=24.0s  total=10.5min
18:07:13  ep020/30   POSE rot=0.2768deg t=0.0671m chi2r=0.5 sigma=4.480px frac_pd=1.00
18:07:59    ↳ best val_nll=3.0162  saved experiments/kmwv_s1_pts_512r256_0831_0248/best_model.pt (4.62 MB)
18:08:18  ep021/30  tr_nll=2.9383 tr_mse=4.902  va_nll=nan va_mse=nan  lr=8.68e-05  ep_t=19.5s  total=11.6min
18:08:39  ep022/30  tr_nll=2.9277 tr_mse=4.726  va_nll=nan va_mse=nan  lr=7.04e-05  ep_t=20.4s  total=11.9min
18:08:59  ep023/30  tr_nll=2.9117 tr_mse=4.801  va_nll=nan va_mse=nan  lr=5.52e-05  ep_t=19.7s  total=12.2min
18:09:19  ep024/30  tr_nll=2.8900 tr_mse=4.643  va_nll=nan va_mse=nan  lr=4.15e-05  ep_t=20.4s  total=12.6min
18:09:43  ep025/30  tr_nll=2.8725 tr_mse=4.734  va_nll=3.0482 va_mse=5.567  lr=2.96e-05  ep_t=24.1s  total=13.0min
18:09:43  ep025/30   POSE rot=0.2609deg t=0.0646m chi2r=0.5 sigma=4.579px frac_pd=1.00
18:10:49  ep026/30  tr_nll=2.8205 tr_mse=4.571  va_nll=nan va_mse=nan  lr=1.95e-05  ep_t=20.8s  total=14.1min
18:11:10  ep027/30  tr_nll=2.8492 tr_mse=4.618  va_nll=nan va_mse=nan  lr=1.15e-05  ep_t=21.1s  total=14.4min
18:11:31  ep028/30  tr_nll=2.8158 tr_mse=4.596  va_nll=nan va_mse=nan  lr=5.70e-06  ep_t=21.4s  total=14.8min
18:11:53  ep029/30  tr_nll=2.8166 tr_mse=4.566  va_nll=nan va_mse=nan  lr=2.18e-06  ep_t=21.2s  total=15.1min
18:12:16  ep030/30  tr_nll=2.8516 tr_mse=4.628  va_nll=3.1359 va_mse=5.536  lr=1.00e-06  ep_t=23.7s  total=15.5min
18:12:16  ep030/30   POSE rot=0.2660deg t=0.0667m chi2r=0.5 sigma=4.683px frac_pd=1.00
