09:23:36  loading cache /mnt/nvme6t/e2e_calib_cache/pandaset_mc_s64_lazy (~48GB, disk-backed lazy, instant)
09:23:36  train cache loaded: 90251 instances
09:23:36  val cache loaded: 10580 instances
09:23:36  object-level split: train=90748 val=10083 (seed=42)
09:23:36  params: 0.98M
09:24:10  [  1/100]  train nll=+4.570(obj=+4.127 bg=+4.587) mse=8.334(obj=6.720 bg=8.398)  val nll=+4.477(obj=+4.058 bg=+4.493) mse=8.240(obj=6.674 bg=8.299)  lr=4.00e-04  tot=0.6min
09:24:10    ↳ saved (val_nll=4.4770)
09:24:43  [  2/100]  train nll=+4.450(obj=+3.989 bg=+4.469) mse=8.178(obj=6.462 bg=8.246)  val nll=+4.374(obj=+3.952 bg=+4.390) mse=8.028(obj=6.394 bg=8.091)  lr=6.00e-04  tot=1.1min
09:24:43    ↳ saved (val_nll=4.3741)
09:25:16  [  3/100]  train nll=+4.405(obj=+3.914 bg=+4.424) mse=8.054(obj=6.217 bg=8.125)  val nll=+4.317(obj=+3.846 bg=+4.335) mse=7.883(obj=6.271 bg=7.943)  lr=8.00e-04  tot=1.7min
09:25:16    ↳ saved (val_nll=4.3167)
09:25:49  [  4/100]  train nll=+4.343(obj=+3.818 bg=+4.364) mse=7.874(obj=5.995 bg=7.947)  val nll=+4.257(obj=+3.790 bg=+4.275) mse=7.714(obj=5.993 bg=7.781)  lr=1.00e-03  tot=2.2min
09:25:49    ↳ saved (val_nll=4.2572)
09:26:22  [  5/100]  train nll=+4.258(obj=+3.690 bg=+4.280) mse=7.677(obj=5.737 bg=7.751)  val nll=+4.149(obj=+3.570 bg=+4.173) mse=7.472(obj=5.666 bg=7.543)  lr=1.00e-03  tot=2.8min
09:26:22    ↳ saved (val_nll=4.1494)
09:26:55  [  6/100]  train nll=+4.141(obj=+3.548 bg=+4.165) mse=7.453(obj=5.539 bg=7.528)  val nll=+4.154(obj=+3.559 bg=+4.177) mse=7.530(obj=5.594 bg=7.604)  lr=1.00e-03  tot=3.3min
09:27:29  [  7/100]  train nll=+4.065(obj=+3.464 bg=+4.089) mse=7.310(obj=5.419 bg=7.385)  val nll=+4.055(obj=+3.501 bg=+4.076) mse=7.270(obj=5.440 bg=7.340)  lr=9.99e-04  tot=3.9min
09:27:29    ↳ saved (val_nll=4.0545)
09:28:02  [  8/100]  train nll=+4.011(obj=+3.366 bg=+4.037) mse=7.255(obj=5.302 bg=7.331)  val nll=+4.012(obj=+3.354 bg=+4.037) mse=7.116(obj=5.360 bg=7.181)  lr=9.98e-04  tot=4.4min
09:28:02    ↳ saved (val_nll=4.0117)
09:28:37  [  9/100]  train nll=+3.954(obj=+3.307 bg=+3.980) mse=7.157(obj=5.241 bg=7.233)  val nll=+3.921(obj=+3.228 bg=+3.948) mse=7.149(obj=5.242 bg=7.222)  lr=9.96e-04  tot=5.0min
09:28:37    ↳ saved (val_nll=3.9210)
09:29:12  [ 10/100]  train nll=+3.912(obj=+3.254 bg=+3.937) mse=7.091(obj=5.193 bg=7.166)  val nll=+3.754(obj=+3.031 bg=+3.781) mse=6.908(obj=4.990 bg=6.982)  lr=9.93e-04  tot=5.6min
09:29:12    ↳ saved (val_nll=3.7537)
09:29:47  [ 11/100]  train nll=+3.831(obj=+3.137 bg=+3.858) mse=6.862(obj=4.918 bg=6.937)  val nll=+3.814(obj=+3.054 bg=+3.843) mse=6.590(obj=4.543 bg=6.670)  lr=9.90e-04  tot=6.2min
09:30:21  [ 12/100]  train nll=+3.681(obj=+2.890 bg=+3.712) mse=6.313(obj=4.079 bg=6.401)  val nll=+3.607(obj=+2.788 bg=+3.638) mse=6.103(obj=3.820 bg=6.190)  lr=9.87e-04  tot=6.8min
09:30:21    ↳ saved (val_nll=3.6066)
09:30:56  [ 13/100]  train nll=+3.549(obj=+2.663 bg=+3.584) mse=5.995(obj=3.636 bg=6.087)  val nll=+3.351(obj=+2.384 bg=+3.388) mse=5.625(obj=3.256 bg=5.716)  lr=9.83e-04  tot=7.3min
09:30:56    ↳ saved (val_nll=3.3509)
09:31:30  [ 14/100]  train nll=+3.426(obj=+2.510 bg=+3.462) mse=5.724(obj=3.379 bg=5.816)  val nll=+3.372(obj=+2.423 bg=+3.409) mse=5.660(obj=3.329 bg=5.750)  lr=9.78e-04  tot=7.9min
09:32:04  [ 15/100]  train nll=+3.340(obj=+2.380 bg=+3.378) mse=5.571(obj=3.172 bg=5.666)  val nll=+3.303(obj=+2.411 bg=+3.336) mse=5.366(obj=3.084 bg=5.452)  lr=9.73e-04  tot=8.5min
09:32:04    ↳ saved (val_nll=3.3027)
09:32:37  [ 16/100]  train nll=+3.272(obj=+2.308 bg=+3.310) mse=5.452(obj=3.083 bg=5.545)  val nll=+3.149(obj=+2.168 bg=+3.186) mse=5.204(obj=2.912 bg=5.292)  lr=9.67e-04  tot=9.0min
09:32:37    ↳ saved (val_nll=3.1486)
09:33:15  [ 17/100]  train nll=+3.234(obj=+2.241 bg=+3.273) mse=5.368(obj=2.974 bg=5.462)  val nll=+3.055(obj=+2.112 bg=+3.091) mse=5.082(obj=2.947 bg=5.165)  lr=9.61e-04  tot=9.6min
09:33:15    ↳ saved (val_nll=3.0546)
09:33:49  [ 18/100]  train nll=+3.157(obj=+2.148 bg=+3.197) mse=5.227(obj=2.868 bg=5.319)  val nll=+3.063(obj=+2.085 bg=+3.101) mse=5.154(obj=2.833 bg=5.245)  lr=9.55e-04  tot=10.2min
09:34:22  [ 19/100]  train nll=+3.121(obj=+2.109 bg=+3.160) mse=5.177(obj=2.828 bg=5.269)  val nll=+3.138(obj=+2.269 bg=+3.172) mse=5.129(obj=2.872 bg=5.217)  lr=9.47e-04  tot=10.8min
09:34:55  [ 20/100]  train nll=+3.085(obj=+2.042 bg=+3.126) mse=5.137(obj=2.742 bg=5.231)  val nll=+3.056(obj=+2.169 bg=+3.090) mse=4.956(obj=2.741 bg=5.040)  lr=9.40e-04  tot=11.3min
09:35:29  [ 21/100]  train nll=+3.037(obj=+1.983 bg=+3.078) mse=5.041(obj=2.654 bg=5.134)  val nll=+2.833(obj=+1.665 bg=+2.878) mse=4.783(obj=2.339 bg=4.876)  lr=9.32e-04  tot=11.9min
09:35:29    ↳ saved (val_nll=2.8333)
09:36:01  [ 22/100]  train nll=+3.005(obj=+1.966 bg=+3.045) mse=4.981(obj=2.647 bg=5.072)  val nll=+3.118(obj=+2.303 bg=+3.151) mse=5.074(obj=2.873 bg=5.161)  lr=9.23e-04  tot=12.4min
09:36:34  [ 23/100]  train nll=+2.969(obj=+1.902 bg=+3.011) mse=4.947(obj=2.575 bg=5.039)  val nll=+2.881(obj=+1.898 bg=+2.918) mse=4.790(obj=2.595 bg=4.873)  lr=9.14e-04  tot=13.0min
09:37:07  [ 24/100]  train nll=+2.926(obj=+1.858 bg=+2.968) mse=4.853(obj=2.516 bg=4.945)  val nll=+2.868(obj=+1.804 bg=+2.908) mse=4.785(obj=2.473 bg=4.872)  lr=9.05e-04  tot=13.5min
09:37:40  [ 25/100]  train nll=+2.903(obj=+1.832 bg=+2.946) mse=4.812(obj=2.502 bg=4.903)  val nll=+2.812(obj=+1.722 bg=+2.854) mse=4.761(obj=2.562 bg=4.845)  lr=8.95e-04  tot=14.1min
09:37:40    ↳ saved (val_nll=2.8120)
09:38:12  [ 26/100]  train nll=+2.889(obj=+1.792 bg=+2.932) mse=4.810(obj=2.443 bg=4.902)  val nll=+2.928(obj=+1.849 bg=+2.970) mse=4.812(obj=2.528 bg=4.900)  lr=8.84e-04  tot=14.6min
09:38:45  [ 27/100]  train nll=+2.867(obj=+1.781 bg=+2.909) mse=4.776(obj=2.442 bg=4.868)  val nll=+2.728(obj=+1.699 bg=+2.767) mse=4.560(obj=2.367 bg=4.643)  lr=8.74e-04  tot=15.1min
09:38:45    ↳ saved (val_nll=2.7277)
09:39:20  [ 28/100]  train nll=+2.834(obj=+1.731 bg=+2.878) mse=4.726(obj=2.383 bg=4.817)  val nll=+2.662(obj=+1.518 bg=+2.707) mse=4.516(obj=2.231 bg=4.607)  lr=8.62e-04  tot=15.7min
09:39:20    ↳ saved (val_nll=2.6619)
09:39:54  [ 29/100]  train nll=+2.818(obj=+1.709 bg=+2.861) mse=4.710(obj=2.384 bg=4.801)  val nll=+2.731(obj=+1.660 bg=+2.772) mse=4.520(obj=2.369 bg=4.601)  lr=8.51e-04  tot=16.3min
09:40:27  [ 30/100]  train nll=+2.791(obj=+1.674 bg=+2.835) mse=4.665(obj=2.315 bg=4.758)  val nll=+2.621(obj=+1.490 bg=+2.665) mse=4.432(obj=2.182 bg=4.517)  lr=8.39e-04  tot=16.8min
09:40:27    ↳ saved (val_nll=2.6215)
09:41:00  [ 31/100]  train nll=+2.796(obj=+1.685 bg=+2.840) mse=4.660(obj=2.329 bg=4.751)  val nll=+2.727(obj=+1.774 bg=+2.764) mse=4.526(obj=2.354 bg=4.611)  lr=8.26e-04  tot=17.4min
09:41:32  [ 32/100]  train nll=+2.748(obj=+1.622 bg=+2.792) mse=4.599(obj=2.266 bg=4.691)  val nll=+2.580(obj=+1.392 bg=+2.626) mse=4.412(obj=2.081 bg=4.500)  lr=8.14e-04  tot=17.9min
09:41:32    ↳ saved (val_nll=2.5796)
09:42:06  [ 33/100]  train nll=+2.707(obj=+1.559 bg=+2.752) mse=4.537(obj=2.219 bg=4.628)  val nll=+2.709(obj=+1.643 bg=+2.751) mse=4.569(obj=2.294 bg=4.659)  lr=8.01e-04  tot=18.5min
09:42:39  [ 34/100]  train nll=+2.705(obj=+1.568 bg=+2.749) mse=4.543(obj=2.227 bg=4.634)  val nll=+2.547(obj=+1.391 bg=+2.592) mse=4.274(obj=2.101 bg=4.357)  lr=7.87e-04  tot=19.0min
09:42:39    ↳ saved (val_nll=2.5470)
09:43:12  [ 35/100]  train nll=+2.684(obj=+1.550 bg=+2.728) mse=4.509(obj=2.193 bg=4.600)  val nll=+2.474(obj=+1.257 bg=+2.521) mse=4.251(obj=2.029 bg=4.336)  lr=7.74e-04  tot=19.6min
09:43:12    ↳ saved (val_nll=2.4742)
09:43:45  [ 36/100]  train nll=+2.664(obj=+1.516 bg=+2.708) mse=4.474(obj=2.173 bg=4.563)  val nll=+2.566(obj=+1.344 bg=+2.613) mse=4.356(obj=2.091 bg=4.443)  lr=7.60e-04  tot=20.1min
09:44:18  [ 37/100]  train nll=+2.644(obj=+1.473 bg=+2.690) mse=4.464(obj=2.123 bg=4.556)  val nll=+2.487(obj=+1.259 bg=+2.534) mse=4.274(obj=1.944 bg=4.362)  lr=7.45e-04  tot=20.7min
09:44:51  [ 38/100]  train nll=+2.621(obj=+1.478 bg=+2.666) mse=4.420(obj=2.132 bg=4.509)  val nll=+2.487(obj=+1.373 bg=+2.529) mse=4.201(obj=2.036 bg=4.282)  lr=7.31e-04  tot=21.2min
09:45:24  [ 39/100]  train nll=+2.607(obj=+1.451 bg=+2.652) mse=4.413(obj=2.118 bg=4.502)  val nll=+2.680(obj=+1.765 bg=+2.716) mse=4.428(obj=2.318 bg=4.509)  lr=7.16e-04  tot=21.8min
09:45:57  [ 40/100]  train nll=+2.587(obj=+1.433 bg=+2.632) mse=4.359(obj=2.090 bg=4.447)  val nll=+2.525(obj=+1.355 bg=+2.570) mse=4.289(obj=2.073 bg=4.374)  lr=7.01e-04  tot=22.3min
09:46:30  [ 41/100]  train nll=+2.560(obj=+1.390 bg=+2.605) mse=4.319(obj=2.045 bg=4.407)  val nll=+2.501(obj=+1.437 bg=+2.542) mse=4.204(obj=2.105 bg=4.285)  lr=6.86e-04  tot=22.9min
09:47:02  [ 42/100]  train nll=+2.538(obj=+1.371 bg=+2.584) mse=4.285(obj=2.050 bg=4.372)  val nll=+2.431(obj=+1.141 bg=+2.480) mse=4.193(obj=1.903 bg=4.280)  lr=6.70e-04  tot=23.4min
09:47:02    ↳ saved (val_nll=2.4312)
09:47:35  [ 43/100]  train nll=+2.547(obj=+1.388 bg=+2.593) mse=4.330(obj=2.069 bg=4.419)  val nll=+2.378(obj=+1.225 bg=+2.422) mse=4.083(obj=1.869 bg=4.167)  lr=6.55e-04  tot=24.0min
09:47:35    ↳ saved (val_nll=2.3778)
09:48:07  [ 44/100]  train nll=+2.531(obj=+1.363 bg=+2.577) mse=4.304(obj=2.031 bg=4.394)  val nll=+2.377(obj=+1.214 bg=+2.422) mse=4.076(obj=1.971 bg=4.156)  lr=6.39e-04  tot=24.5min
09:48:07    ↳ saved (val_nll=2.3775)
09:48:40  [ 45/100]  train nll=+2.502(obj=+1.317 bg=+2.548) mse=4.253(obj=1.998 bg=4.342)  val nll=+2.411(obj=+1.274 bg=+2.456) mse=4.156(obj=1.969 bg=4.241)  lr=6.23e-04  tot=25.1min
09:49:13  [ 46/100]  train nll=+2.489(obj=+1.320 bg=+2.535) mse=4.232(obj=1.999 bg=4.319)  val nll=+2.497(obj=+1.317 bg=+2.543) mse=4.210(obj=2.015 bg=4.296)  lr=6.07e-04  tot=25.6min
09:49:46  [ 47/100]  train nll=+2.467(obj=+1.289 bg=+2.513) mse=4.208(obj=1.960 bg=4.295)  val nll=+2.340(obj=+1.156 bg=+2.384) mse=4.084(obj=1.934 bg=4.164)  lr=5.91e-04  tot=26.2min
09:49:46    ↳ saved (val_nll=2.3397)
09:50:18  [ 48/100]  train nll=+2.450(obj=+1.269 bg=+2.496) mse=4.192(obj=1.953 bg=4.279)  val nll=+2.267(obj=+1.004 bg=+2.315) mse=4.016(obj=1.796 bg=4.100)  lr=5.75e-04  tot=26.7min
09:50:18    ↳ saved (val_nll=2.2669)
09:50:51  [ 49/100]  train nll=+2.441(obj=+1.236 bg=+2.488) mse=4.178(obj=1.937 bg=4.265)  val nll=+2.358(obj=+1.104 bg=+2.407) mse=4.084(obj=1.835 bg=4.171)  lr=5.58e-04  tot=27.2min
09:51:23  [ 50/100]  train nll=+2.428(obj=+1.230 bg=+2.475) mse=4.171(obj=1.915 bg=4.259)  val nll=+2.257(obj=+1.013 bg=+2.305) mse=3.956(obj=1.733 bg=4.042)  lr=5.42e-04  tot=27.8min
09:51:23    ↳ saved (val_nll=2.2570)
09:51:57  [ 51/100]  train nll=+2.402(obj=+1.196 bg=+2.449) mse=4.115(obj=1.886 bg=4.201)  val nll=+2.319(obj=+1.138 bg=+2.364) mse=3.984(obj=1.818 bg=4.068)  lr=5.25e-04  tot=28.3min
09:52:29  [ 52/100]  train nll=+2.398(obj=+1.190 bg=+2.445) mse=4.142(obj=1.893 bg=4.229)  val nll=+2.261(obj=+1.004 bg=+2.310) mse=3.937(obj=1.766 bg=4.020)  lr=5.09e-04  tot=28.9min
09:53:02  [ 53/100]  train nll=+2.374(obj=+1.163 bg=+2.421) mse=4.088(obj=1.868 bg=4.174)  val nll=+2.312(obj=+1.139 bg=+2.356) mse=4.010(obj=1.822 bg=4.092)  lr=4.92e-04  tot=29.4min
09:53:35  [ 54/100]  train nll=+2.368(obj=+1.156 bg=+2.416) mse=4.078(obj=1.857 bg=4.164)  val nll=+2.263(obj=+1.014 bg=+2.312) mse=3.956(obj=1.761 bg=4.041)  lr=4.76e-04  tot=30.0min
09:54:08  [ 55/100]  train nll=+2.346(obj=+1.132 bg=+2.394) mse=4.041(obj=1.820 bg=4.127)  val nll=+2.364(obj=+1.213 bg=+2.408) mse=4.001(obj=1.917 bg=4.080)  lr=4.59e-04  tot=30.5min
09:54:41  [ 56/100]  train nll=+2.340(obj=+1.134 bg=+2.387) mse=4.066(obj=1.844 bg=4.153)  val nll=+2.266(obj=+1.084 bg=+2.311) mse=3.999(obj=1.825 bg=4.081)  lr=4.43e-04  tot=31.1min
09:55:14  [ 57/100]  train nll=+2.323(obj=+1.107 bg=+2.371) mse=4.023(obj=1.826 bg=4.108)  val nll=+2.236(obj=+0.975 bg=+2.285) mse=3.984(obj=1.680 bg=4.072)  lr=4.26e-04  tot=31.6min
09:55:14    ↳ saved (val_nll=2.2361)
09:55:47  [ 58/100]  train nll=+2.309(obj=+1.083 bg=+2.358) mse=4.007(obj=1.797 bg=4.094)  val nll=+2.212(obj=+0.945 bg=+2.259) mse=3.954(obj=1.744 bg=4.036)  lr=4.10e-04  tot=32.2min
09:55:47    ↳ saved (val_nll=2.2115)
09:56:20  [ 59/100]  train nll=+2.297(obj=+1.056 bg=+2.346) mse=3.977(obj=1.776 bg=4.064)  val nll=+2.236(obj=+1.042 bg=+2.283) mse=3.895(obj=1.735 bg=3.978)  lr=3.94e-04  tot=32.7min
09:56:53  [ 60/100]  train nll=+2.284(obj=+1.051 bg=+2.332) mse=3.963(obj=1.774 bg=4.048)  val nll=+2.117(obj=+0.849 bg=+2.168) mse=3.796(obj=1.629 bg=3.881)  lr=3.78e-04  tot=33.3min
09:56:53    ↳ saved (val_nll=2.1171)
09:57:25  [ 61/100]  train nll=+2.259(obj=+1.046 bg=+2.306) mse=3.932(obj=1.777 bg=4.015)  val nll=+2.127(obj=+0.839 bg=+2.176) mse=3.836(obj=1.638 bg=3.918)  lr=3.62e-04  tot=33.8min
09:57:58  [ 62/100]  train nll=+2.252(obj=+1.008 bg=+2.301) mse=3.931(obj=1.737 bg=4.017)  val nll=+2.152(obj=+0.904 bg=+2.200) mse=3.880(obj=1.693 bg=3.962)  lr=3.46e-04  tot=34.4min
09:58:32  [ 63/100]  train nll=+2.233(obj=+1.019 bg=+2.281) mse=3.903(obj=1.755 bg=3.988)  val nll=+2.145(obj=+0.808 bg=+2.198) mse=3.844(obj=1.619 bg=3.931)  lr=3.31e-04  tot=34.9min
09:59:05  [ 64/100]  train nll=+2.226(obj=+0.995 bg=+2.275) mse=3.890(obj=1.738 bg=3.974)  val nll=+2.092(obj=+0.852 bg=+2.139) mse=3.758(obj=1.634 bg=3.838)  lr=3.15e-04  tot=35.5min
09:59:05    ↳ saved (val_nll=2.0917)
09:59:39  [ 65/100]  train nll=+2.219(obj=+0.981 bg=+2.267) mse=3.878(obj=1.714 bg=3.962)  val nll=+2.064(obj=+0.815 bg=+2.113) mse=3.711(obj=1.567 bg=3.794)  lr=3.00e-04  tot=36.0min
09:59:39    ↳ saved (val_nll=2.0642)
10:00:13  [ 66/100]  train nll=+2.197(obj=+0.966 bg=+2.245) mse=3.860(obj=1.714 bg=3.944)  val nll=+2.047(obj=+0.793 bg=+2.094) mse=3.719(obj=1.612 bg=3.798)  lr=2.85e-04  tot=36.6min
10:00:13    ↳ saved (val_nll=2.0467)
10:00:47  [ 67/100]  train nll=+2.186(obj=+0.953 bg=+2.234) mse=3.850(obj=1.694 bg=3.934)  val nll=+2.060(obj=+0.743 bg=+2.110) mse=3.715(obj=1.553 bg=3.797)  lr=2.70e-04  tot=37.2min
10:01:21  [ 68/100]  train nll=+2.170(obj=+0.936 bg=+2.218) mse=3.819(obj=1.684 bg=3.902)  val nll=+2.031(obj=+0.810 bg=+2.077) mse=3.645(obj=1.561 bg=3.723)  lr=2.56e-04  tot=37.7min
10:01:21    ↳ saved (val_nll=2.0308)
10:01:54  [ 69/100]  train nll=+2.175(obj=+0.919 bg=+2.224) mse=3.841(obj=1.657 bg=3.926)  val nll=+2.013(obj=+0.712 bg=+2.062) mse=3.659(obj=1.483 bg=3.740)  lr=2.41e-04  tot=38.3min
10:01:54    ↳ saved (val_nll=2.0131)
10:02:27  [ 70/100]  train nll=+2.139(obj=+0.904 bg=+2.187) mse=3.770(obj=1.659 bg=3.851)  val nll=+2.040(obj=+0.767 bg=+2.090) mse=3.630(obj=1.582 bg=3.710)  lr=2.27e-04  tot=38.9min
10:03:02  [ 71/100]  train nll=+2.137(obj=+0.902 bg=+2.185) mse=3.768(obj=1.648 bg=3.850)  val nll=+2.007(obj=+0.821 bg=+2.052) mse=3.561(obj=1.591 bg=3.636)  lr=2.14e-04  tot=39.4min
10:03:02    ↳ saved (val_nll=2.0065)
10:03:36  [ 72/100]  train nll=+2.124(obj=+0.865 bg=+2.173) mse=3.766(obj=1.636 bg=3.850)  val nll=+2.030(obj=+0.843 bg=+2.075) mse=3.620(obj=1.643 bg=3.696)  lr=2.00e-04  tot=40.0min
10:04:11  [ 73/100]  train nll=+2.119(obj=+0.878 bg=+2.167) mse=3.735(obj=1.656 bg=3.816)  val nll=+1.992(obj=+0.717 bg=+2.042) mse=3.618(obj=1.509 bg=3.700)  lr=1.87e-04  tot=40.6min
10:04:11    ↳ saved (val_nll=1.9916)
10:04:47  [ 74/100]  train nll=+2.107(obj=+0.866 bg=+2.156) mse=3.741(obj=1.644 bg=3.822)  val nll=+1.938(obj=+0.638 bg=+1.987) mse=3.570(obj=1.455 bg=3.648)  lr=1.75e-04  tot=41.2min
10:04:47    ↳ saved (val_nll=1.9378)
10:05:20  [ 75/100]  train nll=+2.099(obj=+0.848 bg=+2.149) mse=3.749(obj=1.626 bg=3.833)  val nll=+1.947(obj=+0.655 bg=+1.998) mse=3.571(obj=1.480 bg=3.652)  lr=1.62e-04  tot=41.7min
10:05:55  [ 76/100]  train nll=+2.085(obj=+0.828 bg=+2.134) mse=3.724(obj=1.600 bg=3.806)  val nll=+1.970(obj=+0.664 bg=+2.021) mse=3.588(obj=1.473 bg=3.670)  lr=1.50e-04  tot=42.3min
10:06:29  [ 77/100]  train nll=+2.074(obj=+0.811 bg=+2.124) mse=3.698(obj=1.593 bg=3.780)  val nll=+1.925(obj=+0.673 bg=+1.974) mse=3.584(obj=1.508 bg=3.664)  lr=1.39e-04  tot=42.9min
10:06:29    ↳ saved (val_nll=1.9249)
10:07:03  [ 78/100]  train nll=+2.058(obj=+0.792 bg=+2.108) mse=3.685(obj=1.576 bg=3.767)  val nll=+1.991(obj=+0.733 bg=+2.041) mse=3.613(obj=1.473 bg=3.696)  lr=1.27e-04  tot=43.4min
10:07:37  [ 79/100]  train nll=+2.059(obj=+0.796 bg=+2.110) mse=3.688(obj=1.572 bg=3.772)  val nll=+1.928(obj=+0.642 bg=+1.976) mse=3.565(obj=1.453 bg=3.644)  lr=1.17e-04  tot=44.0min
10:08:10  [ 80/100]  train nll=+2.032(obj=+0.780 bg=+2.081) mse=3.644(obj=1.574 bg=3.724)  val nll=+1.935(obj=+0.636 bg=+1.986) mse=3.527(obj=1.463 bg=3.606)  lr=1.06e-04  tot=44.6min
10:08:43  [ 81/100]  train nll=+2.035(obj=+0.775 bg=+2.085) mse=3.656(obj=1.562 bg=3.738)  val nll=+1.875(obj=+0.587 bg=+1.924) mse=3.488(obj=1.425 bg=3.566)  lr=9.64e-05  tot=45.1min
10:08:43    ↳ saved (val_nll=1.8747)
10:09:17  [ 82/100]  train nll=+2.025(obj=+0.776 bg=+2.074) mse=3.639(obj=1.563 bg=3.721)  val nll=+1.901(obj=+0.595 bg=+1.951) mse=3.568(obj=1.420 bg=3.651)  lr=8.69e-05  tot=45.7min
10:09:50  [ 83/100]  train nll=+2.017(obj=+0.761 bg=+2.066) mse=3.629(obj=1.559 bg=3.709)  val nll=+1.876(obj=+0.624 bg=+1.924) mse=3.516(obj=1.520 bg=3.592)  lr=7.79e-05  tot=46.2min
10:10:23  [ 84/100]  train nll=+2.017(obj=+0.748 bg=+2.066) mse=3.617(obj=1.548 bg=3.697)  val nll=+1.893(obj=+0.630 bg=+1.941) mse=3.475(obj=1.465 bg=3.551)  lr=6.93e-05  tot=46.8min
10:10:56  [ 85/100]  train nll=+2.000(obj=+0.755 bg=+2.049) mse=3.604(obj=1.555 bg=3.684)  val nll=+1.874(obj=+0.644 bg=+1.921) mse=3.431(obj=1.459 bg=3.506)  lr=6.12e-05  tot=47.3min
10:10:56    ↳ saved (val_nll=1.8740)
10:11:29  [ 86/100]  train nll=+2.005(obj=+0.739 bg=+2.054) mse=3.619(obj=1.541 bg=3.699)  val nll=+1.889(obj=+0.605 bg=+1.939) mse=3.530(obj=1.463 bg=3.610)  lr=5.36e-05  tot=47.9min
10:12:03  [ 87/100]  train nll=+1.993(obj=+0.711 bg=+2.043) mse=3.603(obj=1.513 bg=3.685)  val nll=+1.881(obj=+0.624 bg=+1.929) mse=3.439(obj=1.428 bg=3.517)  lr=4.65e-05  tot=48.4min
10:12:36  [ 88/100]  train nll=+1.986(obj=+0.721 bg=+2.036) mse=3.594(obj=1.526 bg=3.674)  val nll=+1.841(obj=+0.588 bg=+1.888) mse=3.411(obj=1.464 bg=3.485)  lr=3.98e-05  tot=49.0min
10:12:36    ↳ saved (val_nll=1.8406)
10:13:09  [ 89/100]  train nll=+1.980(obj=+0.724 bg=+2.030) mse=3.582(obj=1.531 bg=3.663)  val nll=+1.840(obj=+0.589 bg=+1.888) mse=3.489(obj=1.458 bg=3.566)  lr=3.37e-05  tot=49.5min
10:13:09    ↳ saved (val_nll=1.8397)
10:13:43  [ 90/100]  train nll=+1.971(obj=+0.708 bg=+2.020) mse=3.559(obj=1.516 bg=3.638)  val nll=+1.837(obj=+0.563 bg=+1.887) mse=3.480(obj=1.434 bg=3.560)  lr=2.81e-05  tot=50.1min
10:13:43    ↳ saved (val_nll=1.8367)
10:14:15  [ 91/100]  train nll=+1.974(obj=+0.722 bg=+2.023) mse=3.575(obj=1.524 bg=3.655)  val nll=+1.866(obj=+0.572 bg=+1.917) mse=3.472(obj=1.427 bg=3.551)  lr=2.30e-05  tot=50.7min
10:14:49  [ 92/100]  train nll=+1.980(obj=+0.694 bg=+2.030) mse=3.591(obj=1.499 bg=3.671)  val nll=+1.847(obj=+0.569 bg=+1.897) mse=3.463(obj=1.387 bg=3.544)  lr=1.84e-05  tot=51.2min
10:15:22  [ 93/100]  train nll=+1.966(obj=+0.705 bg=+2.015) mse=3.579(obj=1.507 bg=3.660)  val nll=+1.830(obj=+0.576 bg=+1.878) mse=3.447(obj=1.404 bg=3.524)  lr=1.43e-05  tot=51.8min
10:15:22    ↳ saved (val_nll=1.8297)
10:15:55  [ 94/100]  train nll=+1.961(obj=+0.696 bg=+2.010) mse=3.547(obj=1.505 bg=3.627)  val nll=+1.845(obj=+0.564 bg=+1.893) mse=3.436(obj=1.365 bg=3.513)  lr=1.08e-05  tot=52.3min
10:16:29  [ 95/100]  train nll=+1.956(obj=+0.681 bg=+2.006) mse=3.558(obj=1.492 bg=3.638)  val nll=+1.844(obj=+0.573 bg=+1.892) mse=3.484(obj=1.471 bg=3.560)  lr=7.81e-06  tot=52.9min
10:17:02  [ 96/100]  train nll=+1.961(obj=+0.716 bg=+2.010) mse=3.553(obj=1.527 bg=3.633)  val nll=+1.828(obj=+0.561 bg=+1.877) mse=3.399(obj=1.389 bg=3.476)  lr=5.36e-06  tot=53.4min
10:17:02    ↳ saved (val_nll=1.8277)
10:17:35  [ 97/100]  train nll=+1.958(obj=+0.703 bg=+2.008) mse=3.558(obj=1.522 bg=3.638)  val nll=+1.831(obj=+0.575 bg=+1.878) mse=3.414(obj=1.459 bg=3.487)  lr=3.46e-06  tot=54.0min
10:18:08  [ 98/100]  train nll=+1.952(obj=+0.681 bg=+2.002) mse=3.545(obj=1.494 bg=3.625)  val nll=+1.819(obj=+0.520 bg=+1.869) mse=3.407(obj=1.345 bg=3.487)  lr=2.09e-06  tot=54.5min
10:18:08    ↳ saved (val_nll=1.8192)
10:18:41  [ 99/100]  train nll=+1.949(obj=+0.679 bg=+1.998) mse=3.542(obj=1.488 bg=3.622)  val nll=+1.815(obj=+0.559 bg=+1.863) mse=3.386(obj=1.431 bg=3.461)  lr=1.27e-06  tot=55.1min
10:18:41    ↳ saved (val_nll=1.8148)
10:19:15  [100/100]  train nll=+1.957(obj=+0.689 bg=+2.007) mse=3.557(obj=1.509 bg=3.638)  val nll=+1.814(obj=+0.551 bg=+1.864) mse=3.390(obj=1.402 bg=3.467)  lr=1.00e-06  tot=55.6min
10:19:15    ↳ saved (val_nll=1.8141)
10:19:15  Best val NLL: 1.8141  |  time: 55.6min
Traceback (most recent call last):
  File "/home/hiro/git/e2e_calib/scripts/training/train_ps_v9_lazy.py", line 190, in <module>
    main()
    ~~~~^^
  File "/home/hiro/git/e2e_calib/scripts/training/train_ps_v9_lazy.py", line 165, in main
    from vis_ps import main as vis_main
ModuleNotFoundError: No module named 'vis_ps'
