14:12:10  loading cache /mnt/nvme6t/e2e_calib_cache/pandaset_mc_s64_lazy (~48GB, disk-backed lazy, instant)
14:12:10  train cache loaded: 90251 instances
14:12:10  val cache loaded: 10580 instances
14:12:10  object-level split: train=90748 val=10083 (seed=42)
14:12:11  params: 0.98M
14:12:45  [  1/100]  train nll=+4.557(obj=+4.128 bg=+4.573) mse=8.342(obj=6.727 bg=8.405)  val nll=+4.506(obj=+4.118 bg=+4.521) mse=8.207(obj=6.717 bg=8.264)  lr=4.00e-04  tot=0.6min
14:12:45    ↳ saved (val_nll=4.5062)
14:13:18  [  2/100]  train nll=+4.432(obj=+3.957 bg=+4.451) mse=8.142(obj=6.343 bg=8.214)  val nll=+4.586(obj=+4.252 bg=+4.599) mse=8.450(obj=6.956 bg=8.509)  lr=6.00e-04  tot=1.1min
14:13:49  [  3/100]  train nll=+4.370(obj=+3.879 bg=+4.389) mse=7.954(obj=6.157 bg=8.025)  val nll=+4.290(obj=+3.854 bg=+4.308) mse=7.686(obj=6.007 bg=7.752)  lr=8.00e-04  tot=1.6min
14:13:49    ↳ saved (val_nll=4.2900)
14:14:19  [  4/100]  train nll=+4.327(obj=+3.788 bg=+4.348) mse=7.843(obj=5.914 bg=7.918)  val nll=+4.530(obj=+4.255 bg=+4.540) mse=8.175(obj=6.724 bg=8.231)  lr=1.00e-03  tot=2.1min
14:14:50  [  5/100]  train nll=+4.268(obj=+3.716 bg=+4.290) mse=7.703(obj=5.787 bg=7.778)  val nll=+4.209(obj=+3.719 bg=+4.227) mse=7.605(obj=5.911 bg=7.668)  lr=1.00e-03  tot=2.6min
14:14:50    ↳ saved (val_nll=4.2088)
14:15:20  [  6/100]  train nll=+4.176(obj=+3.603 bg=+4.198) mse=7.494(obj=5.593 bg=7.568)  val nll=+4.062(obj=+3.509 bg=+4.084) mse=7.344(obj=5.523 bg=7.413)  lr=1.00e-03  tot=3.2min
14:15:20    ↳ saved (val_nll=4.0619)
14:15:51  [  7/100]  train nll=+4.080(obj=+3.471 bg=+4.104) mse=7.324(obj=5.406 bg=7.399)  val nll=+4.063(obj=+3.511 bg=+4.085) mse=7.308(obj=5.499 bg=7.378)  lr=9.99e-04  tot=3.7min
14:16:22  [  8/100]  train nll=+4.019(obj=+3.373 bg=+4.045) mse=7.275(obj=5.304 bg=7.353)  val nll=+3.942(obj=+3.292 bg=+3.968) mse=7.248(obj=5.304 bg=7.323)  lr=9.98e-04  tot=4.2min
14:16:22    ↳ saved (val_nll=3.9425)
14:16:54  [  9/100]  train nll=+3.959(obj=+3.306 bg=+3.985) mse=7.171(obj=5.245 bg=7.247)  val nll=+3.925(obj=+3.221 bg=+3.952) mse=7.190(obj=5.048 bg=7.272)  lr=9.96e-04  tot=4.7min
14:16:54    ↳ saved (val_nll=3.9246)
14:17:26  [ 10/100]  train nll=+3.911(obj=+3.231 bg=+3.938) mse=7.088(obj=5.125 bg=7.165)  val nll=+3.996(obj=+3.268 bg=+4.023) mse=7.092(obj=5.173 bg=7.165)  lr=9.93e-04  tot=5.2min
14:17:57  [ 11/100]  train nll=+3.881(obj=+3.210 bg=+3.907) mse=7.057(obj=5.147 bg=7.131)  val nll=+3.843(obj=+3.232 bg=+3.867) mse=6.980(obj=5.096 bg=7.054)  lr=9.90e-04  tot=5.8min
14:17:57    ↳ saved (val_nll=3.8428)
14:18:28  [ 12/100]  train nll=+3.831(obj=+3.125 bg=+3.859) mse=6.947(obj=4.917 bg=7.027)  val nll=+3.741(obj=+3.007 bg=+3.769) mse=6.634(obj=4.571 bg=6.715)  lr=9.87e-04  tot=6.3min
14:18:28    ↳ saved (val_nll=3.7406)
14:19:00  [ 13/100]  train nll=+3.672(obj=+2.843 bg=+3.704) mse=6.378(obj=4.051 bg=6.468)  val nll=+3.548(obj=+2.631 bg=+3.583) mse=6.057(obj=3.648 bg=6.148)  lr=9.83e-04  tot=6.8min
14:19:00    ↳ saved (val_nll=3.5485)
14:19:31  [ 14/100]  train nll=+3.526(obj=+2.620 bg=+3.562) mse=5.953(obj=3.543 bg=6.047)  val nll=+3.408(obj=+2.582 bg=+3.439) mse=5.717(obj=3.483 bg=5.803)  lr=9.78e-04  tot=7.3min
14:19:31    ↳ saved (val_nll=3.4079)
14:20:02  [ 15/100]  train nll=+3.410(obj=+2.481 bg=+3.447) mse=5.694(obj=3.314 bg=5.787)  val nll=+3.234(obj=+2.233 bg=+3.274) mse=5.380(obj=2.978 bg=5.475)  lr=9.73e-04  tot=7.9min
14:20:02    ↳ saved (val_nll=3.2338)
14:20:34  [ 16/100]  train nll=+3.320(obj=+2.346 bg=+3.358) mse=5.539(obj=3.146 bg=5.632)  val nll=+3.200(obj=+2.107 bg=+3.241) mse=5.345(obj=2.791 bg=5.441)  lr=9.67e-04  tot=8.4min
14:20:34    ↳ saved (val_nll=3.2000)
14:21:05  [ 17/100]  train nll=+3.247(obj=+2.258 bg=+3.286) mse=5.394(obj=2.993 bg=5.489)  val nll=+3.255(obj=+2.196 bg=+3.296) mse=5.534(obj=3.046 bg=5.629)  lr=9.61e-04  tot=8.9min
14:21:37  [ 18/100]  train nll=+3.183(obj=+2.182 bg=+3.222) mse=5.285(obj=2.912 bg=5.377)  val nll=+3.180(obj=+2.327 bg=+3.214) mse=5.216(obj=2.930 bg=5.304)  lr=9.55e-04  tot=9.4min
14:21:37    ↳ saved (val_nll=3.1803)
14:22:08  [ 19/100]  train nll=+3.148(obj=+2.128 bg=+3.188) mse=5.228(obj=2.822 bg=5.322)  val nll=+2.936(obj=+1.962 bg=+2.976) mse=4.980(obj=2.679 bg=5.073)  lr=9.47e-04  tot=9.9min
14:22:08    ↳ saved (val_nll=2.9363)
14:22:39  [ 20/100]  train nll=+3.077(obj=+2.054 bg=+3.116) mse=5.107(obj=2.725 bg=5.199)  val nll=+2.945(obj=+1.864 bg=+2.987) mse=4.949(obj=2.541 bg=5.040)  lr=9.40e-04  tot=10.5min
14:23:10  [ 21/100]  train nll=+3.042(obj=+2.004 bg=+3.083) mse=5.050(obj=2.677 bg=5.143)  val nll=+2.901(obj=+1.821 bg=+2.942) mse=4.853(obj=2.516 bg=4.942)  lr=9.32e-04  tot=11.0min
14:23:10    ↳ saved (val_nll=2.9008)
14:23:41  [ 22/100]  train nll=+3.021(obj=+1.952 bg=+3.063) mse=5.023(obj=2.615 bg=5.117)  val nll=+2.939(obj=+1.833 bg=+2.982) mse=4.941(obj=2.623 bg=5.031)  lr=9.23e-04  tot=11.5min
14:24:13  [ 23/100]  train nll=+2.972(obj=+1.897 bg=+3.014) mse=4.934(obj=2.557 bg=5.026)  val nll=+3.013(obj=+2.104 bg=+3.048) mse=4.872(obj=2.640 bg=4.958)  lr=9.14e-04  tot=12.0min
14:24:45  [ 24/100]  train nll=+2.948(obj=+1.874 bg=+2.990) mse=4.907(obj=2.537 bg=5.000)  val nll=+2.889(obj=+1.871 bg=+2.930) mse=4.782(obj=2.426 bg=4.876)  lr=9.05e-04  tot=12.6min
14:24:45    ↳ saved (val_nll=2.8893)
14:25:17  [ 25/100]  train nll=+2.904(obj=+1.819 bg=+2.946) mse=4.834(obj=2.464 bg=4.927)  val nll=+2.829(obj=+1.744 bg=+2.870) mse=4.753(obj=2.464 bg=4.838)  lr=8.95e-04  tot=13.1min
14:25:17    ↳ saved (val_nll=2.8290)
14:25:49  [ 26/100]  train nll=+2.881(obj=+1.792 bg=+2.924) mse=4.797(obj=2.457 bg=4.888)  val nll=+3.116(obj=+2.169 bg=+3.153) mse=4.783(obj=2.547 bg=4.869)  lr=8.84e-04  tot=13.6min
14:26:21  [ 27/100]  train nll=+2.867(obj=+1.773 bg=+2.909) mse=4.795(obj=2.421 bg=4.888)  val nll=+2.794(obj=+1.619 bg=+2.840) mse=4.729(obj=2.395 bg=4.819)  lr=8.74e-04  tot=14.2min
14:26:21    ↳ saved (val_nll=2.7938)
14:26:53  [ 28/100]  train nll=+2.832(obj=+1.741 bg=+2.875) mse=4.733(obj=2.386 bg=4.825)  val nll=+2.676(obj=+1.456 bg=+2.724) mse=4.542(obj=2.161 bg=4.635)  lr=8.62e-04  tot=14.7min
14:26:53    ↳ saved (val_nll=2.6761)
14:27:26  [ 29/100]  train nll=+2.807(obj=+1.712 bg=+2.849) mse=4.677(obj=2.358 bg=4.767)  val nll=+2.900(obj=+1.885 bg=+2.940) mse=4.762(obj=2.463 bg=4.852)  lr=8.51e-04  tot=15.2min
14:27:58  [ 30/100]  train nll=+2.789(obj=+1.682 bg=+2.832) mse=4.661(obj=2.328 bg=4.752)  val nll=+2.689(obj=+1.654 bg=+2.729) mse=4.556(obj=2.338 bg=4.643)  lr=8.39e-04  tot=15.8min
14:28:31  [ 31/100]  train nll=+2.764(obj=+1.637 bg=+2.808) mse=4.627(obj=2.296 bg=4.719)  val nll=+2.615(obj=+1.494 bg=+2.658) mse=4.418(obj=2.189 bg=4.503)  lr=8.26e-04  tot=16.3min
14:28:31    ↳ saved (val_nll=2.6147)
14:29:03  [ 32/100]  train nll=+2.741(obj=+1.623 bg=+2.785) mse=4.605(obj=2.271 bg=4.696)  val nll=+2.591(obj=+1.431 bg=+2.636) mse=4.399(obj=2.105 bg=4.488)  lr=8.14e-04  tot=16.9min
14:29:03    ↳ saved (val_nll=2.5911)
14:29:35  [ 33/100]  train nll=+2.719(obj=+1.592 bg=+2.763) mse=4.564(obj=2.245 bg=4.654)  val nll=+2.664(obj=+1.462 bg=+2.711) mse=4.524(obj=2.129 bg=4.618)  lr=8.01e-04  tot=17.4min
14:30:08  [ 34/100]  train nll=+2.674(obj=+1.544 bg=+2.718) mse=4.507(obj=2.193 bg=4.596)  val nll=+2.585(obj=+1.341 bg=+2.632) mse=4.346(obj=1.998 bg=4.434)  lr=7.87e-04  tot=17.9min
14:30:08    ↳ saved (val_nll=2.5853)
14:30:40  [ 35/100]  train nll=+2.669(obj=+1.544 bg=+2.713) mse=4.475(obj=2.174 bg=4.565)  val nll=+2.580(obj=+1.429 bg=+2.624) mse=4.332(obj=2.150 bg=4.417)  lr=7.74e-04  tot=18.5min
14:30:40    ↳ saved (val_nll=2.5796)
14:31:13  [ 36/100]  train nll=+2.653(obj=+1.505 bg=+2.698) mse=4.446(obj=2.142 bg=4.537)  val nll=+2.482(obj=+1.275 bg=+2.527) mse=4.289(obj=2.030 bg=4.373)  lr=7.60e-04  tot=19.0min
14:31:13    ↳ saved (val_nll=2.4815)
14:31:45  [ 37/100]  train nll=+2.644(obj=+1.489 bg=+2.689) mse=4.457(obj=2.144 bg=4.547)  val nll=+2.470(obj=+1.277 bg=+2.517) mse=4.231(obj=1.991 bg=4.316)  lr=7.45e-04  tot=19.6min
14:31:45    ↳ saved (val_nll=2.4705)
14:32:18  [ 38/100]  train nll=+2.626(obj=+1.461 bg=+2.671) mse=4.458(obj=2.117 bg=4.548)  val nll=+2.558(obj=+1.425 bg=+2.601) mse=4.336(obj=2.079 bg=4.422)  lr=7.31e-04  tot=20.1min
14:32:50  [ 39/100]  train nll=+2.606(obj=+1.450 bg=+2.651) mse=4.394(obj=2.105 bg=4.484)  val nll=+2.560(obj=+1.451 bg=+2.602) mse=4.250(obj=2.040 bg=4.335)  lr=7.16e-04  tot=20.7min
14:33:23  [ 40/100]  train nll=+2.573(obj=+1.412 bg=+2.618) mse=4.353(obj=2.085 bg=4.441)  val nll=+2.423(obj=+1.203 bg=+2.469) mse=4.156(obj=1.914 bg=4.241)  lr=7.01e-04  tot=21.2min
14:33:23    ↳ saved (val_nll=2.4230)
14:33:55  [ 41/100]  train nll=+2.558(obj=+1.390 bg=+2.604) mse=4.336(obj=2.034 bg=4.425)  val nll=+2.478(obj=+1.230 bg=+2.526) mse=4.281(obj=1.965 bg=4.370)  lr=6.86e-04  tot=21.7min
14:34:28  [ 42/100]  train nll=+2.543(obj=+1.377 bg=+2.589) mse=4.318(obj=2.053 bg=4.406)  val nll=+2.352(obj=+1.063 bg=+2.402) mse=4.071(obj=1.817 bg=4.159)  lr=6.70e-04  tot=22.3min
14:34:28    ↳ saved (val_nll=2.3516)
14:34:59  [ 43/100]  train nll=+2.529(obj=+1.351 bg=+2.574) mse=4.288(obj=2.028 bg=4.375)  val nll=+2.534(obj=+1.421 bg=+2.577) mse=4.279(obj=2.088 bg=4.361)  lr=6.55e-04  tot=22.8min
14:35:32  [ 44/100]  train nll=+2.520(obj=+1.334 bg=+2.567) mse=4.287(obj=1.989 bg=4.376)  val nll=+2.410(obj=+1.258 bg=+2.456) mse=4.158(obj=1.913 bg=4.247)  lr=6.39e-04  tot=23.4min
14:36:05  [ 45/100]  train nll=+2.473(obj=+1.304 bg=+2.519) mse=4.205(obj=1.991 bg=4.291)  val nll=+2.393(obj=+1.127 bg=+2.441) mse=4.113(obj=1.847 bg=4.199)  lr=6.23e-04  tot=23.9min
14:36:38  [ 46/100]  train nll=+2.463(obj=+1.284 bg=+2.509) mse=4.206(obj=1.958 bg=4.294)  val nll=+2.407(obj=+1.312 bg=+2.450) mse=4.162(obj=1.974 bg=4.249)  lr=6.07e-04  tot=24.4min
14:37:11  [ 47/100]  train nll=+2.446(obj=+1.259 bg=+2.492) mse=4.164(obj=1.938 bg=4.251)  val nll=+2.373(obj=+1.215 bg=+2.418) mse=4.034(obj=1.851 bg=4.118)  lr=5.91e-04  tot=25.0min
14:37:44  [ 48/100]  train nll=+2.441(obj=+1.263 bg=+2.487) mse=4.173(obj=1.946 bg=4.260)  val nll=+2.312(obj=+1.104 bg=+2.360) mse=4.045(obj=1.803 bg=4.132)  lr=5.75e-04  tot=25.5min
14:37:44    ↳ saved (val_nll=2.3121)
14:38:16  [ 49/100]  train nll=+2.424(obj=+1.234 bg=+2.470) mse=4.166(obj=1.902 bg=4.253)  val nll=+2.253(obj=+1.034 bg=+2.300) mse=3.927(obj=1.758 bg=4.010)  lr=5.58e-04  tot=26.1min
14:38:16    ↳ saved (val_nll=2.2529)
14:38:49  [ 50/100]  train nll=+2.415(obj=+1.218 bg=+2.462) mse=4.156(obj=1.902 bg=4.245)  val nll=+2.349(obj=+1.279 bg=+2.390) mse=4.017(obj=1.929 bg=4.095)  lr=5.42e-04  tot=26.6min
14:39:21  [ 51/100]  train nll=+2.401(obj=+1.199 bg=+2.448) mse=4.122(obj=1.879 bg=4.210)  val nll=+2.418(obj=+1.358 bg=+2.459) mse=4.048(obj=1.959 bg=4.128)  lr=5.25e-04  tot=27.2min
14:39:54  [ 52/100]  train nll=+2.374(obj=+1.161 bg=+2.422) mse=4.090(obj=1.859 bg=4.176)  val nll=+2.244(obj=+1.030 bg=+2.291) mse=3.955(obj=1.755 bg=4.038)  lr=5.09e-04  tot=27.7min
14:39:54    ↳ saved (val_nll=2.2442)
14:40:26  [ 53/100]  train nll=+2.362(obj=+1.156 bg=+2.409) mse=4.072(obj=1.844 bg=4.158)  val nll=+2.233(obj=+0.976 bg=+2.282) mse=3.913(obj=1.684 bg=3.999)  lr=4.92e-04  tot=28.3min
14:40:26    ↳ saved (val_nll=2.2329)
14:40:59  [ 54/100]  train nll=+2.345(obj=+1.130 bg=+2.392) mse=4.047(obj=1.829 bg=4.134)  val nll=+2.205(obj=+0.893 bg=+2.256) mse=3.943(obj=1.691 bg=4.030)  lr=4.76e-04  tot=28.8min
14:40:59    ↳ saved (val_nll=2.2052)
14:41:31  [ 55/100]  train nll=+2.332(obj=+1.125 bg=+2.380) mse=4.022(obj=1.832 bg=4.108)  val nll=+2.202(obj=+0.973 bg=+2.248) mse=3.910(obj=1.776 bg=3.989)  lr=4.59e-04  tot=29.3min
14:41:31    ↳ saved (val_nll=2.2015)
14:42:04  [ 56/100]  train nll=+2.318(obj=+1.098 bg=+2.366) mse=4.006(obj=1.807 bg=4.091)  val nll=+2.152(obj=+0.868 bg=+2.201) mse=3.868(obj=1.650 bg=3.951)  lr=4.43e-04  tot=29.9min
14:42:04    ↳ saved (val_nll=2.1518)
14:42:37  [ 57/100]  train nll=+2.302(obj=+1.084 bg=+2.349) mse=3.983(obj=1.801 bg=4.068)  val nll=+2.190(obj=+1.018 bg=+2.237) mse=3.850(obj=1.734 bg=3.932)  lr=4.26e-04  tot=30.4min
14:43:09  [ 58/100]  train nll=+2.291(obj=+1.068 bg=+2.339) mse=3.980(obj=1.787 bg=4.066)  val nll=+2.135(obj=+0.783 bg=+2.186) mse=3.790(obj=1.547 bg=3.876)  lr=4.10e-04  tot=31.0min
14:43:09    ↳ saved (val_nll=2.1345)
14:43:41  [ 59/100]  train nll=+2.266(obj=+1.052 bg=+2.313) mse=3.951(obj=1.786 bg=4.035)  val nll=+2.166(obj=+0.949 bg=+2.214) mse=3.883(obj=1.705 bg=3.965)  lr=3.94e-04  tot=31.5min
14:44:13  [ 60/100]  train nll=+2.257(obj=+1.023 bg=+2.305) mse=3.924(obj=1.762 bg=4.008)  val nll=+2.142(obj=+0.888 bg=+2.191) mse=3.770(obj=1.693 bg=3.851)  lr=3.78e-04  tot=32.0min
14:44:45  [ 61/100]  train nll=+2.236(obj=+1.000 bg=+2.285) mse=3.876(obj=1.727 bg=3.960)  val nll=+2.110(obj=+0.901 bg=+2.156) mse=3.724(obj=1.653 bg=3.802)  lr=3.62e-04  tot=32.6min
14:44:45    ↳ saved (val_nll=2.1099)
14:45:17  [ 62/100]  train nll=+2.226(obj=+1.008 bg=+2.274) mse=3.871(obj=1.732 bg=3.954)  val nll=+2.130(obj=+0.827 bg=+2.180) mse=3.774(obj=1.639 bg=3.855)  lr=3.46e-04  tot=33.1min
14:45:50  [ 63/100]  train nll=+2.210(obj=+0.985 bg=+2.258) mse=3.865(obj=1.716 bg=3.949)  val nll=+2.104(obj=+0.914 bg=+2.150) mse=3.746(obj=1.666 bg=3.825)  lr=3.31e-04  tot=33.7min
14:45:50    ↳ saved (val_nll=2.1042)
14:46:22  [ 64/100]  train nll=+2.198(obj=+0.952 bg=+2.247) mse=3.844(obj=1.683 bg=3.928)  val nll=+2.031(obj=+0.779 bg=+2.080) mse=3.671(obj=1.566 bg=3.752)  lr=3.15e-04  tot=34.2min
14:46:22    ↳ saved (val_nll=2.0311)
14:46:55  [ 65/100]  train nll=+2.174(obj=+0.945 bg=+2.222) mse=3.803(obj=1.680 bg=3.885)  val nll=+2.043(obj=+0.755 bg=+2.094) mse=3.632(obj=1.524 bg=3.714)  lr=3.00e-04  tot=34.7min
14:47:27  [ 66/100]  train nll=+2.163(obj=+0.939 bg=+2.211) mse=3.783(obj=1.689 bg=3.865)  val nll=+2.044(obj=+0.818 bg=+2.091) mse=3.673(obj=1.591 bg=3.753)  lr=2.85e-04  tot=35.3min
14:47:59  [ 67/100]  train nll=+2.148(obj=+0.920 bg=+2.195) mse=3.753(obj=1.674 bg=3.833)  val nll=+1.997(obj=+0.717 bg=+2.047) mse=3.610(obj=1.549 bg=3.689)  lr=2.70e-04  tot=35.8min
14:47:59    ↳ saved (val_nll=1.9974)
14:48:32  [ 68/100]  train nll=+2.141(obj=+0.911 bg=+2.189) mse=3.738(obj=1.655 bg=3.819)  val nll=+2.013(obj=+0.787 bg=+2.062) mse=3.565(obj=1.563 bg=3.644)  lr=2.56e-04  tot=36.4min
14:49:05  [ 69/100]  train nll=+2.118(obj=+0.895 bg=+2.166) mse=3.703(obj=1.652 bg=3.783)  val nll=+1.976(obj=+0.709 bg=+2.025) mse=3.556(obj=1.497 bg=3.635)  lr=2.41e-04  tot=36.9min
14:49:05    ↳ saved (val_nll=1.9760)
14:49:36  [ 70/100]  train nll=+2.103(obj=+0.888 bg=+2.151) mse=3.675(obj=1.642 bg=3.755)  val nll=+1.973(obj=+0.728 bg=+2.021) mse=3.560(obj=1.533 bg=3.637)  lr=2.27e-04  tot=37.4min
14:49:36    ↳ saved (val_nll=1.9733)
14:50:08  [ 71/100]  train nll=+2.089(obj=+0.865 bg=+2.138) mse=3.661(obj=1.613 bg=3.741)  val nll=+1.920(obj=+0.668 bg=+1.967) mse=3.465(obj=1.500 bg=3.539)  lr=2.14e-04  tot=38.0min
14:50:08    ↳ saved (val_nll=1.9202)
14:50:41  [ 72/100]  train nll=+2.083(obj=+0.839 bg=+2.132) mse=3.650(obj=1.609 bg=3.730)  val nll=+1.958(obj=+0.745 bg=+2.005) mse=3.507(obj=1.529 bg=3.583)  lr=2.00e-04  tot=38.5min
14:51:13  [ 73/100]  train nll=+2.065(obj=+0.829 bg=+2.112) mse=3.619(obj=1.587 bg=3.697)  val nll=+1.944(obj=+0.680 bg=+1.993) mse=3.477(obj=1.460 bg=3.554)  lr=1.87e-04  tot=39.0min
14:51:45  [ 74/100]  train nll=+2.056(obj=+0.831 bg=+2.104) mse=3.602(obj=1.594 bg=3.680)  val nll=+1.923(obj=+0.736 bg=+1.967) mse=3.461(obj=1.515 bg=3.534)  lr=1.75e-04  tot=39.6min
14:52:17  [ 75/100]  train nll=+2.037(obj=+0.828 bg=+2.084) mse=3.580(obj=1.589 bg=3.657)  val nll=+1.917(obj=+0.673 bg=+1.965) mse=3.463(obj=1.489 bg=3.538)  lr=1.62e-04  tot=40.1min
14:52:17    ↳ saved (val_nll=1.9174)
14:52:50  [ 76/100]  train nll=+2.026(obj=+0.811 bg=+2.074) mse=3.557(obj=1.585 bg=3.634)  val nll=+1.920(obj=+0.676 bg=+1.968) mse=3.451(obj=1.492 bg=3.527)  lr=1.50e-04  tot=40.7min
14:53:23  [ 77/100]  train nll=+2.023(obj=+0.809 bg=+2.071) mse=3.567(obj=1.585 bg=3.645)  val nll=+1.897(obj=+0.677 bg=+1.944) mse=3.414(obj=1.487 bg=3.486)  lr=1.39e-04  tot=41.2min
14:53:23    ↳ saved (val_nll=1.8973)
14:53:56  [ 78/100]  train nll=+2.007(obj=+0.769 bg=+2.056) mse=3.546(obj=1.542 bg=3.625)  val nll=+1.888(obj=+0.625 bg=+1.937) mse=3.436(obj=1.409 bg=3.514)  lr=1.27e-04  tot=41.7min
14:53:56    ↳ saved (val_nll=1.8881)
14:54:29  [ 79/100]  train nll=+1.997(obj=+0.767 bg=+2.045) mse=3.521(obj=1.559 bg=3.598)  val nll=+1.875(obj=+0.582 bg=+1.924) mse=3.373(obj=1.401 bg=3.447)  lr=1.17e-04  tot=42.3min
14:54:29    ↳ saved (val_nll=1.8745)
14:55:01  [ 80/100]  train nll=+1.981(obj=+0.756 bg=+2.029) mse=3.504(obj=1.545 bg=3.580)  val nll=+1.928(obj=+0.693 bg=+1.978) mse=3.443(obj=1.465 bg=3.522)  lr=1.06e-04  tot=42.8min
14:55:33  [ 81/100]  train nll=+1.972(obj=+0.741 bg=+2.021) mse=3.490(obj=1.518 bg=3.567)  val nll=+1.837(obj=+0.607 bg=+1.883) mse=3.332(obj=1.445 bg=3.402)  lr=9.64e-05  tot=43.4min
14:55:33    ↳ saved (val_nll=1.8366)
14:56:05  [ 82/100]  train nll=+1.960(obj=+0.728 bg=+2.008) mse=3.471(obj=1.522 bg=3.548)  val nll=+1.837(obj=+0.609 bg=+1.884) mse=3.287(obj=1.407 bg=3.359)  lr=8.69e-05  tot=43.9min
14:56:37  [ 83/100]  train nll=+1.953(obj=+0.730 bg=+2.001) mse=3.472(obj=1.529 bg=3.547)  val nll=+1.822(obj=+0.578 bg=+1.871) mse=3.325(obj=1.420 bg=3.399)  lr=7.79e-05  tot=44.4min
14:56:37    ↳ saved (val_nll=1.8223)
14:57:08  [ 84/100]  train nll=+1.942(obj=+0.724 bg=+1.989) mse=3.456(obj=1.521 bg=3.531)  val nll=+1.800(obj=+0.602 bg=+1.847) mse=3.277(obj=1.449 bg=3.349)  lr=6.93e-05  tot=45.0min
14:57:08    ↳ saved (val_nll=1.7997)
14:57:39  [ 85/100]  train nll=+1.938(obj=+0.715 bg=+1.986) mse=3.451(obj=1.526 bg=3.526)  val nll=+1.808(obj=+0.594 bg=+1.856) mse=3.266(obj=1.391 bg=3.339)  lr=6.12e-05  tot=45.5min
14:58:12  [ 86/100]  train nll=+1.925(obj=+0.710 bg=+1.973) mse=3.428(obj=1.501 bg=3.503)  val nll=+1.804(obj=+0.579 bg=+1.851) mse=3.357(obj=1.398 bg=3.431)  lr=5.36e-05  tot=46.0min
14:58:44  [ 87/100]  train nll=+1.919(obj=+0.696 bg=+1.966) mse=3.405(obj=1.500 bg=3.479)  val nll=+1.791(obj=+0.541 bg=+1.840) mse=3.267(obj=1.363 bg=3.340)  lr=4.65e-05  tot=46.6min
14:58:44    ↳ saved (val_nll=1.7911)
14:59:17  [ 88/100]  train nll=+1.909(obj=+0.690 bg=+1.957) mse=3.391(obj=1.487 bg=3.465)  val nll=+1.787(obj=+0.506 bg=+1.836) mse=3.241(obj=1.334 bg=3.314)  lr=3.98e-05  tot=47.1min
14:59:17    ↳ saved (val_nll=1.7869)
14:59:49  [ 89/100]  train nll=+1.899(obj=+0.670 bg=+1.947) mse=3.390(obj=1.465 bg=3.465)  val nll=+1.792(obj=+0.545 bg=+1.840) mse=3.260(obj=1.402 bg=3.330)  lr=3.37e-05  tot=47.6min
15:00:21  [ 90/100]  train nll=+1.907(obj=+0.681 bg=+1.956) mse=3.400(obj=1.491 bg=3.475)  val nll=+1.773(obj=+0.564 bg=+1.820) mse=3.266(obj=1.452 bg=3.336)  lr=2.81e-05  tot=48.2min
15:00:21    ↳ saved (val_nll=1.7729)
15:00:54  [ 91/100]  train nll=+1.895(obj=+0.662 bg=+1.943) mse=3.390(obj=1.480 bg=3.465)  val nll=+1.788(obj=+0.567 bg=+1.836) mse=3.246(obj=1.362 bg=3.318)  lr=2.30e-05  tot=48.7min
15:01:26  [ 92/100]  train nll=+1.892(obj=+0.670 bg=+1.940) mse=3.379(obj=1.478 bg=3.453)  val nll=+1.718(obj=+0.511 bg=+1.763) mse=3.185(obj=1.333 bg=3.254)  lr=1.84e-05  tot=49.3min
15:01:26    ↳ saved (val_nll=1.7176)
15:01:58  [ 93/100]  train nll=+1.888(obj=+0.666 bg=+1.936) mse=3.376(obj=1.478 bg=3.451)  val nll=+1.765(obj=+0.509 bg=+1.815) mse=3.250(obj=1.360 bg=3.325)  lr=1.43e-05  tot=49.8min
15:02:30  [ 94/100]  train nll=+1.887(obj=+0.670 bg=+1.934) mse=3.356(obj=1.477 bg=3.430)  val nll=+1.767(obj=+0.557 bg=+1.814) mse=3.217(obj=1.433 bg=3.285)  lr=1.08e-05  tot=50.3min
15:03:03  [ 95/100]  train nll=+1.880(obj=+0.659 bg=+1.927) mse=3.357(obj=1.480 bg=3.430)  val nll=+1.741(obj=+0.511 bg=+1.787) mse=3.237(obj=1.338 bg=3.308)  lr=7.81e-06  tot=50.9min
15:03:35  [ 96/100]  train nll=+1.877(obj=+0.663 bg=+1.925) mse=3.361(obj=1.468 bg=3.435)  val nll=+1.731(obj=+0.511 bg=+1.778) mse=3.199(obj=1.339 bg=3.270)  lr=5.36e-06  tot=51.4min
15:04:06  [ 97/100]  train nll=+1.880(obj=+0.671 bg=+1.927) mse=3.368(obj=1.481 bg=3.442)  val nll=+1.723(obj=+0.498 bg=+1.770) mse=3.214(obj=1.314 bg=3.286)  lr=3.46e-06  tot=51.9min
15:04:38  [ 98/100]  train nll=+1.872(obj=+0.654 bg=+1.919) mse=3.355(obj=1.462 bg=3.428)  val nll=+1.742(obj=+0.504 bg=+1.791) mse=3.166(obj=1.319 bg=3.239)  lr=2.09e-06  tot=52.4min
15:05:09  [ 99/100]  train nll=+1.880(obj=+0.647 bg=+1.929) mse=3.369(obj=1.473 bg=3.444)  val nll=+1.747(obj=+0.481 bg=+1.796) mse=3.225(obj=1.327 bg=3.298)  lr=1.27e-06  tot=53.0min
15:05:40  [100/100]  train nll=+1.876(obj=+0.658 bg=+1.924) mse=3.356(obj=1.470 bg=3.429)  val nll=+1.736(obj=+0.498 bg=+1.784) mse=3.190(obj=1.330 bg=3.261)  lr=1.00e-06  tot=53.5min
15:05:40  Best val NLL: 1.7176  |  time: 53.5min
