11:00:59  name=v8_3layer_rgb_pole  n_layers=3 self_first=False max_offset=16.0  batch=64  epochs=100  lr=0.001→1e-06
11:00:59  params: 1.16M
11:01:03  [  1/100]  train nll=+5.463(obj=+5.436 bg=+5.467) mse=12.269  val nll=+5.483(obj=+5.408 bg=+5.493) mse=12.447  lr=4.00e-04  tot=0.1min
11:01:03    ↳ saved (val_nll=5.4832)
11:01:06  [  2/100]  train nll=+5.480(obj=+5.412 bg=+5.486) mse=12.361  val nll=+5.478(obj=+5.400 bg=+5.483) mse=12.421  lr=6.00e-04  tot=0.1min
11:01:06    ↳ saved (val_nll=5.4776)
11:01:09  [  3/100]  train nll=+5.479(obj=+5.404 bg=+5.487) mse=12.344  val nll=+5.486(obj=+5.396 bg=+5.495) mse=12.456  lr=8.00e-04  tot=0.2min
11:01:12  [  4/100]  train nll=+5.481(obj=+5.425 bg=+5.489) mse=12.263  val nll=+5.496(obj=+5.423 bg=+5.505) mse=12.522  lr=1.00e-03  tot=0.2min
11:01:15  [  5/100]  train nll=+5.487(obj=+5.437 bg=+5.494) mse=12.367  val nll=+5.475(obj=+5.383 bg=+5.487) mse=12.403  lr=1.00e-03  tot=0.3min
11:01:15    ↳ saved (val_nll=5.4753)
11:01:18  [  6/100]  train nll=+5.471(obj=+5.389 bg=+5.480) mse=12.289  val nll=+5.481(obj=+5.390 bg=+5.494) mse=12.456  lr=1.00e-03  tot=0.3min
11:01:21  [  7/100]  train nll=+5.471(obj=+5.389 bg=+5.479) mse=12.287  val nll=+5.486(obj=+5.383 bg=+5.496) mse=12.435  lr=9.99e-04  tot=0.4min
11:01:24  [  8/100]  train nll=+5.469(obj=+5.353 bg=+5.481) mse=12.294  val nll=+5.487(obj=+5.315 bg=+5.505) mse=12.457  lr=9.98e-04  tot=0.4min
11:01:28  [  9/100]  train nll=+5.458(obj=+5.274 bg=+5.476) mse=12.206  val nll=+5.477(obj=+5.205 bg=+5.506) mse=12.407  lr=9.96e-04  tot=0.5min
11:01:31  [ 10/100]  train nll=+5.432(obj=+5.215 bg=+5.453) mse=12.068  val nll=+5.464(obj=+5.261 bg=+5.482) mse=12.323  lr=9.93e-04  tot=0.5min
11:01:31    ↳ saved (val_nll=5.4638)
11:01:34  [ 11/100]  train nll=+5.457(obj=+5.171 bg=+5.485) mse=12.218  val nll=+5.506(obj=+5.181 bg=+5.538) mse=12.422  lr=9.90e-04  tot=0.6min
11:01:37  [ 12/100]  train nll=+5.452(obj=+5.165 bg=+5.480) mse=12.205  val nll=+5.451(obj=+5.126 bg=+5.486) mse=12.275  lr=9.87e-04  tot=0.6min
11:01:37    ↳ saved (val_nll=5.4514)
11:01:40  [ 13/100]  train nll=+5.431(obj=+5.113 bg=+5.462) mse=12.086  val nll=+5.467(obj=+5.110 bg=+5.503) mse=12.380  lr=9.83e-04  tot=0.7min
11:01:44  [ 14/100]  train nll=+5.444(obj=+5.087 bg=+5.478) mse=12.166  val nll=+5.446(obj=+5.101 bg=+5.479) mse=12.254  lr=9.78e-04  tot=0.7min
11:01:44    ↳ saved (val_nll=5.4461)
11:01:47  [ 15/100]  train nll=+5.437(obj=+5.038 bg=+5.474) mse=12.122  val nll=+5.516(obj=+5.195 bg=+5.546) mse=12.580  lr=9.73e-04  tot=0.8min
11:01:50  [ 16/100]  train nll=+5.423(obj=+5.058 bg=+5.458) mse=12.076  val nll=+5.443(obj=+5.008 bg=+5.486) mse=12.266  lr=9.67e-04  tot=0.8min
11:01:50    ↳ saved (val_nll=5.4427)
11:01:53  [ 17/100]  train nll=+5.424(obj=+4.970 bg=+5.467) mse=12.086  val nll=+5.480(obj=+5.031 bg=+5.526) mse=12.383  lr=9.61e-04  tot=0.9min
11:01:56  [ 18/100]  train nll=+5.424(obj=+4.984 bg=+5.466) mse=12.065  val nll=+5.424(obj=+4.922 bg=+5.472) mse=12.170  lr=9.55e-04  tot=0.9min
11:01:56    ↳ saved (val_nll=5.4240)
11:02:00  [ 19/100]  train nll=+5.424(obj=+4.930 bg=+5.470) mse=12.089  val nll=+5.437(obj=+4.959 bg=+5.482) mse=12.232  lr=9.47e-04  tot=1.0min
11:02:03  [ 20/100]  train nll=+5.404(obj=+4.906 bg=+5.451) mse=11.954  val nll=+5.466(obj=+4.921 bg=+5.519) mse=12.335  lr=9.40e-04  tot=1.1min
11:02:06  [ 21/100]  train nll=+5.424(obj=+4.940 bg=+5.469) mse=12.067  val nll=+5.421(obj=+4.858 bg=+5.476) mse=12.151  lr=9.32e-04  tot=1.1min
11:02:06    ↳ saved (val_nll=5.4214)
11:02:09  [ 22/100]  train nll=+5.409(obj=+4.883 bg=+5.457) mse=11.992  val nll=+5.444(obj=+4.918 bg=+5.494) mse=12.259  lr=9.23e-04  tot=1.2min
11:02:12  [ 23/100]  train nll=+5.415(obj=+4.834 bg=+5.468) mse=12.065  val nll=+5.416(obj=+4.781 bg=+5.478) mse=12.116  lr=9.14e-04  tot=1.2min
11:02:12    ↳ saved (val_nll=5.4160)
11:02:15  [ 24/100]  train nll=+5.404(obj=+4.764 bg=+5.463) mse=11.962  val nll=+5.435(obj=+4.819 bg=+5.494) mse=12.198  lr=9.05e-04  tot=1.3min
11:02:18  [ 25/100]  train nll=+5.405(obj=+4.732 bg=+5.466) mse=11.996  val nll=+5.414(obj=+4.770 bg=+5.476) mse=12.082  lr=8.95e-04  tot=1.3min
11:02:18    ↳ saved (val_nll=5.4137)
11:02:21  [ 26/100]  train nll=+5.390(obj=+4.686 bg=+5.455) mse=11.921  val nll=+5.403(obj=+4.643 bg=+5.479) mse=12.031  lr=8.84e-04  tot=1.4min
11:02:21    ↳ saved (val_nll=5.4028)
11:02:24  [ 27/100]  train nll=+5.393(obj=+4.618 bg=+5.463) mse=11.932  val nll=+5.425(obj=+4.840 bg=+5.482) mse=12.153  lr=8.74e-04  tot=1.4min
11:02:28  [ 28/100]  train nll=+5.390(obj=+4.646 bg=+5.458) mse=11.916  val nll=+5.415(obj=+4.624 bg=+5.491) mse=12.159  lr=8.62e-04  tot=1.5min
11:02:31  [ 29/100]  train nll=+5.389(obj=+4.577 bg=+5.464) mse=11.930  val nll=+5.409(obj=+4.577 bg=+5.490) mse=12.064  lr=8.51e-04  tot=1.5min
11:02:34  [ 30/100]  train nll=+5.371(obj=+4.463 bg=+5.456) mse=11.823  val nll=+5.366(obj=+4.276 bg=+5.472) mse=11.911  lr=8.39e-04  tot=1.6min
11:02:34    ↳ saved (val_nll=5.3660)
11:02:37  [ 31/100]  train nll=+5.363(obj=+4.391 bg=+5.453) mse=11.817  val nll=+5.379(obj=+4.353 bg=+5.478) mse=11.971  lr=8.26e-04  tot=1.6min
11:02:40  [ 32/100]  train nll=+5.366(obj=+4.362 bg=+5.458) mse=11.833  val nll=+5.378(obj=+4.321 bg=+5.481) mse=11.949  lr=8.14e-04  tot=1.7min
11:02:43  [ 33/100]  train nll=+5.368(obj=+4.261 bg=+5.470) mse=11.900  val nll=+5.364(obj=+4.148 bg=+5.481) mse=11.910  lr=8.01e-04  tot=1.7min
11:02:43    ↳ saved (val_nll=5.3642)
11:02:46  [ 34/100]  train nll=+5.358(obj=+4.166 bg=+5.466) mse=11.831  val nll=+5.357(obj=+4.134 bg=+5.475) mse=11.881  lr=7.87e-04  tot=1.8min
11:02:47    ↳ saved (val_nll=5.3573)
11:02:50  [ 35/100]  train nll=+5.347(obj=+4.115 bg=+5.458) mse=11.778  val nll=+5.337(obj=+3.921 bg=+5.472) mse=11.836  lr=7.74e-04  tot=1.8min
11:02:50    ↳ saved (val_nll=5.3366)
11:02:53  [ 36/100]  train nll=+5.346(obj=+4.050 bg=+5.464) mse=11.778  val nll=+5.341(obj=+3.918 bg=+5.478) mse=11.849  lr=7.60e-04  tot=1.9min
11:02:56  [ 37/100]  train nll=+5.331(obj=+3.984 bg=+5.453) mse=11.682  val nll=+5.319(obj=+3.728 bg=+5.472) mse=11.778  lr=7.45e-04  tot=1.9min
11:02:56    ↳ saved (val_nll=5.3193)
11:02:59  [ 38/100]  train nll=+5.327(obj=+3.825 bg=+5.463) mse=11.728  val nll=+5.334(obj=+3.793 bg=+5.482) mse=11.805  lr=7.31e-04  tot=2.0min
11:03:02  [ 39/100]  train nll=+5.327(obj=+3.793 bg=+5.469) mse=11.743  val nll=+5.304(obj=+3.484 bg=+5.480) mse=11.785  lr=7.16e-04  tot=2.0min
11:03:02    ↳ saved (val_nll=5.3037)
11:03:05  [ 40/100]  train nll=+5.303(obj=+3.659 bg=+5.452) mse=11.642  val nll=+5.292(obj=+3.391 bg=+5.475) mse=11.715  lr=7.01e-04  tot=2.1min
11:03:05    ↳ saved (val_nll=5.2917)
11:03:08  [ 41/100]  train nll=+5.303(obj=+3.555 bg=+5.464) mse=11.705  val nll=+5.282(obj=+3.249 bg=+5.476) mse=11.724  lr=6.86e-04  tot=2.1min
11:03:08    ↳ saved (val_nll=5.2824)
11:03:11  [ 42/100]  train nll=+5.289(obj=+3.482 bg=+5.453) mse=11.610  val nll=+5.285(obj=+3.263 bg=+5.481) mse=11.738  lr=6.70e-04  tot=2.2min
11:03:14  [ 43/100]  train nll=+5.268(obj=+3.368 bg=+5.440) mse=11.525  val nll=+5.284(obj=+3.252 bg=+5.478) mse=11.703  lr=6.55e-04  tot=2.2min
11:03:17  [ 44/100]  train nll=+5.267(obj=+3.317 bg=+5.444) mse=11.522  val nll=+5.291(obj=+3.392 bg=+5.474) mse=11.712  lr=6.39e-04  tot=2.3min
11:03:20  [ 45/100]  train nll=+5.274(obj=+3.280 bg=+5.454) mse=11.578  val nll=+5.265(obj=+3.079 bg=+5.477) mse=11.694  lr=6.23e-04  tot=2.3min
11:03:20    ↳ saved (val_nll=5.2655)
11:03:23  [ 46/100]  train nll=+5.263(obj=+3.133 bg=+5.456) mse=11.576  val nll=+5.258(obj=+2.968 bg=+5.479) mse=11.664  lr=6.07e-04  tot=2.4min
11:03:23    ↳ saved (val_nll=5.2580)
11:03:26  [ 47/100]  train nll=+5.259(obj=+3.146 bg=+5.451) mse=11.561  val nll=+5.242(obj=+2.822 bg=+5.474) mse=11.638  lr=5.91e-04  tot=2.4min
11:03:26    ↳ saved (val_nll=5.2416)
11:03:29  [ 48/100]  train nll=+5.260(obj=+3.069 bg=+5.461) mse=11.609  val nll=+5.241(obj=+2.784 bg=+5.478) mse=11.656  lr=5.75e-04  tot=2.5min
11:03:29    ↳ saved (val_nll=5.2414)
11:03:33  [ 49/100]  train nll=+5.240(obj=+2.957 bg=+5.448) mse=11.490  val nll=+5.241(obj=+2.863 bg=+5.472) mse=11.646  lr=5.58e-04  tot=2.5min
11:03:33    ↳ saved (val_nll=5.2407)
11:03:36  [ 50/100]  train nll=+5.246(obj=+2.957 bg=+5.453) mse=11.537  val nll=+5.236(obj=+2.773 bg=+5.475) mse=11.640  lr=5.42e-04  tot=2.6min
11:03:36    ↳ saved (val_nll=5.2357)
11:03:39  [ 51/100]  train nll=+5.241(obj=+2.835 bg=+5.457) mse=11.540  val nll=+5.219(obj=+2.542 bg=+5.477) mse=11.632  lr=5.25e-04  tot=2.7min
11:03:39    ↳ saved (val_nll=5.2185)
11:03:42  [ 52/100]  train nll=+5.234(obj=+2.822 bg=+5.456) mse=11.538  val nll=+5.221(obj=+2.595 bg=+5.476) mse=11.622  lr=5.09e-04  tot=2.7min
11:03:45  [ 53/100]  train nll=+5.228(obj=+2.806 bg=+5.451) mse=11.490  val nll=+5.224(obj=+2.644 bg=+5.474) mse=11.613  lr=4.92e-04  tot=2.8min
11:03:48  [ 54/100]  train nll=+5.229(obj=+2.708 bg=+5.459) mse=11.548  val nll=+5.222(obj=+2.511 bg=+5.483) mse=11.629  lr=4.76e-04  tot=2.8min
11:03:51  [ 55/100]  train nll=+5.217(obj=+2.732 bg=+5.449) mse=11.440  val nll=+5.217(obj=+2.528 bg=+5.476) mse=11.621  lr=4.59e-04  tot=2.9min
11:03:51    ↳ saved (val_nll=5.2167)
11:03:54  [ 56/100]  train nll=+5.229(obj=+2.639 bg=+5.464) mse=11.551  val nll=+5.217(obj=+2.564 bg=+5.475) mse=11.618  lr=4.43e-04  tot=2.9min
11:03:57  [ 57/100]  train nll=+5.215(obj=+2.571 bg=+5.456) mse=11.505  val nll=+5.225(obj=+2.633 bg=+5.476) mse=11.625  lr=4.26e-04  tot=3.0min
11:04:00  [ 58/100]  train nll=+5.222(obj=+2.606 bg=+5.465) mse=11.550  val nll=+5.239(obj=+2.724 bg=+5.484) mse=11.641  lr=4.10e-04  tot=3.0min
11:04:04  [ 59/100]  train nll=+5.205(obj=+2.542 bg=+5.450) mse=11.457  val nll=+5.195(obj=+2.286 bg=+5.476) mse=11.585  lr=3.94e-04  tot=3.1min
11:04:04    ↳ saved (val_nll=5.1947)
11:04:07  [ 60/100]  train nll=+5.210(obj=+2.566 bg=+5.453) mse=11.484  val nll=+5.198(obj=+2.344 bg=+5.474) mse=11.594  lr=3.78e-04  tot=3.1min
11:04:10  [ 61/100]  train nll=+5.200(obj=+2.503 bg=+5.447) mse=11.444  val nll=+5.195(obj=+2.285 bg=+5.476) mse=11.586  lr=3.62e-04  tot=3.2min
11:04:13  [ 62/100]  train nll=+5.201(obj=+2.471 bg=+5.450) mse=11.447  val nll=+5.199(obj=+2.341 bg=+5.476) mse=11.595  lr=3.46e-04  tot=3.2min
11:04:16  [ 63/100]  train nll=+5.190(obj=+2.442 bg=+5.438) mse=11.380  val nll=+5.175(obj=+2.107 bg=+5.472) mse=11.552  lr=3.31e-04  tot=3.3min
11:04:16    ↳ saved (val_nll=5.1755)
11:04:19  [ 64/100]  train nll=+5.202(obj=+2.369 bg=+5.461) mse=11.520  val nll=+5.181(obj=+2.098 bg=+5.478) mse=11.578  lr=3.15e-04  tot=3.3min
11:04:22  [ 65/100]  train nll=+5.182(obj=+2.378 bg=+5.438) mse=11.372  val nll=+5.167(obj=+2.009 bg=+5.473) mse=11.545  lr=3.00e-04  tot=3.4min
11:04:22    ↳ saved (val_nll=5.1666)
11:04:25  [ 66/100]  train nll=+5.203(obj=+2.332 bg=+5.466) mse=11.550  val nll=+5.168(obj=+1.956 bg=+5.476) mse=11.553  lr=2.85e-04  tot=3.4min
11:04:28  [ 67/100]  train nll=+5.179(obj=+2.321 bg=+5.443) mse=11.392  val nll=+5.168(obj=+2.014 bg=+5.470) mse=11.548  lr=2.70e-04  tot=3.5min
11:04:31  [ 68/100]  train nll=+5.195(obj=+2.306 bg=+5.455) mse=11.479  val nll=+5.192(obj=+2.208 bg=+5.479) mse=11.581  lr=2.56e-04  tot=3.5min
11:04:34  [ 69/100]  train nll=+5.191(obj=+2.293 bg=+5.459) mse=11.484  val nll=+5.169(obj=+2.022 bg=+5.472) mse=11.551  lr=2.41e-04  tot=3.6min
11:04:37  [ 70/100]  train nll=+5.179(obj=+2.228 bg=+5.449) mse=11.400  val nll=+5.158(obj=+1.886 bg=+5.473) mse=11.533  lr=2.27e-04  tot=3.6min
11:04:37    ↳ saved (val_nll=5.1576)
11:04:40  [ 71/100]  train nll=+5.171(obj=+2.207 bg=+5.445) mse=11.392  val nll=+5.172(obj=+2.011 bg=+5.475) mse=11.553  lr=2.14e-04  tot=3.7min
11:04:43  [ 72/100]  train nll=+5.185(obj=+2.196 bg=+5.455) mse=11.484  val nll=+5.175(obj=+2.052 bg=+5.477) mse=11.571  lr=2.00e-04  tot=3.7min
11:04:47  [ 73/100]  train nll=+5.179(obj=+2.239 bg=+5.452) mse=11.443  val nll=+5.166(obj=+1.929 bg=+5.476) mse=11.555  lr=1.87e-04  tot=3.8min
11:04:50  [ 74/100]  train nll=+5.183(obj=+2.143 bg=+5.460) mse=11.481  val nll=+5.157(obj=+1.868 bg=+5.475) mse=11.552  lr=1.75e-04  tot=3.8min
11:04:50    ↳ saved (val_nll=5.1567)
11:04:53  [ 75/100]  train nll=+5.168(obj=+2.098 bg=+5.450) mse=11.415  val nll=+5.164(obj=+1.953 bg=+5.474) mse=11.548  lr=1.62e-04  tot=3.9min
11:04:56  [ 76/100]  train nll=+5.156(obj=+2.067 bg=+5.440) mse=11.374  val nll=+5.147(obj=+1.795 bg=+5.472) mse=11.525  lr=1.50e-04  tot=3.9min
11:04:56    ↳ saved (val_nll=5.1471)
11:04:59  [ 77/100]  train nll=+5.160(obj=+2.061 bg=+5.442) mse=11.375  val nll=+5.150(obj=+1.789 bg=+5.475) mse=11.537  lr=1.39e-04  tot=4.0min
11:05:02  [ 78/100]  train nll=+5.165(obj=+2.087 bg=+5.446) mse=11.379  val nll=+5.147(obj=+1.766 bg=+5.474) mse=11.526  lr=1.27e-04  tot=4.0min
11:05:05  [ 79/100]  train nll=+5.160(obj=+2.050 bg=+5.442) mse=11.390  val nll=+5.156(obj=+1.846 bg=+5.472) mse=11.537  lr=1.17e-04  tot=4.1min
11:05:08  [ 80/100]  train nll=+5.158(obj=+2.021 bg=+5.442) mse=11.390  val nll=+5.165(obj=+1.946 bg=+5.474) mse=11.545  lr=1.06e-04  tot=4.1min
11:05:11  [ 81/100]  train nll=+5.161(obj=+2.027 bg=+5.453) mse=11.437  val nll=+5.149(obj=+1.735 bg=+5.478) mse=11.535  lr=9.64e-05  tot=4.2min
11:05:14  [ 82/100]  train nll=+5.169(obj=+2.025 bg=+5.456) mse=11.472  val nll=+5.147(obj=+1.766 bg=+5.472) mse=11.526  lr=8.69e-05  tot=4.2min
11:05:14    ↳ saved (val_nll=5.1468)
11:05:17  [ 83/100]  train nll=+5.149(obj=+1.976 bg=+5.442) mse=11.341  val nll=+5.133(obj=+1.636 bg=+5.471) mse=11.515  lr=7.79e-05  tot=4.3min
11:05:17    ↳ saved (val_nll=5.1332)
11:05:20  [ 84/100]  train nll=+5.155(obj=+1.986 bg=+5.442) mse=11.347  val nll=+5.128(obj=+1.582 bg=+5.470) mse=11.516  lr=6.93e-05  tot=4.3min
11:05:20    ↳ saved (val_nll=5.1282)
11:05:23  [ 85/100]  train nll=+5.157(obj=+1.954 bg=+5.451) mse=11.405  val nll=+5.131(obj=+1.609 bg=+5.471) mse=11.521  lr=6.12e-05  tot=4.4min
11:05:27  [ 86/100]  train nll=+5.155(obj=+1.943 bg=+5.450) mse=11.415  val nll=+5.137(obj=+1.714 bg=+5.469) mse=11.519  lr=5.36e-05  tot=4.4min
11:05:30  [ 87/100]  train nll=+5.159(obj=+1.907 bg=+5.454) mse=11.437  val nll=+5.133(obj=+1.608 bg=+5.474) mse=11.516  lr=4.65e-05  tot=4.5min
11:05:33  [ 88/100]  train nll=+5.160(obj=+1.946 bg=+5.451) mse=11.407  val nll=+5.132(obj=+1.609 bg=+5.473) mse=11.522  lr=3.98e-05  tot=4.6min
11:05:36  [ 89/100]  train nll=+5.151(obj=+1.915 bg=+5.448) mse=11.390  val nll=+5.129(obj=+1.542 bg=+5.475) mse=11.507  lr=3.37e-05  tot=4.6min
11:05:39  [ 90/100]  train nll=+5.152(obj=+1.904 bg=+5.452) mse=11.422  val nll=+5.125(obj=+1.550 bg=+5.471) mse=11.511  lr=2.81e-05  tot=4.7min
11:05:39    ↳ saved (val_nll=5.1249)
11:05:42  [ 91/100]  train nll=+5.150(obj=+1.892 bg=+5.446) mse=11.393  val nll=+5.128(obj=+1.533 bg=+5.474) mse=11.510  lr=2.30e-05  tot=4.7min
11:05:45  [ 92/100]  train nll=+5.142(obj=+1.871 bg=+5.444) mse=11.400  val nll=+5.124(obj=+1.532 bg=+5.471) mse=11.509  lr=1.84e-05  tot=4.8min
11:05:45    ↳ saved (val_nll=5.1240)
11:05:48  [ 93/100]  train nll=+5.146(obj=+1.859 bg=+5.449) mse=11.398  val nll=+5.125(obj=+1.542 bg=+5.471) mse=11.506  lr=1.43e-05  tot=4.8min
11:05:52  [ 94/100]  train nll=+5.157(obj=+1.892 bg=+5.453) mse=11.444  val nll=+5.126(obj=+1.532 bg=+5.473) mse=11.506  lr=1.08e-05  tot=4.9min
11:05:55  [ 95/100]  train nll=+5.140(obj=+1.852 bg=+5.448) mse=11.367  val nll=+5.122(obj=+1.515 bg=+5.471) mse=11.504  lr=7.81e-06  tot=4.9min
11:05:55    ↳ saved (val_nll=5.1219)
11:05:58  [ 96/100]  train nll=+5.166(obj=+1.885 bg=+5.468) mse=11.528  val nll=+5.125(obj=+1.530 bg=+5.473) mse=11.506  lr=5.36e-06  tot=5.0min
11:06:01  [ 97/100]  train nll=+5.141(obj=+1.857 bg=+5.442) mse=11.344  val nll=+5.121(obj=+1.501 bg=+5.471) mse=11.504  lr=3.46e-06  tot=5.0min
11:06:01    ↳ saved (val_nll=5.1209)
11:06:04  [ 98/100]  train nll=+5.144(obj=+1.855 bg=+5.448) mse=11.388  val nll=+5.122(obj=+1.513 bg=+5.471) mse=11.505  lr=2.09e-06  tot=5.1min
11:06:07  [ 99/100]  train nll=+5.152(obj=+1.831 bg=+5.452) mse=11.424  val nll=+5.120(obj=+1.498 bg=+5.471) mse=11.504  lr=1.27e-06  tot=5.1min
11:06:07    ↳ saved (val_nll=5.1203)
11:06:10  [100/100]  train nll=+5.137(obj=+1.836 bg=+5.437) mse=11.345  val nll=+5.120(obj=+1.496 bg=+5.471) mse=11.504  lr=1.00e-06  tot=5.2min
11:06:10    ↳ saved (val_nll=5.1201)
11:06:10  Best val NLL: 5.1201  |  time: 5.2min
