14:13:25  train=68000 val=6800
14:13:25  params: 1.62M
14:14:04  [  1/200]  train nll=+4.523(obj=+4.250 bg=+4.539) mse=7.737(obj=6.897 bg=7.786)  val nll=+4.397(obj=+4.130 bg=+4.415) mse=7.480(obj=6.579 bg=7.536)  lr=4.00e-04  tot=0.6min
14:14:04    ↳ saved (val_nll=4.3973)
14:14:52  [  2/200]  train nll=+4.414(obj=+4.101 bg=+4.432) mse=7.571(obj=6.581 bg=7.627)  val nll=+4.339(obj=+4.046 bg=+4.358) mse=7.431(obj=6.424 bg=7.492)  lr=6.00e-04  tot=1.4min
14:14:52    ↳ saved (val_nll=4.3389)
14:15:29  [  3/200]  train nll=+4.372(obj=+4.051 bg=+4.391) mse=7.462(obj=6.414 bg=7.522)  val nll=+4.283(obj=+3.946 bg=+4.304) mse=7.334(obj=6.263 bg=7.398)  lr=8.00e-04  tot=2.1min
14:15:29    ↳ saved (val_nll=4.2833)
14:16:06  [  4/200]  train nll=+4.339(obj=+3.993 bg=+4.359) mse=7.363(obj=6.243 bg=7.427)  val nll=+4.305(obj=+3.943 bg=+4.327) mse=7.330(obj=6.254 bg=7.396)  lr=1.00e-03  tot=2.7min
14:16:42  [  5/200]  train nll=+4.322(obj=+3.952 bg=+4.344) mse=7.340(obj=6.166 bg=7.406)  val nll=+4.298(obj=+3.877 bg=+4.323) mse=7.321(obj=6.033 bg=7.395)  lr=1.00e-03  tot=3.3min
14:17:18  [  6/200]  train nll=+4.294(obj=+3.909 bg=+4.316) mse=7.248(obj=6.027 bg=7.316)  val nll=+4.255(obj=+3.856 bg=+4.279) mse=7.175(obj=5.936 bg=7.252)  lr=1.00e-03  tot=3.9min
14:17:18    ↳ saved (val_nll=4.2545)
14:17:53  [  7/200]  train nll=+4.264(obj=+3.858 bg=+4.287) mse=7.167(obj=5.873 bg=7.239)  val nll=+4.272(obj=+3.819 bg=+4.298) mse=7.157(obj=5.814 bg=7.235)  lr=1.00e-03  tot=4.5min
14:18:29  [  8/200]  train nll=+4.244(obj=+3.803 bg=+4.269) mse=7.096(obj=5.713 bg=7.173)  val nll=+4.268(obj=+3.930 bg=+4.287) mse=7.171(obj=5.995 bg=7.240)  lr=9.99e-04  tot=5.1min
14:19:06  [  9/200]  train nll=+4.219(obj=+3.774 bg=+4.244) mse=7.001(obj=5.601 bg=7.079)  val nll=+4.144(obj=+3.669 bg=+4.172) mse=6.942(obj=5.488 bg=7.027)  lr=9.99e-04  tot=5.7min
14:19:06    ↳ saved (val_nll=4.1441)
14:19:41  [ 10/200]  train nll=+4.201(obj=+3.761 bg=+4.225) mse=6.967(obj=5.552 bg=7.045)  val nll=+4.123(obj=+3.613 bg=+4.153) mse=6.805(obj=5.244 bg=6.895)  lr=9.98e-04  tot=6.3min
14:19:41    ↳ saved (val_nll=4.1231)
14:20:17  [ 11/200]  train nll=+4.186(obj=+3.718 bg=+4.212) mse=6.891(obj=5.393 bg=6.974)  val nll=+4.268(obj=+3.778 bg=+4.297) mse=7.126(obj=5.475 bg=7.220)  lr=9.98e-04  tot=6.9min
14:20:52  [ 12/200]  train nll=+4.161(obj=+3.685 bg=+4.188) mse=6.817(obj=5.290 bg=6.902)  val nll=+4.129(obj=+3.747 bg=+4.151) mse=6.710(obj=5.436 bg=6.785)  lr=9.97e-04  tot=7.4min
14:21:28  [ 13/200]  train nll=+4.147(obj=+3.675 bg=+4.174) mse=6.762(obj=5.227 bg=6.847)  val nll=+4.053(obj=+3.521 bg=+4.084) mse=6.536(obj=4.863 bg=6.631)  lr=9.96e-04  tot=8.0min
14:21:28    ↳ saved (val_nll=4.0532)
14:22:05  [ 14/200]  train nll=+4.115(obj=+3.616 bg=+4.143) mse=6.660(obj=5.073 bg=6.747)  val nll=+4.091(obj=+3.632 bg=+4.118) mse=6.650(obj=5.126 bg=6.738)  lr=9.95e-04  tot=8.7min
14:22:41  [ 15/200]  train nll=+4.094(obj=+3.589 bg=+4.122) mse=6.572(obj=4.997 bg=6.659)  val nll=+4.047(obj=+3.533 bg=+4.077) mse=6.453(obj=4.912 bg=6.543)  lr=9.94e-04  tot=9.3min
14:22:41    ↳ saved (val_nll=4.0465)
14:23:18  [ 16/200]  train nll=+4.091(obj=+3.601 bg=+4.119) mse=6.552(obj=5.026 bg=6.636)  val nll=+4.054(obj=+3.617 bg=+4.079) mse=6.543(obj=5.188 bg=6.622)  lr=9.92e-04  tot=9.9min
14:23:54  [ 17/200]  train nll=+4.058(obj=+3.537 bg=+4.087) mse=6.455(obj=4.873 bg=6.543)  val nll=+4.360(obj=+3.845 bg=+4.390) mse=6.719(obj=5.087 bg=6.813)  lr=9.91e-04  tot=10.5min
14:24:42  [ 18/200]  train nll=+4.041(obj=+3.527 bg=+4.069) mse=6.386(obj=4.822 bg=6.471)  val nll=+4.003(obj=+3.443 bg=+4.035) mse=6.327(obj=4.635 bg=6.424)  lr=9.89e-04  tot=11.3min
14:24:42    ↳ saved (val_nll=4.0026)
14:25:18  [ 19/200]  train nll=+4.025(obj=+3.521 bg=+4.053) mse=6.333(obj=4.798 bg=6.418)  val nll=+3.932(obj=+3.452 bg=+3.960) mse=6.151(obj=4.780 bg=6.232)  lr=9.87e-04  tot=11.9min
14:25:18    ↳ saved (val_nll=3.9316)
14:25:55  [ 20/200]  train nll=+3.993(obj=+3.471 bg=+4.022) mse=6.245(obj=4.699 bg=6.330)  val nll=+4.073(obj=+3.520 bg=+4.104) mse=6.416(obj=4.791 bg=6.507)  lr=9.85e-04  tot=12.5min
14:26:30  [ 21/200]  train nll=+3.987(obj=+3.465 bg=+4.016) mse=6.226(obj=4.664 bg=6.312)  val nll=+3.929(obj=+3.393 bg=+3.960) mse=6.074(obj=4.449 bg=6.165)  lr=9.83e-04  tot=13.1min
14:26:30    ↳ saved (val_nll=3.9292)
14:27:06  [ 22/200]  train nll=+3.976(obj=+3.461 bg=+4.005) mse=6.193(obj=4.665 bg=6.277)  val nll=+3.914(obj=+3.466 bg=+3.940) mse=6.010(obj=4.651 bg=6.088)  lr=9.81e-04  tot=13.7min
14:27:06    ↳ saved (val_nll=3.9136)
14:27:42  [ 23/200]  train nll=+3.965(obj=+3.452 bg=+3.994) mse=6.172(obj=4.637 bg=6.256)  val nll=+3.949(obj=+3.429 bg=+3.979) mse=6.100(obj=4.546 bg=6.187)  lr=9.79e-04  tot=14.3min
14:28:19  [ 24/200]  train nll=+3.939(obj=+3.421 bg=+3.968) mse=6.088(obj=4.574 bg=6.171)  val nll=+3.876(obj=+3.288 bg=+3.909) mse=5.968(obj=4.328 bg=6.060)  lr=9.77e-04  tot=14.9min
14:28:19    ↳ saved (val_nll=3.8759)
14:28:56  [ 25/200]  train nll=+3.911(obj=+3.389 bg=+3.940) mse=6.009(obj=4.505 bg=6.092)  val nll=+3.868(obj=+3.359 bg=+3.898) mse=5.938(obj=4.502 bg=6.022)  lr=9.74e-04  tot=15.5min
14:28:56    ↳ saved (val_nll=3.8675)
14:29:32  [ 26/200]  train nll=+3.908(obj=+3.396 bg=+3.937) mse=5.989(obj=4.504 bg=6.071)  val nll=+3.897(obj=+3.441 bg=+3.923) mse=5.975(obj=4.559 bg=6.058)  lr=9.72e-04  tot=16.1min
14:30:09  [ 27/200]  train nll=+3.904(obj=+3.388 bg=+3.933) mse=5.969(obj=4.467 bg=6.051)  val nll=+3.867(obj=+3.333 bg=+3.897) mse=5.902(obj=4.380 bg=5.987)  lr=9.69e-04  tot=16.7min
14:30:09    ↳ saved (val_nll=3.8668)
14:30:46  [ 28/200]  train nll=+3.885(obj=+3.360 bg=+3.914) mse=5.918(obj=4.418 bg=6.000)  val nll=+3.821(obj=+3.301 bg=+3.851) mse=5.798(obj=4.344 bg=5.879)  lr=9.66e-04  tot=17.3min
14:30:47    ↳ saved (val_nll=3.8209)
14:31:24  [ 29/200]  train nll=+3.874(obj=+3.364 bg=+3.902) mse=5.884(obj=4.425 bg=5.964)  val nll=+3.867(obj=+3.379 bg=+3.896) mse=5.930(obj=4.495 bg=6.010)  lr=9.63e-04  tot=18.0min
14:32:01  [ 30/200]  train nll=+3.868(obj=+3.352 bg=+3.897) mse=5.886(obj=4.391 bg=5.967)  val nll=+3.850(obj=+3.331 bg=+3.879) mse=5.843(obj=4.400 bg=5.924)  lr=9.60e-04  tot=18.6min
14:32:38  [ 31/200]  train nll=+3.859(obj=+3.359 bg=+3.886) mse=5.854(obj=4.414 bg=5.933)  val nll=+4.032(obj=+3.514 bg=+4.062) mse=6.042(obj=4.553 bg=6.126)  lr=9.57e-04  tot=19.2min
14:33:13  [ 32/200]  train nll=+3.849(obj=+3.348 bg=+3.877) mse=5.811(obj=4.392 bg=5.889)  val nll=+3.821(obj=+3.287 bg=+3.852) mse=5.814(obj=4.320 bg=5.899)  lr=9.53e-04  tot=19.8min
14:33:50  [ 33/200]  train nll=+3.836(obj=+3.321 bg=+3.865) mse=5.789(obj=4.334 bg=5.869)  val nll=+3.805(obj=+3.289 bg=+3.835) mse=5.770(obj=4.314 bg=5.853)  lr=9.50e-04  tot=20.4min
14:33:50    ↳ saved (val_nll=3.8052)
14:34:29  [ 34/200]  train nll=+3.830(obj=+3.322 bg=+3.858) mse=5.772(obj=4.337 bg=5.851)  val nll=+3.794(obj=+3.402 bg=+3.816) mse=5.676(obj=4.403 bg=5.748)  lr=9.46e-04  tot=21.1min
14:34:29    ↳ saved (val_nll=3.7937)
14:35:06  [ 35/200]  train nll=+3.822(obj=+3.321 bg=+3.850) mse=5.745(obj=4.330 bg=5.822)  val nll=+3.799(obj=+3.342 bg=+3.825) mse=5.694(obj=4.329 bg=5.773)  lr=9.43e-04  tot=21.7min
14:35:50  [ 36/200]  train nll=+3.816(obj=+3.320 bg=+3.843) mse=5.727(obj=4.331 bg=5.803)  val nll=+3.819(obj=+3.349 bg=+3.846) mse=5.741(obj=4.375 bg=5.817)  lr=9.39e-04  tot=22.4min
14:36:28  [ 37/200]  train nll=+3.809(obj=+3.306 bg=+3.837) mse=5.716(obj=4.307 bg=5.794)  val nll=+3.727(obj=+3.225 bg=+3.756) mse=5.550(obj=4.116 bg=5.631)  lr=9.35e-04  tot=23.0min
14:36:28    ↳ saved (val_nll=3.7269)
14:37:04  [ 38/200]  train nll=+3.789(obj=+3.297 bg=+3.816) mse=5.663(obj=4.288 bg=5.738)  val nll=+3.758(obj=+3.205 bg=+3.789) mse=5.637(obj=4.113 bg=5.722)  lr=9.31e-04  tot=23.6min
14:37:40  [ 39/200]  train nll=+3.795(obj=+3.306 bg=+3.822) mse=5.661(obj=4.299 bg=5.735)  val nll=+3.776(obj=+3.310 bg=+3.803) mse=5.646(obj=4.319 bg=5.720)  lr=9.27e-04  tot=24.2min
14:38:16  [ 40/200]  train nll=+3.766(obj=+3.263 bg=+3.794) mse=5.601(obj=4.224 bg=5.676)  val nll=+3.719(obj=+3.167 bg=+3.751) mse=5.502(obj=4.061 bg=5.585)  lr=9.23e-04  tot=24.8min
14:38:16    ↳ saved (val_nll=3.7187)
14:38:52  [ 41/200]  train nll=+3.766(obj=+3.255 bg=+3.794) mse=5.591(obj=4.207 bg=5.666)  val nll=+3.689(obj=+3.188 bg=+3.718) mse=5.455(obj=4.092 bg=5.531)  lr=9.18e-04  tot=25.4min
14:38:52    ↳ saved (val_nll=3.6891)
14:39:28  [ 42/200]  train nll=+3.769(obj=+3.280 bg=+3.796) mse=5.595(obj=4.256 bg=5.669)  val nll=+3.731(obj=+3.277 bg=+3.757) mse=5.539(obj=4.263 bg=5.613)  lr=9.14e-04  tot=26.0min
14:40:04  [ 43/200]  train nll=+3.763(obj=+3.289 bg=+3.789) mse=5.591(obj=4.272 bg=5.663)  val nll=+3.706(obj=+3.250 bg=+3.732) mse=5.439(obj=4.141 bg=5.513)  lr=9.09e-04  tot=26.6min
14:40:39  [ 44/200]  train nll=+3.750(obj=+3.260 bg=+3.777) mse=5.549(obj=4.221 bg=5.622)  val nll=+3.697(obj=+3.191 bg=+3.725) mse=5.442(obj=4.057 bg=5.519)  lr=9.05e-04  tot=27.2min
14:41:15  [ 45/200]  train nll=+3.746(obj=+3.255 bg=+3.773) mse=5.536(obj=4.192 bg=5.610)  val nll=+3.675(obj=+3.156 bg=+3.705) mse=5.403(obj=4.032 bg=5.478)  lr=9.00e-04  tot=27.8min
14:41:15    ↳ saved (val_nll=3.6751)
14:41:51  [ 46/200]  train nll=+3.749(obj=+3.262 bg=+3.776) mse=5.549(obj=4.212 bg=5.622)  val nll=+3.684(obj=+3.179 bg=+3.713) mse=5.423(obj=4.090 bg=5.497)  lr=8.95e-04  tot=28.4min
14:42:26  [ 47/200]  train nll=+3.739(obj=+3.257 bg=+3.766) mse=5.519(obj=4.199 bg=5.591)  val nll=+3.671(obj=+3.186 bg=+3.698) mse=5.367(obj=4.091 bg=5.440)  lr=8.90e-04  tot=29.0min
14:42:26    ↳ saved (val_nll=3.6706)
14:43:01  [ 48/200]  train nll=+3.731(obj=+3.247 bg=+3.758) mse=5.501(obj=4.173 bg=5.574)  val nll=+3.675(obj=+3.178 bg=+3.703) mse=5.398(obj=4.066 bg=5.473)  lr=8.85e-04  tot=29.6min
14:43:37  [ 49/200]  train nll=+3.718(obj=+3.230 bg=+3.745) mse=5.463(obj=4.143 bg=5.536)  val nll=+3.663(obj=+3.174 bg=+3.691) mse=5.381(obj=4.069 bg=5.453)  lr=8.80e-04  tot=30.2min
14:43:37    ↳ saved (val_nll=3.6631)
14:44:13  [ 50/200]  train nll=+3.712(obj=+3.227 bg=+3.739) mse=5.447(obj=4.141 bg=5.518)  val nll=+3.697(obj=+3.208 bg=+3.725) mse=5.448(obj=4.107 bg=5.524)  lr=8.74e-04  tot=30.8min
14:45:01  [ 51/200]  train nll=+3.713(obj=+3.236 bg=+3.739) mse=5.438(obj=4.138 bg=5.509)  val nll=+3.674(obj=+3.204 bg=+3.700) mse=5.310(obj=4.078 bg=5.379)  lr=8.69e-04  tot=31.6min
14:45:38  [ 52/200]  train nll=+3.702(obj=+3.205 bg=+3.730) mse=5.424(obj=4.096 bg=5.497)  val nll=+3.666(obj=+3.137 bg=+3.696) mse=5.398(obj=3.965 bg=5.479)  lr=8.64e-04  tot=32.2min
14:46:15  [ 53/200]  train nll=+3.699(obj=+3.225 bg=+3.725) mse=5.400(obj=4.132 bg=5.469)  val nll=+3.620(obj=+3.106 bg=+3.650) mse=5.245(obj=3.914 bg=5.320)  lr=8.58e-04  tot=32.8min
14:46:15    ↳ saved (val_nll=3.6204)
14:46:51  [ 54/200]  train nll=+3.684(obj=+3.207 bg=+3.711) mse=5.367(obj=4.105 bg=5.435)  val nll=+3.600(obj=+3.116 bg=+3.628) mse=5.213(obj=3.944 bg=5.284)  lr=8.52e-04  tot=33.4min
14:46:51    ↳ saved (val_nll=3.6002)
14:47:27  [ 55/200]  train nll=+3.677(obj=+3.195 bg=+3.704) mse=5.344(obj=4.057 bg=5.415)  val nll=+3.698(obj=+3.205 bg=+3.724) mse=5.385(obj=4.056 bg=5.459)  lr=8.47e-04  tot=34.0min
14:48:04  [ 56/200]  train nll=+3.681(obj=+3.200 bg=+3.707) mse=5.346(obj=4.084 bg=5.415)  val nll=+3.635(obj=+3.150 bg=+3.663) mse=5.256(obj=4.003 bg=5.327)  lr=8.41e-04  tot=34.6min
14:48:39  [ 57/200]  train nll=+3.677(obj=+3.195 bg=+3.703) mse=5.357(obj=4.074 bg=5.427)  val nll=+3.676(obj=+3.196 bg=+3.704) mse=5.313(obj=4.092 bg=5.383)  lr=8.35e-04  tot=35.2min
14:49:15  [ 58/200]  train nll=+3.678(obj=+3.213 bg=+3.704) mse=5.361(obj=4.123 bg=5.429)  val nll=+3.705(obj=+3.268 bg=+3.731) mse=5.405(obj=4.198 bg=5.473)  lr=8.29e-04  tot=35.8min
14:49:51  [ 59/200]  train nll=+3.673(obj=+3.187 bg=+3.700) mse=5.336(obj=4.066 bg=5.405)  val nll=+3.687(obj=+3.233 bg=+3.712) mse=5.383(obj=4.144 bg=5.451)  lr=8.23e-04  tot=36.4min
14:50:28  [ 60/200]  train nll=+3.667(obj=+3.191 bg=+3.693) mse=5.316(obj=4.067 bg=5.384)  val nll=+3.635(obj=+3.133 bg=+3.665) mse=5.330(obj=4.011 bg=5.406)  lr=8.16e-04  tot=37.0min
14:51:04  [ 61/200]  train nll=+3.658(obj=+3.185 bg=+3.684) mse=5.306(obj=4.054 bg=5.374)  val nll=+3.628(obj=+3.209 bg=+3.652) mse=5.198(obj=4.092 bg=5.260)  lr=8.10e-04  tot=37.6min
14:51:40  [ 62/200]  train nll=+3.656(obj=+3.183 bg=+3.682) mse=5.282(obj=4.047 bg=5.349)  val nll=+3.643(obj=+3.151 bg=+3.670) mse=5.224(obj=3.968 bg=5.293)  lr=8.04e-04  tot=38.2min
14:52:16  [ 63/200]  train nll=+3.647(obj=+3.182 bg=+3.673) mse=5.269(obj=4.045 bg=5.336)  val nll=+3.638(obj=+3.207 bg=+3.663) mse=5.230(obj=4.117 bg=5.292)  lr=7.97e-04  tot=38.8min
14:52:52  [ 64/200]  train nll=+3.642(obj=+3.174 bg=+3.668) mse=5.253(obj=4.032 bg=5.320)  val nll=+3.551(obj=+3.027 bg=+3.580) mse=5.061(obj=3.809 bg=5.131)  lr=7.91e-04  tot=39.4min
14:52:52    ↳ saved (val_nll=3.5510)
14:53:27  [ 65/200]  train nll=+3.630(obj=+3.164 bg=+3.656) mse=5.226(obj=4.020 bg=5.292)  val nll=+3.582(obj=+3.124 bg=+3.608) mse=5.176(obj=3.966 bg=5.244)  lr=7.84e-04  tot=40.0min
14:54:02  [ 66/200]  train nll=+3.621(obj=+3.144 bg=+3.647) mse=5.192(obj=3.981 bg=5.258)  val nll=+3.597(obj=+3.167 bg=+3.621) mse=5.120(obj=4.015 bg=5.181)  lr=7.78e-04  tot=40.6min
14:54:38  [ 67/200]  train nll=+3.626(obj=+3.165 bg=+3.652) mse=5.214(obj=4.023 bg=5.279)  val nll=+3.570(obj=+3.142 bg=+3.595) mse=5.098(obj=3.989 bg=5.161)  lr=7.71e-04  tot=41.2min
14:55:27  [ 68/200]  train nll=+3.609(obj=+3.155 bg=+3.634) mse=5.156(obj=3.999 bg=5.220)  val nll=+3.530(obj=+3.084 bg=+3.555) mse=4.992(obj=3.864 bg=5.056)  lr=7.64e-04  tot=42.0min
14:55:27    ↳ saved (val_nll=3.5299)
14:56:03  [ 69/200]  train nll=+3.592(obj=+3.147 bg=+3.616) mse=5.117(obj=3.990 bg=5.178)  val nll=+3.554(obj=+3.162 bg=+3.577) mse=5.070(obj=4.070 bg=5.127)  lr=7.57e-04  tot=42.6min
14:56:39  [ 70/200]  train nll=+3.576(obj=+3.125 bg=+3.601) mse=5.076(obj=3.940 bg=5.138)  val nll=+3.548(obj=+3.144 bg=+3.571) mse=5.009(obj=4.014 bg=5.066)  lr=7.50e-04  tot=43.2min
14:57:15  [ 71/200]  train nll=+3.558(obj=+3.127 bg=+3.582) mse=5.039(obj=3.953 bg=5.098)  val nll=+3.535(obj=+3.099 bg=+3.559) mse=5.028(obj=3.989 bg=5.086)  lr=7.43e-04  tot=43.8min
14:57:51  [ 72/200]  train nll=+3.539(obj=+3.115 bg=+3.562) mse=4.996(obj=3.945 bg=5.053)  val nll=+3.553(obj=+3.301 bg=+3.568) mse=4.913(obj=4.032 bg=4.962)  lr=7.36e-04  tot=44.4min
14:58:27  [ 73/200]  train nll=+3.536(obj=+3.110 bg=+3.560) mse=4.992(obj=3.933 bg=5.049)  val nll=+3.456(obj=+3.058 bg=+3.479) mse=4.828(obj=3.850 bg=4.883)  lr=7.29e-04  tot=45.0min
14:58:27    ↳ saved (val_nll=3.4561)
14:59:04  [ 74/200]  train nll=+3.522(obj=+3.087 bg=+3.547) mse=4.958(obj=3.910 bg=5.015)  val nll=+3.451(obj=+3.021 bg=+3.477) mse=4.820(obj=3.793 bg=4.880)  lr=7.22e-04  tot=45.6min
14:59:04    ↳ saved (val_nll=3.4513)
14:59:55  [ 75/200]  train nll=+3.494(obj=+3.060 bg=+3.518) mse=4.895(obj=3.859 bg=4.952)  val nll=+3.443(obj=+2.979 bg=+3.469) mse=4.827(obj=3.742 bg=4.887)  lr=7.15e-04  tot=46.5min
14:59:55    ↳ saved (val_nll=3.4432)
15:00:50  [ 76/200]  train nll=+3.489(obj=+3.068 bg=+3.513) mse=4.885(obj=3.885 bg=4.940)  val nll=+3.385(obj=+2.973 bg=+3.408) mse=4.687(obj=3.773 bg=4.739)  lr=7.07e-04  tot=47.4min
15:00:50    ↳ saved (val_nll=3.3851)
15:01:43  [ 77/200]  train nll=+3.487(obj=+3.070 bg=+3.510) mse=4.875(obj=3.891 bg=4.929)  val nll=+3.434(obj=+2.968 bg=+3.460) mse=4.825(obj=3.753 bg=4.884)  lr=7.00e-04  tot=48.3min
15:02:35  [ 78/200]  train nll=+3.466(obj=+3.052 bg=+3.489) mse=4.836(obj=3.853 bg=4.889)  val nll=+3.451(obj=+3.058 bg=+3.474) mse=4.764(obj=3.826 bg=4.817)  lr=6.93e-04  tot=49.2min
15:03:27  [ 79/200]  train nll=+3.461(obj=+3.050 bg=+3.484) mse=4.815(obj=3.869 bg=4.867)  val nll=+3.364(obj=+3.034 bg=+3.384) mse=4.615(obj=3.830 bg=4.660)  lr=6.85e-04  tot=50.0min
15:03:27    ↳ saved (val_nll=3.3643)
15:04:20  [ 80/200]  train nll=+3.435(obj=+3.049 bg=+3.456) mse=4.750(obj=3.863 bg=4.798)  val nll=+3.416(obj=+3.002 bg=+3.439) mse=4.672(obj=3.795 bg=4.720)  lr=6.78e-04  tot=50.9min
15:05:23  [ 81/200]  train nll=+3.427(obj=+3.044 bg=+3.448) mse=4.734(obj=3.865 bg=4.782)  val nll=+3.431(obj=+3.008 bg=+3.456) mse=4.730(obj=3.797 bg=4.783)  lr=6.70e-04  tot=52.0min
15:06:15  [ 82/200]  train nll=+3.419(obj=+3.037 bg=+3.440) mse=4.702(obj=3.841 bg=4.749)  val nll=+3.374(obj=+3.005 bg=+3.395) mse=4.632(obj=3.822 bg=4.678)  lr=6.62e-04  tot=52.8min
15:07:09  [ 83/200]  train nll=+3.411(obj=+3.040 bg=+3.432) mse=4.688(obj=3.839 bg=4.735)  val nll=+3.341(obj=+2.961 bg=+3.363) mse=4.554(obj=3.750 bg=4.599)  lr=6.55e-04  tot=53.7min
15:07:09    ↳ saved (val_nll=3.3410)
15:08:01  [ 84/200]  train nll=+3.404(obj=+3.033 bg=+3.425) mse=4.667(obj=3.838 bg=4.713)  val nll=+3.386(obj=+3.011 bg=+3.407) mse=4.642(obj=3.751 bg=4.692)  lr=6.47e-04  tot=54.6min
15:08:54  [ 85/200]  train nll=+3.400(obj=+3.030 bg=+3.421) mse=4.651(obj=3.837 bg=4.695)  val nll=+3.334(obj=+2.922 bg=+3.356) mse=4.548(obj=3.676 bg=4.595)  lr=6.39e-04  tot=55.5min
15:08:54    ↳ saved (val_nll=3.3337)
15:09:47  [ 86/200]  train nll=+3.395(obj=+3.031 bg=+3.416) mse=4.646(obj=3.844 bg=4.690)  val nll=+3.325(obj=+2.947 bg=+3.347) mse=4.460(obj=3.667 bg=4.504)  lr=6.32e-04  tot=56.4min
15:09:47    ↳ saved (val_nll=3.3249)
15:10:40  [ 87/200]  train nll=+3.382(obj=+3.008 bg=+3.403) mse=4.604(obj=3.796 bg=4.648)  val nll=+3.321(obj=+2.938 bg=+3.343) mse=4.527(obj=3.755 bg=4.571)  lr=6.24e-04  tot=57.2min
15:10:40    ↳ saved (val_nll=3.3210)
15:11:32  [ 88/200]  train nll=+3.360(obj=+3.014 bg=+3.379) mse=4.538(obj=3.806 bg=4.579)  val nll=+3.437(obj=+3.024 bg=+3.461) mse=4.662(obj=3.823 bg=4.711)  lr=6.16e-04  tot=58.1min
15:12:25  [ 89/200]  train nll=+3.357(obj=+3.004 bg=+3.377) mse=4.523(obj=3.788 bg=4.564)  val nll=+3.347(obj=+2.947 bg=+3.369) mse=4.451(obj=3.688 bg=4.493)  lr=6.08e-04  tot=59.0min
15:13:17  [ 90/200]  train nll=+3.341(obj=+2.988 bg=+3.361) mse=4.484(obj=3.762 bg=4.524)  val nll=+3.305(obj=+3.015 bg=+3.321) mse=4.397(obj=3.777 bg=4.431)  lr=6.00e-04  tot=59.9min
15:13:17    ↳ saved (val_nll=3.3049)
15:14:10  [ 91/200]  train nll=+3.336(obj=+2.998 bg=+3.355) mse=4.468(obj=3.783 bg=4.506)  val nll=+3.355(obj=+3.170 bg=+3.366) mse=4.437(obj=3.868 bg=4.470)  lr=5.93e-04  tot=60.7min
15:15:08  [ 92/200]  train nll=+3.331(obj=+3.000 bg=+3.349) mse=4.450(obj=3.780 bg=4.487)  val nll=+3.303(obj=+3.001 bg=+3.320) mse=4.382(obj=3.748 bg=4.418)  lr=5.85e-04  tot=61.7min
15:15:08    ↳ saved (val_nll=3.3026)
15:15:44  [ 93/200]  train nll=+3.327(obj=+2.990 bg=+3.345) mse=4.446(obj=3.771 bg=4.483)  val nll=+3.344(obj=+2.989 bg=+3.365) mse=4.518(obj=3.792 bg=4.561)  lr=5.77e-04  tot=62.3min
15:16:21  [ 94/200]  train nll=+3.316(obj=+2.977 bg=+3.336) mse=4.422(obj=3.740 bg=4.460)  val nll=+3.318(obj=+2.936 bg=+3.339) mse=4.398(obj=3.734 bg=4.435)  lr=5.69e-04  tot=62.9min
15:17:01  [ 95/200]  train nll=+3.311(obj=+2.993 bg=+3.330) mse=4.410(obj=3.789 bg=4.445)  val nll=+3.225(obj=+2.862 bg=+3.245) mse=4.240(obj=3.600 bg=4.276)  lr=5.61e-04  tot=63.6min
15:17:01    ↳ saved (val_nll=3.2248)
15:17:40  [ 96/200]  train nll=+3.292(obj=+2.965 bg=+3.310) mse=4.370(obj=3.744 bg=4.406)  val nll=+3.235(obj=+2.894 bg=+3.255) mse=4.277(obj=3.674 bg=4.312)  lr=5.53e-04  tot=64.2min
15:18:19  [ 97/200]  train nll=+3.303(obj=+2.981 bg=+3.321) mse=4.405(obj=3.762 bg=4.440)  val nll=+3.255(obj=+2.919 bg=+3.274) mse=4.292(obj=3.672 bg=4.328)  lr=5.45e-04  tot=64.9min
15:18:57  [ 98/200]  train nll=+3.303(obj=+2.969 bg=+3.321) mse=4.399(obj=3.758 bg=4.434)  val nll=+3.326(obj=+3.089 bg=+3.340) mse=4.402(obj=3.850 bg=4.434)  lr=5.37e-04  tot=65.5min
15:19:36  [ 99/200]  train nll=+3.291(obj=+2.969 bg=+3.309) mse=4.366(obj=3.744 bg=4.401)  val nll=+3.308(obj=+2.961 bg=+3.328) mse=4.348(obj=3.724 bg=4.386)  lr=5.29e-04  tot=66.2min
15:20:15  [100/200]  train nll=+3.278(obj=+2.970 bg=+3.296) mse=4.336(obj=3.748 bg=4.369)  val nll=+3.243(obj=+2.913 bg=+3.261) mse=4.282(obj=3.655 bg=4.317)  lr=5.21e-04  tot=66.8min
15:20:55  [101/200]  train nll=+3.281(obj=+2.956 bg=+3.299) mse=4.355(obj=3.730 bg=4.389)  val nll=+3.227(obj=+2.922 bg=+3.244) mse=4.249(obj=3.682 bg=4.281)  lr=5.13e-04  tot=67.5min
15:21:35  [102/200]  train nll=+3.272(obj=+2.961 bg=+3.290) mse=4.335(obj=3.739 bg=4.368)  val nll=+3.193(obj=+2.892 bg=+3.211) mse=4.219(obj=3.645 bg=4.253)  lr=5.05e-04  tot=68.2min
15:21:35    ↳ saved (val_nll=3.1934)
15:22:15  [103/200]  train nll=+3.261(obj=+2.935 bg=+3.279) mse=4.312(obj=3.701 bg=4.346)  val nll=+3.233(obj=+2.889 bg=+3.252) mse=4.210(obj=3.596 bg=4.245)  lr=4.96e-04  tot=68.8min
15:22:55  [104/200]  train nll=+3.260(obj=+2.936 bg=+3.279) mse=4.311(obj=3.682 bg=4.346)  val nll=+3.199(obj=+2.923 bg=+3.215) mse=4.185(obj=3.659 bg=4.216)  lr=4.88e-04  tot=69.5min
15:23:37  [105/200]  train nll=+3.255(obj=+2.953 bg=+3.272) mse=4.299(obj=3.720 bg=4.331)  val nll=+3.236(obj=+2.903 bg=+3.255) mse=4.248(obj=3.639 bg=4.282)  lr=4.80e-04  tot=70.2min
15:24:17  [106/200]  train nll=+3.255(obj=+2.941 bg=+3.272) mse=4.306(obj=3.720 bg=4.339)  val nll=+3.249(obj=+2.911 bg=+3.269) mse=4.266(obj=3.612 bg=4.304)  lr=4.72e-04  tot=70.9min
15:24:57  [107/200]  train nll=+3.250(obj=+2.930 bg=+3.267) mse=4.295(obj=3.699 bg=4.328)  val nll=+3.173(obj=+2.871 bg=+3.191) mse=4.188(obj=3.666 bg=4.220)  lr=4.64e-04  tot=71.5min
15:24:57    ↳ saved (val_nll=3.1733)
15:25:38  [108/200]  train nll=+3.247(obj=+2.936 bg=+3.264) mse=4.278(obj=3.708 bg=4.310)  val nll=+3.199(obj=+2.910 bg=+3.216) mse=4.182(obj=3.713 bg=4.210)  lr=4.56e-04  tot=72.2min
15:26:18  [109/200]  train nll=+3.243(obj=+2.934 bg=+3.260) mse=4.280(obj=3.709 bg=4.311)  val nll=+3.188(obj=+2.849 bg=+3.208) mse=4.172(obj=3.570 bg=4.207)  lr=4.48e-04  tot=72.9min
15:26:58  [110/200]  train nll=+3.233(obj=+2.924 bg=+3.250) mse=4.263(obj=3.684 bg=4.295)  val nll=+3.234(obj=+2.904 bg=+3.254) mse=4.284(obj=3.669 bg=4.320)  lr=4.40e-04  tot=73.5min
15:27:39  [111/200]  train nll=+3.234(obj=+2.921 bg=+3.251) mse=4.262(obj=3.672 bg=4.294)  val nll=+3.205(obj=+2.949 bg=+3.220) mse=4.183(obj=3.737 bg=4.211)  lr=4.32e-04  tot=74.2min
15:28:17  [112/200]  train nll=+3.227(obj=+2.923 bg=+3.244) mse=4.245(obj=3.682 bg=4.276)  val nll=+3.156(obj=+2.887 bg=+3.172) mse=4.165(obj=3.661 bg=4.195)  lr=4.24e-04  tot=74.9min
15:28:17    ↳ saved (val_nll=3.1556)
15:28:58  [113/200]  train nll=+3.217(obj=+2.907 bg=+3.234) mse=4.237(obj=3.681 bg=4.267)  val nll=+3.198(obj=+2.945 bg=+3.213) mse=4.176(obj=3.667 bg=4.206)  lr=4.16e-04  tot=75.5min
15:29:37  [114/200]  train nll=+3.221(obj=+2.900 bg=+3.239) mse=4.239(obj=3.650 bg=4.272)  val nll=+3.181(obj=+2.859 bg=+3.200) mse=4.169(obj=3.587 bg=4.203)  lr=4.08e-04  tot=76.2min
15:30:18  [115/200]  train nll=+3.220(obj=+2.915 bg=+3.237) mse=4.238(obj=3.671 bg=4.269)  val nll=+3.166(obj=+2.879 bg=+3.183) mse=4.137(obj=3.608 bg=4.167)  lr=4.01e-04  tot=76.9min
15:30:58  [116/200]  train nll=+3.209(obj=+2.900 bg=+3.226) mse=4.219(obj=3.646 bg=4.250)  val nll=+3.188(obj=+2.904 bg=+3.204) mse=4.139(obj=3.610 bg=4.168)  lr=3.93e-04  tot=77.5min
15:31:37  [117/200]  train nll=+3.213(obj=+2.920 bg=+3.229) mse=4.214(obj=3.684 bg=4.244)  val nll=+3.168(obj=+2.895 bg=+3.183) mse=4.141(obj=3.660 bg=4.169)  lr=3.85e-04  tot=78.2min
15:32:16  [118/200]  train nll=+3.199(obj=+2.904 bg=+3.216) mse=4.199(obj=3.669 bg=4.228)  val nll=+3.174(obj=+2.907 bg=+3.190) mse=4.154(obj=3.683 bg=4.181)  lr=3.77e-04  tot=78.8min
15:32:54  [119/200]  train nll=+3.197(obj=+2.899 bg=+3.214) mse=4.191(obj=3.655 bg=4.221)  val nll=+3.220(obj=+2.964 bg=+3.235) mse=4.244(obj=3.759 bg=4.272)  lr=3.69e-04  tot=79.5min
15:33:34  [120/200]  train nll=+3.193(obj=+2.891 bg=+3.210) mse=4.186(obj=3.657 bg=4.216)  val nll=+3.196(obj=+2.884 bg=+3.214) mse=4.216(obj=3.660 bg=4.247)  lr=3.62e-04  tot=80.1min
15:34:13  [121/200]  train nll=+3.190(obj=+2.906 bg=+3.206) mse=4.171(obj=3.666 bg=4.200)  val nll=+3.153(obj=+2.856 bg=+3.170) mse=4.149(obj=3.618 bg=4.180)  lr=3.54e-04  tot=80.8min
15:34:13    ↳ saved (val_nll=3.1528)
15:34:53  [122/200]  train nll=+3.184(obj=+2.887 bg=+3.201) mse=4.168(obj=3.632 bg=4.198)  val nll=+3.134(obj=+2.838 bg=+3.151) mse=4.080(obj=3.612 bg=4.107)  lr=3.46e-04  tot=81.5min
15:34:53    ↳ saved (val_nll=3.1342)
15:35:33  [123/200]  train nll=+3.180(obj=+2.895 bg=+3.196) mse=4.158(obj=3.650 bg=4.186)  val nll=+3.108(obj=+2.854 bg=+3.124) mse=4.078(obj=3.611 bg=4.107)  lr=3.39e-04  tot=82.1min
15:35:33    ↳ saved (val_nll=3.1083)
15:36:14  [124/200]  train nll=+3.181(obj=+2.887 bg=+3.198) mse=4.168(obj=3.652 bg=4.197)  val nll=+3.133(obj=+2.851 bg=+3.149) mse=4.058(obj=3.605 bg=4.084)  lr=3.31e-04  tot=82.8min
15:36:51  [125/200]  train nll=+3.177(obj=+2.882 bg=+3.193) mse=4.157(obj=3.634 bg=4.186)  val nll=+3.197(obj=+2.864 bg=+3.216) mse=4.186(obj=3.551 bg=4.222)  lr=3.23e-04  tot=83.4min
15:37:31  [126/200]  train nll=+3.168(obj=+2.871 bg=+3.184) mse=4.139(obj=3.613 bg=4.168)  val nll=+3.127(obj=+2.811 bg=+3.146) mse=4.091(obj=3.564 bg=4.122)  lr=3.16e-04  tot=84.1min
15:38:11  [127/200]  train nll=+3.159(obj=+2.859 bg=+3.175) mse=4.125(obj=3.591 bg=4.154)  val nll=+3.122(obj=+2.860 bg=+3.136) mse=4.071(obj=3.655 bg=4.095)  lr=3.08e-04  tot=84.8min
15:38:52  [128/200]  train nll=+3.166(obj=+2.868 bg=+3.182) mse=4.135(obj=3.620 bg=4.163)  val nll=+3.116(obj=+2.769 bg=+3.136) mse=4.050(obj=3.451 bg=4.086)  lr=3.01e-04  tot=85.4min
15:39:31  [129/200]  train nll=+3.152(obj=+2.853 bg=+3.168) mse=4.111(obj=3.594 bg=4.140)  val nll=+3.109(obj=+2.846 bg=+3.124) mse=4.040(obj=3.601 bg=4.065)  lr=2.94e-04  tot=86.1min
15:40:10  [130/200]  train nll=+3.152(obj=+2.870 bg=+3.168) mse=4.117(obj=3.619 bg=4.145)  val nll=+3.136(obj=+2.865 bg=+3.152) mse=4.096(obj=3.588 bg=4.126)  lr=2.86e-04  tot=86.7min
15:40:52  [131/200]  train nll=+3.151(obj=+2.861 bg=+3.168) mse=4.106(obj=3.609 bg=4.134)  val nll=+3.127(obj=+2.846 bg=+3.144) mse=4.093(obj=3.622 bg=4.120)  lr=2.79e-04  tot=87.4min
15:41:32  [132/200]  train nll=+3.145(obj=+2.847 bg=+3.162) mse=4.112(obj=3.606 bg=4.140)  val nll=+3.093(obj=+2.804 bg=+3.111) mse=4.000(obj=3.543 bg=4.027)  lr=2.72e-04  tot=88.1min
15:41:32    ↳ saved (val_nll=3.0934)
15:42:12  [133/200]  train nll=+3.149(obj=+2.859 bg=+3.166) mse=4.103(obj=3.613 bg=4.130)  val nll=+3.101(obj=+2.844 bg=+3.117) mse=4.021(obj=3.608 bg=4.046)  lr=2.65e-04  tot=88.8min
15:42:52  [134/200]  train nll=+3.146(obj=+2.853 bg=+3.163) mse=4.111(obj=3.595 bg=4.140)  val nll=+3.107(obj=+2.817 bg=+3.123) mse=4.071(obj=3.547 bg=4.101)  lr=2.58e-04  tot=89.4min
15:43:31  [135/200]  train nll=+3.131(obj=+2.833 bg=+3.147) mse=4.079(obj=3.573 bg=4.107)  val nll=+3.071(obj=+2.808 bg=+3.087) mse=4.003(obj=3.566 bg=4.028)  lr=2.51e-04  tot=90.1min
15:43:31    ↳ saved (val_nll=3.0714)
15:44:12  [136/200]  train nll=+3.135(obj=+2.854 bg=+3.151) mse=4.094(obj=3.606 bg=4.121)  val nll=+3.084(obj=+2.768 bg=+3.102) mse=3.980(obj=3.477 bg=4.007)  lr=2.44e-04  tot=90.8min
15:44:51  [137/200]  train nll=+3.130(obj=+2.846 bg=+3.146) mse=4.079(obj=3.599 bg=4.105)  val nll=+3.093(obj=+2.811 bg=+3.109) mse=4.012(obj=3.540 bg=4.039)  lr=2.37e-04  tot=91.4min
15:45:30  [138/200]  train nll=+3.127(obj=+2.832 bg=+3.144) mse=4.068(obj=3.566 bg=4.096)  val nll=+3.085(obj=+2.832 bg=+3.100) mse=4.008(obj=3.598 bg=4.032)  lr=2.30e-04  tot=92.1min
15:46:13  [139/200]  train nll=+3.118(obj=+2.827 bg=+3.135) mse=4.053(obj=3.558 bg=4.081)  val nll=+3.123(obj=+2.796 bg=+3.142) mse=3.998(obj=3.463 bg=4.028)  lr=2.23e-04  tot=92.8min
15:47:03  [140/200]  train nll=+3.117(obj=+2.832 bg=+3.133) mse=4.061(obj=3.567 bg=4.088)  val nll=+3.073(obj=+2.788 bg=+3.090) mse=3.965(obj=3.487 bg=3.992)  lr=2.17e-04  tot=93.6min
15:47:43  [141/200]  train nll=+3.121(obj=+2.833 bg=+3.137) mse=4.062(obj=3.586 bg=4.089)  val nll=+3.028(obj=+2.750 bg=+3.044) mse=3.911(obj=3.465 bg=3.937)  lr=2.10e-04  tot=94.3min
15:47:43    ↳ saved (val_nll=3.0277)
15:48:24  [142/200]  train nll=+3.120(obj=+2.828 bg=+3.137) mse=4.053(obj=3.562 bg=4.080)  val nll=+3.077(obj=+2.781 bg=+3.094) mse=3.992(obj=3.481 bg=4.020)  lr=2.04e-04  tot=95.0min
15:49:06  [143/200]  train nll=+3.118(obj=+2.829 bg=+3.134) mse=4.061(obj=3.579 bg=4.088)  val nll=+3.059(obj=+2.775 bg=+3.075) mse=3.989(obj=3.514 bg=4.016)  lr=1.97e-04  tot=95.7min
15:49:47  [144/200]  train nll=+3.113(obj=+2.819 bg=+3.130) mse=4.056(obj=3.558 bg=4.083)  val nll=+3.039(obj=+2.774 bg=+3.055) mse=3.929(obj=3.529 bg=3.952)  lr=1.91e-04  tot=96.3min
15:50:29  [145/200]  train nll=+3.100(obj=+2.813 bg=+3.116) mse=4.023(obj=3.556 bg=4.049)  val nll=+3.061(obj=+2.814 bg=+3.076) mse=3.966(obj=3.547 bg=3.990)  lr=1.85e-04  tot=97.1min
15:51:11  [146/200]  train nll=+3.097(obj=+2.816 bg=+3.112) mse=4.019(obj=3.555 bg=4.045)  val nll=+3.055(obj=+2.783 bg=+3.071) mse=3.935(obj=3.498 bg=3.960)  lr=1.78e-04  tot=97.8min
15:51:50  [147/200]  train nll=+3.094(obj=+2.806 bg=+3.110) mse=4.016(obj=3.543 bg=4.042)  val nll=+3.057(obj=+2.793 bg=+3.073) mse=3.975(obj=3.576 bg=3.999)  lr=1.72e-04  tot=98.4min
15:52:30  [148/200]  train nll=+3.096(obj=+2.810 bg=+3.112) mse=4.029(obj=3.560 bg=4.056)  val nll=+3.058(obj=+2.831 bg=+3.071) mse=3.981(obj=3.610 bg=4.004)  lr=1.66e-04  tot=99.1min
15:53:12  [149/200]  train nll=+3.094(obj=+2.804 bg=+3.110) mse=4.024(obj=3.548 bg=4.050)  val nll=+3.072(obj=+2.769 bg=+3.090) mse=3.966(obj=3.493 bg=3.994)  lr=1.60e-04  tot=99.8min
15:53:52  [150/200]  train nll=+3.082(obj=+2.797 bg=+3.098) mse=4.001(obj=3.533 bg=4.027)  val nll=+3.061(obj=+2.797 bg=+3.075) mse=3.982(obj=3.498 bg=4.009)  lr=1.54e-04  tot=100.4min
15:54:31  [151/200]  train nll=+3.092(obj=+2.813 bg=+3.108) mse=4.026(obj=3.563 bg=4.052)  val nll=+3.035(obj=+2.759 bg=+3.051) mse=3.926(obj=3.490 bg=3.950)  lr=1.49e-04  tot=101.1min
15:55:12  [152/200]  train nll=+3.082(obj=+2.804 bg=+3.098) mse=3.999(obj=3.542 bg=4.024)  val nll=+3.037(obj=+2.764 bg=+3.054) mse=3.928(obj=3.489 bg=3.954)  lr=1.43e-04  tot=101.8min
15:56:12  [153/200]  train nll=+3.077(obj=+2.791 bg=+3.093) mse=3.998(obj=3.525 bg=4.024)  val nll=+3.032(obj=+2.748 bg=+3.048) mse=3.935(obj=3.481 bg=3.962)  lr=1.37e-04  tot=102.8min
15:56:53  [154/200]  train nll=+3.077(obj=+2.799 bg=+3.093) mse=3.994(obj=3.541 bg=4.019)  val nll=+3.028(obj=+2.782 bg=+3.043) mse=3.926(obj=3.500 bg=3.951)  lr=1.32e-04  tot=103.5min
15:57:33  [155/200]  train nll=+3.072(obj=+2.801 bg=+3.087) mse=3.983(obj=3.539 bg=4.007)  val nll=+3.028(obj=+2.787 bg=+3.042) mse=3.872(obj=3.439 bg=3.897)  lr=1.27e-04  tot=104.1min
15:57:33    ↳ saved (val_nll=3.0276)
15:58:15  [156/200]  train nll=+3.074(obj=+2.788 bg=+3.090) mse=3.985(obj=3.524 bg=4.011)  val nll=+3.035(obj=+2.796 bg=+3.050) mse=3.928(obj=3.553 bg=3.951)  lr=1.21e-04  tot=104.8min
15:58:56  [157/200]  train nll=+3.070(obj=+2.803 bg=+3.085) mse=3.977(obj=3.542 bg=4.002)  val nll=+3.039(obj=+2.738 bg=+3.056) mse=3.945(obj=3.457 bg=3.973)  lr=1.16e-04  tot=105.5min
15:59:38  [158/200]  train nll=+3.064(obj=+2.787 bg=+3.079) mse=3.972(obj=3.518 bg=3.997)  val nll=+3.021(obj=+2.746 bg=+3.036) mse=3.908(obj=3.522 bg=3.931)  lr=1.11e-04  tot=106.2min
15:59:38    ↳ saved (val_nll=3.0207)
16:00:20  [159/200]  train nll=+3.064(obj=+2.781 bg=+3.080) mse=3.968(obj=3.524 bg=3.993)  val nll=+3.018(obj=+2.799 bg=+3.030) mse=3.895(obj=3.538 bg=3.915)  lr=1.06e-04  tot=106.9min
16:00:20    ↳ saved (val_nll=3.0176)
16:01:05  [160/200]  train nll=+3.063(obj=+2.785 bg=+3.079) mse=3.960(obj=3.512 bg=3.985)  val nll=+3.037(obj=+2.764 bg=+3.052) mse=3.929(obj=3.484 bg=3.955)  lr=1.01e-04  tot=107.6min
16:01:45  [161/200]  train nll=+3.063(obj=+2.797 bg=+3.078) mse=3.965(obj=3.543 bg=3.988)  val nll=+2.992(obj=+2.757 bg=+3.006) mse=3.855(obj=3.504 bg=3.876)  lr=9.64e-05  tot=108.3min
16:01:45    ↳ saved (val_nll=2.9922)
16:02:27  [162/200]  train nll=+3.050(obj=+2.775 bg=+3.065) mse=3.945(obj=3.512 bg=3.970)  val nll=+2.995(obj=+2.707 bg=+3.012) mse=3.875(obj=3.434 bg=3.901)  lr=9.17e-05  tot=109.0min
16:03:09  [163/200]  train nll=+3.059(obj=+2.784 bg=+3.074) mse=3.965(obj=3.532 bg=3.989)  val nll=+3.005(obj=+2.749 bg=+3.020) mse=3.865(obj=3.471 bg=3.888)  lr=8.71e-05  tot=109.7min
16:03:51  [164/200]  train nll=+3.048(obj=+2.772 bg=+3.063) mse=3.945(obj=3.507 bg=3.969)  val nll=+3.006(obj=+2.740 bg=+3.021) mse=3.895(obj=3.506 bg=3.917)  lr=8.27e-05  tot=110.4min
16:04:34  [165/200]  train nll=+3.053(obj=+2.780 bg=+3.068) mse=3.958(obj=3.524 bg=3.983)  val nll=+3.031(obj=+2.802 bg=+3.044) mse=3.916(obj=3.560 bg=3.937)  lr=7.83e-05  tot=111.1min
16:05:15  [166/200]  train nll=+3.055(obj=+2.777 bg=+3.070) mse=3.960(obj=3.508 bg=3.985)  val nll=+2.991(obj=+2.773 bg=+3.005) mse=3.878(obj=3.574 bg=3.897)  lr=7.41e-05  tot=111.8min
16:05:15    ↳ saved (val_nll=2.9912)
16:05:58  [167/200]  train nll=+3.046(obj=+2.783 bg=+3.061) mse=3.938(obj=3.522 bg=3.961)  val nll=+3.002(obj=+2.767 bg=+3.015) mse=3.846(obj=3.467 bg=3.867)  lr=6.99e-05  tot=112.5min
16:06:41  [168/200]  train nll=+3.044(obj=+2.765 bg=+3.059) mse=3.940(obj=3.505 bg=3.964)  val nll=+3.017(obj=+2.753 bg=+3.033) mse=3.927(obj=3.502 bg=3.952)  lr=6.59e-05  tot=113.3min
16:07:25  [169/200]  train nll=+3.041(obj=+2.779 bg=+3.055) mse=3.930(obj=3.531 bg=3.953)  val nll=+3.015(obj=+2.750 bg=+3.030) mse=3.928(obj=3.490 bg=3.953)  lr=6.20e-05  tot=114.0min
16:08:16  [170/200]  train nll=+3.039(obj=+2.766 bg=+3.054) mse=3.928(obj=3.497 bg=3.951)  val nll=+3.000(obj=+2.743 bg=+3.015) mse=3.898(obj=3.534 bg=3.919)  lr=5.82e-05  tot=114.8min
16:08:56  [171/200]  train nll=+3.039(obj=+2.750 bg=+3.055) mse=3.929(obj=3.478 bg=3.955)  val nll=+3.004(obj=+2.723 bg=+3.020) mse=3.865(obj=3.459 bg=3.889)  lr=5.45e-05  tot=115.5min
16:09:39  [172/200]  train nll=+3.040(obj=+2.757 bg=+3.056) mse=3.928(obj=3.476 bg=3.953)  val nll=+2.996(obj=+2.741 bg=+3.010) mse=3.873(obj=3.449 bg=3.898)  lr=5.10e-05  tot=116.2min
16:10:21  [173/200]  train nll=+3.036(obj=+2.760 bg=+3.052) mse=3.925(obj=3.475 bg=3.950)  val nll=+3.010(obj=+2.743 bg=+3.026) mse=3.911(obj=3.503 bg=3.935)  lr=4.75e-05  tot=116.9min
16:11:04  [174/200]  train nll=+3.034(obj=+2.766 bg=+3.049) mse=3.922(obj=3.498 bg=3.945)  val nll=+2.984(obj=+2.737 bg=+2.999) mse=3.869(obj=3.493 bg=3.892)  lr=4.42e-05  tot=117.6min
16:11:04    ↳ saved (val_nll=2.9844)
16:11:46  [175/200]  train nll=+3.027(obj=+2.763 bg=+3.042) mse=3.913(obj=3.501 bg=3.937)  val nll=+2.983(obj=+2.759 bg=+2.996) mse=3.849(obj=3.474 bg=3.870)  lr=4.10e-05  tot=118.3min
16:11:46    ↳ saved (val_nll=2.9833)
16:12:27  [176/200]  train nll=+3.034(obj=+2.760 bg=+3.050) mse=3.922(obj=3.503 bg=3.945)  val nll=+2.974(obj=+2.713 bg=+2.989) mse=3.830(obj=3.445 bg=3.853)  lr=3.79e-05  tot=119.0min
16:12:27    ↳ saved (val_nll=2.9736)
16:13:09  [177/200]  train nll=+3.028(obj=+2.763 bg=+3.043) mse=3.918(obj=3.512 bg=3.940)  val nll=+2.983(obj=+2.731 bg=+2.998) mse=3.871(obj=3.491 bg=3.893)  lr=3.49e-05  tot=119.7min
16:13:52  [178/200]  train nll=+3.019(obj=+2.745 bg=+3.034) mse=3.899(obj=3.464 bg=3.924)  val nll=+2.985(obj=+2.706 bg=+3.001) mse=3.840(obj=3.435 bg=3.863)  lr=3.20e-05  tot=120.4min
16:14:33  [179/200]  train nll=+3.029(obj=+2.754 bg=+3.044) mse=3.918(obj=3.490 bg=3.942)  val nll=+3.004(obj=+2.787 bg=+3.017) mse=3.883(obj=3.517 bg=3.905)  lr=2.93e-05  tot=121.1min
16:15:16  [180/200]  train nll=+3.032(obj=+2.769 bg=+3.047) mse=3.928(obj=3.513 bg=3.951)  val nll=+3.005(obj=+2.721 bg=+3.021) mse=3.880(obj=3.467 bg=3.903)  lr=2.67e-05  tot=121.8min
16:15:59  [181/200]  train nll=+3.029(obj=+2.762 bg=+3.043) mse=3.923(obj=3.508 bg=3.947)  val nll=+2.977(obj=+2.734 bg=+2.991) mse=3.819(obj=3.472 bg=3.839)  lr=2.42e-05  tot=122.6min
16:16:52  [182/200]  train nll=+3.018(obj=+2.749 bg=+3.033) mse=3.893(obj=3.472 bg=3.916)  val nll=+2.979(obj=+2.694 bg=+2.996) mse=3.823(obj=3.396 bg=3.849)  lr=2.19e-05  tot=123.4min
16:17:34  [183/200]  train nll=+3.024(obj=+2.754 bg=+3.039) mse=3.906(obj=3.478 bg=3.929)  val nll=+2.987(obj=+2.754 bg=+3.001) mse=3.855(obj=3.522 bg=3.876)  lr=1.96e-05  tot=124.1min
16:18:15  [184/200]  train nll=+3.017(obj=+2.744 bg=+3.032) mse=3.902(obj=3.479 bg=3.926)  val nll=+2.988(obj=+2.737 bg=+3.002) mse=3.870(obj=3.493 bg=3.893)  lr=1.75e-05  tot=124.8min
16:18:57  [185/200]  train nll=+3.021(obj=+2.755 bg=+3.035) mse=3.903(obj=3.499 bg=3.925)  val nll=+2.983(obj=+2.749 bg=+2.997) mse=3.868(obj=3.493 bg=3.890)  lr=1.55e-05  tot=125.5min
16:19:38  [186/200]  train nll=+3.012(obj=+2.740 bg=+3.027) mse=3.891(obj=3.476 bg=3.914)  val nll=+2.965(obj=+2.710 bg=+2.979) mse=3.821(obj=3.409 bg=3.844)  lr=1.37e-05  tot=126.2min
16:19:38    ↳ saved (val_nll=2.9650)
16:20:21  [187/200]  train nll=+3.022(obj=+2.750 bg=+3.037) mse=3.903(obj=3.490 bg=3.926)  val nll=+2.970(obj=+2.705 bg=+2.985) mse=3.826(obj=3.423 bg=3.850)  lr=1.19e-05  tot=126.9min
16:21:05  [188/200]  train nll=+3.017(obj=+2.750 bg=+3.031) mse=3.900(obj=3.497 bg=3.922)  val nll=+2.978(obj=+2.678 bg=+2.996) mse=3.852(obj=3.382 bg=3.879)  lr=1.03e-05  tot=127.7min
16:21:46  [189/200]  train nll=+3.017(obj=+2.734 bg=+3.033) mse=3.900(obj=3.476 bg=3.923)  val nll=+2.979(obj=+2.702 bg=+2.996) mse=3.849(obj=3.427 bg=3.875)  lr=8.82e-06  tot=128.3min
16:22:28  [190/200]  train nll=+3.016(obj=+2.747 bg=+3.031) mse=3.903(obj=3.488 bg=3.927)  val nll=+2.976(obj=+2.747 bg=+2.990) mse=3.854(obj=3.490 bg=3.876)  lr=7.47e-06  tot=129.0min
16:23:11  [191/200]  train nll=+3.017(obj=+2.743 bg=+3.032) mse=3.901(obj=3.481 bg=3.925)  val nll=+2.991(obj=+2.750 bg=+3.005) mse=3.886(obj=3.552 bg=3.906)  lr=6.24e-06  tot=129.8min
16:23:55  [192/200]  train nll=+3.013(obj=+2.755 bg=+3.027) mse=3.894(obj=3.500 bg=3.916)  val nll=+2.980(obj=+2.681 bg=+2.997) mse=3.857(obj=3.391 bg=3.884)  lr=5.14e-06  tot=130.5min
16:24:37  [193/200]  train nll=+3.013(obj=+2.729 bg=+3.028) mse=3.899(obj=3.459 bg=3.924)  val nll=+2.971(obj=+2.691 bg=+2.987) mse=3.823(obj=3.410 bg=3.847)  lr=4.17e-06  tot=131.2min
16:25:20  [194/200]  train nll=+3.021(obj=+2.754 bg=+3.036) mse=3.902(obj=3.486 bg=3.925)  val nll=+2.977(obj=+2.745 bg=+2.990) mse=3.859(obj=3.503 bg=3.879)  lr=3.33e-06  tot=131.9min
16:26:12  [195/200]  train nll=+3.019(obj=+2.742 bg=+3.034) mse=3.903(obj=3.485 bg=3.927)  val nll=+2.954(obj=+2.661 bg=+2.970) mse=3.810(obj=3.371 bg=3.834)  lr=2.62e-06  tot=132.8min
16:26:12    ↳ saved (val_nll=2.9540)
16:26:55  [196/200]  train nll=+3.015(obj=+2.742 bg=+3.030) mse=3.903(obj=3.500 bg=3.926)  val nll=+2.967(obj=+2.683 bg=+2.983) mse=3.814(obj=3.340 bg=3.841)  lr=2.04e-06  tot=133.5min
16:27:38  [197/200]  train nll=+3.014(obj=+2.754 bg=+3.029) mse=3.895(obj=3.509 bg=3.917)  val nll=+2.963(obj=+2.684 bg=+2.979) mse=3.791(obj=3.432 bg=3.813)  lr=1.58e-06  tot=134.2min
16:28:20  [198/200]  train nll=+3.010(obj=+2.741 bg=+3.025) mse=3.893(obj=3.485 bg=3.916)  val nll=+2.962(obj=+2.697 bg=+2.977) mse=3.827(obj=3.428 bg=3.851)  lr=1.26e-06  tot=134.9min
16:29:02  [199/200]  train nll=+3.009(obj=+2.743 bg=+3.024) mse=3.885(obj=3.474 bg=3.908)  val nll=+2.971(obj=+2.722 bg=+2.986) mse=3.834(obj=3.457 bg=3.856)  lr=1.06e-06  tot=135.6min
16:29:44  [200/200]  train nll=+3.007(obj=+2.736 bg=+3.022) mse=3.882(obj=3.462 bg=3.906)  val nll=+2.957(obj=+2.710 bg=+2.971) mse=3.815(obj=3.434 bg=3.837)  lr=1.00e-06  tot=136.3min
16:29:44  Best val NLL: 2.9540  |  time: 136.3min
16:29:50  Saved 12 vis → experiments/ps_v8_full/vis
