12:11:54  name=v14_3layer_kvsa  n_layers=3 self_first=False max_offset=16.0  batch=64  epochs=100  lr=0.001→1e-06
12:11:54  params: 1.36M
12:11:59  [  1/100]  train nll=+5.468(obj=+5.404 bg=+5.477) mse=12.310  val nll=+5.493(obj=+5.457 bg=+5.498) mse=12.445  lr=4.00e-04  tot=0.1min
12:11:59    ↳ saved (val_nll=5.4934)
12:12:03  [  2/100]  train nll=+5.465(obj=+5.414 bg=+5.473) mse=12.268  val nll=+5.501(obj=+5.447 bg=+5.511) mse=12.480  lr=6.00e-04  tot=0.1min
12:12:07  [  3/100]  train nll=+5.476(obj=+5.389 bg=+5.488) mse=12.311  val nll=+5.496(obj=+5.445 bg=+5.502) mse=12.425  lr=8.00e-04  tot=0.2min
12:12:10  [  4/100]  train nll=+5.482(obj=+5.419 bg=+5.491) mse=12.340  val nll=+5.473(obj=+5.423 bg=+5.478) mse=12.327  lr=1.00e-03  tot=0.3min
12:12:10    ↳ saved (val_nll=5.4732)
12:12:14  [  5/100]  train nll=+5.489(obj=+5.407 bg=+5.501) mse=12.390  val nll=+5.560(obj=+5.520 bg=+5.574) mse=12.749  lr=1.00e-03  tot=0.3min
12:12:18  [  6/100]  train nll=+5.485(obj=+5.418 bg=+5.495) mse=12.350  val nll=+5.551(obj=+5.491 bg=+5.554) mse=12.698  lr=1.00e-03  tot=0.4min
12:12:22  [  7/100]  train nll=+5.474(obj=+5.365 bg=+5.489) mse=12.333  val nll=+5.474(obj=+5.344 bg=+5.491) mse=12.330  lr=9.99e-04  tot=0.4min
12:12:25  [  8/100]  train nll=+5.468(obj=+5.313 bg=+5.488) mse=12.312  val nll=+5.448(obj=+5.259 bg=+5.473) mse=12.180  lr=9.98e-04  tot=0.5min
12:12:25    ↳ saved (val_nll=5.4479)
12:12:29  [  9/100]  train nll=+5.446(obj=+5.260 bg=+5.470) mse=12.167  val nll=+5.477(obj=+5.229 bg=+5.514) mse=12.253  lr=9.96e-04  tot=0.6min
12:12:33  [ 10/100]  train nll=+5.453(obj=+5.221 bg=+5.483) mse=12.229  val nll=+5.427(obj=+5.144 bg=+5.461) mse=12.125  lr=9.93e-04  tot=0.6min
12:12:33    ↳ saved (val_nll=5.4266)
12:12:37  [ 11/100]  train nll=+5.431(obj=+5.163 bg=+5.466) mse=12.085  val nll=+5.444(obj=+5.180 bg=+5.475) mse=12.192  lr=9.90e-04  tot=0.7min
12:12:40  [ 12/100]  train nll=+5.427(obj=+5.087 bg=+5.470) mse=12.072  val nll=+5.431(obj=+5.099 bg=+5.470) mse=12.108  lr=9.87e-04  tot=0.8min
12:12:44  [ 13/100]  train nll=+5.424(obj=+5.073 bg=+5.469) mse=12.077  val nll=+5.462(obj=+5.185 bg=+5.498) mse=12.276  lr=9.83e-04  tot=0.8min
12:12:48  [ 14/100]  train nll=+5.431(obj=+5.053 bg=+5.478) mse=12.133  val nll=+5.424(obj=+5.026 bg=+5.473) mse=12.075  lr=9.78e-04  tot=0.9min
12:12:48    ↳ saved (val_nll=5.4236)
12:12:52  [ 15/100]  train nll=+5.428(obj=+5.046 bg=+5.476) mse=12.109  val nll=+5.418(obj=+5.039 bg=+5.469) mse=12.087  lr=9.73e-04  tot=0.9min
12:12:52    ↳ saved (val_nll=5.4183)
12:12:55  [ 16/100]  train nll=+5.417(obj=+5.027 bg=+5.466) mse=12.044  val nll=+5.469(obj=+5.167 bg=+5.508) mse=12.342  lr=9.67e-04  tot=1.0min
12:12:59  [ 17/100]  train nll=+5.410(obj=+4.986 bg=+5.465) mse=12.023  val nll=+5.417(obj=+4.959 bg=+5.477) mse=12.062  lr=9.61e-04  tot=1.1min
12:12:59    ↳ saved (val_nll=5.4169)
12:13:03  [ 18/100]  train nll=+5.412(obj=+4.970 bg=+5.467) mse=12.043  val nll=+5.420(obj=+5.010 bg=+5.473) mse=12.069  lr=9.55e-04  tot=1.1min
12:13:07  [ 19/100]  train nll=+5.405(obj=+4.942 bg=+5.463) mse=11.983  val nll=+5.431(obj=+5.069 bg=+5.477) mse=12.149  lr=9.47e-04  tot=1.2min
12:13:11  [ 20/100]  train nll=+5.412(obj=+4.938 bg=+5.472) mse=12.038  val nll=+5.418(obj=+4.944 bg=+5.477) mse=12.075  lr=9.40e-04  tot=1.3min
12:13:14  [ 21/100]  train nll=+5.403(obj=+4.929 bg=+5.463) mse=11.978  val nll=+5.418(obj=+4.959 bg=+5.480) mse=12.068  lr=9.32e-04  tot=1.3min
12:13:18  [ 22/100]  train nll=+5.414(obj=+4.917 bg=+5.475) mse=12.070  val nll=+5.416(obj=+4.947 bg=+5.479) mse=12.049  lr=9.23e-04  tot=1.4min
12:13:18    ↳ saved (val_nll=5.4155)
12:13:22  [ 23/100]  train nll=+5.408(obj=+4.925 bg=+5.469) mse=12.007  val nll=+5.445(obj=+5.018 bg=+5.498) mse=12.235  lr=9.14e-04  tot=1.5min
12:13:26  [ 24/100]  train nll=+5.403(obj=+4.906 bg=+5.465) mse=12.000  val nll=+5.417(obj=+4.919 bg=+5.481) mse=12.036  lr=9.05e-04  tot=1.5min
12:13:29  [ 25/100]  train nll=+5.390(obj=+4.891 bg=+5.452) mse=11.919  val nll=+5.419(obj=+4.930 bg=+5.481) mse=12.083  lr=8.95e-04  tot=1.6min
12:13:33  [ 26/100]  train nll=+5.389(obj=+4.910 bg=+5.449) mse=11.926  val nll=+5.439(obj=+4.969 bg=+5.500) mse=12.082  lr=8.84e-04  tot=1.6min
12:13:37  [ 27/100]  train nll=+5.385(obj=+4.903 bg=+5.444) mse=11.865  val nll=+5.417(obj=+4.954 bg=+5.478) mse=12.075  lr=8.74e-04  tot=1.7min
12:13:41  [ 28/100]  train nll=+5.390(obj=+4.882 bg=+5.454) mse=11.937  val nll=+5.412(obj=+4.893 bg=+5.479) mse=12.060  lr=8.62e-04  tot=1.8min
12:13:41    ↳ saved (val_nll=5.4120)
12:13:45  [ 29/100]  train nll=+5.396(obj=+4.889 bg=+5.459) mse=11.969  val nll=+5.418(obj=+4.913 bg=+5.481) mse=12.081  lr=8.51e-04  tot=1.8min
12:13:48  [ 30/100]  train nll=+5.389(obj=+4.871 bg=+5.453) mse=11.931  val nll=+5.408(obj=+4.915 bg=+5.473) mse=12.057  lr=8.39e-04  tot=1.9min
12:13:48    ↳ saved (val_nll=5.4081)
12:13:52  [ 31/100]  train nll=+5.386(obj=+4.850 bg=+5.454) mse=11.925  val nll=+5.400(obj=+4.876 bg=+5.468) mse=11.999  lr=8.26e-04  tot=2.0min
12:13:52    ↳ saved (val_nll=5.4001)
12:13:56  [ 32/100]  train nll=+5.386(obj=+4.869 bg=+5.451) mse=11.889  val nll=+5.400(obj=+4.885 bg=+5.464) mse=12.004  lr=8.14e-04  tot=2.0min
12:13:56    ↳ saved (val_nll=5.3996)
12:14:00  [ 33/100]  train nll=+5.382(obj=+4.860 bg=+5.448) mse=11.868  val nll=+5.405(obj=+4.887 bg=+5.471) mse=11.998  lr=8.01e-04  tot=2.1min
12:14:03  [ 34/100]  train nll=+5.390(obj=+4.866 bg=+5.455) mse=11.944  val nll=+5.405(obj=+4.855 bg=+5.475) mse=12.032  lr=7.87e-04  tot=2.1min
12:14:07  [ 35/100]  train nll=+5.391(obj=+4.844 bg=+5.458) mse=11.944  val nll=+5.423(obj=+4.888 bg=+5.491) mse=12.093  lr=7.74e-04  tot=2.2min
12:14:11  [ 36/100]  train nll=+5.381(obj=+4.825 bg=+5.450) mse=11.916  val nll=+5.410(obj=+4.861 bg=+5.478) mse=12.058  lr=7.60e-04  tot=2.3min
12:14:15  [ 37/100]  train nll=+5.395(obj=+4.839 bg=+5.464) mse=11.977  val nll=+5.417(obj=+4.944 bg=+5.475) mse=12.047  lr=7.45e-04  tot=2.3min
12:14:19  [ 38/100]  train nll=+5.386(obj=+4.824 bg=+5.456) mse=11.921  val nll=+5.398(obj=+4.880 bg=+5.466) mse=12.017  lr=7.31e-04  tot=2.4min
12:14:19    ↳ saved (val_nll=5.3982)
12:14:23  [ 39/100]  train nll=+5.382(obj=+4.828 bg=+5.450) mse=11.891  val nll=+5.401(obj=+4.849 bg=+5.473) mse=12.018  lr=7.16e-04  tot=2.5min
12:14:26  [ 40/100]  train nll=+5.383(obj=+4.820 bg=+5.452) mse=11.904  val nll=+5.391(obj=+4.839 bg=+5.464) mse=12.001  lr=7.01e-04  tot=2.5min
12:14:26    ↳ saved (val_nll=5.3912)
12:14:30  [ 41/100]  train nll=+5.392(obj=+4.811 bg=+5.464) mse=11.982  val nll=+5.394(obj=+4.840 bg=+5.464) mse=11.997  lr=6.86e-04  tot=2.6min
12:14:34  [ 42/100]  train nll=+5.379(obj=+4.818 bg=+5.449) mse=11.897  val nll=+5.392(obj=+4.804 bg=+5.468) mse=11.981  lr=6.70e-04  tot=2.6min
12:14:37  [ 43/100]  train nll=+5.388(obj=+4.800 bg=+5.462) mse=11.954  val nll=+5.394(obj=+4.811 bg=+5.468) mse=11.993  lr=6.55e-04  tot=2.7min
12:14:41  [ 44/100]  train nll=+5.380(obj=+4.789 bg=+5.453) mse=11.907  val nll=+5.401(obj=+4.827 bg=+5.476) mse=12.036  lr=6.39e-04  tot=2.8min
12:14:45  [ 45/100]  train nll=+5.368(obj=+4.784 bg=+5.441) mse=11.797  val nll=+5.391(obj=+4.820 bg=+5.464) mse=11.980  lr=6.23e-04  tot=2.8min
12:14:45    ↳ saved (val_nll=5.3911)
12:14:49  [ 46/100]  train nll=+5.381(obj=+4.780 bg=+5.455) mse=11.901  val nll=+5.383(obj=+4.776 bg=+5.459) mse=11.947  lr=6.07e-04  tot=2.9min
12:14:49    ↳ saved (val_nll=5.3825)
12:14:52  [ 47/100]  train nll=+5.380(obj=+4.757 bg=+5.457) mse=11.931  val nll=+5.384(obj=+4.789 bg=+5.464) mse=11.970  lr=5.91e-04  tot=3.0min
12:14:56  [ 48/100]  train nll=+5.368(obj=+4.776 bg=+5.442) mse=11.834  val nll=+5.396(obj=+4.810 bg=+5.471) mse=11.967  lr=5.75e-04  tot=3.0min
12:15:00  [ 49/100]  train nll=+5.369(obj=+4.757 bg=+5.445) mse=11.847  val nll=+5.398(obj=+4.802 bg=+5.475) mse=12.008  lr=5.58e-04  tot=3.1min
12:15:04  [ 50/100]  train nll=+5.377(obj=+4.733 bg=+5.459) mse=11.904  val nll=+5.393(obj=+4.783 bg=+5.472) mse=11.966  lr=5.42e-04  tot=3.2min
12:15:08  [ 51/100]  train nll=+5.363(obj=+4.727 bg=+5.442) mse=11.803  val nll=+5.382(obj=+4.765 bg=+5.460) mse=11.951  lr=5.25e-04  tot=3.2min
12:15:08    ↳ saved (val_nll=5.3818)
12:15:11  [ 52/100]  train nll=+5.366(obj=+4.726 bg=+5.444) mse=11.840  val nll=+5.388(obj=+4.794 bg=+5.462) mse=11.972  lr=5.09e-04  tot=3.3min
12:15:15  [ 53/100]  train nll=+5.380(obj=+4.737 bg=+5.459) mse=11.942  val nll=+5.389(obj=+4.776 bg=+5.466) mse=11.949  lr=4.92e-04  tot=3.3min
12:15:19  [ 54/100]  train nll=+5.370(obj=+4.718 bg=+5.452) mse=11.879  val nll=+5.391(obj=+4.740 bg=+5.475) mse=11.956  lr=4.76e-04  tot=3.4min
12:15:23  [ 55/100]  train nll=+5.369(obj=+4.712 bg=+5.451) mse=11.877  val nll=+5.388(obj=+4.782 bg=+5.466) mse=11.952  lr=4.59e-04  tot=3.5min
12:15:26  [ 56/100]  train nll=+5.361(obj=+4.702 bg=+5.442) mse=11.791  val nll=+5.390(obj=+4.737 bg=+5.474) mse=11.963  lr=4.43e-04  tot=3.5min
12:15:30  [ 57/100]  train nll=+5.375(obj=+4.671 bg=+5.464) mse=11.909  val nll=+5.384(obj=+4.722 bg=+5.471) mse=11.970  lr=4.26e-04  tot=3.6min
12:15:34  [ 58/100]  train nll=+5.365(obj=+4.696 bg=+5.449) mse=11.855  val nll=+5.399(obj=+4.735 bg=+5.483) mse=12.010  lr=4.10e-04  tot=3.7min
12:15:38  [ 59/100]  train nll=+5.371(obj=+4.691 bg=+5.456) mse=11.888  val nll=+5.378(obj=+4.742 bg=+5.462) mse=11.932  lr=3.94e-04  tot=3.7min
12:15:38    ↳ saved (val_nll=5.3784)
12:15:42  [ 60/100]  train nll=+5.368(obj=+4.677 bg=+5.453) mse=11.876  val nll=+5.382(obj=+4.715 bg=+5.468) mse=11.935  lr=3.78e-04  tot=3.8min
12:15:45  [ 61/100]  train nll=+5.359(obj=+4.673 bg=+5.444) mse=11.808  val nll=+5.397(obj=+4.785 bg=+5.473) mse=11.976  lr=3.62e-04  tot=3.8min
12:15:49  [ 62/100]  train nll=+5.365(obj=+4.667 bg=+5.452) mse=11.875  val nll=+5.374(obj=+4.705 bg=+5.462) mse=11.942  lr=3.46e-04  tot=3.9min
12:15:49    ↳ saved (val_nll=5.3737)
12:15:53  [ 63/100]  train nll=+5.361(obj=+4.656 bg=+5.448) mse=11.835  val nll=+5.378(obj=+4.722 bg=+5.465) mse=11.938  lr=3.31e-04  tot=4.0min
