03:29:57  name=v6_3layer_rgb_nobggap  n_layers=3 self_first=False max_offset=16.0  batch=64  epochs=100  lr=0.001→1e-06
03:29:57  params: 1.16M
03:30:01  [  1/100]  train nll=+5.466 mse=12.286  val nll=+5.465 mse=12.304  lr=4.00e-04  tot=0.1min
03:30:01    ↳ saved (val_nll=5.4647)
03:30:04  [  2/100]  train nll=+5.470 mse=12.286  val nll=+5.438 mse=12.156  lr=6.00e-04  tot=0.1min
03:30:04    ↳ saved (val_nll=5.4379)
03:30:07  [  3/100]  train nll=+5.493 mse=12.472  val nll=+5.453 mse=12.190  lr=8.00e-04  tot=0.2min
03:30:11  [  4/100]  train nll=+5.479 mse=12.343  val nll=+5.432 mse=12.147  lr=1.00e-03  tot=0.2min
03:30:11    ↳ saved (val_nll=5.4317)
03:30:14  [  5/100]  train nll=+5.490 mse=12.388  val nll=+5.456 mse=12.230  lr=1.00e-03  tot=0.3min
03:30:17  [  6/100]  train nll=+5.476 mse=12.309  val nll=+5.452 mse=12.191  lr=1.00e-03  tot=0.3min
03:30:20  [  7/100]  train nll=+5.485 mse=12.387  val nll=+5.469 mse=12.320  lr=9.99e-04  tot=0.4min
03:30:23  [  8/100]  train nll=+5.451 mse=12.141  val nll=+5.483 mse=12.470  lr=9.98e-04  tot=0.4min
03:30:26  [  9/100]  train nll=+5.435 mse=12.092  val nll=+5.486 mse=12.357  lr=9.96e-04  tot=0.5min
03:30:29  [ 10/100]  train nll=+5.449 mse=12.179  val nll=+5.421 mse=12.032  lr=9.93e-04  tot=0.5min
03:30:29    ↳ saved (val_nll=5.4208)
03:30:32  [ 11/100]  train nll=+5.433 mse=12.087  val nll=+5.433 mse=12.133  lr=9.90e-04  tot=0.6min
03:30:35  [ 12/100]  train nll=+5.415 mse=12.007  val nll=+5.408 mse=12.012  lr=9.87e-04  tot=0.6min
03:30:35    ↳ saved (val_nll=5.4082)
03:30:39  [ 13/100]  train nll=+5.427 mse=12.080  val nll=+5.428 mse=11.989  lr=9.83e-04  tot=0.7min
03:30:42  [ 14/100]  train nll=+5.413 mse=11.995  val nll=+5.400 mse=11.928  lr=9.78e-04  tot=0.7min
03:30:42    ↳ saved (val_nll=5.4005)
03:30:45  [ 15/100]  train nll=+5.401 mse=11.944  val nll=+5.426 mse=12.150  lr=9.73e-04  tot=0.8min
03:30:48  [ 16/100]  train nll=+5.413 mse=12.016  val nll=+5.417 mse=12.104  lr=9.67e-04  tot=0.8min
03:30:51  [ 17/100]  train nll=+5.414 mse=12.048  val nll=+5.406 mse=11.986  lr=9.61e-04  tot=0.9min
03:30:55  [ 18/100]  train nll=+5.414 mse=12.022  val nll=+5.417 mse=12.051  lr=9.55e-04  tot=1.0min
03:30:58  [ 19/100]  train nll=+5.390 mse=11.894  val nll=+5.398 mse=11.940  lr=9.47e-04  tot=1.0min
03:30:58    ↳ saved (val_nll=5.3981)
03:31:01  [ 20/100]  train nll=+5.410 mse=12.059  val nll=+5.381 mse=11.875  lr=9.40e-04  tot=1.1min
03:31:01    ↳ saved (val_nll=5.3807)
03:31:04  [ 21/100]  train nll=+5.398 mse=11.941  val nll=+5.389 mse=11.909  lr=9.32e-04  tot=1.1min
03:31:07  [ 22/100]  train nll=+5.382 mse=11.853  val nll=+5.371 mse=11.825  lr=9.23e-04  tot=1.2min
03:31:07    ↳ saved (val_nll=5.3712)
03:31:10  [ 23/100]  train nll=+5.377 mse=11.857  val nll=+5.354 mse=11.756  lr=9.14e-04  tot=1.2min
03:31:10    ↳ saved (val_nll=5.3543)
03:31:13  [ 24/100]  train nll=+5.386 mse=11.933  val nll=+5.381 mse=11.884  lr=9.05e-04  tot=1.3min
03:31:17  [ 25/100]  train nll=+5.388 mse=11.926  val nll=+5.382 mse=11.901  lr=8.95e-04  tot=1.3min
03:31:20  [ 26/100]  train nll=+5.361 mse=11.764  val nll=+5.351 mse=11.779  lr=8.84e-04  tot=1.4min
03:31:20    ↳ saved (val_nll=5.3505)
03:31:23  [ 27/100]  train nll=+5.367 mse=11.834  val nll=+5.322 mse=11.619  lr=8.74e-04  tot=1.4min
03:31:23    ↳ saved (val_nll=5.3224)
03:31:26  [ 28/100]  train nll=+5.359 mse=11.814  val nll=+5.318 mse=11.579  lr=8.62e-04  tot=1.5min
03:31:26    ↳ saved (val_nll=5.3183)
03:31:29  [ 29/100]  train nll=+5.332 mse=11.670  val nll=+5.317 mse=11.613  lr=8.51e-04  tot=1.5min
03:31:29    ↳ saved (val_nll=5.3173)
03:31:32  [ 30/100]  train nll=+5.315 mse=11.641  val nll=+5.306 mse=11.648  lr=8.39e-04  tot=1.6min
03:31:32    ↳ saved (val_nll=5.3057)
03:31:35  [ 31/100]  train nll=+5.292 mse=11.567  val nll=+5.249 mse=11.426  lr=8.26e-04  tot=1.6min
03:31:35    ↳ saved (val_nll=5.2493)
03:31:38  [ 32/100]  train nll=+5.273 mse=11.514  val nll=+5.235 mse=11.385  lr=8.14e-04  tot=1.7min
03:31:38    ↳ saved (val_nll=5.2351)
03:31:42  [ 33/100]  train nll=+5.252 mse=11.492  val nll=+5.217 mse=11.384  lr=8.01e-04  tot=1.7min
03:31:42    ↳ saved (val_nll=5.2172)
03:31:45  [ 34/100]  train nll=+5.245 mse=11.499  val nll=+5.214 mse=11.340  lr=7.87e-04  tot=1.8min
03:31:45    ↳ saved (val_nll=5.2137)
03:31:48  [ 35/100]  train nll=+5.216 mse=11.385  val nll=+5.218 mse=11.483  lr=7.74e-04  tot=1.9min
03:31:51  [ 36/100]  train nll=+5.215 mse=11.427  val nll=+5.183 mse=11.371  lr=7.60e-04  tot=1.9min
03:31:51    ↳ saved (val_nll=5.1833)
03:31:54  [ 37/100]  train nll=+5.197 mse=11.371  val nll=+5.173 mse=11.372  lr=7.45e-04  tot=2.0min
03:31:54    ↳ saved (val_nll=5.1735)
03:31:58  [ 38/100]  train nll=+5.196 mse=11.392  val nll=+5.165 mse=11.341  lr=7.31e-04  tot=2.0min
03:31:58    ↳ saved (val_nll=5.1654)
03:32:01  [ 39/100]  train nll=+5.169 mse=11.263  val nll=+5.148 mse=11.259  lr=7.16e-04  tot=2.1min
03:32:01    ↳ saved (val_nll=5.1480)
03:32:04  [ 40/100]  train nll=+5.180 mse=11.364  val nll=+5.135 mse=11.242  lr=7.01e-04  tot=2.1min
03:32:04    ↳ saved (val_nll=5.1346)
03:32:07  [ 41/100]  train nll=+5.157 mse=11.268  val nll=+5.197 mse=11.322  lr=6.86e-04  tot=2.2min
03:32:10  [ 42/100]  train nll=+5.169 mse=11.375  val nll=+5.193 mse=11.347  lr=6.70e-04  tot=2.2min
03:32:13  [ 43/100]  train nll=+5.164 mse=11.324  val nll=+5.124 mse=11.262  lr=6.55e-04  tot=2.3min
03:32:13    ↳ saved (val_nll=5.1237)
03:32:16  [ 44/100]  train nll=+5.140 mse=11.227  val nll=+5.101 mse=11.242  lr=6.39e-04  tot=2.3min
03:32:16    ↳ saved (val_nll=5.1014)
03:32:19  [ 45/100]  train nll=+5.149 mse=11.319  val nll=+5.132 mse=11.212  lr=6.23e-04  tot=2.4min
03:32:23  [ 46/100]  train nll=+5.150 mse=11.316  val nll=+5.101 mse=11.259  lr=6.07e-04  tot=2.4min
03:32:23    ↳ saved (val_nll=5.1008)
03:32:26  [ 47/100]  train nll=+5.134 mse=11.254  val nll=+5.100 mse=11.214  lr=5.91e-04  tot=2.5min
03:32:26    ↳ saved (val_nll=5.0995)
03:32:29  [ 48/100]  train nll=+5.133 mse=11.262  val nll=+5.101 mse=11.207  lr=5.75e-04  tot=2.5min
03:32:32  [ 49/100]  train nll=+5.134 mse=11.266  val nll=+5.076 mse=11.199  lr=5.58e-04  tot=2.6min
03:32:32    ↳ saved (val_nll=5.0759)
03:32:35  [ 50/100]  train nll=+5.124 mse=11.257  val nll=+5.085 mse=11.210  lr=5.42e-04  tot=2.6min
03:32:38  [ 51/100]  train nll=+5.125 mse=11.288  val nll=+5.083 mse=11.216  lr=5.25e-04  tot=2.7min
03:32:42  [ 52/100]  train nll=+5.138 mse=11.380  val nll=+5.075 mse=11.205  lr=5.09e-04  tot=2.7min
03:32:42    ↳ saved (val_nll=5.0749)
03:32:45  [ 53/100]  train nll=+5.132 mse=11.349  val nll=+5.061 mse=11.142  lr=4.92e-04  tot=2.8min
03:32:45    ↳ saved (val_nll=5.0610)
03:32:48  [ 54/100]  train nll=+5.135 mse=11.378  val nll=+5.079 mse=11.195  lr=4.76e-04  tot=2.8min
03:32:51  [ 55/100]  train nll=+5.107 mse=11.207  val nll=+5.103 mse=11.210  lr=4.59e-04  tot=2.9min
03:32:54  [ 56/100]  train nll=+5.115 mse=11.252  val nll=+5.082 mse=11.230  lr=4.43e-04  tot=2.9min
03:32:57  [ 57/100]  train nll=+5.104 mse=11.207  val nll=+5.074 mse=11.162  lr=4.26e-04  tot=3.0min
03:33:00  [ 58/100]  train nll=+5.110 mse=11.285  val nll=+5.053 mse=11.164  lr=4.10e-04  tot=3.0min
03:33:00    ↳ saved (val_nll=5.0532)
03:33:03  [ 59/100]  train nll=+5.097 mse=11.159  val nll=+5.069 mse=11.191  lr=3.94e-04  tot=3.1min
03:33:07  [ 60/100]  train nll=+5.113 mse=11.325  val nll=+5.086 mse=11.197  lr=3.78e-04  tot=3.2min
03:33:10  [ 61/100]  train nll=+5.094 mse=11.178  val nll=+5.054 mse=11.180  lr=3.62e-04  tot=3.2min
03:33:13  [ 62/100]  train nll=+5.094 mse=11.224  val nll=+5.045 mse=11.181  lr=3.46e-04  tot=3.3min
03:33:13    ↳ saved (val_nll=5.0451)
03:33:16  [ 63/100]  train nll=+5.093 mse=11.216  val nll=+5.066 mse=11.200  lr=3.31e-04  tot=3.3min
03:33:19  [ 64/100]  train nll=+5.090 mse=11.216  val nll=+5.032 mse=11.142  lr=3.15e-04  tot=3.4min
03:33:19    ↳ saved (val_nll=5.0318)
03:33:22  [ 65/100]  train nll=+5.083 mse=11.182  val nll=+5.044 mse=11.160  lr=3.00e-04  tot=3.4min
03:33:25  [ 66/100]  train nll=+5.075 mse=11.116  val nll=+5.044 mse=11.161  lr=2.85e-04  tot=3.5min
03:33:28  [ 67/100]  train nll=+5.099 mse=11.305  val nll=+5.032 mse=11.133  lr=2.70e-04  tot=3.5min
03:33:28    ↳ saved (val_nll=5.0316)
03:33:32  [ 68/100]  train nll=+5.082 mse=11.207  val nll=+5.034 mse=11.132  lr=2.56e-04  tot=3.6min
03:33:35  [ 69/100]  train nll=+5.071 mse=11.147  val nll=+5.033 mse=11.171  lr=2.41e-04  tot=3.6min
03:33:38  [ 70/100]  train nll=+5.073 mse=11.191  val nll=+5.048 mse=11.141  lr=2.27e-04  tot=3.7min
03:33:41  [ 71/100]  train nll=+5.081 mse=11.257  val nll=+5.037 mse=11.164  lr=2.14e-04  tot=3.7min
03:33:44  [ 72/100]  train nll=+5.074 mse=11.213  val nll=+5.035 mse=11.131  lr=2.00e-04  tot=3.8min
03:33:47  [ 73/100]  train nll=+5.079 mse=11.241  val nll=+5.039 mse=11.130  lr=1.87e-04  tot=3.8min
03:33:50  [ 74/100]  train nll=+5.064 mse=11.150  val nll=+5.038 mse=11.183  lr=1.75e-04  tot=3.9min
03:33:53  [ 75/100]  train nll=+5.061 mse=11.136  val nll=+5.026 mse=11.137  lr=1.62e-04  tot=3.9min
03:33:53    ↳ saved (val_nll=5.0265)
03:33:57  [ 76/100]  train nll=+5.054 mse=11.137  val nll=+5.025 mse=11.137  lr=1.50e-04  tot=4.0min
03:33:57    ↳ saved (val_nll=5.0254)
03:34:00  [ 77/100]  train nll=+5.067 mse=11.248  val nll=+5.033 mse=11.160  lr=1.39e-04  tot=4.0min
03:34:03  [ 78/100]  train nll=+5.068 mse=11.210  val nll=+5.018 mse=11.135  lr=1.27e-04  tot=4.1min
03:34:03    ↳ saved (val_nll=5.0181)
03:34:06  [ 79/100]  train nll=+5.064 mse=11.200  val nll=+5.022 mse=11.138  lr=1.17e-04  tot=4.1min
03:34:09  [ 80/100]  train nll=+5.067 mse=11.215  val nll=+5.021 mse=11.144  lr=1.06e-04  tot=4.2min
03:34:12  [ 81/100]  train nll=+5.074 mse=11.268  val nll=+5.012 mse=11.128  lr=9.64e-05  tot=4.2min
03:34:12    ↳ saved (val_nll=5.0115)
03:34:15  [ 82/100]  train nll=+5.058 mse=11.195  val nll=+5.009 mse=11.129  lr=8.69e-05  tot=4.3min
03:34:15    ↳ saved (val_nll=5.0087)
03:34:18  [ 83/100]  train nll=+5.069 mse=11.290  val nll=+5.013 mse=11.129  lr=7.79e-05  tot=4.4min
03:34:22  [ 84/100]  train nll=+5.057 mse=11.211  val nll=+5.007 mse=11.117  lr=6.93e-05  tot=4.4min
03:34:22    ↳ saved (val_nll=5.0067)
03:34:25  [ 85/100]  train nll=+5.057 mse=11.166  val nll=+5.005 mse=11.109  lr=6.12e-05  tot=4.5min
03:34:25    ↳ saved (val_nll=5.0051)
03:34:28  [ 86/100]  train nll=+5.052 mse=11.191  val nll=+5.007 mse=11.114  lr=5.36e-05  tot=4.5min
03:34:31  [ 87/100]  train nll=+5.052 mse=11.178  val nll=+5.004 mse=11.116  lr=4.65e-05  tot=4.6min
03:34:31    ↳ saved (val_nll=5.0037)
03:34:34  [ 88/100]  train nll=+5.044 mse=11.137  val nll=+5.002 mse=11.128  lr=3.98e-05  tot=4.6min
03:34:34    ↳ saved (val_nll=5.0017)
03:34:37  [ 89/100]  train nll=+5.037 mse=11.134  val nll=+5.001 mse=11.124  lr=3.37e-05  tot=4.7min
03:34:37    ↳ saved (val_nll=5.0013)
03:34:40  [ 90/100]  train nll=+5.051 mse=11.202  val nll=+5.001 mse=11.137  lr=2.81e-05  tot=4.7min
03:34:40    ↳ saved (val_nll=5.0012)
03:34:44  [ 91/100]  train nll=+5.041 mse=11.178  val nll=+5.002 mse=11.131  lr=2.30e-05  tot=4.8min
03:34:47  [ 92/100]  train nll=+5.045 mse=11.156  val nll=+4.995 mse=11.109  lr=1.84e-05  tot=4.8min
03:34:47    ↳ saved (val_nll=4.9949)
03:34:50  [ 93/100]  train nll=+5.043 mse=11.146  val nll=+4.999 mse=11.118  lr=1.43e-05  tot=4.9min
03:34:53  [ 94/100]  train nll=+5.053 mse=11.247  val nll=+4.998 mse=11.121  lr=1.08e-05  tot=4.9min
03:34:56  [ 95/100]  train nll=+5.043 mse=11.192  val nll=+4.998 mse=11.117  lr=7.81e-06  tot=5.0min
03:34:59  [ 96/100]  train nll=+5.039 mse=11.162  val nll=+4.995 mse=11.120  lr=5.36e-06  tot=5.0min
03:35:03  [ 97/100]  train nll=+5.041 mse=11.142  val nll=+4.994 mse=11.117  lr=3.46e-06  tot=5.1min
03:35:03    ↳ saved (val_nll=4.9941)
03:35:06  [ 98/100]  train nll=+5.041 mse=11.189  val nll=+4.993 mse=11.113  lr=2.09e-06  tot=5.1min
03:35:06    ↳ saved (val_nll=4.9927)
03:35:09  [ 99/100]  train nll=+5.054 mse=11.223  val nll=+4.993 mse=11.113  lr=1.27e-06  tot=5.2min
03:35:12  [100/100]  train nll=+5.043 mse=11.180  val nll=+4.993 mse=11.112  lr=1.00e-06  tot=5.3min
03:35:12  Best val NLL: 4.9927  |  time: 5.3min
