11:05:48  train=77273 val=7728
11:05:48  params: 1.40M
11:06:22  [  1/200]  train nll=+4.502(obj=+4.424 bg=+4.537) mse=8.067(obj=7.651 bg=8.250)  val nll=+4.418(obj=+4.387 bg=+4.430) mse=8.042(obj=7.683 bg=8.186)  lr=4.00e-04  tot=0.6min
11:06:22    ↳ saved (val_nll=4.4182)
11:06:53  [  2/200]  train nll=+4.406(obj=+4.343 bg=+4.434) mse=7.821(obj=7.421 bg=7.997)  val nll=+6.505(obj=+6.066 bg=+6.692) mse=8.181(obj=7.670 bg=8.390)  lr=6.00e-04  tot=1.1min
11:07:24  [  3/200]  train nll=+4.351(obj=+4.290 bg=+4.378) mse=7.654(obj=7.256 bg=7.829)  val nll=+4.367(obj=+4.298 bg=+4.396) mse=7.749(obj=7.368 bg=7.903)  lr=8.00e-04  tot=1.6min
11:07:24    ↳ saved (val_nll=4.3665)
11:07:55  [  4/200]  train nll=+4.327(obj=+4.265 bg=+4.355) mse=7.584(obj=7.178 bg=7.762)  val nll=+4.513(obj=+4.449 bg=+4.538) mse=8.044(obj=7.660 bg=8.196)  lr=1.00e-03  tot=2.1min
11:08:26  [  5/200]  train nll=+4.312(obj=+4.248 bg=+4.341) mse=7.506(obj=7.111 bg=7.679)  val nll=+4.313(obj=+4.252 bg=+4.338) mse=7.649(obj=7.267 bg=7.800)  lr=1.00e-03  tot=2.6min
11:08:26    ↳ saved (val_nll=4.3129)
11:08:57  [  6/200]  train nll=+4.275(obj=+4.209 bg=+4.305) mse=7.423(obj=7.023 bg=7.598)  val nll=+4.269(obj=+4.233 bg=+4.284) mse=7.577(obj=7.220 bg=7.720)  lr=1.00e-03  tot=3.1min
11:08:57    ↳ saved (val_nll=4.2691)
11:09:28  [  7/200]  train nll=+4.215(obj=+4.150 bg=+4.245) mse=7.295(obj=6.894 bg=7.471)  val nll=+4.257(obj=+4.235 bg=+4.265) mse=7.300(obj=7.058 bg=7.393)  lr=1.00e-03  tot=3.7min
11:09:28    ↳ saved (val_nll=4.2569)
11:10:00  [  8/200]  train nll=+4.172(obj=+4.099 bg=+4.205) mse=7.150(obj=6.722 bg=7.338)  val nll=+4.075(obj=+4.036 bg=+4.091) mse=7.023(obj=6.697 bg=7.153)  lr=9.99e-04  tot=4.2min
11:10:00    ↳ saved (val_nll=4.0750)
11:10:32  [  9/200]  train nll=+4.125(obj=+4.047 bg=+4.161) mse=7.008(obj=6.568 bg=7.202)  val nll=+4.079(obj=+4.030 bg=+4.100) mse=6.955(obj=6.574 bg=7.108)  lr=9.99e-04  tot=4.7min
11:11:03  [ 10/200]  train nll=+4.073(obj=+3.990 bg=+4.110) mse=6.829(obj=6.375 bg=7.029)  val nll=+4.022(obj=+3.943 bg=+4.055) mse=6.750(obj=6.299 bg=6.931)  lr=9.98e-04  tot=5.2min
11:11:03    ↳ saved (val_nll=4.0221)
11:11:34  [ 11/200]  train nll=+4.046(obj=+3.959 bg=+4.084) mse=6.734(obj=6.267 bg=6.939)  val nll=+3.998(obj=+3.944 bg=+4.020) mse=6.598(obj=6.195 bg=6.763)  lr=9.98e-04  tot=5.8min
11:11:34    ↳ saved (val_nll=3.9977)
11:12:06  [ 12/200]  train nll=+4.020(obj=+3.933 bg=+4.060) mse=6.642(obj=6.171 bg=6.848)  val nll=+4.078(obj=+3.977 bg=+4.121) mse=6.690(obj=6.217 bg=6.888)  lr=9.97e-04  tot=6.3min
11:12:37  [ 13/200]  train nll=+3.983(obj=+3.895 bg=+4.023) mse=6.515(obj=6.045 bg=6.722)  val nll=+4.044(obj=+3.938 bg=+4.091) mse=6.535(obj=6.060 bg=6.734)  lr=9.96e-04  tot=6.8min
11:13:08  [ 14/200]  train nll=+3.938(obj=+3.849 bg=+3.978) mse=6.360(obj=5.895 bg=6.563)  val nll=+3.894(obj=+3.824 bg=+3.922) mse=6.264(obj=5.822 bg=6.439)  lr=9.95e-04  tot=7.3min
11:13:08    ↳ saved (val_nll=3.8939)
11:13:39  [ 15/200]  train nll=+3.899(obj=+3.812 bg=+3.938) mse=6.223(obj=5.772 bg=6.421)  val nll=+3.896(obj=+3.844 bg=+3.918) mse=6.300(obj=5.917 bg=6.455)  lr=9.94e-04  tot=7.8min
11:14:10  [ 16/200]  train nll=+3.870(obj=+3.785 bg=+3.909) mse=6.107(obj=5.664 bg=6.302)  val nll=+3.977(obj=+3.902 bg=+4.008) mse=6.200(obj=5.763 bg=6.377)  lr=9.92e-04  tot=8.3min
11:14:41  [ 17/200]  train nll=+3.846(obj=+3.762 bg=+3.884) mse=6.008(obj=5.580 bg=6.196)  val nll=+3.955(obj=+3.851 bg=+4.000) mse=6.248(obj=5.730 bg=6.462)  lr=9.91e-04  tot=8.9min
11:15:12  [ 18/200]  train nll=+3.814(obj=+3.728 bg=+3.853) mse=5.932(obj=5.498 bg=6.122)  val nll=+3.817(obj=+3.719 bg=+3.859) mse=5.965(obj=5.494 bg=6.158)  lr=9.89e-04  tot=9.4min
11:15:12    ↳ saved (val_nll=3.8174)
11:15:44  [ 19/200]  train nll=+3.792(obj=+3.707 bg=+3.830) mse=5.856(obj=5.431 bg=6.042)  val nll=+3.776(obj=+3.674 bg=+3.820) mse=5.747(obj=5.289 bg=5.936)  lr=9.87e-04  tot=9.9min
11:15:44    ↳ saved (val_nll=3.7760)
11:16:15  [ 20/200]  train nll=+3.771(obj=+3.687 bg=+3.808) mse=5.798(obj=5.378 bg=5.982)  val nll=+3.773(obj=+3.700 bg=+3.803) mse=5.795(obj=5.404 bg=5.955)  lr=9.85e-04  tot=10.4min
11:16:15    ↳ saved (val_nll=3.7727)
11:16:47  [ 21/200]  train nll=+3.759(obj=+3.676 bg=+3.796) mse=5.750(obj=5.335 bg=5.932)  val nll=+3.836(obj=+3.764 bg=+3.867) mse=5.829(obj=5.453 bg=5.981)  lr=9.83e-04  tot=11.0min
11:17:18  [ 22/200]  train nll=+3.740(obj=+3.660 bg=+3.776) mse=5.692(obj=5.294 bg=5.868)  val nll=+3.698(obj=+3.630 bg=+3.725) mse=5.622(obj=5.216 bg=5.785)  lr=9.81e-04  tot=11.5min
11:17:18    ↳ saved (val_nll=3.6975)
11:17:49  [ 23/200]  train nll=+3.730(obj=+3.649 bg=+3.766) mse=5.642(obj=5.240 bg=5.818)  val nll=+3.709(obj=+3.623 bg=+3.745) mse=5.657(obj=5.225 bg=5.831)  lr=9.79e-04  tot=12.0min
11:18:20  [ 24/200]  train nll=+3.711(obj=+3.631 bg=+3.747) mse=5.601(obj=5.200 bg=5.777)  val nll=+3.668(obj=+3.593 bg=+3.699) mse=5.471(obj=5.082 bg=5.626)  lr=9.77e-04  tot=12.5min
11:18:20    ↳ saved (val_nll=3.6685)
11:18:52  [ 25/200]  train nll=+3.699(obj=+3.619 bg=+3.735) mse=5.568(obj=5.174 bg=5.740)  val nll=+3.660(obj=+3.571 bg=+3.696) mse=5.477(obj=5.038 bg=5.654)  lr=9.74e-04  tot=13.1min
11:18:52    ↳ saved (val_nll=3.6595)
11:19:23  [ 26/200]  train nll=+3.686(obj=+3.604 bg=+3.722) mse=5.518(obj=5.125 bg=5.691)  val nll=+3.750(obj=+3.675 bg=+3.782) mse=5.532(obj=5.213 bg=5.663)  lr=9.72e-04  tot=13.6min
11:19:55  [ 27/200]  train nll=+3.676(obj=+3.597 bg=+3.712) mse=5.500(obj=5.108 bg=5.671)  val nll=+3.691(obj=+3.607 bg=+3.726) mse=5.479(obj=5.111 bg=5.629)  lr=9.69e-04  tot=14.1min
11:20:27  [ 28/200]  train nll=+3.658(obj=+3.581 bg=+3.692) mse=5.445(obj=5.069 bg=5.610)  val nll=+3.599(obj=+3.557 bg=+3.615) mse=5.316(obj=4.996 bg=5.444)  lr=9.66e-04  tot=14.6min
11:20:27    ↳ saved (val_nll=3.5993)
11:20:59  [ 29/200]  train nll=+3.642(obj=+3.569 bg=+3.675) mse=5.389(obj=5.023 bg=5.550)  val nll=+3.771(obj=+3.709 bg=+3.796) mse=5.656(obj=5.275 bg=5.811)  lr=9.63e-04  tot=15.2min
11:21:30  [ 30/200]  train nll=+3.630(obj=+3.555 bg=+3.664) mse=5.373(obj=4.993 bg=5.539)  val nll=+3.567(obj=+3.511 bg=+3.589) mse=5.285(obj=4.926 bg=5.428)  lr=9.60e-04  tot=15.7min
11:21:30    ↳ saved (val_nll=3.5670)
11:22:02  [ 31/200]  train nll=+3.625(obj=+3.552 bg=+3.658) mse=5.359(obj=4.991 bg=5.520)  val nll=+3.651(obj=+3.572 bg=+3.683) mse=5.421(obj=5.024 bg=5.575)  lr=9.57e-04  tot=16.2min
11:22:33  [ 32/200]  train nll=+3.621(obj=+3.545 bg=+3.655) mse=5.333(obj=4.964 bg=5.494)  val nll=+3.612(obj=+3.526 bg=+3.647) mse=5.294(obj=4.885 bg=5.458)  lr=9.53e-04  tot=16.7min
11:23:04  [ 33/200]  train nll=+3.602(obj=+3.525 bg=+3.636) mse=5.286(obj=4.920 bg=5.447)  val nll=+3.602(obj=+3.520 bg=+3.635) mse=5.391(obj=4.976 bg=5.555)  lr=9.50e-04  tot=17.3min
11:23:36  [ 34/200]  train nll=+3.600(obj=+3.527 bg=+3.633) mse=5.276(obj=4.921 bg=5.432)  val nll=+3.526(obj=+3.459 bg=+3.552) mse=5.156(obj=4.797 bg=5.298)  lr=9.46e-04  tot=17.8min
11:23:36    ↳ saved (val_nll=3.5256)
11:24:07  [ 35/200]  train nll=+3.587(obj=+3.513 bg=+3.621) mse=5.242(obj=4.881 bg=5.401)  val nll=+3.567(obj=+3.505 bg=+3.592) mse=5.183(obj=4.869 bg=5.310)  lr=9.43e-04  tot=18.3min
11:24:39  [ 36/200]  train nll=+3.577(obj=+3.506 bg=+3.608) mse=5.224(obj=4.874 bg=5.378)  val nll=+3.600(obj=+3.518 bg=+3.635) mse=5.242(obj=4.847 bg=5.402)  lr=9.39e-04  tot=18.8min
11:25:09  [ 37/200]  train nll=+3.568(obj=+3.496 bg=+3.600) mse=5.202(obj=4.845 bg=5.358)  val nll=+3.608(obj=+3.534 bg=+3.638) mse=5.309(obj=4.949 bg=5.452)  lr=9.35e-04  tot=19.3min
11:25:42  [ 38/200]  train nll=+3.564(obj=+3.493 bg=+3.595) mse=5.179(obj=4.829 bg=5.332)  val nll=+3.562(obj=+3.501 bg=+3.587) mse=5.244(obj=4.898 bg=5.388)  lr=9.31e-04  tot=19.9min
11:26:13  [ 39/200]  train nll=+3.560(obj=+3.490 bg=+3.591) mse=5.170(obj=4.827 bg=5.321)  val nll=+3.625(obj=+3.562 bg=+3.650) mse=5.287(obj=4.948 bg=5.423)  lr=9.27e-04  tot=20.4min
11:26:45  [ 40/200]  train nll=+3.546(obj=+3.474 bg=+3.577) mse=5.144(obj=4.792 bg=5.297)  val nll=+3.521(obj=+3.443 bg=+3.554) mse=5.100(obj=4.728 bg=5.247)  lr=9.23e-04  tot=20.9min
11:26:45    ↳ saved (val_nll=3.5213)
11:27:18  [ 41/200]  train nll=+3.536(obj=+3.466 bg=+3.566) mse=5.093(obj=4.757 bg=5.242)  val nll=+3.608(obj=+3.509 bg=+3.650) mse=5.281(obj=4.866 bg=5.450)  lr=9.18e-04  tot=21.5min
11:27:49  [ 42/200]  train nll=+3.532(obj=+3.463 bg=+3.563) mse=5.107(obj=4.764 bg=5.257)  val nll=+3.567(obj=+3.498 bg=+3.596) mse=5.195(obj=4.853 bg=5.332)  lr=9.14e-04  tot=22.0min
11:28:21  [ 43/200]  train nll=+3.519(obj=+3.449 bg=+3.550) mse=5.072(obj=4.732 bg=5.221)  val nll=+3.565(obj=+3.512 bg=+3.585) mse=5.157(obj=4.832 bg=5.285)  lr=9.09e-04  tot=22.5min
11:28:52  [ 44/200]  train nll=+3.516(obj=+3.448 bg=+3.547) mse=5.058(obj=4.724 bg=5.203)  val nll=+3.494(obj=+3.449 bg=+3.511) mse=4.992(obj=4.686 bg=5.114)  lr=9.05e-04  tot=23.1min
11:28:52    ↳ saved (val_nll=3.4938)
11:29:23  [ 45/200]  train nll=+3.512(obj=+3.442 bg=+3.542) mse=5.055(obj=4.714 bg=5.204)  val nll=+3.493(obj=+3.441 bg=+3.512) mse=5.044(obj=4.726 bg=5.168)  lr=9.00e-04  tot=23.6min
11:29:23    ↳ saved (val_nll=3.4926)
11:29:55  [ 46/200]  train nll=+3.507(obj=+3.439 bg=+3.537) mse=5.040(obj=4.703 bg=5.187)  val nll=+3.479(obj=+3.399 bg=+3.513) mse=4.951(obj=4.601 bg=5.095)  lr=8.95e-04  tot=24.1min
11:29:55    ↳ saved (val_nll=3.4789)
11:30:27  [ 47/200]  train nll=+3.512(obj=+3.444 bg=+3.542) mse=5.042(obj=4.713 bg=5.187)  val nll=+3.439(obj=+3.385 bg=+3.461) mse=4.904(obj=4.620 bg=5.018)  lr=8.90e-04  tot=24.6min
11:30:27    ↳ saved (val_nll=3.4391)
11:30:59  [ 48/200]  train nll=+3.503(obj=+3.433 bg=+3.534) mse=5.024(obj=4.683 bg=5.173)  val nll=+3.452(obj=+3.395 bg=+3.475) mse=4.935(obj=4.599 bg=5.069)  lr=8.85e-04  tot=25.2min
11:31:32  [ 49/200]  train nll=+3.498(obj=+3.429 bg=+3.528) mse=5.004(obj=4.675 bg=5.148)  val nll=+3.460(obj=+3.393 bg=+3.487) mse=4.952(obj=4.620 bg=5.082)  lr=8.80e-04  tot=25.7min
11:32:02  [ 50/200]  train nll=+3.492(obj=+3.423 bg=+3.522) mse=4.999(obj=4.666 bg=5.145)  val nll=+3.421(obj=+3.369 bg=+3.443) mse=4.846(obj=4.555 bg=4.965)  lr=8.74e-04  tot=26.2min
11:32:02    ↳ saved (val_nll=3.4212)
11:32:34  [ 51/200]  train nll=+3.478(obj=+3.409 bg=+3.508) mse=4.961(obj=4.627 bg=5.108)  val nll=+3.410(obj=+3.344 bg=+3.437) mse=4.864(obj=4.522 bg=5.000)  lr=8.69e-04  tot=26.8min
11:32:34    ↳ saved (val_nll=3.4098)
11:33:06  [ 52/200]  train nll=+3.475(obj=+3.411 bg=+3.504) mse=4.960(obj=4.634 bg=5.103)  val nll=+3.418(obj=+3.373 bg=+3.436) mse=4.826(obj=4.518 bg=4.948)  lr=8.64e-04  tot=27.3min
11:33:37  [ 53/200]  train nll=+3.476(obj=+3.409 bg=+3.505) mse=4.955(obj=4.635 bg=5.095)  val nll=+3.535(obj=+3.460 bg=+3.565) mse=5.096(obj=4.717 bg=5.250)  lr=8.58e-04  tot=27.8min
11:34:09  [ 54/200]  train nll=+3.469(obj=+3.405 bg=+3.497) mse=4.921(obj=4.609 bg=5.058)  val nll=+3.486(obj=+3.426 bg=+3.509) mse=4.952(obj=4.665 bg=5.066)  lr=8.52e-04  tot=28.3min
11:34:39  [ 55/200]  train nll=+3.468(obj=+3.400 bg=+3.498) mse=4.933(obj=4.603 bg=5.076)  val nll=+3.416(obj=+3.347 bg=+3.443) mse=4.874(obj=4.515 bg=5.017)  lr=8.47e-04  tot=28.8min
11:35:13  [ 56/200]  train nll=+3.463(obj=+3.397 bg=+3.493) mse=4.911(obj=4.592 bg=5.051)  val nll=+3.428(obj=+3.365 bg=+3.453) mse=4.913(obj=4.586 bg=5.040)  lr=8.41e-04  tot=29.4min
11:35:45  [ 57/200]  train nll=+3.452(obj=+3.386 bg=+3.482) mse=4.895(obj=4.577 bg=5.034)  val nll=+3.429(obj=+3.369 bg=+3.453) mse=4.879(obj=4.578 bg=4.999)  lr=8.35e-04  tot=29.9min
11:36:17  [ 58/200]  train nll=+3.451(obj=+3.385 bg=+3.480) mse=4.890(obj=4.566 bg=5.031)  val nll=+3.376(obj=+3.324 bg=+3.396) mse=4.727(obj=4.447 bg=4.836)  lr=8.29e-04  tot=30.5min
11:36:17    ↳ saved (val_nll=3.3756)
11:36:57  [ 59/200]  train nll=+3.452(obj=+3.386 bg=+3.482) mse=4.896(obj=4.573 bg=5.037)  val nll=+3.426(obj=+3.373 bg=+3.447) mse=4.840(obj=4.543 bg=4.955)  lr=8.23e-04  tot=31.1min
11:37:53  [ 60/200]  train nll=+3.440(obj=+3.373 bg=+3.470) mse=4.872(obj=4.552 bg=5.012)  val nll=+3.371(obj=+3.313 bg=+3.395) mse=4.750(obj=4.429 bg=4.876)  lr=8.16e-04  tot=32.1min
11:37:53    ↳ saved (val_nll=3.3712)
11:38:49  [ 61/200]  train nll=+3.435(obj=+3.371 bg=+3.463) mse=4.860(obj=4.545 bg=4.998)  val nll=+3.384(obj=+3.319 bg=+3.410) mse=4.720(obj=4.411 bg=4.844)  lr=8.10e-04  tot=33.0min
11:39:44  [ 62/200]  train nll=+3.429(obj=+3.364 bg=+3.458) mse=4.846(obj=4.534 bg=4.983)  val nll=+3.427(obj=+3.370 bg=+3.450) mse=4.781(obj=4.495 bg=4.894)  lr=8.04e-04  tot=33.9min
11:40:39  [ 63/200]  train nll=+3.435(obj=+3.370 bg=+3.464) mse=4.851(obj=4.541 bg=4.987)  val nll=+3.407(obj=+3.361 bg=+3.425) mse=4.793(obj=4.531 bg=4.897)  lr=7.97e-04  tot=34.8min
11:41:34  [ 64/200]  train nll=+3.424(obj=+3.360 bg=+3.453) mse=4.828(obj=4.524 bg=4.961)  val nll=+3.405(obj=+3.343 bg=+3.430) mse=4.816(obj=4.496 bg=4.944)  lr=7.91e-04  tot=35.8min
11:42:30  [ 65/200]  train nll=+3.419(obj=+3.358 bg=+3.446) mse=4.818(obj=4.510 bg=4.953)  val nll=+3.402(obj=+3.338 bg=+3.428) mse=4.811(obj=4.502 bg=4.936)  lr=7.84e-04  tot=36.7min
11:43:26  [ 66/200]  train nll=+3.415(obj=+3.350 bg=+3.444) mse=4.822(obj=4.500 bg=4.962)  val nll=+3.391(obj=+3.326 bg=+3.418) mse=4.748(obj=4.442 bg=4.871)  lr=7.78e-04  tot=37.6min
11:44:21  [ 67/200]  train nll=+3.416(obj=+3.350 bg=+3.445) mse=4.822(obj=4.502 bg=4.963)  val nll=+3.371(obj=+3.314 bg=+3.394) mse=4.748(obj=4.429 bg=4.873)  lr=7.71e-04  tot=38.5min
11:45:16  [ 68/200]  train nll=+3.409(obj=+3.347 bg=+3.437) mse=4.789(obj=4.482 bg=4.923)  val nll=+3.371(obj=+3.306 bg=+3.397) mse=4.715(obj=4.396 bg=4.839)  lr=7.64e-04  tot=39.5min
11:45:16    ↳ saved (val_nll=3.3709)
11:46:11  [ 69/200]  train nll=+3.408(obj=+3.346 bg=+3.436) mse=4.788(obj=4.485 bg=4.920)  val nll=+3.418(obj=+3.343 bg=+3.450) mse=4.814(obj=4.497 bg=4.941)  lr=7.57e-04  tot=40.4min
11:47:06  [ 70/200]  train nll=+3.397(obj=+3.334 bg=+3.424) mse=4.760(obj=4.464 bg=4.889)  val nll=+3.388(obj=+3.346 bg=+3.403) mse=4.760(obj=4.501 bg=4.860)  lr=7.50e-04  tot=41.3min
11:48:02  [ 71/200]  train nll=+3.393(obj=+3.328 bg=+3.421) mse=4.745(obj=4.442 bg=4.877)  val nll=+3.408(obj=+3.366 bg=+3.425) mse=4.828(obj=4.520 bg=4.947)  lr=7.43e-04  tot=42.2min
11:48:58  [ 72/200]  train nll=+3.392(obj=+3.329 bg=+3.420) mse=4.763(obj=4.453 bg=4.898)  val nll=+3.369(obj=+3.313 bg=+3.391) mse=4.769(obj=4.448 bg=4.894)  lr=7.36e-04  tot=43.2min
11:48:58    ↳ saved (val_nll=3.3690)
11:49:53  [ 73/200]  train nll=+3.395(obj=+3.332 bg=+3.422) mse=4.760(obj=4.453 bg=4.894)  val nll=+3.345(obj=+3.293 bg=+3.365) mse=4.669(obj=4.376 bg=4.783)  lr=7.29e-04  tot=44.1min
11:49:53    ↳ saved (val_nll=3.3446)
11:50:48  [ 74/200]  train nll=+3.384(obj=+3.320 bg=+3.412) mse=4.736(obj=4.430 bg=4.869)  val nll=+3.396(obj=+3.343 bg=+3.418) mse=4.729(obj=4.461 bg=4.836)  lr=7.22e-04  tot=45.0min
11:51:44  [ 75/200]  train nll=+3.381(obj=+3.318 bg=+3.408) mse=4.730(obj=4.426 bg=4.863)  val nll=+3.378(obj=+3.322 bg=+3.400) mse=4.746(obj=4.462 bg=4.858)  lr=7.15e-04  tot=45.9min
11:52:39  [ 76/200]  train nll=+3.383(obj=+3.324 bg=+3.409) mse=4.731(obj=4.435 bg=4.860)  val nll=+3.330(obj=+3.277 bg=+3.351) mse=4.608(obj=4.352 bg=4.710)  lr=7.07e-04  tot=46.8min
11:52:39    ↳ saved (val_nll=3.3299)
11:53:35  [ 77/200]  train nll=+3.377(obj=+3.314 bg=+3.405) mse=4.717(obj=4.418 bg=4.847)  val nll=+3.405(obj=+3.349 bg=+3.427) mse=4.757(obj=4.471 bg=4.869)  lr=7.00e-04  tot=47.8min
11:54:32  [ 78/200]  train nll=+3.380(obj=+3.320 bg=+3.407) mse=4.737(obj=4.429 bg=4.871)  val nll=+3.379(obj=+3.332 bg=+3.398) mse=4.704(obj=4.408 bg=4.822)  lr=6.93e-04  tot=48.7min
11:55:28  [ 79/200]  train nll=+3.378(obj=+3.318 bg=+3.405) mse=4.717(obj=4.426 bg=4.845)  val nll=+3.301(obj=+3.252 bg=+3.321) mse=4.605(obj=4.339 bg=4.710)  lr=6.85e-04  tot=49.6min
11:55:28    ↳ saved (val_nll=3.3013)
11:56:23  [ 80/200]  train nll=+3.373(obj=+3.312 bg=+3.400) mse=4.709(obj=4.415 bg=4.838)  val nll=+3.310(obj=+3.257 bg=+3.332) mse=4.584(obj=4.316 bg=4.693)  lr=6.78e-04  tot=50.6min
11:57:18  [ 81/200]  train nll=+3.368(obj=+3.306 bg=+3.395) mse=4.698(obj=4.399 bg=4.829)  val nll=+3.337(obj=+3.288 bg=+3.356) mse=4.688(obj=4.402 bg=4.798)  lr=6.70e-04  tot=51.5min
11:58:13  [ 82/200]  train nll=+3.366(obj=+3.304 bg=+3.393) mse=4.696(obj=4.402 bg=4.825)  val nll=+3.393(obj=+3.326 bg=+3.420) mse=4.760(obj=4.442 bg=4.887)  lr=6.62e-04  tot=52.4min
11:59:10  [ 83/200]  train nll=+3.362(obj=+3.302 bg=+3.388) mse=4.688(obj=4.397 bg=4.816)  val nll=+3.339(obj=+3.275 bg=+3.365) mse=4.637(obj=4.339 bg=4.756)  lr=6.55e-04  tot=53.3min
12:00:05  [ 84/200]  train nll=+3.352(obj=+3.289 bg=+3.380) mse=4.666(obj=4.367 bg=4.796)  val nll=+3.281(obj=+3.222 bg=+3.305) mse=4.540(obj=4.265 bg=4.651)  lr=6.47e-04  tot=54.3min
12:00:05    ↳ saved (val_nll=3.2812)
12:01:01  [ 85/200]  train nll=+3.353(obj=+3.291 bg=+3.381) mse=4.675(obj=4.378 bg=4.804)  val nll=+3.314(obj=+3.267 bg=+3.332) mse=4.609(obj=4.341 bg=4.714)  lr=6.39e-04  tot=55.2min
12:01:57  [ 86/200]  train nll=+3.342(obj=+3.281 bg=+3.369) mse=4.652(obj=4.357 bg=4.781)  val nll=+3.342(obj=+3.289 bg=+3.363) mse=4.663(obj=4.365 bg=4.780)  lr=6.32e-04  tot=56.1min
12:02:53  [ 87/200]  train nll=+3.352(obj=+3.291 bg=+3.378) mse=4.670(obj=4.379 bg=4.797)  val nll=+3.351(obj=+3.308 bg=+3.367) mse=4.650(obj=4.376 bg=4.755)  lr=6.24e-04  tot=57.1min
12:03:49  [ 88/200]  train nll=+3.338(obj=+3.280 bg=+3.363) mse=4.623(obj=4.343 bg=4.746)  val nll=+3.283(obj=+3.230 bg=+3.303) mse=4.561(obj=4.299 bg=4.663)  lr=6.16e-04  tot=58.0min
12:04:45  [ 89/200]  train nll=+3.343(obj=+3.280 bg=+3.371) mse=4.660(obj=4.358 bg=4.792)  val nll=+3.334(obj=+3.291 bg=+3.351) mse=4.646(obj=4.388 bg=4.749)  lr=6.08e-04  tot=58.9min
12:05:41  [ 90/200]  train nll=+3.330(obj=+3.271 bg=+3.356) mse=4.618(obj=4.333 bg=4.743)  val nll=+3.275(obj=+3.227 bg=+3.294) mse=4.535(obj=4.273 bg=4.639)  lr=6.00e-04  tot=59.9min
12:05:41    ↳ saved (val_nll=3.2752)
12:06:36  [ 91/200]  train nll=+3.331(obj=+3.273 bg=+3.357) mse=4.617(obj=4.336 bg=4.741)  val nll=+3.323(obj=+3.267 bg=+3.346) mse=4.630(obj=4.359 bg=4.740)  lr=5.93e-04  tot=60.8min
12:07:24  [ 92/200]  train nll=+3.324(obj=+3.263 bg=+3.352) mse=4.612(obj=4.315 bg=4.742)  val nll=+3.312(obj=+3.245 bg=+3.339) mse=4.585(obj=4.274 bg=4.707)  lr=5.85e-04  tot=61.6min
12:07:55  [ 93/200]  train nll=+3.333(obj=+3.273 bg=+3.359) mse=4.630(obj=4.337 bg=4.759)  val nll=+3.256(obj=+3.199 bg=+3.278) mse=4.504(obj=4.213 bg=4.619)  lr=5.77e-04  tot=62.1min
12:07:55    ↳ saved (val_nll=3.2556)
12:08:26  [ 94/200]  train nll=+3.331(obj=+3.271 bg=+3.358) mse=4.619(obj=4.332 bg=4.744)  val nll=+3.295(obj=+3.236 bg=+3.318) mse=4.567(obj=4.265 bg=4.685)  lr=5.69e-04  tot=62.6min
12:08:58  [ 95/200]  train nll=+3.316(obj=+3.257 bg=+3.342) mse=4.589(obj=4.311 bg=4.710)  val nll=+3.354(obj=+3.292 bg=+3.379) mse=4.647(obj=4.370 bg=4.758)  lr=5.61e-04  tot=63.2min
12:09:29  [ 96/200]  train nll=+3.319(obj=+3.260 bg=+3.345) mse=4.587(obj=4.305 bg=4.711)  val nll=+3.252(obj=+3.198 bg=+3.272) mse=4.473(obj=4.219 bg=4.575)  lr=5.53e-04  tot=63.7min
12:09:29    ↳ saved (val_nll=3.2517)
12:10:00  [ 97/200]  train nll=+3.314(obj=+3.257 bg=+3.339) mse=4.589(obj=4.307 bg=4.712)  val nll=+3.300(obj=+3.256 bg=+3.317) mse=4.558(obj=4.304 bg=4.656)  lr=5.45e-04  tot=64.2min
12:10:32  [ 98/200]  train nll=+3.316(obj=+3.258 bg=+3.341) mse=4.588(obj=4.310 bg=4.709)  val nll=+3.268(obj=+3.228 bg=+3.282) mse=4.524(obj=4.252 bg=4.627)  lr=5.37e-04  tot=64.7min
12:11:03  [ 99/200]  train nll=+3.308(obj=+3.248 bg=+3.334) mse=4.563(obj=4.285 bg=4.685)  val nll=+3.291(obj=+3.224 bg=+3.318) mse=4.548(obj=4.255 bg=4.664)  lr=5.29e-04  tot=65.2min
12:11:34  [100/200]  train nll=+3.304(obj=+3.246 bg=+3.329) mse=4.568(obj=4.292 bg=4.688)  val nll=+3.290(obj=+3.246 bg=+3.308) mse=4.547(obj=4.309 bg=4.640)  lr=5.21e-04  tot=65.8min
12:12:06  [101/200]  train nll=+3.307(obj=+3.250 bg=+3.332) mse=4.565(obj=4.293 bg=4.684)  val nll=+3.288(obj=+3.237 bg=+3.308) mse=4.552(obj=4.279 bg=4.657)  lr=5.13e-04  tot=66.3min
12:12:36  [102/200]  train nll=+3.302(obj=+3.246 bg=+3.327) mse=4.567(obj=4.289 bg=4.688)  val nll=+3.296(obj=+3.243 bg=+3.316) mse=4.557(obj=4.258 bg=4.672)  lr=5.05e-04  tot=66.8min
12:13:08  [103/200]  train nll=+3.297(obj=+3.239 bg=+3.323) mse=4.552(obj=4.275 bg=4.673)  val nll=+3.259(obj=+3.217 bg=+3.275) mse=4.491(obj=4.240 bg=4.591)  lr=4.96e-04  tot=67.3min
12:13:39  [104/200]  train nll=+3.284(obj=+3.227 bg=+3.309) mse=4.531(obj=4.250 bg=4.654)  val nll=+3.275(obj=+3.231 bg=+3.293) mse=4.505(obj=4.243 bg=4.609)  lr=4.88e-04  tot=67.8min
12:14:10  [105/200]  train nll=+3.286(obj=+3.227 bg=+3.312) mse=4.524(obj=4.247 bg=4.646)  val nll=+3.285(obj=+3.231 bg=+3.306) mse=4.547(obj=4.279 bg=4.651)  lr=4.80e-04  tot=68.4min
12:14:41  [106/200]  train nll=+3.278(obj=+3.221 bg=+3.304) mse=4.514(obj=4.238 bg=4.634)  val nll=+3.222(obj=+3.176 bg=+3.240) mse=4.432(obj=4.184 bg=4.530)  lr=4.72e-04  tot=68.9min
12:14:41    ↳ saved (val_nll=3.2221)
12:15:11  [107/200]  train nll=+3.285(obj=+3.229 bg=+3.309) mse=4.517(obj=4.244 bg=4.636)  val nll=+3.280(obj=+3.229 bg=+3.299) mse=4.524(obj=4.249 bg=4.629)  lr=4.64e-04  tot=69.4min
12:15:42  [108/200]  train nll=+3.283(obj=+3.228 bg=+3.307) mse=4.512(obj=4.247 bg=4.628)  val nll=+3.230(obj=+3.184 bg=+3.249) mse=4.387(obj=4.163 bg=4.478)  lr=4.56e-04  tot=69.9min
12:16:13  [109/200]  train nll=+3.272(obj=+3.216 bg=+3.297) mse=4.487(obj=4.221 bg=4.603)  val nll=+3.251(obj=+3.188 bg=+3.276) mse=4.479(obj=4.224 bg=4.579)  lr=4.48e-04  tot=70.4min
12:16:44  [110/200]  train nll=+3.273(obj=+3.219 bg=+3.297) mse=4.497(obj=4.237 bg=4.610)  val nll=+3.219(obj=+3.174 bg=+3.237) mse=4.436(obj=4.160 bg=4.541)  lr=4.40e-04  tot=70.9min
12:16:44    ↳ saved (val_nll=3.2195)
12:17:16  [111/200]  train nll=+3.268(obj=+3.213 bg=+3.292) mse=4.485(obj=4.221 bg=4.600)  val nll=+3.235(obj=+3.171 bg=+3.260) mse=4.462(obj=4.172 bg=4.575)  lr=4.32e-04  tot=71.4min
12:17:46  [112/200]  train nll=+3.268(obj=+3.211 bg=+3.293) mse=4.490(obj=4.219 bg=4.609)  val nll=+3.285(obj=+3.247 bg=+3.299) mse=4.479(obj=4.251 bg=4.568)  lr=4.24e-04  tot=72.0min
12:18:18  [113/200]  train nll=+3.264(obj=+3.208 bg=+3.289) mse=4.482(obj=4.212 bg=4.600)  val nll=+3.237(obj=+3.189 bg=+3.256) mse=4.439(obj=4.168 bg=4.544)  lr=4.16e-04  tot=72.5min
12:18:49  [114/200]  train nll=+3.264(obj=+3.210 bg=+3.288) mse=4.478(obj=4.217 bg=4.593)  val nll=+3.206(obj=+3.157 bg=+3.225) mse=4.366(obj=4.119 bg=4.462)  lr=4.08e-04  tot=73.0min
12:18:49    ↳ saved (val_nll=3.2059)
12:19:20  [115/200]  train nll=+3.257(obj=+3.202 bg=+3.281) mse=4.463(obj=4.205 bg=4.576)  val nll=+3.239(obj=+3.184 bg=+3.261) mse=4.462(obj=4.184 bg=4.570)  lr=4.01e-04  tot=73.5min
12:19:51  [116/200]  train nll=+3.255(obj=+3.200 bg=+3.280) mse=4.456(obj=4.193 bg=4.571)  val nll=+3.252(obj=+3.202 bg=+3.272) mse=4.469(obj=4.226 bg=4.565)  lr=3.93e-04  tot=74.0min
12:20:23  [117/200]  train nll=+3.255(obj=+3.199 bg=+3.279) mse=4.458(obj=4.192 bg=4.574)  val nll=+3.198(obj=+3.147 bg=+3.218) mse=4.361(obj=4.122 bg=4.456)  lr=3.85e-04  tot=74.6min
12:20:23    ↳ saved (val_nll=3.1985)
12:20:55  [118/200]  train nll=+3.247(obj=+3.194 bg=+3.270) mse=4.440(obj=4.183 bg=4.552)  val nll=+3.206(obj=+3.156 bg=+3.225) mse=4.372(obj=4.124 bg=4.468)  lr=3.77e-04  tot=75.1min
12:21:25  [119/200]  train nll=+3.245(obj=+3.191 bg=+3.269) mse=4.442(obj=4.183 bg=4.556)  val nll=+3.223(obj=+3.172 bg=+3.243) mse=4.441(obj=4.153 bg=4.552)  lr=3.69e-04  tot=75.6min
12:21:57  [120/200]  train nll=+3.244(obj=+3.190 bg=+3.268) mse=4.437(obj=4.171 bg=4.554)  val nll=+3.199(obj=+3.153 bg=+3.217) mse=4.383(obj=4.142 bg=4.478)  lr=3.62e-04  tot=76.1min
12:22:29  [121/200]  train nll=+3.245(obj=+3.189 bg=+3.270) mse=4.443(obj=4.174 bg=4.560)  val nll=+3.202(obj=+3.161 bg=+3.217) mse=4.389(obj=4.157 bg=4.477)  lr=3.54e-04  tot=76.7min
12:23:01  [122/200]  train nll=+3.241(obj=+3.185 bg=+3.266) mse=4.428(obj=4.164 bg=4.544)  val nll=+3.279(obj=+3.239 bg=+3.293) mse=4.520(obj=4.251 bg=4.620)  lr=3.46e-04  tot=77.2min
12:23:32  [123/200]  train nll=+3.240(obj=+3.186 bg=+3.264) mse=4.442(obj=4.178 bg=4.558)  val nll=+3.247(obj=+3.197 bg=+3.266) mse=4.397(obj=4.140 bg=4.499)  lr=3.39e-04  tot=77.7min
12:24:03  [124/200]  train nll=+3.235(obj=+3.183 bg=+3.259) mse=4.419(obj=4.169 bg=4.529)  val nll=+3.222(obj=+3.174 bg=+3.240) mse=4.429(obj=4.169 bg=4.529)  lr=3.31e-04  tot=78.2min
12:24:34  [125/200]  train nll=+3.227(obj=+3.172 bg=+3.251) mse=4.405(obj=4.147 bg=4.518)  val nll=+3.189(obj=+3.133 bg=+3.212) mse=4.392(obj=4.120 bg=4.499)  lr=3.23e-04  tot=78.8min
12:24:34    ↳ saved (val_nll=3.1894)
12:25:07  [126/200]  train nll=+3.232(obj=+3.176 bg=+3.257) mse=4.429(obj=4.164 bg=4.545)  val nll=+3.199(obj=+3.151 bg=+3.217) mse=4.363(obj=4.132 bg=4.453)  lr=3.16e-04  tot=79.3min
12:25:38  [127/200]  train nll=+3.221(obj=+3.168 bg=+3.245) mse=4.389(obj=4.137 bg=4.499)  val nll=+3.199(obj=+3.152 bg=+3.218) mse=4.398(obj=4.120 bg=4.507)  lr=3.08e-04  tot=79.8min
12:26:10  [128/200]  train nll=+3.218(obj=+3.163 bg=+3.242) mse=4.399(obj=4.138 bg=4.514)  val nll=+3.212(obj=+3.154 bg=+3.234) mse=4.406(obj=4.121 bg=4.516)  lr=3.01e-04  tot=80.4min
12:26:42  [129/200]  train nll=+3.214(obj=+3.160 bg=+3.238) mse=4.385(obj=4.126 bg=4.498)  val nll=+3.207(obj=+3.176 bg=+3.218) mse=4.356(obj=4.133 bg=4.443)  lr=2.94e-04  tot=80.9min
12:27:14  [130/200]  train nll=+3.215(obj=+3.164 bg=+3.237) mse=4.373(obj=4.132 bg=4.478)  val nll=+3.179(obj=+3.132 bg=+3.196) mse=4.341(obj=4.104 bg=4.432)  lr=2.86e-04  tot=81.4min
12:27:14    ↳ saved (val_nll=3.1786)
12:27:47  [131/200]  train nll=+3.213(obj=+3.162 bg=+3.236) mse=4.377(obj=4.130 bg=4.485)  val nll=+3.181(obj=+3.127 bg=+3.202) mse=4.298(obj=4.061 bg=4.393)  lr=2.79e-04  tot=82.0min
12:28:19  [132/200]  train nll=+3.213(obj=+3.159 bg=+3.237) mse=4.381(obj=4.125 bg=4.493)  val nll=+3.194(obj=+3.148 bg=+3.211) mse=4.392(obj=4.133 bg=4.493)  lr=2.72e-04  tot=82.5min
12:28:51  [133/200]  train nll=+3.211(obj=+3.161 bg=+3.233) mse=4.377(obj=4.136 bg=4.482)  val nll=+3.176(obj=+3.135 bg=+3.192) mse=4.351(obj=4.105 bg=4.443)  lr=2.65e-04  tot=83.0min
12:28:51    ↳ saved (val_nll=3.1765)
12:29:23  [134/200]  train nll=+3.211(obj=+3.156 bg=+3.235) mse=4.382(obj=4.124 bg=4.494)  val nll=+3.160(obj=+3.116 bg=+3.177) mse=4.315(obj=4.082 bg=4.406)  lr=2.58e-04  tot=83.6min
12:29:23    ↳ saved (val_nll=3.1600)
12:29:55  [135/200]  train nll=+3.207(obj=+3.157 bg=+3.229) mse=4.368(obj=4.121 bg=4.476)  val nll=+3.182(obj=+3.134 bg=+3.200) mse=4.355(obj=4.109 bg=4.449)  lr=2.51e-04  tot=84.1min
12:30:26  [136/200]  train nll=+3.202(obj=+3.147 bg=+3.226) mse=4.365(obj=4.108 bg=4.477)  val nll=+3.178(obj=+3.124 bg=+3.198) mse=4.348(obj=4.090 bg=4.448)  lr=2.44e-04  tot=84.6min
12:30:59  [137/200]  train nll=+3.201(obj=+3.149 bg=+3.223) mse=4.358(obj=4.112 bg=4.465)  val nll=+3.184(obj=+3.131 bg=+3.204) mse=4.329(obj=4.075 bg=4.430)  lr=2.37e-04  tot=85.2min
12:31:31  [138/200]  train nll=+3.191(obj=+3.141 bg=+3.213) mse=4.339(obj=4.093 bg=4.447)  val nll=+3.172(obj=+3.117 bg=+3.193) mse=4.354(obj=4.082 bg=4.460)  lr=2.30e-04  tot=85.7min
12:32:04  [139/200]  train nll=+3.195(obj=+3.145 bg=+3.217) mse=4.352(obj=4.108 bg=4.459)  val nll=+3.174(obj=+3.127 bg=+3.192) mse=4.366(obj=4.101 bg=4.468)  lr=2.23e-04  tot=86.2min
12:32:35  [140/200]  train nll=+3.190(obj=+3.139 bg=+3.213) mse=4.343(obj=4.098 bg=4.449)  val nll=+3.186(obj=+3.148 bg=+3.201) mse=4.344(obj=4.128 bg=4.428)  lr=2.17e-04  tot=86.8min
12:33:07  [141/200]  train nll=+3.191(obj=+3.140 bg=+3.213) mse=4.350(obj=4.100 bg=4.458)  val nll=+3.168(obj=+3.124 bg=+3.185) mse=4.296(obj=4.091 bg=4.379)  lr=2.10e-04  tot=87.3min
12:33:38  [142/200]  train nll=+3.187(obj=+3.133 bg=+3.210) mse=4.335(obj=4.086 bg=4.445)  val nll=+3.176(obj=+3.133 bg=+3.192) mse=4.325(obj=4.096 bg=4.414)  lr=2.04e-04  tot=87.8min
12:34:10  [143/200]  train nll=+3.181(obj=+3.128 bg=+3.205) mse=4.320(obj=4.074 bg=4.428)  val nll=+3.154(obj=+3.112 bg=+3.169) mse=4.310(obj=4.057 bg=4.406)  lr=1.97e-04  tot=88.4min
12:34:10    ↳ saved (val_nll=3.1535)
12:34:41  [144/200]  train nll=+3.179(obj=+3.126 bg=+3.203) mse=4.313(obj=4.068 bg=4.421)  val nll=+3.162(obj=+3.125 bg=+3.176) mse=4.285(obj=4.065 bg=4.372)  lr=1.91e-04  tot=88.9min
12:35:12  [145/200]  train nll=+3.177(obj=+3.123 bg=+3.201) mse=4.326(obj=4.068 bg=4.438)  val nll=+3.136(obj=+3.088 bg=+3.154) mse=4.268(obj=4.026 bg=4.361)  lr=1.85e-04  tot=89.4min
12:35:12    ↳ saved (val_nll=3.1361)
12:35:44  [146/200]  train nll=+3.174(obj=+3.121 bg=+3.197) mse=4.315(obj=4.068 bg=4.423)  val nll=+3.138(obj=+3.090 bg=+3.157) mse=4.239(obj=3.988 bg=4.336)  lr=1.78e-04  tot=89.9min
12:36:15  [147/200]  train nll=+3.173(obj=+3.119 bg=+3.197) mse=4.319(obj=4.061 bg=4.431)  val nll=+3.149(obj=+3.105 bg=+3.166) mse=4.299(obj=4.075 bg=4.386)  lr=1.72e-04  tot=90.4min
12:36:46  [148/200]  train nll=+3.174(obj=+3.124 bg=+3.196) mse=4.312(obj=4.073 bg=4.417)  val nll=+3.163(obj=+3.119 bg=+3.180) mse=4.311(obj=4.075 bg=4.399)  lr=1.66e-04  tot=91.0min
12:37:17  [149/200]  train nll=+3.165(obj=+3.114 bg=+3.187) mse=4.292(obj=4.059 bg=4.393)  val nll=+3.131(obj=+3.078 bg=+3.152) mse=4.262(obj=4.008 bg=4.362)  lr=1.60e-04  tot=91.5min
12:37:17    ↳ saved (val_nll=3.1313)
12:37:48  [150/200]  train nll=+3.172(obj=+3.121 bg=+3.194) mse=4.298(obj=4.060 bg=4.403)  val nll=+3.174(obj=+3.127 bg=+3.192) mse=4.299(obj=4.055 bg=4.394)  lr=1.54e-04  tot=92.0min
12:38:29  [151/200]  train nll=+3.161(obj=+3.111 bg=+3.184) mse=4.299(obj=4.054 bg=4.406)  val nll=+3.130(obj=+3.081 bg=+3.149) mse=4.283(obj=4.027 bg=4.383)  lr=1.49e-04  tot=92.7min
12:38:29    ↳ saved (val_nll=3.1297)
12:39:00  [152/200]  train nll=+3.163(obj=+3.112 bg=+3.185) mse=4.296(obj=4.050 bg=4.403)  val nll=+3.129(obj=+3.086 bg=+3.146) mse=4.293(obj=4.044 bg=4.390)  lr=1.43e-04  tot=93.2min
12:39:00    ↳ saved (val_nll=3.1294)
12:39:32  [153/200]  train nll=+3.162(obj=+3.110 bg=+3.185) mse=4.288(obj=4.046 bg=4.394)  val nll=+3.117(obj=+3.085 bg=+3.128) mse=4.222(obj=4.036 bg=4.295)  lr=1.37e-04  tot=93.7min
12:39:32    ↳ saved (val_nll=3.1167)
12:40:03  [154/200]  train nll=+3.159(obj=+3.109 bg=+3.180) mse=4.280(obj=4.046 bg=4.383)  val nll=+3.124(obj=+3.083 bg=+3.139) mse=4.221(obj=3.969 bg=4.313)  lr=1.32e-04  tot=94.2min
12:40:34  [155/200]  train nll=+3.154(obj=+3.105 bg=+3.176) mse=4.276(obj=4.037 bg=4.380)  val nll=+3.141(obj=+3.097 bg=+3.158) mse=4.292(obj=4.062 bg=4.380)  lr=1.27e-04  tot=94.8min
12:41:06  [156/200]  train nll=+3.148(obj=+3.097 bg=+3.170) mse=4.263(obj=4.024 bg=4.368)  val nll=+3.122(obj=+3.078 bg=+3.138) mse=4.268(obj=4.012 bg=4.364)  lr=1.21e-04  tot=95.3min
12:41:38  [157/200]  train nll=+3.147(obj=+3.096 bg=+3.169) mse=4.267(obj=4.031 bg=4.371)  val nll=+3.132(obj=+3.084 bg=+3.151) mse=4.263(obj=4.019 bg=4.358)  lr=1.16e-04  tot=95.8min
12:42:10  [158/200]  train nll=+3.152(obj=+3.103 bg=+3.173) mse=4.273(obj=4.039 bg=4.375)  val nll=+3.129(obj=+3.074 bg=+3.151) mse=4.233(obj=3.994 bg=4.327)  lr=1.11e-04  tot=96.4min
12:42:41  [159/200]  train nll=+3.159(obj=+3.108 bg=+3.182) mse=4.290(obj=4.052 bg=4.394)  val nll=+3.126(obj=+3.072 bg=+3.147) mse=4.227(obj=3.995 bg=4.317)  lr=1.06e-04  tot=96.9min
12:43:13  [160/200]  train nll=+3.144(obj=+3.092 bg=+3.167) mse=4.265(obj=4.027 bg=4.369)  val nll=+3.110(obj=+3.069 bg=+3.126) mse=4.213(obj=4.006 bg=4.295)  lr=1.01e-04  tot=97.4min
12:43:13    ↳ saved (val_nll=3.1105)
12:43:45  [161/200]  train nll=+3.147(obj=+3.097 bg=+3.169) mse=4.265(obj=4.031 bg=4.368)  val nll=+3.122(obj=+3.071 bg=+3.142) mse=4.275(obj=4.019 bg=4.371)  lr=9.64e-05  tot=97.9min
12:44:28  [162/200]  train nll=+3.145(obj=+3.096 bg=+3.166) mse=4.262(obj=4.033 bg=4.362)  val nll=+3.101(obj=+3.058 bg=+3.116) mse=4.200(obj=3.960 bg=4.291)  lr=9.17e-05  tot=98.7min
12:44:28    ↳ saved (val_nll=3.1007)
12:45:00  [163/200]  train nll=+3.141(obj=+3.090 bg=+3.164) mse=4.249(obj=4.014 bg=4.351)  val nll=+3.103(obj=+3.063 bg=+3.119) mse=4.225(obj=3.986 bg=4.315)  lr=8.71e-05  tot=99.2min
12:45:32  [164/200]  train nll=+3.139(obj=+3.089 bg=+3.161) mse=4.252(obj=4.015 bg=4.355)  val nll=+3.111(obj=+3.072 bg=+3.127) mse=4.219(obj=4.012 bg=4.301)  lr=8.27e-05  tot=99.7min
12:46:03  [165/200]  train nll=+3.131(obj=+3.080 bg=+3.153) mse=4.239(obj=4.006 bg=4.341)  val nll=+3.117(obj=+3.081 bg=+3.131) mse=4.229(obj=4.018 bg=4.311)  lr=7.83e-05  tot=100.2min
12:46:35  [166/200]  train nll=+3.132(obj=+3.084 bg=+3.152) mse=4.239(obj=4.015 bg=4.337)  val nll=+3.121(obj=+3.082 bg=+3.136) mse=4.228(obj=4.011 bg=4.311)  lr=7.41e-05  tot=100.8min
12:47:06  [167/200]  train nll=+3.129(obj=+3.080 bg=+3.150) mse=4.236(obj=4.005 bg=4.337)  val nll=+3.098(obj=+3.056 bg=+3.114) mse=4.167(obj=3.955 bg=4.252)  lr=6.99e-05  tot=101.3min
12:47:06    ↳ saved (val_nll=3.0981)
12:47:38  [168/200]  train nll=+3.137(obj=+3.087 bg=+3.159) mse=4.259(obj=4.016 bg=4.365)  val nll=+3.098(obj=+3.059 bg=+3.113) mse=4.173(obj=3.976 bg=4.248)  lr=6.59e-05  tot=101.8min
12:48:09  [169/200]  train nll=+3.127(obj=+3.075 bg=+3.150) mse=4.228(obj=3.994 bg=4.330)  val nll=+3.117(obj=+3.070 bg=+3.136) mse=4.225(obj=3.962 bg=4.330)  lr=6.20e-05  tot=102.3min
12:48:40  [170/200]  train nll=+3.125(obj=+3.075 bg=+3.147) mse=4.235(obj=4.000 bg=4.338)  val nll=+3.120(obj=+3.085 bg=+3.133) mse=4.242(obj=4.031 bg=4.322)  lr=5.82e-05  tot=102.9min
12:49:12  [171/200]  train nll=+3.128(obj=+3.077 bg=+3.149) mse=4.244(obj=4.004 bg=4.349)  val nll=+3.101(obj=+3.059 bg=+3.116) mse=4.228(obj=3.991 bg=4.319)  lr=5.45e-05  tot=103.4min
12:49:43  [172/200]  train nll=+3.123(obj=+3.074 bg=+3.144) mse=4.225(obj=3.998 bg=4.325)  val nll=+3.095(obj=+3.052 bg=+3.112) mse=4.211(obj=3.982 bg=4.298)  lr=5.10e-05  tot=103.9min
12:49:43    ↳ saved (val_nll=3.0954)
12:50:14  [173/200]  train nll=+3.118(obj=+3.069 bg=+3.140) mse=4.220(obj=3.989 bg=4.321)  val nll=+3.102(obj=+3.055 bg=+3.119) mse=4.182(obj=3.956 bg=4.267)  lr=4.75e-05  tot=104.4min
12:50:46  [174/200]  train nll=+3.120(obj=+3.070 bg=+3.142) mse=4.218(obj=3.990 bg=4.318)  val nll=+3.083(obj=+3.035 bg=+3.101) mse=4.181(obj=3.944 bg=4.273)  lr=4.42e-05  tot=105.0min
12:50:46    ↳ saved (val_nll=3.0828)
12:51:17  [175/200]  train nll=+3.118(obj=+3.068 bg=+3.140) mse=4.214(obj=3.983 bg=4.315)  val nll=+3.086(obj=+3.044 bg=+3.102) mse=4.192(obj=3.965 bg=4.279)  lr=4.10e-05  tot=105.5min
12:51:49  [176/200]  train nll=+3.117(obj=+3.066 bg=+3.139) mse=4.216(obj=3.979 bg=4.321)  val nll=+3.076(obj=+3.032 bg=+3.092) mse=4.172(obj=3.933 bg=4.264)  lr=3.79e-05  tot=106.0min
12:51:49    ↳ saved (val_nll=3.0755)
12:52:19  [177/200]  train nll=+3.115(obj=+3.067 bg=+3.135) mse=4.209(obj=3.989 bg=4.305)  val nll=+3.100(obj=+3.055 bg=+3.118) mse=4.237(obj=3.978 bg=4.337)  lr=3.49e-05  tot=106.5min
12:52:51  [178/200]  train nll=+3.122(obj=+3.072 bg=+3.144) mse=4.230(obj=3.990 bg=4.335)  val nll=+3.094(obj=+3.047 bg=+3.112) mse=4.208(obj=3.960 bg=4.305)  lr=3.20e-05  tot=107.0min
12:53:23  [179/200]  train nll=+3.118(obj=+3.068 bg=+3.139) mse=4.220(obj=3.988 bg=4.321)  val nll=+3.087(obj=+3.047 bg=+3.101) mse=4.198(obj=3.970 bg=4.287)  lr=2.93e-05  tot=107.6min
12:53:53  [180/200]  train nll=+3.110(obj=+3.059 bg=+3.132) mse=4.210(obj=3.970 bg=4.315)  val nll=+3.107(obj=+3.069 bg=+3.121) mse=4.216(obj=3.978 bg=4.306)  lr=2.67e-05  tot=108.1min
12:54:24  [181/200]  train nll=+3.112(obj=+3.064 bg=+3.133) mse=4.206(obj=3.977 bg=4.306)  val nll=+3.075(obj=+3.029 bg=+3.093) mse=4.131(obj=3.910 bg=4.219)  lr=2.42e-05  tot=108.6min
12:54:24    ↳ saved (val_nll=3.0749)
12:55:08  [182/200]  train nll=+3.111(obj=+3.064 bg=+3.132) mse=4.203(obj=3.982 bg=4.300)  val nll=+3.083(obj=+3.037 bg=+3.101) mse=4.177(obj=3.940 bg=4.268)  lr=2.19e-05  tot=109.3min
12:55:40  [183/200]  train nll=+3.110(obj=+3.063 bg=+3.131) mse=4.210(obj=3.985 bg=4.309)  val nll=+3.114(obj=+3.070 bg=+3.131) mse=4.203(obj=3.989 bg=4.285)  lr=1.96e-05  tot=109.9min
12:56:13  [184/200]  train nll=+3.120(obj=+3.069 bg=+3.142) mse=4.223(obj=3.992 bg=4.325)  val nll=+3.081(obj=+3.043 bg=+3.095) mse=4.172(obj=3.989 bg=4.245)  lr=1.75e-05  tot=110.4min
12:56:45  [185/200]  train nll=+3.113(obj=+3.063 bg=+3.135) mse=4.211(obj=3.979 bg=4.312)  val nll=+3.105(obj=+3.058 bg=+3.123) mse=4.205(obj=3.979 bg=4.292)  lr=1.55e-05  tot=110.9min
12:57:17  [186/200]  train nll=+3.110(obj=+3.061 bg=+3.132) mse=4.201(obj=3.971 bg=4.301)  val nll=+3.078(obj=+3.035 bg=+3.093) mse=4.175(obj=3.940 bg=4.265)  lr=1.37e-05  tot=111.5min
12:57:49  [187/200]  train nll=+3.110(obj=+3.061 bg=+3.131) mse=4.210(obj=3.977 bg=4.312)  val nll=+3.071(obj=+3.027 bg=+3.088) mse=4.175(obj=3.943 bg=4.264)  lr=1.19e-05  tot=112.0min
12:57:49    ↳ saved (val_nll=3.0710)
12:58:21  [188/200]  train nll=+3.107(obj=+3.057 bg=+3.128) mse=4.198(obj=3.967 bg=4.298)  val nll=+3.072(obj=+3.029 bg=+3.088) mse=4.117(obj=3.922 bg=4.194)  lr=1.03e-05  tot=112.5min
12:58:54  [189/200]  train nll=+3.109(obj=+3.060 bg=+3.130) mse=4.212(obj=3.979 bg=4.314)  val nll=+3.096(obj=+3.053 bg=+3.112) mse=4.182(obj=3.994 bg=4.255)  lr=8.82e-06  tot=113.1min
12:59:27  [190/200]  train nll=+3.108(obj=+3.060 bg=+3.129) mse=4.200(obj=3.970 bg=4.300)  val nll=+3.072(obj=+3.026 bg=+3.089) mse=4.187(obj=3.931 bg=4.283)  lr=7.47e-06  tot=113.6min
13:00:00  [191/200]  train nll=+3.104(obj=+3.054 bg=+3.125) mse=4.196(obj=3.965 bg=4.297)  val nll=+3.074(obj=+3.027 bg=+3.092) mse=4.175(obj=3.938 bg=4.268)  lr=6.24e-06  tot=114.2min
13:00:33  [192/200]  train nll=+3.104(obj=+3.055 bg=+3.126) mse=4.197(obj=3.965 bg=4.299)  val nll=+3.066(obj=+3.024 bg=+3.083) mse=4.138(obj=3.935 bg=4.219)  lr=5.14e-06  tot=114.7min
13:00:33    ↳ saved (val_nll=3.0662)
13:01:07  [193/200]  train nll=+3.096(obj=+3.047 bg=+3.117) mse=4.181(obj=3.952 bg=4.281)  val nll=+3.085(obj=+3.044 bg=+3.101) mse=4.199(obj=3.975 bg=4.286)  lr=4.17e-06  tot=115.3min
13:01:40  [194/200]  train nll=+3.102(obj=+3.053 bg=+3.123) mse=4.200(obj=3.969 bg=4.300)  val nll=+3.087(obj=+3.043 bg=+3.103) mse=4.197(obj=3.964 bg=4.287)  lr=3.33e-06  tot=115.9min
13:02:12  [195/200]  train nll=+3.108(obj=+3.061 bg=+3.129) mse=4.200(obj=3.974 bg=4.298)  val nll=+3.092(obj=+3.054 bg=+3.106) mse=4.197(obj=3.985 bg=4.279)  lr=2.62e-06  tot=116.4min
13:02:45  [196/200]  train nll=+3.105(obj=+3.056 bg=+3.126) mse=4.202(obj=3.971 bg=4.303)  val nll=+3.063(obj=+3.024 bg=+3.077) mse=4.126(obj=3.928 bg=4.203)  lr=2.04e-06  tot=116.9min
13:02:45    ↳ saved (val_nll=3.0627)
13:03:23  [197/200]  train nll=+3.102(obj=+3.051 bg=+3.124) mse=4.189(obj=3.960 bg=4.289)  val nll=+3.097(obj=+3.044 bg=+3.116) mse=4.229(obj=3.982 bg=4.323)  lr=1.58e-06  tot=117.6min
13:03:55  [198/200]  train nll=+3.108(obj=+3.058 bg=+3.130) mse=4.204(obj=3.975 bg=4.304)  val nll=+3.084(obj=+3.041 bg=+3.100) mse=4.171(obj=3.960 bg=4.254)  lr=1.26e-06  tot=118.1min
13:04:32  [199/200]  train nll=+3.105(obj=+3.058 bg=+3.125) mse=4.198(obj=3.974 bg=4.296)  val nll=+3.089(obj=+3.042 bg=+3.106) mse=4.164(obj=3.943 bg=4.251)  lr=1.06e-06  tot=118.7min
13:05:04  [200/200]  train nll=+3.095(obj=+3.046 bg=+3.116) mse=4.172(obj=3.952 bg=4.269)  val nll=+3.079(obj=+3.028 bg=+3.099) mse=4.199(obj=3.961 bg=4.290)  lr=1.00e-06  tot=119.3min
13:05:04  Best val NLL: 3.0627  |  time: 119.3min
13:05:11  Saved 12 vis → experiments/ps_v6/vis
