17:14:05  accelerate: num_processes=1 mixed_precision=no device=cuda
17:14:05    [/mnt/ssd2t/work/e2e_calib/cache/ns_v3_notile] train=363 val=41 (os=28) u_band=0.0 mode=calib
17:14:05  frame-level split: train=364 val=40 frames
17:14:07  params: 1.14M  (world_size=1, bs/rank=4, global_bs=4)
17:14:07  resumed weights from /home/hiro/git/e2e_calib/experiments/fuse28_infohead_v2_ssd/last_model.pt (missing=0 unexpected=0)
17:14:07  fast-forwarded scheduler 182 epochs; current lr=7.24e-06
17:14:27  ep183/200  tr_nll=1.3655 tr_mse=4.011  va_nll=nan va_mse=nan  lr=6.57e-06  ep_t=20.6s  total=0.3min
17:14:44  ep184/200  tr_nll=1.2265 tr_mse=3.797  va_nll=nan va_mse=nan  lr=5.94e-06  ep_t=16.7s  total=0.6min
17:15:01  ep185/200  tr_nll=1.3780 tr_mse=3.944  va_nll=nan va_mse=nan  lr=5.34e-06  ep_t=16.7s  total=0.9min
17:15:17  ep186/200  tr_nll=1.2137 tr_mse=3.794  va_nll=nan va_mse=nan  lr=4.79e-06  ep_t=16.8s  total=1.2min
17:15:34  ep187/200  tr_nll=1.2856 tr_mse=3.872  va_nll=nan va_mse=nan  lr=4.27e-06  ep_t=16.7s  total=1.5min
17:15:51  ep188/200  tr_nll=1.3150 tr_mse=4.050  va_nll=nan va_mse=nan  lr=3.79e-06  ep_t=16.8s  total=1.7min
17:16:08  ep189/200  tr_nll=1.2902 tr_mse=3.927  va_nll=nan va_mse=nan  lr=3.34e-06  ep_t=16.8s  total=2.0min
17:16:30  ep190/200  tr_nll=1.3463 tr_mse=3.937  va_nll=0.9595 va_mse=3.366  lr=2.94e-06  ep_t=22.4s  total=2.4min
17:16:30  ep190/200   POSE rot=0.0328deg t=0.0058m chi2r=1.3 sigma=1.819px frac_pd=1.00
17:16:33    ↳ best val_nll=0.9595  saved experiments/fuse28_infohead_v2_ssd/best_model.pt (4.62 MB)
17:16:50  ep191/200  tr_nll=1.3098 tr_mse=3.968  va_nll=nan va_mse=nan  lr=2.57e-06  ep_t=16.9s  total=2.7min
17:17:07  ep192/200  tr_nll=1.3545 tr_mse=3.915  va_nll=nan va_mse=nan  lr=2.24e-06  ep_t=16.9s  total=3.0min
17:17:24  ep193/200  tr_nll=1.3051 tr_mse=4.008  va_nll=nan va_mse=nan  lr=1.95e-06  ep_t=16.9s  total=3.3min
17:17:41  ep194/200  tr_nll=1.2841 tr_mse=3.926  va_nll=nan va_mse=nan  lr=1.70e-06  ep_t=16.9s  total=3.6min
17:17:57  ep195/200  tr_nll=1.2844 tr_mse=3.867  va_nll=nan va_mse=nan  lr=1.48e-06  ep_t=16.9s  total=3.8min
17:18:14  ep196/200  tr_nll=1.3028 tr_mse=3.948  va_nll=nan va_mse=nan  lr=1.31e-06  ep_t=16.9s  total=4.1min
17:18:31  ep197/200  tr_nll=1.2517 tr_mse=3.856  va_nll=nan va_mse=nan  lr=1.17e-06  ep_t=16.8s  total=4.4min
17:18:48  ep198/200  tr_nll=1.2624 tr_mse=3.861  va_nll=nan va_mse=nan  lr=1.08e-06  ep_t=16.9s  total=4.7min
17:19:05  ep199/200  tr_nll=1.3611 tr_mse=3.990  va_nll=nan va_mse=nan  lr=1.02e-06  ep_t=16.8s  total=5.0min
17:19:26  ep200/200  tr_nll=1.2415 tr_mse=3.862  va_nll=1.0188 va_mse=3.480  lr=1.00e-06  ep_t=21.3s  total=5.3min
17:19:26  ep200/200   POSE rot=0.0300deg t=0.0060m chi2r=1.4 sigma=1.732px frac_pd=1.00
