ClearML Task: created new task id=401bbfcbc0af4c71a858377587021747
ClearML results page: https://clearml.budda.site/projects/08d9e4b8a1334ad7ba45150d8a16b97e/experiments/401bbfcbc0af4c71a858377587021747/output/log
09:24:41  loading cache ['/mnt/nvme6t/e2e_calib_cache/zod_v3_tiled_clean_i', '/mnt/nvme6t/e2e_calib_cache/tss4_v3_tiled'] (V3 full-image)
09:24:41    perturbation: ±1.5 deg / ±0.6 m   fx/fy: ±0.00% / ±0.00%   crop_px=[128, 512] (full-image px → 128)
<unknown>:83: SyntaxWarning: invalid escape sequence '\s'
2026-05-14 09:25:49,689 - clearml.model - WARNING - Connecting multiple input models with the same name: `meta`. This might result in the wrong model being used when executing remotely
09:25:58    + cache /mnt/nvme6t/e2e_calib_cache/zod_v3_tiled_clean_i: train=2339520 val=37560
09:26:05    + cache /mnt/nvme6t/e2e_calib_cache/tss4_v3_tiled: train=223040 val=3920
09:26:05  train cache(s) loaded: 2562560 instances
09:26:05  val cache loaded: 41480 instances (oversample=1)
09:26:05  sequence-level split (cache pre-built): train=2562560 val=41480
09:26:05    val subsample: 8000/41480 (deterministic first-N)
09:26:05  params: 1.81M
09:26:05  amp_dtype=torch.bfloat16 scaler_enabled=False device=NVIDIA GeForce RTX 5080 cc=(12, 0)
cache: /mnt/nvme6t/e2e_calib_cache/zod_v3_tiled_clean_i  insts: 330000  scenes: 8250  rendering 30 → experiments/zod_tss4_20260514_joint_intensity_4ch_os8_100ep/vis_pretrain
  pre_00: idx=257541  scene=074287 frame=74287  N=247 obj=25
  pre_01: idx=61475  scene=018088 frame=18088  N=55 obj=0
  pre_02: idx=153203  scene=039368 frame=39368  N=226 obj=18
  pre_03: idx=294902  scene=000504 frame=504  N=101 obj=76
  pre_04: idx=274598  scene=085239 frame=85239  N=28 obj=0
  pre_05: idx=275191  scene=085578 frame=85578  N=109 obj=0
  pre_06: idx=179709  scene=045133 frame=45133  N=15 obj=0
  pre_07: idx=190970  scene=047829 frame=47829  N=209 obj=4
  pre_08: idx=74931  scene=020500 frame=20500  N=231 obj=1
  pre_09: idx=248945  scene=069415 frame=69415  N=73 obj=0
  pre_10: idx=171699  scene=043467 frame=43467  N=98 obj=0
  pre_11: idx=192867  scene=048226 frame=48226  N=14 obj=0
  pre_12: idx=117347  scene=031553 frame=31553  N=18 obj=0
  pre_13: idx=280103  scene=089855 frame=89855  N=34 obj=7
  pre_14: idx=254894  scene=072511 frame=72511  N=151 obj=0
  pre_15: idx=184033  scene=046233 frame=46233  N=89 obj=0
  pre_16: idx=304916  scene=002426 frame=2426  N=145 obj=7
  pre_17: idx=129664  scene=034293 frame=34293  N=75 obj=0
  pre_18: idx=259806  scene=075874 frame=75874  N=235 obj=76
  pre_19: idx=127055  scene=033748 frame=33748  N=133 obj=3
  pre_20: idx=285686  scene=094548 frame=94548  N=166 obj=78
  pre_21: idx=49088  scene=016101 frame=16101  N=229 obj=12
  pre_22: idx=308677  scene=003025 frame=3025  N=172 obj=0
  pre_23: idx=148097  scene=038161 frame=38161  N=139 obj=0
  pre_24: idx=118533  scene=031853 frame=31853  N=132 obj=88
  pre_25: idx=254342  scene=072252 frame=72252  N=143 obj=7
  pre_26: idx=109722  scene=026769 frame=26769  N=18 obj=0
  pre_27: idx=234337  scene=062519 frame=62519  N=182 obj=20
  pre_28: idx=131805  scene=034804 frame=34804  N=228 obj=51
  pre_29: idx=18255  scene=011305 frame=11305  N=158 obj=84
09:27:35  vis_pretrain → experiments/zod_tss4_20260514_joint_intensity_4ch_os8_100ep/vis_pretrain
ClearML Monitor: Could not detect iteration reporting, falling back to iterations as seconds-from-start
  step 100  loss=+6.747  sps=307
  step 200  loss=+6.328  sps=535
  step 300  loss=+6.124  sps=703
  step 400  loss=+5.942  sps=835
  step 500  loss=+5.927  sps=936
  step 600  loss=+5.858  sps=1022
  step 700  loss=+5.719  sps=1091
  step 800  loss=+5.727  sps=1153
  step 900  loss=+5.735  sps=1209
  step 1000  loss=+5.652  sps=1257
  step 1100  loss=+5.785  sps=1291
  step 1200  loss=+5.653  sps=1318
  step 1300  loss=+5.646  sps=1212
  step 1400  loss=+5.640  sps=1227
  step 1500  loss=+5.583  sps=1205
  step 1600  loss=+5.633  sps=1187
  step 1700  loss=+5.562  sps=1207
  step 1800  loss=+5.667  sps=1230
  step 1900  loss=+5.569  sps=1254
  step 2000  loss=+5.570  sps=1276
  step 2100  loss=+5.471  sps=1294
  step 2200  loss=+5.509  sps=1314
  step 2300  loss=+5.406  sps=1332
  step 2400  loss=+5.356  sps=1350
  step 2500  loss=+5.305  sps=1364
  step 2600  loss=+5.457  sps=1381
  step 2700  loss=+5.267  sps=1396
  step 2800  loss=+5.330  sps=1412
  step 2900  loss=+5.361  sps=1424
  step 3000  loss=+5.315  sps=1437
  step 3100  loss=+5.214  sps=1450
  step 3200  loss=+5.296  sps=1462
  step 3300  loss=+5.228  sps=1471
  step 3400  loss=+5.259  sps=1481
  step 3500  loss=+5.275  sps=1491
  step 3600  loss=+5.281  sps=1501
  step 3700  loss=+5.262  sps=1512
  step 3800  loss=+5.284  sps=1519
  step 3900  loss=+5.162  sps=1528
  step 4000  loss=+5.293  sps=1536
  step 4100  loss=+5.221  sps=1544
  step 4200  loss=+5.226  sps=1548
  step 4300  loss=+5.213  sps=1556
  step 4400  loss=+5.143  sps=1563
  step 4500  loss=+5.072  sps=1570
  step 4600  loss=+5.109  sps=1575
  step 4700  loss=+5.273  sps=1580
  step 4800  loss=+5.054  sps=1587
  step 4900  loss=+5.062  sps=1592
  step 5000  loss=+5.251  sps=1597
  step 5100  loss=+5.147  sps=1601
  step 5200  loss=+5.208  sps=1606
  step 5300  loss=+5.203  sps=1608
  step 5400  loss=+5.172  sps=1611
  step 5500  loss=+5.132  sps=1617
  step 5600  loss=+5.381  sps=1623
  step 5700  loss=+5.123  sps=1626
  step 5800  loss=+5.122  sps=1632
  step 5900  loss=+5.197  sps=1637
  step 6000  loss=+5.221  sps=1640
  step 6100  loss=+5.438  sps=1644
  step 6200  loss=+5.188  sps=1647
  step 6300  loss=+5.100  sps=1651
  step 6400  loss=+5.023  sps=1655
  step 6500  loss=+5.052  sps=1658
  step 6600  loss=+5.168  sps=1662
  step 6700  loss=+4.999  sps=1666
  step 6800  loss=+5.166  sps=1670
  step 6900  loss=+5.035  sps=1673
  step 7000  loss=+5.024  sps=1677
  step 7100  loss=+5.310  sps=1679
  step 7200  loss=+5.049  sps=1683
  step 7300  loss=+5.025  sps=1686
  step 7400  loss=+5.075  sps=1688
  step 7500  loss=+5.182  sps=1690
  step 7600  loss=+4.981  sps=1692
  step 7700  loss=+5.188  sps=1693
  step 7800  loss=+5.081  sps=1696
  step 7900  loss=+5.025  sps=1695
  step 8000  loss=+5.021  sps=1699
  step 8100  loss=+5.170  sps=1704
  step 8200  loss=+4.852  sps=1708
  step 8300  loss=+5.049  sps=1710
  step 8400  loss=+5.031  sps=1712
  step 8500  loss=+5.022  sps=1715
  step 8600  loss=+5.004  sps=1717
  step 8700  loss=+4.986  sps=1719
  step 8800  loss=+5.063  sps=1722
  step 8900  loss=+5.059  sps=1723
  step 9000  loss=+4.894  sps=1726
  step 9100  loss=+4.917  sps=1727
  step 9200  loss=+4.937  sps=1729
  step 9300  loss=+4.870  sps=1730
  step 9400  loss=+4.890  sps=1733
  step 9500  loss=+4.956  sps=1734
  step 9600  loss=+4.960  sps=1735
  step 9700  loss=+4.994  sps=1735
  step 9800  loss=+4.943  sps=1736
  step 9900  loss=+5.103  sps=1737
  step 10000  loss=+4.891  sps=1740
09:52:40  [  1/100]  train nll=+5.281(pt=+5.281 fr=+nan obj=+5.689 bg=+5.242) mse=11.60(obj=14.09/m11.17/95p36.2 bg=11.35/m9.64/95p26.1)  val nll=+4.872(pt=+4.872 fr=+nan obj=+5.157 bg=+4.833) mse=9.78(obj=11.49/m9.25/95p28.5 bg=9.55/m8.23/95p21.4)  lr=1.20e-04  tot=26.6min
09:52:40    ↳ saved (val_nll=4.8721)
                                            0% | 0.00/6.96 MB [00:00<?, ?MB/s]: █████████████████████████████████ 100% | 6.96/6.96 MB [00:00<00:00, 22.25MB/s]: 
  step 100  loss=+4.979  sps=1545
  step 200  loss=+5.058  sps=1571
  step 300  loss=+4.963  sps=1580
  step 400  loss=+4.941  sps=1595
  step 500  loss=+4.976  sps=1579
  step 600  loss=+4.975  sps=1579
  step 700  loss=+5.093  sps=1596
  step 800  loss=+5.033  sps=1596
  step 900  loss=+4.798  sps=1585
  step 1000  loss=+5.027  sps=1587
  step 1100  loss=+4.990  sps=1595
  step 1200  loss=+4.873  sps=1581
  step 1300  loss=+4.953  sps=1573
  step 1400  loss=+5.044  sps=1570
  step 1500  loss=+4.963  sps=1582
  step 1600  loss=+4.935  sps=1580
  step 1700  loss=+4.862  sps=1571
  step 1800  loss=+4.781  sps=1579
  step 1900  loss=+4.967  sps=1587
  step 2000  loss=+4.932  sps=1582
  step 2100  loss=+4.861  sps=1574
  step 2200  loss=+4.851  sps=1577
  step 2300  loss=+5.005  sps=1575
  step 2400  loss=+4.947  sps=1569
  step 2500  loss=+4.974  sps=1571
  step 2600  loss=+4.890  sps=1567
  step 2700  loss=+4.850  sps=1566
  step 2800  loss=+5.029  sps=1566
  step 2900  loss=+4.809  sps=1564
  step 3000  loss=+4.726  sps=1566
  step 3100  loss=+4.758  sps=1562
  step 3200  loss=+5.017  sps=1560
  step 3300  loss=+4.934  sps=1562
  step 3400  loss=+4.891  sps=1561
  step 3500  loss=+4.801  sps=1565
  step 3600  loss=+4.838  sps=1567
  step 3700  loss=+4.819  sps=1574
  step 3800  loss=+4.801  sps=1583
  step 3900  loss=+4.756  sps=1585
  step 4000  loss=+5.083  sps=1592
  step 4100  loss=+4.801  sps=1600
  step 4200  loss=+4.860  sps=1608
  step 4300  loss=+4.840  sps=1609
  step 4400  loss=+4.888  sps=1609
  step 4500  loss=+4.824  sps=1608
  step 4600  loss=+4.735  sps=1604
  step 4700  loss=+4.735  sps=1603
  step 4800  loss=+4.585  sps=1602
  step 4900  loss=+4.901  sps=1602
  step 5000  loss=+4.817  sps=1599
  step 5100  loss=+4.785  sps=1598
  step 5200  loss=+5.028  sps=1596
  step 5300  loss=+4.907  sps=1593
  step 5400  loss=+4.815  sps=1593
  step 5500  loss=+4.859  sps=1590
  step 5600  loss=+4.931  sps=1592
  step 5700  loss=+4.725  sps=1596
  step 5800  loss=+4.709  sps=1600
  step 5900  loss=+4.779  sps=1600
  step 6000  loss=+4.692  sps=1598
  step 6100  loss=+4.725  sps=1596
  step 6200  loss=+4.851  sps=1597
  step 6300  loss=+4.718  sps=1597
  step 6400  loss=+4.832  sps=1596
  step 6500  loss=+4.566  sps=1594
  step 6600  loss=+4.803  sps=1594
  step 6700  loss=+4.943  sps=1593
  step 6800  loss=+4.661  sps=1591
  step 6900  loss=+4.839  sps=1592
  step 7000  loss=+4.920  sps=1588
  step 7100  loss=+4.729  sps=1588
  step 7200  loss=+5.004  sps=1585
  step 7300  loss=+4.716  sps=1586
  step 7400  loss=+4.635  sps=1584
  step 7500  loss=+4.805  sps=1585
  step 7600  loss=+4.592  sps=1584
  step 7700  loss=+4.768  sps=1583
  step 7800  loss=+4.749  sps=1584
  step 7900  loss=+4.801  sps=1586
  step 8000  loss=+4.730  sps=1587
  step 8100  loss=+4.634  sps=1588
  step 8200  loss=+4.701  sps=1590
  step 8300  loss=+4.962  sps=1594
  step 8400  loss=+4.671  sps=1595
  step 8500  loss=+4.644  sps=1598
  step 8600  loss=+4.644  sps=1602
  step 8700  loss=+4.644  sps=1605
  step 8800  loss=+4.671  sps=1609
  step 8900  loss=+4.619  sps=1608
  step 9000  loss=+4.575  sps=1607
  step 9100  loss=+4.552  sps=1606
  step 9200  loss=+4.786  sps=1605
  step 9300  loss=+4.663  sps=1604
  step 9400  loss=+4.788  sps=1605
  step 9500  loss=+4.702  sps=1603
  step 9600  loss=+4.672  sps=1603
  step 9700  loss=+4.636  sps=1602
  step 9800  loss=+4.670  sps=1601
  step 9900  loss=+4.644  sps=1602
  step 10000  loss=+4.619  sps=1603
10:19:25  [  2/100]  train nll=+4.823(pt=+4.823 fr=+nan obj=+5.124 bg=+4.794) mse=9.51(obj=11.26/m8.92/95p28.7 bg=9.34/m7.94/95p21.2)  val nll=+4.872(pt=+4.872 fr=+nan obj=+5.157 bg=+4.833) mse=9.78(obj=11.49/m9.25/95p28.5 bg=9.55/m8.23/95p21.4)  lr=1.80e-04  tot=53.3min
  step 100  loss=+4.738  sps=1456
  step 200  loss=+4.830  sps=1565
  step 300  loss=+4.560  sps=1576
  step 400  loss=+4.703  sps=1593
  step 500  loss=+4.664  sps=1582
  step 600  loss=+4.765  sps=1568
  step 700  loss=+4.444  sps=1569
  step 800  loss=+5.040  sps=1561
  step 900  loss=+4.515  sps=1573
  step 1000  loss=+4.721  sps=1570
  step 1100  loss=+4.542  sps=1573
  step 1200  loss=+4.971  sps=1561
  step 1300  loss=+4.693  sps=1557
  step 1400  loss=+4.713  sps=1564
  step 1500  loss=+4.758  sps=1569
  step 1600  loss=+4.690  sps=1566
  step 1700  loss=+4.734  sps=1562
  step 1800  loss=+4.635  sps=1564
  step 1900  loss=+4.764  sps=1560
  step 2000  loss=+4.620  sps=1561
  step 2100  loss=+4.600  sps=1559
  step 2200  loss=+4.587  sps=1560
  step 2300  loss=+4.552  sps=1561
  step 2400  loss=+4.683  sps=1560
  step 2500  loss=+4.585  sps=1553
  step 2600  loss=+4.774  sps=1554
  step 2700  loss=+4.725  sps=1548
  step 2800  loss=+4.400  sps=1554
  step 2900  loss=+4.619  sps=1551
  step 3000  loss=+4.552  sps=1555
  step 3100  loss=+4.444  sps=1553
  step 3200  loss=+4.689  sps=1557
  step 3300  loss=+4.510  sps=1560
  step 3400  loss=+4.546  sps=1563
  step 3500  loss=+4.622  sps=1571
  step 3600  loss=+4.573  sps=1578
  step 3700  loss=+4.469  sps=1581
  step 3800  loss=+4.525  sps=1589
  step 3900  loss=+4.562  sps=1596
  step 4000  loss=+4.802  sps=1603
  step 4100  loss=+4.540  sps=1602
  step 4200  loss=+4.647  sps=1601
  step 4300  loss=+4.599  sps=1603
  step 4400  loss=+4.536  sps=1601
  step 4500  loss=+4.680  sps=1598
  step 4600  loss=+4.427  sps=1599
  step 4700  loss=+4.519  sps=1597
  step 4800  loss=+4.555  sps=1596
  step 4900  loss=+4.436  sps=1596
  step 5000  loss=+4.644  sps=1595
  step 5100  loss=+4.591  sps=1595
  step 5200  loss=+4.547  sps=1594
  step 5300  loss=+4.759  sps=1594
  step 5400  loss=+4.597  sps=1592
  step 5500  loss=+4.578  sps=1591
  step 5600  loss=+4.487  sps=1591
  step 5700  loss=+4.618  sps=1590
  step 5800  loss=+4.526  sps=1591
  step 5900  loss=+4.691  sps=1592
  step 6000  loss=+4.370  sps=1591
  step 6100  loss=+4.601  sps=1590
  step 6200  loss=+4.402  sps=1588
  step 6300  loss=+4.538  sps=1587
  step 6400  loss=+4.552  sps=1587
  step 6500  loss=+4.380  sps=1585
  step 6600  loss=+4.355  sps=1583
  step 6700  loss=+4.497  sps=1582
  step 6800  loss=+4.458  sps=1581
  step 6900  loss=+4.391  sps=1581
  step 7000  loss=+4.421  sps=1581
  step 7100  loss=+4.375  sps=1579
  step 7200  loss=+4.503  sps=1578
  step 7300  loss=+4.303  sps=1579
  step 7400  loss=+4.495  sps=1582
  step 7500  loss=+4.671  sps=1585
  step 7600  loss=+4.481  sps=1589
  step 7700  loss=+4.462  sps=1589
  step 7800  loss=+4.494  sps=1590
  step 7900  loss=+4.337  sps=1589
  step 8000  loss=+4.288  sps=1587
  step 8100  loss=+4.465  sps=1586
  step 8200  loss=+4.412  sps=1584
  step 8300  loss=+4.354  sps=1583
  step 8400  loss=+4.327  sps=1582
  step 8500  loss=+4.422  sps=1581
  step 8600  loss=+4.488  sps=1581
  step 8700  loss=+4.505  sps=1580
  step 8800  loss=+4.396  sps=1581
  step 8900  loss=+4.586  sps=1581
  step 9000  loss=+4.342  sps=1580
  step 9100  loss=+4.427  sps=1580
  step 9200  loss=+4.245  sps=1580
  step 9300  loss=+4.453  sps=1581
  step 9400  loss=+4.313  sps=1579
  step 9500  loss=+4.200  sps=1580
  step 9600  loss=+4.447  sps=1580
  step 9700  loss=+4.386  sps=1581
  step 9800  loss=+4.423  sps=1580
  step 9900  loss=+4.272  sps=1581
  step 10000  loss=+4.349  sps=1581
10:46:29  [  3/100]  train nll=+4.546(pt=+4.546 fr=+nan obj=+4.784 bg=+4.524) mse=8.43(obj=9.73/m7.43/95p25.6 bg=8.30/m6.84/95p19.5)  val nll=+4.872(pt=+4.872 fr=+nan obj=+5.157 bg=+4.833) mse=9.78(obj=11.49/m9.25/95p28.5 bg=9.55/m8.23/95p21.4)  lr=2.40e-04  tot=80.4min
  step 100  loss=+4.493  sps=1440
  step 200  loss=+4.487  sps=1520
  step 300  loss=+4.352  sps=1551
  step 400  loss=+4.460  sps=1542
  step 500  loss=+4.401  sps=1551
  step 600  loss=+4.356  sps=1530
  step 700  loss=+4.332  sps=1540
  step 800  loss=+4.377  sps=1537
  step 900  loss=+4.578  sps=1541
  step 1000  loss=+4.540  sps=1530
  step 1100  loss=+4.253  sps=1524
  step 1200  loss=+4.538  sps=1540
  step 1300  loss=+4.639  sps=1535
  step 1400  loss=+4.460  sps=1546
  step 1500  loss=+4.443  sps=1549
  step 1600  loss=+4.270  sps=1553
  step 1700  loss=+4.326  sps=1539
  step 1800  loss=+4.322  sps=1551
  step 1900  loss=+4.406  sps=1543
  step 2000  loss=+4.363  sps=1547
  step 2100  loss=+4.354  sps=1550
  step 2200  loss=+4.370  sps=1544
  step 2300  loss=+4.354  sps=1540
  step 2400  loss=+4.288  sps=1543
  step 2500  loss=+4.313  sps=1542
  step 2600  loss=+4.144  sps=1541
  step 2700  loss=+4.304  sps=1543
  step 2800  loss=+4.351  sps=1539
  step 2900  loss=+4.432  sps=1540
  step 3000  loss=+4.375  sps=1536
  step 3100  loss=+4.298  sps=1539
  step 3200  loss=+4.409  sps=1544
  step 3300  loss=+4.435  sps=1541
  step 3400  loss=+4.438  sps=1541
  step 3500  loss=+4.301  sps=1543
  step 3600  loss=+4.246  sps=1546
  step 3700  loss=+4.353  sps=1552
  step 3800  loss=+4.385  sps=1558
  step 3900  loss=+4.363  sps=1565
  step 4000  loss=+4.344  sps=1567
  step 4100  loss=+4.612  sps=1566
  step 4200  loss=+4.446  sps=1564
  step 4300  loss=+4.428  sps=1562
  step 4400  loss=+4.306  sps=1565
  step 4500  loss=+4.168  sps=1564
  step 4600  loss=+4.188  sps=1564
  step 4700  loss=+4.325  sps=1561
  step 4800  loss=+4.384  sps=1562
  step 4900  loss=+4.077  sps=1559
  step 5000  loss=+4.314  sps=1558
  step 5100  loss=+4.176  sps=1558
  step 5200  loss=+4.297  sps=1560
  step 5300  loss=+4.321  sps=1558
  step 5400  loss=+4.291  sps=1555
  step 5500  loss=+4.380  sps=1557
  step 5600  loss=+4.207  sps=1556
  step 5700  loss=+4.358  sps=1556
  step 5800  loss=+4.279  sps=1554
  step 5900  loss=+4.304  sps=1552
  step 6000  loss=+4.322  sps=1551
  step 6100  loss=+4.124  sps=1549
  step 6200  loss=+4.365  sps=1547
  step 6300  loss=+4.391  sps=1548
  step 6400  loss=+4.360  sps=1546
  step 6500  loss=+4.254  sps=1547
  step 6600  loss=+4.323  sps=1547
  step 6700  loss=+4.432  sps=1546
  step 6800  loss=+4.447  sps=1547
  step 6900  loss=+4.164  sps=1548
  step 7000  loss=+4.120  sps=1547
  step 7100  loss=+4.225  sps=1549
  step 7200  loss=+4.185  sps=1551
  step 7300  loss=+4.272  sps=1550
  step 7400  loss=+4.227  sps=1547
  step 7500  loss=+4.234  sps=1547
  step 7600  loss=+4.231  sps=1549
  step 7700  loss=+4.471  sps=1549
  step 7800  loss=+4.265  sps=1549
  step 7900  loss=+4.405  sps=1550
  step 8000  loss=+4.262  sps=1550
  step 8100  loss=+4.094  sps=1550
  step 8200  loss=+4.220  sps=1550
  step 8300  loss=+4.195  sps=1551
  step 8400  loss=+4.171  sps=1550
  step 8500  loss=+4.169  sps=1550
  step 8600  loss=+4.262  sps=1550
  step 8700  loss=+4.440  sps=1550
  step 8800  loss=+4.243  sps=1551
  step 8900  loss=+4.244  sps=1552
  step 9000  loss=+4.237  sps=1551
  step 9100  loss=+4.267  sps=1550
  step 9200  loss=+4.043  sps=1554
  step 9300  loss=+4.144  sps=1555
  step 9400  loss=+4.298  sps=1556
  step 9500  loss=+4.242  sps=1559
  step 9600  loss=+4.230  sps=1559
  step 9700  loss=+4.334  sps=1560
  step 9800  loss=+4.129  sps=1559
  step 9900  loss=+4.041  sps=1560
  step 10000  loss=+4.244  sps=1561
11:13:55  [  4/100]  train nll=+4.314(pt=+4.314 fr=+nan obj=+4.483 bg=+4.298) mse=7.60(obj=8.54/m6.24/95p23.3 bg=7.51/m5.99/95p18.3)  val nll=+4.872(pt=+4.872 fr=+nan obj=+5.157 bg=+4.833) mse=9.78(obj=11.49/m9.25/95p28.5 bg=9.55/m8.23/95p21.4)  lr=3.00e-04  tot=107.8min
  step 100  loss=+4.432  sps=1323
  step 200  loss=+4.124  sps=1489
  step 300  loss=+4.246  sps=1489
  step 400  loss=+4.242  sps=1508
  step 500  loss=+4.355  sps=1511
  step 600  loss=+4.530  sps=1526
  step 700  loss=+4.262  sps=1542
  step 800  loss=+4.134  sps=1543
  step 900  loss=+4.172  sps=1536
  step 1000  loss=+4.401  sps=1552
  step 1100  loss=+4.275  sps=1561
  step 1200  loss=+4.213  sps=1580
  step 1300  loss=+4.412  sps=1595
  step 1400  loss=+4.434  sps=1610
  step 1500  loss=+4.247  sps=1625
  step 1600  loss=+4.234  sps=1624
  step 1700  loss=+4.238  sps=1610
  step 1800  loss=+4.317  sps=1615
  step 1900  loss=+4.015  sps=1609
  step 2000  loss=+4.329  sps=1609
  step 2100  loss=+4.219  sps=1602
  step 2200  loss=+4.124  sps=1603
  step 2300  loss=+4.044  sps=1596
  step 2400  loss=+4.291  sps=1596
  step 2500  loss=+4.048  sps=1586
  step 2600  loss=+3.962  sps=1586
  step 2700  loss=+4.069  sps=1581
  step 2800  loss=+4.115  sps=1575
  step 2900  loss=+4.191  sps=1571
  step 3000  loss=+4.366  sps=1566
  step 3100  loss=+4.059  sps=1572
  step 3200  loss=+4.220  sps=1572
  step 3300  loss=+4.367  sps=1572
  step 3400  loss=+4.268  sps=1574
  step 3500  loss=+4.164  sps=1572
  step 3600  loss=+4.070  sps=1574
  step 3700  loss=+4.226  sps=1572
  step 3800  loss=+4.004  sps=1572
  step 3900  loss=+4.154  sps=1575
  step 4000  loss=+4.000  sps=1570
  step 4100  loss=+4.241  sps=1571
  step 4200  loss=+4.034  sps=1568
  step 4300  loss=+4.109  sps=1566
  step 4400  loss=+4.052  sps=1568
  step 4500  loss=+4.153  sps=1568
  step 4600  loss=+4.058  sps=1565
  step 4700  loss=+4.045  sps=1564
  step 4800  loss=+4.059  sps=1564
  step 4900  loss=+4.184  sps=1562
  step 5000  loss=+4.141  sps=1563
  step 5100  loss=+4.264  sps=1560
  step 5200  loss=+4.057  sps=1560
  step 5300  loss=+4.256  sps=1560
  step 5400  loss=+4.108  sps=1562
  step 5500  loss=+4.127  sps=1559
  step 5600  loss=+3.933  sps=1557
  step 5700  loss=+4.046  sps=1559
  step 5800  loss=+4.286  sps=1557
  step 5900  loss=+4.183  sps=1557
  step 6000  loss=+4.109  sps=1558
  step 6100  loss=+4.183  sps=1559
  step 6200  loss=+4.038  sps=1559
  step 6300  loss=+4.140  sps=1557
  step 6400  loss=+4.016  sps=1556
  step 6500  loss=+4.309  sps=1558
  step 6600  loss=+4.092  sps=1559
  step 6700  loss=+4.127  sps=1562
  step 6800  loss=+3.953  sps=1566
  step 6900  loss=+4.124  sps=1569
  step 7000  loss=+4.092  sps=1572
  step 7100  loss=+4.045  sps=1576
  step 7200  loss=+4.167  sps=1576
  step 7300  loss=+4.131  sps=1576
  step 7400  loss=+3.984  sps=1574
  step 7500  loss=+4.049  sps=1573
  step 7600  loss=+4.124  sps=1572
  step 7700  loss=+4.133  sps=1571
  step 7800  loss=+4.172  sps=1572
  step 7900  loss=+4.328  sps=1573
  step 8000  loss=+3.908  sps=1572
  step 8100  loss=+3.933  sps=1573
  step 8200  loss=+4.176  sps=1571
  step 8300  loss=+3.953  sps=1570
  step 8400  loss=+4.184  sps=1571
  step 8500  loss=+4.149  sps=1573
  step 8600  loss=+4.119  sps=1577
  step 8700  loss=+4.059  sps=1579
  step 8800  loss=+4.114  sps=1581
  step 8900  loss=+3.918  sps=1582
  step 9000  loss=+4.169  sps=1582
  step 9100  loss=+3.980  sps=1581
  step 9200  loss=+3.901  sps=1580
  step 9300  loss=+4.154  sps=1580
  step 9400  loss=+4.219  sps=1578
  step 9500  loss=+4.014  sps=1580
  step 9600  loss=+4.100  sps=1580
  step 9700  loss=+3.856  sps=1579
  step 9800  loss=+4.130  sps=1579
  step 9900  loss=+3.957  sps=1579
  step 10000  loss=+4.048  sps=1581
11:41:09  [  5/100]  train nll=+4.154(pt=+4.154 fr=+nan obj=+4.288 bg=+4.142) mse=7.08(obj=7.81/m5.55/95p21.9 bg=7.00/m5.46/95p17.5)  val nll=+3.932(pt=+3.932 fr=+nan obj=+3.999 bg=+3.919) mse=6.43(obj=6.83/m4.60/95p20.0 bg=6.35/m4.82/95p16.4)  lr=3.00e-04  tot=135.1min
11:41:10    ↳ saved (val_nll=3.9323)
                                            0% | 0.00/6.96 MB [00:00<?, ?MB/s]: █████████████████████████████████ 100% | 6.96/6.96 MB [00:00<00:00, 46.86MB/s]: █████████████████████████████████ 100% | 6.96/6.96 MB [00:02<00:00,  3.10MB/s]: 
  step 100  loss=+3.932  sps=1331
  step 200  loss=+3.884  sps=1427
  step 300  loss=+4.200  sps=1460
  step 400  loss=+4.064  sps=1502
  step 500  loss=+3.846  sps=1515
  step 600  loss=+4.241  sps=1522
  step 700  loss=+4.022  sps=1536
  step 800  loss=+4.143  sps=1541
  step 900  loss=+3.940  sps=1527
  step 1000  loss=+3.898  sps=1538
  step 1100  loss=+3.896  sps=1536
  step 1200  loss=+4.100  sps=1542
  step 1300  loss=+3.962  sps=1549
  step 1400  loss=+3.861  sps=1534
  step 1500  loss=+3.999  sps=1537
  step 1600  loss=+3.945  sps=1542
  step 1700  loss=+4.090  sps=1536
  step 1800  loss=+3.869  sps=1534
  step 1900  loss=+4.149  sps=1526
  step 2000  loss=+3.885  sps=1532
  step 2100  loss=+4.026  sps=1535
  step 2200  loss=+3.980  sps=1537
  step 2300  loss=+3.939  sps=1545
  step 2400  loss=+4.009  sps=1554
  step 2500  loss=+4.056  sps=1563
  step 2600  loss=+3.839  sps=1568
  step 2700  loss=+4.051  sps=1567
  step 2800  loss=+3.901  sps=1565
  step 2900  loss=+4.196  sps=1561
  step 3000  loss=+3.783  sps=1561
  step 3100  loss=+3.940  sps=1549
  step 3200  loss=+4.156  sps=1555
  step 3300  loss=+4.019  sps=1561
  step 3400  loss=+4.111  sps=1569
  step 3500  loss=+4.072  sps=1577
  step 3600  loss=+4.022  sps=1583
  step 3700  loss=+4.632  sps=1588
  step 3800  loss=+3.846  sps=1587
  step 3900  loss=+3.969  sps=1588
  step 4000  loss=+4.025  sps=1587
  step 4100  loss=+3.925  sps=1588
  step 4200  loss=+4.096  sps=1584
  step 4300  loss=+3.943  sps=1584
  step 4400  loss=+3.944  sps=1581
  step 4500  loss=+3.866  sps=1581
  step 4600  loss=+3.906  sps=1576
  step 4700  loss=+3.897  sps=1577
  step 4800  loss=+3.948  sps=1575
  step 4900  loss=+3.961  sps=1574
  step 5000  loss=+4.035  sps=1575
  step 5100  loss=+4.135  sps=1573
  step 5200  loss=+4.068  sps=1574
  step 5300  loss=+3.716  sps=1573
  step 5400  loss=+4.047  sps=1571
  step 5500  loss=+3.972  sps=1571
  step 5600  loss=+3.977  sps=1572
  step 5700  loss=+3.885  sps=1575
  step 5800  loss=+3.904  sps=1578
  step 5900  loss=+3.886  sps=1581
  step 6000  loss=+3.858  sps=1581
  step 6100  loss=+3.910  sps=1581
  step 6200  loss=+3.926  sps=1581
  step 6300  loss=+3.983  sps=1580
  step 6400  loss=+4.072  sps=1577
  step 6500  loss=+3.767  sps=1577
  step 6600  loss=+3.998  sps=1577
  step 6700  loss=+3.840  sps=1575
  step 6800  loss=+3.923  sps=1574
  step 6900  loss=+3.961  sps=1574
  step 7000  loss=+3.845  sps=1573
  step 7100  loss=+3.934  sps=1574
  step 7200  loss=+3.937  sps=1575
  step 7300  loss=+3.936  sps=1572
  step 7400  loss=+4.007  sps=1574
  step 7500  loss=+3.732  sps=1573
  step 7600  loss=+3.937  sps=1570
  step 7700  loss=+3.950  sps=1570
  step 7800  loss=+3.852  sps=1567
  step 7900  loss=+3.901  sps=1566
  step 8000  loss=+3.996  sps=1566
  step 8100  loss=+4.050  sps=1566
  step 8200  loss=+4.121  sps=1565
  step 8300  loss=+3.923  sps=1565
  step 8400  loss=+3.976  sps=1566
  step 8500  loss=+3.992  sps=1565
  step 8600  loss=+3.908  sps=1566
  step 8700  loss=+3.883  sps=1565
  step 8800  loss=+3.944  sps=1565
  step 8900  loss=+3.998  sps=1566
  step 9000  loss=+3.889  sps=1566
  step 9100  loss=+3.702  sps=1565
  step 9200  loss=+4.335  sps=1565
  step 9300  loss=+4.024  sps=1563
  step 9400  loss=+3.964  sps=1561
  step 9500  loss=+3.794  sps=1563
  step 9600  loss=+3.896  sps=1565
  step 9700  loss=+4.039  sps=1567
  step 9800  loss=+4.057  sps=1569
  step 9900  loss=+3.768  sps=1570
  step 10000  loss=+3.834  sps=1572
12:08:24  [  6/100]  train nll=+3.979(pt=+3.979 fr=+nan obj=+4.086 bg=+3.969) mse=6.57(obj=7.17/m5.00/95p20.4 bg=6.51/m4.98/95p16.6)  val nll=+3.932(pt=+3.932 fr=+nan obj=+3.999 bg=+3.919) mse=6.43(obj=6.83/m4.60/95p20.0 bg=6.35/m4.82/95p16.4)  lr=3.00e-04  tot=162.3min
  step 100  loss=+3.875  sps=1335
  step 200  loss=+3.982  sps=1410
  step 300  loss=+3.885  sps=1467
  step 400  loss=+4.024  sps=1478
  step 500  loss=+3.758  sps=1487
  step 600  loss=+3.872  sps=1478
  step 700  loss=+3.964  sps=1470
  step 800  loss=+3.696  sps=1491
  step 900  loss=+3.871  sps=1486
  step 1000  loss=+3.812  sps=1492
  step 1100  loss=+3.832  sps=1486
  step 1200  loss=+3.831  sps=1498
  step 1300  loss=+4.000  sps=1496
  step 1400  loss=+3.880  sps=1490
  step 1500  loss=+3.827  sps=1486
  step 1600  loss=+4.055  sps=1490
  step 1700  loss=+3.975  sps=1497
  step 1800  loss=+3.930  sps=1491
  step 1900  loss=+3.758  sps=1491
  step 2000  loss=+3.914  sps=1494
  step 2100  loss=+3.819  sps=1494
  step 2200  loss=+3.904  sps=1495
  step 2300  loss=+3.817  sps=1500
  step 2400  loss=+3.897  sps=1498
  step 2500  loss=+3.945  sps=1500
  step 2600  loss=+3.993  sps=1500
  step 2700  loss=+3.834  sps=1503
  step 2800  loss=+3.939  sps=1505
  step 2900  loss=+3.888  sps=1508
  step 3000  loss=+3.844  sps=1512
  step 3100  loss=+3.902  sps=1519
  step 3200  loss=+3.744  sps=1527
  step 3300  loss=+3.871  sps=1534
  step 3400  loss=+3.914  sps=1543
  step 3500  loss=+3.852  sps=1550
  step 3600  loss=+3.946  sps=1554
  step 3700  loss=+3.831  sps=1551
  step 3800  loss=+3.951  sps=1552
  step 3900  loss=+3.953  sps=1548
  step 4000  loss=+3.766  sps=1547
  step 4100  loss=+3.934  sps=1544
  step 4200  loss=+3.669  sps=1541
  step 4300  loss=+3.818  sps=1540
  step 4400  loss=+3.952  sps=1544
  step 4500  loss=+4.050  sps=1549
  step 4600  loss=+4.028  sps=1554
  step 4700  loss=+3.863  sps=1558
  step 4800  loss=+3.926  sps=1556
  step 4900  loss=+3.841  sps=1558
  step 5000  loss=+3.966  sps=1562
  step 5100  loss=+3.920  sps=1567
  step 5200  loss=+3.830  sps=1566
  step 5300  loss=+3.836  sps=1569
  step 5400  loss=+3.695  sps=1571
  step 5500  loss=+3.741  sps=1570
  step 5600  loss=+3.781  sps=1569
  step 5700  loss=+3.674  sps=1569
  step 5800  loss=+3.931  sps=1571
  step 5900  loss=+3.675  sps=1569
  step 6000  loss=+4.230  sps=1569
  step 6100  loss=+3.691  sps=1569
  step 6200  loss=+3.862  sps=1567
  step 6300  loss=+3.697  sps=1567
  step 6400  loss=+3.945  sps=1567
  step 6500  loss=+3.889  sps=1568
  step 6600  loss=+3.976  sps=1566
  step 6700  loss=+3.989  sps=1566
  step 6800  loss=+3.891  sps=1565
  step 6900  loss=+3.789  sps=1563
  step 7000  loss=+3.861  sps=1564
  step 7100  loss=+3.895  sps=1562
  step 7200  loss=+3.950  sps=1560
  step 7300  loss=+3.887  sps=1561
  step 7400  loss=+3.737  sps=1560
  step 7500  loss=+3.797  sps=1560
  step 7600  loss=+3.784  sps=1559
  step 7700  loss=+3.763  sps=1559
  step 7800  loss=+3.804  sps=1560
  step 7900  loss=+4.084  sps=1559
  step 8000  loss=+3.978  sps=1559
  step 8100  loss=+3.710  sps=1559
  step 8200  loss=+3.867  sps=1558
  step 8300  loss=+3.756  sps=1558
  step 8400  loss=+3.731  sps=1559
  step 8500  loss=+3.854  sps=1558
  step 8600  loss=+3.937  sps=1558
  step 8700  loss=+3.704  sps=1557
  step 8800  loss=+3.809  sps=1556
  step 8900  loss=+3.809  sps=1555
  step 9000  loss=+3.828  sps=1555
  step 9100  loss=+3.946  sps=1555
  step 9200  loss=+3.848  sps=1556
  step 9300  loss=+3.700  sps=1558
  step 9400  loss=+3.865  sps=1561
  step 9500  loss=+3.775  sps=1563
  step 9600  loss=+3.934  sps=1562
  step 9700  loss=+3.751  sps=1563
  step 9800  loss=+3.841  sps=1561
  step 9900  loss=+3.804  sps=1562
  step 10000  loss=+3.805  sps=1565
12:35:47  [  7/100]  train nll=+3.856(pt=+3.856 fr=+nan obj=+3.951 bg=+3.847) mse=6.23(obj=6.76/m4.65/95p19.4 bg=6.18/m4.67/95p16.0)  val nll=+3.932(pt=+3.932 fr=+nan obj=+3.999 bg=+3.919) mse=6.43(obj=6.83/m4.60/95p20.0 bg=6.35/m4.82/95p16.4)  lr=3.00e-04  tot=189.7min
  step 100  loss=+3.933  sps=1405
  step 200  loss=+3.777  sps=1446
  step 300  loss=+3.926  sps=1496
  step 400  loss=+3.729  sps=1482
  step 500  loss=+3.788  sps=1462
  step 600  loss=+3.851  sps=1494
  step 700  loss=+3.862  sps=1522
  step 800  loss=+4.173  sps=1543
  step 900  loss=+3.790  sps=1571
  step 1000  loss=+3.759  sps=1597
  step 1100  loss=+3.864  sps=1609
  step 1200  loss=+3.597  sps=1623
  step 1300  loss=+3.677  sps=1604
  step 1400  loss=+4.013  sps=1602
  step 1500  loss=+3.619  sps=1592
  step 1600  loss=+3.819  sps=1592
  step 1700  loss=+3.744  sps=1588
  step 1800  loss=+3.866  sps=1587
  step 1900  loss=+3.802  sps=1579
  step 2000  loss=+3.688  sps=1579
  step 2100  loss=+3.987  sps=1581
  step 2200  loss=+3.762  sps=1572
  step 2300  loss=+3.917  sps=1563
  step 2400  loss=+3.818  sps=1565
