02:22:20  train=59277 (ns=29298 ps=29979)  val=8365 (ns=4886 ps=3479)
02:22:20  params: 1.62M
02:23:40  [  1/100]  train nll=+4.563(obj=+4.127 bg=+4.576) mse=7.737(obj=6.052 bg=7.781)  val nll=+4.320(obj=+3.635 bg=+4.333) mse=8.475(obj=4.951 bg=8.522)  lr=4.00e-04  tot=1.3min
02:23:40    ↳ saved (val_nll=4.3205)
02:24:43  [  2/100]  train nll=+4.344(obj=+3.930 bg=+4.356) mse=7.680(obj=5.971 bg=7.725)  val nll=+4.211(obj=+3.521 bg=+4.222) mse=8.324(obj=4.851 bg=8.368)  lr=6.00e-04  tot=2.4min
02:24:43    ↳ saved (val_nll=4.2112)
02:25:50  [  3/100]  train nll=+4.304(obj=+3.885 bg=+4.315) mse=7.655(obj=5.895 bg=7.702)  val nll=+4.069(obj=+3.311 bg=+4.082) mse=8.190(obj=4.384 bg=8.238)  lr=8.00e-04  tot=3.5min
02:25:50    ↳ saved (val_nll=4.0694)
02:26:56  [  4/100]  train nll=+4.299(obj=+3.854 bg=+4.311) mse=7.596(obj=5.752 bg=7.645)  val nll=+4.169(obj=+3.499 bg=+4.180) mse=8.148(obj=4.609 bg=8.193)  lr=1.00e-03  tot=4.6min
02:27:59  [  5/100]  train nll=+4.267(obj=+3.819 bg=+4.279) mse=7.610(obj=5.729 bg=7.660)  val nll=+4.028(obj=+3.296 bg=+4.041) mse=7.769(obj=4.394 bg=7.815)  lr=1.00e-03  tot=5.6min
02:27:59    ↳ saved (val_nll=4.0281)
02:28:59  [  6/100]  train nll=+4.207(obj=+3.767 bg=+4.219) mse=7.436(obj=5.638 bg=7.483)  val nll=+4.039(obj=+3.255 bg=+4.052) mse=8.109(obj=4.221 bg=8.159)  lr=1.00e-03  tot=6.6min
02:29:58  [  7/100]  train nll=+4.203(obj=+3.734 bg=+4.216) mse=7.442(obj=5.541 bg=7.492)  val nll=+4.091(obj=+3.309 bg=+4.105) mse=8.053(obj=4.388 bg=8.104)  lr=9.99e-04  tot=7.6min
02:31:02  [  8/100]  train nll=+4.174(obj=+3.707 bg=+4.187) mse=7.393(obj=5.521 bg=7.441)  val nll=+4.063(obj=+3.324 bg=+4.076) mse=8.009(obj=4.354 bg=8.057)  lr=9.98e-04  tot=8.7min
02:32:03  [  9/100]  train nll=+4.166(obj=+3.689 bg=+4.179) mse=7.313(obj=5.455 bg=7.362)  val nll=+4.003(obj=+3.283 bg=+4.015) mse=7.813(obj=4.368 bg=7.859)  lr=9.96e-04  tot=9.7min
02:32:03    ↳ saved (val_nll=4.0029)
02:33:08  [ 10/100]  train nll=+4.158(obj=+3.659 bg=+4.171) mse=7.366(obj=5.406 bg=7.417)  val nll=+4.083(obj=+3.345 bg=+4.097) mse=8.023(obj=4.387 bg=8.071)  lr=9.93e-04  tot=10.8min
02:34:12  [ 11/100]  train nll=+4.154(obj=+3.663 bg=+4.167) mse=7.356(obj=5.400 bg=7.407)  val nll=+4.036(obj=+3.264 bg=+4.049) mse=7.936(obj=4.360 bg=7.986)  lr=9.90e-04  tot=11.9min
02:35:13  [ 12/100]  train nll=+4.136(obj=+3.660 bg=+4.149) mse=7.288(obj=5.432 bg=7.337)  val nll=+4.008(obj=+3.242 bg=+4.020) mse=8.035(obj=4.301 bg=8.085)  lr=9.87e-04  tot=12.9min
02:36:16  [ 13/100]  train nll=+4.128(obj=+3.635 bg=+4.141) mse=7.259(obj=5.322 bg=7.309)  val nll=+4.116(obj=+3.422 bg=+4.129) mse=7.771(obj=4.516 bg=7.814)  lr=9.83e-04  tot=13.9min
02:37:19  [ 14/100]  train nll=+4.129(obj=+3.629 bg=+4.143) mse=7.273(obj=5.313 bg=7.324)  val nll=+4.083(obj=+3.346 bg=+4.097) mse=8.073(obj=4.459 bg=8.121)  lr=9.78e-04  tot=15.0min
02:38:22  [ 15/100]  train nll=+4.113(obj=+3.607 bg=+4.127) mse=7.222(obj=5.305 bg=7.272)  val nll=+4.016(obj=+3.365 bg=+4.029) mse=7.749(obj=4.575 bg=7.792)  lr=9.73e-04  tot=16.0min
02:39:37  [ 16/100]  train nll=+4.104(obj=+3.593 bg=+4.118) mse=7.179(obj=5.231 bg=7.230)  val nll=+4.156(obj=+3.372 bg=+4.169) mse=8.533(obj=4.540 bg=8.585)  lr=9.67e-04  tot=17.3min
02:40:41  [ 17/100]  train nll=+4.084(obj=+3.582 bg=+4.098) mse=7.159(obj=5.231 bg=7.209)  val nll=+4.122(obj=+3.386 bg=+4.134) mse=7.967(obj=4.482 bg=8.014)  lr=9.61e-04  tot=18.3min
02:41:48  [ 18/100]  train nll=+4.092(obj=+3.592 bg=+4.105) mse=7.150(obj=5.228 bg=7.200)  val nll=+4.031(obj=+3.296 bg=+4.044) mse=8.067(obj=4.416 bg=8.115)  lr=9.55e-04  tot=19.4min
02:42:51  [ 19/100]  train nll=+4.090(obj=+3.597 bg=+4.103) mse=7.156(obj=5.264 bg=7.205)  val nll=+3.995(obj=+3.228 bg=+4.009) mse=7.906(obj=4.294 bg=7.956)  lr=9.47e-04  tot=20.5min
02:42:51    ↳ saved (val_nll=3.9947)
02:43:54  [ 20/100]  train nll=+4.075(obj=+3.595 bg=+4.088) mse=7.112(obj=5.277 bg=7.160)  val nll=+3.945(obj=+3.199 bg=+3.958) mse=7.685(obj=4.226 bg=7.731)  lr=9.40e-04  tot=21.5min
02:43:54    ↳ saved (val_nll=3.9449)
02:44:58  [ 21/100]  train nll=+4.069(obj=+3.577 bg=+4.082) mse=7.075(obj=5.241 bg=7.123)  val nll=+3.966(obj=+3.199 bg=+3.980) mse=7.632(obj=4.180 bg=7.678)  lr=9.32e-04  tot=22.6min
02:46:02  [ 22/100]  train nll=+4.058(obj=+3.586 bg=+4.071) mse=7.054(obj=5.253 bg=7.101)  val nll=+3.902(obj=+3.168 bg=+3.915) mse=7.479(obj=4.201 bg=7.523)  lr=9.23e-04  tot=23.7min
02:46:02    ↳ saved (val_nll=3.9016)
02:47:06  [ 23/100]  train nll=+4.045(obj=+3.543 bg=+4.059) mse=7.020(obj=5.174 bg=7.069)  val nll=+3.942(obj=+3.198 bg=+3.955) mse=7.530(obj=4.215 bg=7.576)  lr=9.14e-04  tot=24.8min
02:48:08  [ 24/100]  train nll=+4.052(obj=+3.557 bg=+4.066) mse=7.050(obj=5.194 bg=7.099)  val nll=+3.898(obj=+3.164 bg=+3.911) mse=7.240(obj=4.167 bg=7.284)  lr=9.05e-04  tot=25.8min
02:48:08    ↳ saved (val_nll=3.8980)
02:49:16  [ 25/100]  train nll=+4.038(obj=+3.551 bg=+4.051) mse=7.013(obj=5.190 bg=7.060)  val nll=+3.910(obj=+3.151 bg=+3.923) mse=7.600(obj=4.171 bg=7.646)  lr=8.95e-04  tot=26.9min
02:50:25  [ 26/100]  train nll=+4.033(obj=+3.532 bg=+4.046) mse=6.992(obj=5.137 bg=7.040)  val nll=+3.963(obj=+3.244 bg=+3.977) mse=7.581(obj=4.239 bg=7.626)  lr=8.84e-04  tot=28.1min
02:51:30  [ 27/100]  train nll=+4.029(obj=+3.523 bg=+4.043) mse=6.989(obj=5.153 bg=7.037)  val nll=+3.877(obj=+3.153 bg=+3.889) mse=7.483(obj=4.213 bg=7.528)  lr=8.74e-04  tot=29.2min
02:51:30    ↳ saved (val_nll=3.8773)
02:52:37  [ 28/100]  train nll=+4.036(obj=+3.546 bg=+4.049) mse=7.015(obj=5.188 bg=7.063)  val nll=+3.940(obj=+3.120 bg=+3.955) mse=7.562(obj=4.103 bg=7.609)  lr=8.62e-04  tot=30.3min
02:54:05  [ 29/100]  train nll=+4.015(obj=+3.502 bg=+4.028) mse=6.966(obj=5.094 bg=7.015)  val nll=+3.894(obj=+3.100 bg=+3.907) mse=7.581(obj=4.055 bg=7.626)  lr=8.51e-04  tot=31.7min
02:55:29  [ 30/100]  train nll=+3.999(obj=+3.504 bg=+4.013) mse=6.927(obj=5.072 bg=6.977)  val nll=+3.988(obj=+3.239 bg=+4.001) mse=7.804(obj=4.278 bg=7.852)  lr=8.39e-04  tot=33.1min
02:56:54  [ 31/100]  train nll=+4.009(obj=+3.514 bg=+4.022) mse=6.928(obj=5.125 bg=6.976)  val nll=+3.921(obj=+3.217 bg=+3.933) mse=7.565(obj=4.216 bg=7.610)  lr=8.26e-04  tot=34.5min
02:58:18  [ 32/100]  train nll=+4.010(obj=+3.504 bg=+4.024) mse=6.959(obj=5.120 bg=7.007)  val nll=+3.925(obj=+3.139 bg=+3.937) mse=7.696(obj=4.096 bg=7.743)  lr=8.14e-04  tot=35.9min
02:59:46  [ 33/100]  train nll=+3.988(obj=+3.490 bg=+4.002) mse=6.882(obj=5.074 bg=6.929)  val nll=+3.892(obj=+3.144 bg=+3.905) mse=7.506(obj=4.153 bg=7.551)  lr=8.01e-04  tot=37.4min
03:01:14  [ 34/100]  train nll=+3.979(obj=+3.465 bg=+3.993) mse=6.869(obj=5.036 bg=6.917)  val nll=+3.932(obj=+3.204 bg=+3.944) mse=7.552(obj=4.190 bg=7.597)  lr=7.87e-04  tot=38.9min
03:02:38  [ 35/100]  train nll=+3.986(obj=+3.492 bg=+4.000) mse=6.874(obj=5.081 bg=6.922)  val nll=+3.850(obj=+3.106 bg=+3.862) mse=7.317(obj=4.148 bg=7.360)  lr=7.74e-04  tot=40.3min
03:02:38    ↳ saved (val_nll=3.8498)
03:04:06  [ 36/100]  train nll=+3.980(obj=+3.480 bg=+3.993) mse=6.884(obj=5.085 bg=6.931)  val nll=+4.064(obj=+3.308 bg=+4.077) mse=7.681(obj=4.409 bg=7.725)  lr=7.60e-04  tot=41.8min
03:05:32  [ 37/100]  train nll=+3.960(obj=+3.459 bg=+3.973) mse=6.790(obj=5.007 bg=6.837)  val nll=+3.930(obj=+3.227 bg=+3.941) mse=7.403(obj=4.282 bg=7.446)  lr=7.45e-04  tot=43.2min
03:06:50  [ 38/100]  train nll=+3.969(obj=+3.471 bg=+3.983) mse=6.853(obj=5.045 bg=6.899)  val nll=+3.857(obj=+3.089 bg=+3.869) mse=7.343(obj=4.087 bg=7.388)  lr=7.31e-04  tot=44.5min
03:08:13  [ 39/100]  train nll=+3.956(obj=+3.469 bg=+3.969) mse=6.811(obj=5.047 bg=6.858)  val nll=+3.861(obj=+3.090 bg=+3.874) mse=7.519(obj=4.113 bg=7.565)  lr=7.16e-04  tot=45.9min
03:09:34  [ 40/100]  train nll=+3.956(obj=+3.449 bg=+3.969) mse=6.799(obj=5.002 bg=6.846)  val nll=+3.811(obj=+3.130 bg=+3.824) mse=7.224(obj=4.166 bg=7.266)  lr=7.01e-04  tot=47.2min
03:09:34    ↳ saved (val_nll=3.8110)
03:10:57  [ 41/100]  train nll=+3.947(obj=+3.451 bg=+3.960) mse=6.791(obj=5.025 bg=6.837)  val nll=+3.829(obj=+3.047 bg=+3.841) mse=7.369(obj=4.030 bg=7.414)  lr=6.86e-04  tot=48.6min
03:12:15  [ 42/100]  train nll=+3.945(obj=+3.423 bg=+3.959) mse=6.783(obj=4.962 bg=6.830)  val nll=+3.914(obj=+3.144 bg=+3.927) mse=7.436(obj=4.173 bg=7.480)  lr=6.70e-04  tot=49.9min
03:13:30  [ 43/100]  train nll=+3.937(obj=+3.442 bg=+3.950) mse=6.786(obj=4.990 bg=6.833)  val nll=+3.842(obj=+3.104 bg=+3.853) mse=7.489(obj=4.149 bg=7.533)  lr=6.55e-04  tot=51.2min
03:14:46  [ 44/100]  train nll=+3.934(obj=+3.440 bg=+3.947) mse=6.759(obj=5.016 bg=6.805)  val nll=+3.918(obj=+3.174 bg=+3.930) mse=7.438(obj=4.128 bg=7.482)  lr=6.39e-04  tot=52.4min
03:16:04  [ 45/100]  train nll=+3.922(obj=+3.415 bg=+3.935) mse=6.735(obj=4.969 bg=6.781)  val nll=+3.783(obj=+3.046 bg=+3.796) mse=7.067(obj=4.000 bg=7.108)  lr=6.23e-04  tot=53.7min
03:16:04    ↳ saved (val_nll=3.7833)
03:17:18  [ 46/100]  train nll=+3.920(obj=+3.420 bg=+3.934) mse=6.691(obj=4.993 bg=6.736)  val nll=+3.873(obj=+3.184 bg=+3.885) mse=7.367(obj=4.290 bg=7.409)  lr=6.07e-04  tot=54.9min
03:18:31  [ 47/100]  train nll=+3.906(obj=+3.401 bg=+3.920) mse=6.686(obj=4.932 bg=6.732)  val nll=+3.855(obj=+3.108 bg=+3.867) mse=7.470(obj=4.048 bg=7.515)  lr=5.91e-04  tot=56.2min
03:19:43  [ 48/100]  train nll=+3.900(obj=+3.382 bg=+3.913) mse=6.665(obj=4.890 bg=6.711)  val nll=+3.842(obj=+3.040 bg=+3.855) mse=7.359(obj=3.972 bg=7.404)  lr=5.75e-04  tot=57.4min
03:21:00  [ 49/100]  train nll=+3.898(obj=+3.382 bg=+3.912) mse=6.674(obj=4.885 bg=6.721)  val nll=+4.008(obj=+3.242 bg=+4.020) mse=7.579(obj=4.177 bg=7.624)  lr=5.58e-04  tot=58.7min
03:22:11  [ 50/100]  train nll=+3.897(obj=+3.395 bg=+3.910) mse=6.665(obj=4.917 bg=6.711)  val nll=+3.831(obj=+3.116 bg=+3.844) mse=7.272(obj=4.102 bg=7.315)  lr=5.42e-04  tot=59.8min
03:23:23  [ 51/100]  train nll=+3.882(obj=+3.390 bg=+3.896) mse=6.601(obj=4.918 bg=6.645)  val nll=+3.793(obj=+3.072 bg=+3.805) mse=7.122(obj=4.037 bg=7.163)  lr=5.25e-04  tot=61.0min
03:24:35  [ 52/100]  train nll=+3.887(obj=+3.400 bg=+3.900) mse=6.640(obj=4.941 bg=6.685)  val nll=+3.835(obj=+3.128 bg=+3.847) mse=7.345(obj=4.162 bg=7.388)  lr=5.09e-04  tot=62.2min
03:25:53  [ 53/100]  train nll=+3.869(obj=+3.368 bg=+3.882) mse=6.599(obj=4.885 bg=6.643)  val nll=+3.812(obj=+3.039 bg=+3.825) mse=7.227(obj=3.979 bg=7.271)  lr=4.92e-04  tot=63.5min
03:27:10  [ 54/100]  train nll=+3.873(obj=+3.381 bg=+3.886) mse=6.587(obj=4.908 bg=6.631)  val nll=+3.792(obj=+3.062 bg=+3.804) mse=7.167(obj=3.998 bg=7.209)  lr=4.76e-04  tot=64.8min
03:28:22  [ 55/100]  train nll=+3.869(obj=+3.372 bg=+3.883) mse=6.576(obj=4.885 bg=6.620)  val nll=+3.963(obj=+3.250 bg=+3.975) mse=7.578(obj=4.198 bg=7.622)  lr=4.59e-04  tot=66.0min
03:29:35  [ 56/100]  train nll=+3.865(obj=+3.366 bg=+3.879) mse=6.584(obj=4.926 bg=6.628)  val nll=+3.776(obj=+3.005 bg=+3.789) mse=7.127(obj=3.940 bg=7.168)  lr=4.43e-04  tot=67.2min
03:29:36    ↳ saved (val_nll=3.7760)
03:30:51  [ 57/100]  train nll=+3.859(obj=+3.361 bg=+3.872) mse=6.569(obj=4.908 bg=6.612)  val nll=+3.823(obj=+3.061 bg=+3.836) mse=7.234(obj=4.090 bg=7.276)  lr=4.26e-04  tot=68.5min
03:32:04  [ 58/100]  train nll=+3.860(obj=+3.365 bg=+3.874) mse=6.589(obj=4.891 bg=6.634)  val nll=+3.805(obj=+3.076 bg=+3.818) mse=7.310(obj=4.106 bg=7.354)  lr=4.10e-04  tot=69.7min
03:33:05  [ 59/100]  train nll=+3.843(obj=+3.353 bg=+3.857) mse=6.528(obj=4.874 bg=6.572)  val nll=+3.814(obj=+3.034 bg=+3.827) mse=7.323(obj=4.001 bg=7.369)  lr=3.94e-04  tot=70.7min
03:34:19  [ 60/100]  train nll=+3.845(obj=+3.358 bg=+3.858) mse=6.534(obj=4.885 bg=6.576)  val nll=+3.804(obj=+3.066 bg=+3.817) mse=7.242(obj=4.047 bg=7.284)  lr=3.78e-04  tot=72.0min
03:35:36  [ 61/100]  train nll=+3.840(obj=+3.346 bg=+3.853) mse=6.537(obj=4.867 bg=6.581)  val nll=+3.799(obj=+3.053 bg=+3.812) mse=7.212(obj=4.065 bg=7.255)  lr=3.62e-04  tot=73.3min
03:36:52  [ 62/100]  train nll=+3.835(obj=+3.347 bg=+3.848) mse=6.531(obj=4.878 bg=6.574)  val nll=+3.740(obj=+3.017 bg=+3.753) mse=7.078(obj=4.075 bg=7.118)  lr=3.46e-04  tot=74.5min
03:36:52    ↳ saved (val_nll=3.7403)
03:38:06  [ 63/100]  train nll=+3.826(obj=+3.347 bg=+3.839) mse=6.509(obj=4.895 bg=6.552)  val nll=+3.774(obj=+2.993 bg=+3.787) mse=7.145(obj=3.958 bg=7.188)  lr=3.31e-04  tot=75.8min
03:39:20  [ 64/100]  train nll=+3.819(obj=+3.326 bg=+3.833) mse=6.490(obj=4.822 bg=6.534)  val nll=+3.715(obj=+2.994 bg=+3.728) mse=6.951(obj=3.985 bg=6.991)  lr=3.15e-04  tot=77.0min
03:39:20    ↳ saved (val_nll=3.7151)
03:40:32  [ 65/100]  train nll=+3.810(obj=+3.322 bg=+3.823) mse=6.452(obj=4.814 bg=6.496)  val nll=+3.734(obj=+3.021 bg=+3.746) mse=7.065(obj=3.991 bg=7.106)  lr=3.00e-04  tot=78.2min
03:41:47  [ 66/100]  train nll=+3.806(obj=+3.319 bg=+3.819) mse=6.454(obj=4.835 bg=6.496)  val nll=+3.754(obj=+2.967 bg=+3.767) mse=6.993(obj=3.869 bg=7.035)  lr=2.85e-04  tot=79.4min
03:42:56  [ 67/100]  train nll=+3.808(obj=+3.318 bg=+3.821) mse=6.499(obj=4.830 bg=6.543)  val nll=+3.762(obj=+3.031 bg=+3.775) mse=7.222(obj=4.025 bg=7.264)  lr=2.70e-04  tot=80.6min
03:44:13  [ 68/100]  train nll=+3.809(obj=+3.326 bg=+3.822) mse=6.460(obj=4.847 bg=6.503)  val nll=+3.725(obj=+3.020 bg=+3.738) mse=6.939(obj=3.986 bg=6.980)  lr=2.56e-04  tot=81.9min
03:45:26  [ 69/100]  train nll=+3.792(obj=+3.314 bg=+3.805) mse=6.426(obj=4.823 bg=6.468)  val nll=+3.742(obj=+3.005 bg=+3.755) mse=7.201(obj=3.958 bg=7.243)  lr=2.41e-04  tot=83.1min
03:46:38  [ 70/100]  train nll=+3.792(obj=+3.304 bg=+3.805) mse=6.454(obj=4.834 bg=6.496)  val nll=+3.691(obj=+2.946 bg=+3.705) mse=7.002(obj=3.818 bg=7.045)  lr=2.27e-04  tot=84.3min
03:46:38    ↳ saved (val_nll=3.6910)
03:47:56  [ 71/100]  train nll=+3.788(obj=+3.293 bg=+3.802) mse=6.443(obj=4.788 bg=6.486)  val nll=+3.748(obj=+2.992 bg=+3.761) mse=7.147(obj=3.928 bg=7.189)  lr=2.14e-04  tot=85.6min
03:49:11  [ 72/100]  train nll=+3.776(obj=+3.301 bg=+3.789) mse=6.395(obj=4.794 bg=6.438)  val nll=+3.750(obj=+2.995 bg=+3.764) mse=7.199(obj=3.936 bg=7.243)  lr=2.00e-04  tot=86.8min
03:50:24  [ 73/100]  train nll=+3.769(obj=+3.299 bg=+3.781) mse=6.368(obj=4.828 bg=6.408)  val nll=+3.759(obj=+2.992 bg=+3.772) mse=7.189(obj=3.927 bg=7.231)  lr=1.87e-04  tot=88.1min
03:51:44  [ 74/100]  train nll=+3.767(obj=+3.269 bg=+3.781) mse=6.372(obj=4.755 bg=6.415)  val nll=+3.736(obj=+2.982 bg=+3.749) mse=7.120(obj=3.954 bg=7.163)  lr=1.75e-04  tot=89.4min
03:52:56  [ 75/100]  train nll=+3.763(obj=+3.272 bg=+3.776) mse=6.369(obj=4.759 bg=6.411)  val nll=+3.742(obj=+2.980 bg=+3.755) mse=7.140(obj=3.929 bg=7.182)  lr=1.62e-04  tot=90.6min
03:54:13  [ 76/100]  train nll=+3.759(obj=+3.267 bg=+3.772) mse=6.363(obj=4.728 bg=6.407)  val nll=+3.693(obj=+2.952 bg=+3.707) mse=6.978(obj=3.859 bg=7.022)  lr=1.50e-04  tot=91.9min
03:55:30  [ 77/100]  train nll=+3.747(obj=+3.227 bg=+3.761) mse=6.331(obj=4.663 bg=6.375)  val nll=+3.720(obj=+2.952 bg=+3.733) mse=7.000(obj=3.857 bg=7.042)  lr=1.39e-04  tot=93.2min
03:56:47  [ 78/100]  train nll=+3.746(obj=+3.264 bg=+3.759) mse=6.338(obj=4.754 bg=6.381)  val nll=+3.737(obj=+2.954 bg=+3.750) mse=7.149(obj=3.877 bg=7.194)  lr=1.27e-04  tot=94.4min
03:58:04  [ 79/100]  train nll=+3.749(obj=+3.254 bg=+3.762) mse=6.325(obj=4.713 bg=6.368)  val nll=+3.743(obj=+3.017 bg=+3.755) mse=6.952(obj=3.942 bg=6.992)  lr=1.17e-04  tot=95.7min
03:59:16  [ 80/100]  train nll=+3.732(obj=+3.240 bg=+3.745) mse=6.254(obj=4.682 bg=6.295)  val nll=+3.696(obj=+2.957 bg=+3.709) mse=6.966(obj=3.887 bg=7.007)  lr=1.06e-04  tot=96.9min
04:00:32  [ 81/100]  train nll=+3.724(obj=+3.218 bg=+3.738) mse=6.276(obj=4.617 bg=6.320)  val nll=+3.747(obj=+2.920 bg=+3.761) mse=7.053(obj=3.864 bg=7.096)  lr=9.64e-05  tot=98.2min
04:01:49  [ 82/100]  train nll=+3.723(obj=+3.218 bg=+3.736) mse=6.259(obj=4.620 bg=6.302)  val nll=+3.766(obj=+3.012 bg=+3.778) mse=7.062(obj=3.950 bg=7.103)  lr=8.69e-05  tot=99.5min
04:03:04  [ 83/100]  train nll=+3.720(obj=+3.203 bg=+3.734) mse=6.250(obj=4.613 bg=6.294)  val nll=+3.712(obj=+2.968 bg=+3.725) mse=7.014(obj=3.948 bg=7.055)  lr=7.79e-05  tot=100.7min
04:04:14  [ 84/100]  train nll=+3.721(obj=+3.213 bg=+3.734) mse=6.249(obj=4.598 bg=6.292)  val nll=+3.725(obj=+2.903 bg=+3.739) mse=6.959(obj=3.857 bg=7.001)  lr=6.93e-05  tot=101.9min
04:05:28  [ 85/100]  train nll=+3.717(obj=+3.207 bg=+3.731) mse=6.266(obj=4.570 bg=6.310)  val nll=+3.710(obj=+2.923 bg=+3.723) mse=7.047(obj=3.819 bg=7.089)  lr=6.12e-05  tot=103.1min
04:06:44  [ 86/100]  train nll=+3.707(obj=+3.180 bg=+3.721) mse=6.230(obj=4.541 bg=6.274)  val nll=+3.699(obj=+2.944 bg=+3.712) mse=6.969(obj=3.844 bg=7.009)  lr=5.36e-05  tot=104.4min
04:07:58  [ 87/100]  train nll=+3.704(obj=+3.184 bg=+3.717) mse=6.221(obj=4.538 bg=6.265)  val nll=+3.704(obj=+2.988 bg=+3.716) mse=6.934(obj=3.926 bg=6.974)  lr=4.65e-05  tot=105.6min
04:09:07  [ 88/100]  train nll=+3.698(obj=+3.186 bg=+3.712) mse=6.208(obj=4.542 bg=6.252)  val nll=+3.722(obj=+2.907 bg=+3.736) mse=6.946(obj=3.767 bg=6.988)  lr=3.98e-05  tot=106.8min
04:10:17  [ 89/100]  train nll=+3.703(obj=+3.184 bg=+3.717) mse=6.206(obj=4.520 bg=6.250)  val nll=+3.748(obj=+2.974 bg=+3.761) mse=7.079(obj=3.920 bg=7.120)  lr=3.37e-05  tot=107.9min
04:11:31  [ 90/100]  train nll=+3.694(obj=+3.180 bg=+3.708) mse=6.175(obj=4.502 bg=6.218)  val nll=+3.680(obj=+2.904 bg=+3.694) mse=6.910(obj=3.816 bg=6.952)  lr=2.81e-05  tot=109.2min
04:11:31    ↳ saved (val_nll=3.6803)
04:12:45  [ 91/100]  train nll=+3.695(obj=+3.191 bg=+3.709) mse=6.172(obj=4.496 bg=6.216)  val nll=+3.669(obj=+2.941 bg=+3.681) mse=6.826(obj=3.871 bg=6.867)  lr=2.30e-05  tot=110.4min
04:12:45    ↳ saved (val_nll=3.6688)
04:14:01  [ 92/100]  train nll=+3.692(obj=+3.174 bg=+3.705) mse=6.191(obj=4.488 bg=6.236)  val nll=+3.684(obj=+2.955 bg=+3.697) mse=6.921(obj=3.895 bg=6.962)  lr=1.84e-05  tot=111.7min
04:15:06  [ 93/100]  train nll=+3.697(obj=+3.183 bg=+3.711) mse=6.228(obj=4.515 bg=6.273)  val nll=+3.677(obj=+2.935 bg=+3.690) mse=6.780(obj=3.787 bg=6.821)  lr=1.43e-05  tot=112.8min
04:16:21  [ 94/100]  train nll=+3.676(obj=+3.154 bg=+3.690) mse=6.142(obj=4.432 bg=6.187)  val nll=+3.702(obj=+2.904 bg=+3.716) mse=6.821(obj=3.767 bg=6.863)  lr=1.08e-05  tot=114.0min
04:17:34  [ 95/100]  train nll=+3.682(obj=+3.162 bg=+3.696) mse=6.170(obj=4.453 bg=6.215)  val nll=+3.718(obj=+2.912 bg=+3.732) mse=7.050(obj=3.817 bg=7.094)  lr=7.81e-06  tot=115.2min
04:18:47  [ 96/100]  train nll=+3.680(obj=+3.143 bg=+3.694) mse=6.151(obj=4.424 bg=6.196)  val nll=+3.678(obj=+2.896 bg=+3.691) mse=6.792(obj=3.786 bg=6.835)  lr=5.36e-06  tot=116.4min
04:20:04  [ 97/100]  train nll=+3.685(obj=+3.161 bg=+3.698) mse=6.164(obj=4.450 bg=6.209)  val nll=+3.712(obj=+2.921 bg=+3.725) mse=7.034(obj=3.865 bg=7.076)  lr=3.46e-06  tot=117.7min
04:21:16  [ 98/100]  train nll=+3.685(obj=+3.158 bg=+3.699) mse=6.191(obj=4.456 bg=6.237)  val nll=+3.702(obj=+2.908 bg=+3.715) mse=6.897(obj=3.778 bg=6.939)  lr=2.09e-06  tot=118.9min
04:22:30  [ 99/100]  train nll=+3.672(obj=+3.143 bg=+3.686) mse=6.141(obj=4.404 bg=6.187)  val nll=+3.690(obj=+2.917 bg=+3.704) mse=6.753(obj=3.786 bg=6.795)  lr=1.27e-06  tot=120.2min
04:23:42  [100/100]  train nll=+3.678(obj=+3.170 bg=+3.692) mse=6.147(obj=4.487 bg=6.191)  val nll=+3.715(obj=+2.920 bg=+3.729) mse=7.034(obj=3.853 bg=7.078)  lr=1.00e-06  tot=121.3min
04:23:42  Best val NLL: 3.6688  |  time: 121.3min
04:23:47  Report → experiments/ns_ps_v2/report.html  err 3.39→3.09px (8.8% imp)
