ClearML Task: created new task id=46d00f23570249a38e4107d9dae36b00
ClearML results page: http://192.168.1.5:18080/projects/08d9e4b8a1334ad7ba45150d8a16b97e/experiments/46d00f23570249a38e4107d9dae36b00/output/log
<unknown>:83: SyntaxWarning:

invalid escape sequence '\s'

21:00:55  loading cache /dev/shm/pandaset_v3_full (V3 full-image)
21:00:55    perturbation: ±0.5 deg / ±0.2 m   crop_px=[128, 384] (full-image px → 64)
21:00:56  train cache loaded: 84480 instances
2026-04-30 21:00:56,182 - clearml.model - WARNING - Connecting multiple input models with the same name: `meta`. This might result in the wrong model being used when executing remotely
21:00:56  val cache loaded: 14400 instances
21:00:56  object-level split: train=88992 val=9888 (seed=42)
21:00:56  params: 0.98M
ClearML Monitor: Could not detect iteration reporting, falling back to iterations as seconds-from-start
21:05:38  [  1/100]  train nll=+3.711(obj=+4.087 bg=+3.525) mse=5.10(obj=6.12/m5.14/95p14.1 bg=4.60/m3.99/95p10.1)  val nll=+3.649(obj=+4.000 bg=+3.476) mse=5.09(obj=6.11/m5.08/95p14.4 bg=4.58/m3.96/95p10.0)  lr=4.00e-04  tot=4.7min
21:05:38    ↳ saved (val_nll=3.6495)
21:07:20  [  2/100]  train nll=+3.648(obj=+3.998 bg=+3.476) mse=5.07(obj=6.06/m5.10/95p14.0 bg=4.59/m3.99/95p10.1)  val nll=+3.639(obj=+4.029 bg=+3.449) mse=5.06(obj=6.10/m5.09/95p14.3 bg=4.55/m3.92/95p10.1)  lr=6.00e-04  tot=6.4min
21:07:20    ↳ saved (val_nll=3.6387)
21:09:04  [  3/100]  train nll=+3.625(obj=+3.967 bg=+3.457) mse=5.05(obj=6.02/m5.07/95p13.9 bg=4.57/m3.97/95p10.1)  val nll=+3.637(obj=+3.989 bg=+3.470) mse=5.11(obj=6.08/m5.13/95p14.1 bg=4.64/m4.06/95p10.1)  lr=8.00e-04  tot=8.1min
21:09:05    ↳ saved (val_nll=3.6372)
21:10:46  [  4/100]  train nll=+3.615(obj=+3.953 bg=+3.451) mse=5.04(obj=5.99/m5.06/95p13.8 bg=4.58/m3.99/95p10.0)  val nll=+3.623(obj=+3.973 bg=+3.448) mse=5.02(obj=6.04/m5.07/95p13.9 bg=4.52/m3.94/95p9.9)  lr=1.00e-03  tot=9.8min
21:10:47    ↳ saved (val_nll=3.6226)
21:12:29  [  5/100]  train nll=+3.595(obj=+3.938 bg=+3.428) mse=4.99(obj=5.95/m5.06/95p13.6 bg=4.52/m3.95/95p9.9)  val nll=+3.552(obj=+3.867 bg=+3.400) mse=4.92(obj=5.82/m4.89/95p13.3 bg=4.49/m3.91/95p9.8)  lr=1.00e-03  tot=11.5min
21:12:29    ↳ saved (val_nll=3.5522)
21:14:09  [  6/100]  train nll=+3.552(obj=+3.876 bg=+3.392) mse=4.90(obj=5.80/m5.00/95p12.9 bg=4.46/m3.90/95p9.7)  val nll=+3.535(obj=+3.839 bg=+3.386) mse=4.88(obj=5.72/m5.02/95p12.5 bg=4.47/m3.94/95p9.7)  lr=1.00e-03  tot=13.2min
21:14:10    ↳ saved (val_nll=3.5354)
21:15:52  [  7/100]  train nll=+3.497(obj=+3.803 bg=+3.346) mse=4.76(obj=5.57/m4.85/95p12.2 bg=4.36/m3.84/95p9.4)  val nll=+3.584(obj=+3.842 bg=+3.458) mse=4.82(obj=5.49/m4.87/95p11.9 bg=4.49/m4.03/95p9.6)  lr=9.99e-04  tot=14.9min
21:17:32  [  8/100]  train nll=+3.449(obj=+3.743 bg=+3.304) mse=4.63(obj=5.38/m4.72/95p11.7 bg=4.26/m3.76/95p9.1)  val nll=+3.437(obj=+3.698 bg=+3.310) mse=4.59(obj=5.24/m4.63/95p11.2 bg=4.27/m3.78/95p9.1)  lr=9.98e-04  tot=16.6min
21:17:32    ↳ saved (val_nll=3.4368)
21:19:12  [  9/100]  train nll=+3.404(obj=+3.691 bg=+3.263) mse=4.53(obj=5.25/m4.63/95p11.4 bg=4.18/m3.69/95p9.0)  val nll=+3.397(obj=+3.672 bg=+3.260) mse=4.51(obj=5.19/m4.48/95p11.5 bg=4.17/m3.65/95p9.0)  lr=9.96e-04  tot=18.3min
21:19:12    ↳ saved (val_nll=3.3967)
21:20:52  [ 10/100]  train nll=+3.386(obj=+3.669 bg=+3.247) mse=4.50(obj=5.20/m4.56/95p11.3 bg=4.15/m3.66/95p8.9)  val nll=+3.314(obj=+3.593 bg=+3.176) mse=4.34(obj=5.01/m4.34/95p10.9 bg=4.01/m3.55/95p8.5)  lr=9.93e-04  tot=19.9min
21:20:52    ↳ saved (val_nll=3.3141)
21:22:34  [ 11/100]  train nll=+3.352(obj=+3.631 bg=+3.214) mse=4.43(obj=5.10/m4.49/95p11.1 bg=4.09/m3.61/95p8.8)  val nll=+3.403(obj=+3.665 bg=+3.276) mse=4.49(obj=5.17/m4.57/95p11.1 bg=4.15/m3.72/95p8.7)  lr=9.90e-04  tot=21.6min
21:24:13  [ 12/100]  train nll=+3.332(obj=+3.606 bg=+3.197) mse=4.40(obj=5.06/m4.43/95p11.0 bg=4.07/m3.58/95p8.8)  val nll=+3.347(obj=+3.623 bg=+3.211) mse=4.37(obj=5.05/m4.43/95p11.1 bg=4.05/m3.56/95p8.7)  lr=9.87e-04  tot=23.3min
21:25:54  [ 13/100]  train nll=+3.299(obj=+3.573 bg=+3.164) mse=4.33(obj=4.99/m4.37/95p10.9 bg=4.01/m3.54/95p8.6)  val nll=+3.228(obj=+3.502 bg=+3.092) mse=4.22(obj=4.86/m4.22/95p10.4 bg=3.91/m3.40/95p8.6)  lr=9.83e-04  tot=25.0min
21:25:55    ↳ saved (val_nll=3.2282)
21:27:36  [ 14/100]  train nll=+3.278(obj=+3.543 bg=+3.148) mse=4.30(obj=4.92/m4.31/95p10.7 bg=3.99/m3.51/95p8.6)  val nll=+3.226(obj=+3.524 bg=+3.079) mse=4.27(obj=4.97/m4.32/95p10.9 bg=3.93/m3.46/95p8.4)  lr=9.78e-04  tot=26.7min
21:27:36    ↳ saved (val_nll=3.2262)
21:29:17  [ 15/100]  train nll=+3.269(obj=+3.537 bg=+3.137) mse=4.28(obj=4.91/m4.30/95p10.8 bg=3.97/m3.48/95p8.6)  val nll=+3.297(obj=+3.593 bg=+3.150) mse=4.35(obj=5.07/m4.39/95p11.6 bg=4.00/m3.49/95p8.8)  lr=9.73e-04  tot=28.3min
21:30:59  [ 16/100]  train nll=+3.245(obj=+3.505 bg=+3.117) mse=4.24(obj=4.85/m4.25/95p10.6 bg=3.95/m3.47/95p8.5)  val nll=+3.184(obj=+3.441 bg=+3.060) mse=4.15(obj=4.77/m4.19/95p10.5 bg=3.85/m3.39/95p8.2)  lr=9.67e-04  tot=30.0min
21:30:59    ↳ saved (val_nll=3.1843)
