20:44:18  loading cache /mnt/nvme6t/e2e_calib_cache/waymo_v3_full (V3 full-image)
20:44:18    perturbation: ±1.0 deg / ±0.2 m   crop_px=[128, 384] (full-image px → 256)
20:44:18  train cache loaded: 5052 instances
20:44:18  val cache loaded: 888 instances
20:44:18  object-level split: train=5346 val=594 (seed=42)
20:44:18  params: 1.62M
20:44:24  vis_pretrain → experiments/v702_waymo_100ep_cubo/vis_pretrain
20:45:02  [  1/100]  train nll=+4.683(obj=+4.999 bg=+4.604) mse=7.50(obj=8.55/m7.45/95p19.0 bg=7.25/m6.45/95p15.3)  val nll=+4.427(obj=+4.757 bg=+4.345) mse=6.76(obj=8.20/m6.90/95p17.8 bg=6.42/m5.61/95p13.9)  lr=4.00e-04  tot=0.7min
20:45:02    ↳ saved (val_nll=4.4270)
20:45:37  [  2/100]  train nll=+4.897(obj=+5.255 bg=+4.812) mse=7.98(obj=9.02/m7.89/95p19.7 bg=7.71/m6.94/95p16.1)  val nll=+5.528(obj=+5.888 bg=+5.441) mse=10.31(obj=11.07/m10.30/95p21.2 bg=10.11/m9.85/95p17.5)  lr=6.00e-04  tot=1.3min
20:46:10  [  3/100]  train nll=+4.789(obj=+5.065 bg=+4.718) mse=7.83(obj=8.85/m7.89/95p19.0 bg=7.58/m6.86/95p15.6)  val nll=+4.691(obj=+5.311 bg=+4.529) mse=6.63(obj=7.69/m6.55/95p17.5 bg=6.35/m5.79/95p13.7)  lr=8.00e-04  tot=1.9min
20:46:44  [  4/100]  train nll=+5.007(obj=+5.295 bg=+4.937) mse=8.34(obj=9.29/m8.24/95p20.2 bg=8.10/m7.23/95p17.1)  val nll=+4.665(obj=+5.045 bg=+4.572) mse=7.52(obj=8.60/m7.66/95p18.7 bg=7.21/m6.54/95p14.9)  lr=1.00e-03  tot=2.4min
20:47:21  [  5/100]  train nll=+4.853(obj=+5.153 bg=+4.782) mse=8.02(obj=8.99/m8.00/95p19.1 bg=7.79/m6.98/95p16.3)  val nll=+5.522(obj=+5.605 bg=+5.493) mse=8.64(obj=9.04/m8.28/95p18.2 bg=8.54/m8.19/95p15.9)  lr=1.00e-03  tot=3.0min
20:47:56  [  6/100]  train nll=+4.516(obj=+4.830 bg=+4.444) mse=7.13(obj=8.12/m7.12/95p17.8 bg=6.88/m6.20/95p14.4)  val nll=+4.329(obj=+4.807 bg=+4.211) mse=6.64(obj=8.30/m7.28/95p17.3 bg=6.26/m5.59/95p13.8)  lr=1.00e-03  tot=3.6min
20:47:56    ↳ saved (val_nll=4.3289)
20:48:31  [  7/100]  train nll=+4.520(obj=+4.832 bg=+4.442) mse=7.12(obj=8.15/m7.06/95p17.9 bg=6.86/m6.18/95p14.5)  val nll=+4.417(obj=+4.629 bg=+4.368) mse=6.61(obj=7.68/m6.74/95p16.7 bg=6.33/m5.47/95p13.8)  lr=9.99e-04  tot=4.2min
20:49:07  [  8/100]  train nll=+4.427(obj=+4.726 bg=+4.357) mse=6.96(obj=8.00/m7.14/95p17.5 bg=6.71/m6.00/95p14.3)  val nll=+4.572(obj=+4.962 bg=+4.480) mse=7.70(obj=8.89/m8.06/95p18.8 bg=7.42/m6.81/95p14.8)  lr=9.98e-04  tot=4.8min
20:49:41  [  9/100]  train nll=+4.466(obj=+4.794 bg=+4.383) mse=6.81(obj=7.78/m6.74/95p17.2 bg=6.56/m5.92/95p13.8)  val nll=+4.466(obj=+4.529 bg=+4.442) mse=7.07(obj=7.36/m6.79/95p14.4 bg=6.97/m6.39/95p14.4)  lr=9.96e-04  tot=5.4min
20:50:15  [ 10/100]  train nll=+4.381(obj=+4.667 bg=+4.316) mse=6.70(obj=7.53/m6.73/95p16.2 bg=6.50/m5.86/95p13.6)  val nll=+4.131(obj=+4.422 bg=+4.086) mse=6.18(obj=7.00/m6.22/95p14.2 bg=5.99/m5.44/95p12.8)  lr=9.93e-04  tot=5.9min
20:50:15    ↳ saved (val_nll=4.1307)
20:50:17  vis_ep010: saved 10 → experiments/v702_waymo_100ep_cubo/vis_ep010
20:50:51  [ 11/100]  train nll=+4.362(obj=+4.672 bg=+4.293) mse=6.70(obj=7.62/m6.75/95p16.1 bg=6.48/m5.83/95p13.6)  val nll=+4.765(obj=+4.990 bg=+4.719) mse=7.62(obj=8.51/m7.72/95p16.9 bg=7.38/m6.97/95p13.5)  lr=9.90e-04  tot=6.5min
20:51:24  [ 12/100]  train nll=+4.256(obj=+4.529 bg=+4.191) mse=6.48(obj=7.29/m6.41/95p15.7 bg=6.28/m5.63/95p13.1)  val nll=+4.046(obj=+4.446 bg=+3.959) mse=6.01(obj=7.22/m6.20/95p16.2 bg=5.73/m5.02/95p12.2)  lr=9.87e-04  tot=7.1min
20:51:24    ↳ saved (val_nll=4.0455)
20:51:59  [ 13/100]  train nll=+4.237(obj=+4.502 bg=+4.173) mse=6.46(obj=7.32/m6.57/95p15.6 bg=6.25/m5.68/95p12.9)  val nll=+3.967(obj=+4.177 bg=+3.914) mse=5.83(obj=6.49/m5.69/95p13.8 bg=5.67/m5.06/95p12.2)  lr=9.83e-04  tot=7.7min
20:51:59    ↳ saved (val_nll=3.9669)
20:52:31  [ 14/100]  train nll=+4.196(obj=+4.481 bg=+4.127) mse=6.36(obj=7.22/m6.30/95p15.6 bg=6.16/m5.58/95p12.8)  val nll=+4.795(obj=+4.806 bg=+4.791) mse=8.21(obj=8.43/m7.55/95p17.1 bg=8.14/m7.58/95p15.5)  lr=9.78e-04  tot=8.2min
20:53:06  [ 15/100]  train nll=+4.182(obj=+4.450 bg=+4.119) mse=6.29(obj=7.06/m6.30/95p15.2 bg=6.09/m5.49/95p12.7)  val nll=+4.257(obj=+4.521 bg=+4.195) mse=6.39(obj=7.19/m6.73/95p13.2 bg=6.19/m5.54/95p12.4)  lr=9.73e-04  tot=8.8min
20:53:40  [ 16/100]  train nll=+4.104(obj=+4.334 bg=+4.049) mse=6.11(obj=6.84/m6.08/95p14.6 bg=5.93/m5.39/95p12.3)  val nll=+3.964(obj=+4.191 bg=+3.912) mse=5.83(obj=6.57/m5.87/95p14.3 bg=5.65/m4.99/95p12.0)  lr=9.67e-04  tot=9.4min
20:53:40    ↳ saved (val_nll=3.9641)
20:54:14  [ 17/100]  train nll=+4.164(obj=+4.418 bg=+4.101) mse=6.21(obj=6.97/m6.35/95p14.5 bg=6.02/m5.55/95p12.3)  val nll=+4.001(obj=+4.151 bg=+3.967) mse=5.89(obj=6.31/m5.91/95p12.8 bg=5.77/m5.13/95p12.2)  lr=9.61e-04  tot=9.9min
20:54:49  [ 18/100]  train nll=+4.110(obj=+4.323 bg=+4.059) mse=6.08(obj=6.76/m6.11/95p13.9 bg=5.91/m5.33/95p12.1)  val nll=+3.845(obj=+4.100 bg=+3.787) mse=5.41(obj=6.25/m5.50/95p13.9 bg=5.21/m4.69/95p10.8)  lr=9.55e-04  tot=10.5min
20:54:49    ↳ saved (val_nll=3.8451)
20:55:23  [ 19/100]  train nll=+4.106(obj=+4.338 bg=+4.050) mse=6.09(obj=6.80/m6.10/95p14.3 bg=5.92/m5.39/95p12.1)  val nll=+4.052(obj=+4.283 bg=+3.996) mse=6.04(obj=6.82/m6.46/95p13.2 bg=5.86/m5.61/95p11.0)  lr=9.47e-04  tot=11.1min
20:55:59  [ 20/100]  train nll=+4.081(obj=+4.319 bg=+4.022) mse=5.99(obj=6.67/m6.07/95p13.8 bg=5.82/m5.31/95p11.9)  val nll=+3.878(obj=+4.203 bg=+3.812) mse=5.38(obj=6.05/m5.55/95p12.0 bg=5.21/m4.68/95p10.9)  lr=9.40e-04  tot=11.7min
20:56:00  vis_ep020: saved 10 → experiments/v702_waymo_100ep_cubo/vis_ep020
20:56:35  [ 21/100]  train nll=+4.022(obj=+4.240 bg=+3.968) mse=5.82(obj=6.42/m5.77/95p13.4 bg=5.67/m5.16/95p11.8)  val nll=+4.121(obj=+4.309 bg=+4.084) mse=6.02(obj=6.53/m5.62/95p14.9 bg=5.90/m5.21/95p12.7)  lr=9.32e-04  tot=12.3min
20:57:09  [ 22/100]  train nll=+4.029(obj=+4.230 bg=+3.983) mse=5.88(obj=6.46/m5.89/95p13.4 bg=5.73/m5.27/95p11.7)  val nll=+3.796(obj=+3.992 bg=+3.754) mse=5.39(obj=6.01/m5.54/95p12.0 bg=5.24/m4.70/95p11.3)  lr=9.23e-04  tot=12.8min
20:57:09    ↳ saved (val_nll=3.7962)
20:57:44  [ 23/100]  train nll=+3.987(obj=+4.227 bg=+3.927) mse=5.75(obj=6.51/m5.93/95p13.2 bg=5.56/m5.08/95p11.3)  val nll=+3.740(obj=+3.929 bg=+3.702) mse=5.10(obj=5.64/m5.27/95p11.8 bg=4.97/m4.55/95p10.3)  lr=9.14e-04  tot=13.4min
20:57:44    ↳ saved (val_nll=3.7401)
20:58:19  [ 24/100]  train nll=+3.965(obj=+4.177 bg=+3.913) mse=5.70(obj=6.35/m5.82/95p13.0 bg=5.54/m5.07/95p11.3)  val nll=+3.912(obj=+4.112 bg=+3.860) mse=5.68(obj=6.24/m5.59/95p12.8 bg=5.53/m5.14/95p11.2)  lr=9.05e-04  tot=14.0min
20:58:54  [ 25/100]  train nll=+4.001(obj=+4.253 bg=+3.942) mse=5.71(obj=6.33/m5.69/95p13.5 bg=5.56/m5.08/95p11.3)  val nll=+4.042(obj=+4.213 bg=+4.001) mse=5.82(obj=6.29/m5.58/95p13.4 bg=5.72/m5.04/95p11.9)  lr=8.95e-04  tot=14.6min
20:59:28  [ 26/100]  train nll=+3.991(obj=+4.179 bg=+3.945) mse=5.75(obj=6.31/m5.80/95p13.1 bg=5.60/m5.15/95p11.3)  val nll=+3.797(obj=+4.033 bg=+3.745) mse=5.28(obj=5.86/m5.37/95p12.9 bg=5.11/m4.65/95p10.8)  lr=8.84e-04  tot=15.2min
21:00:02  [ 27/100]  train nll=+3.952(obj=+4.192 bg=+3.894) mse=5.66(obj=6.37/m5.85/95p13.1 bg=5.49/m5.06/95p11.2)  val nll=+3.846(obj=+4.101 bg=+3.792) mse=5.46(obj=6.22/m5.74/95p12.1 bg=5.27/m4.53/95p11.4)  lr=8.73e-04  tot=15.7min
21:00:38  [ 28/100]  train nll=+3.997(obj=+4.229 bg=+3.940) mse=5.72(obj=6.40/m5.85/95p13.4 bg=5.56/m5.07/95p11.4)  val nll=+3.995(obj=+4.225 bg=+3.935) mse=5.87(obj=6.58/m5.92/95p14.8 bg=5.69/m5.03/95p12.2)  lr=8.62e-04  tot=16.3min
21:01:12  [ 29/100]  train nll=+3.892(obj=+4.096 bg=+3.845) mse=5.50(obj=6.02/m5.44/95p12.5 bg=5.37/m4.94/95p10.9)  val nll=+3.696(obj=+3.753 bg=+3.684) mse=5.07(obj=5.17/m4.92/95p9.7 bg=5.06/m4.67/95p10.1)  lr=8.51e-04  tot=16.9min
21:01:12    ↳ saved (val_nll=3.6963)
21:01:47  [ 30/100]  train nll=+3.867(obj=+4.064 bg=+3.820) mse=5.42(obj=5.99/m5.47/95p12.3 bg=5.28/m4.84/95p10.8)  val nll=+3.728(obj=+3.954 bg=+3.677) mse=5.10(obj=5.69/m5.21/95p11.8 bg=4.96/m4.65/95p9.9)  lr=8.39e-04  tot=17.5min
21:01:48  vis_ep030: saved 10 → experiments/v702_waymo_100ep_cubo/vis_ep030
21:02:24  [ 31/100]  train nll=+3.885(obj=+4.077 bg=+3.841) mse=5.49(obj=5.99/m5.50/95p12.2 bg=5.36/m4.91/95p10.9)  val nll=+3.685(obj=+3.932 bg=+3.622) mse=5.05(obj=5.77/m5.21/95p11.3 bg=4.87/m4.44/95p10.0)  lr=8.26e-04  tot=18.1min
21:02:24    ↳ saved (val_nll=3.6847)
21:02:59  [ 32/100]  train nll=+3.860(obj=+4.094 bg=+3.806) mse=5.40(obj=6.07/m5.56/95p12.5 bg=5.24/m4.80/95p10.6)  val nll=+4.208(obj=+4.280 bg=+4.179) mse=5.88(obj=6.23/m5.61/95p13.0 bg=5.78/m5.32/95p11.7)  lr=8.14e-04  tot=18.7min
21:03:34  [ 33/100]  train nll=+3.883(obj=+4.088 bg=+3.836) mse=5.47(obj=6.02/m5.56/95p12.0 bg=5.34/m4.89/95p10.8)  val nll=+3.822(obj=+3.904 bg=+3.800) mse=5.34(obj=5.57/m5.17/95p11.3 bg=5.28/m4.90/95p10.6)  lr=8.01e-04  tot=19.3min
21:04:08  [ 34/100]  train nll=+3.840(obj=+4.063 bg=+3.790) mse=5.40(obj=6.00/m5.46/95p12.6 bg=5.25/m4.81/95p10.6)  val nll=+3.850(obj=+4.053 bg=+3.806) mse=5.38(obj=5.87/m5.27/95p11.7 bg=5.25/m4.72/95p10.6)  lr=7.87e-04  tot=19.8min
21:04:43  [ 35/100]  train nll=+3.843(obj=+4.019 bg=+3.798) mse=5.35(obj=5.86/m5.35/95p12.1 bg=5.23/m4.79/95p10.7)  val nll=+3.807(obj=+3.919 bg=+3.780) mse=5.36(obj=5.72/m5.51/95p10.6 bg=5.27/m4.88/95p10.5)  lr=7.73e-04  tot=20.4min
21:05:17  [ 36/100]  train nll=+3.834(obj=+4.052 bg=+3.784) mse=5.36(obj=5.95/m5.43/95p12.3 bg=5.22/m4.80/95p10.5)  val nll=+3.838(obj=+3.966 bg=+3.809) mse=5.45(obj=5.70/m5.17/95p11.9 bg=5.40/m4.94/95p11.0)  lr=7.60e-04  tot=21.0min
21:05:52  [ 37/100]  train nll=+3.843(obj=+4.042 bg=+3.799) mse=5.37(obj=5.88/m5.44/95p11.8 bg=5.24/m4.83/95p10.6)  val nll=+3.758(obj=+4.011 bg=+3.704) mse=5.18(obj=5.79/m5.11/95p12.9 bg=5.03/m4.67/95p10.4)  lr=7.45e-04  tot=21.6min
21:06:27  [ 38/100]  train nll=+3.824(obj=+4.028 bg=+3.776) mse=5.35(obj=5.87/m5.43/95p11.9 bg=5.22/m4.84/95p10.4)  val nll=+3.682(obj=+3.877 bg=+3.641) mse=5.00(obj=5.45/m5.19/95p10.5 bg=4.91/m4.52/95p9.6)  lr=7.31e-04  tot=22.1min
21:06:27    ↳ saved (val_nll=3.6816)
21:07:02  [ 39/100]  train nll=+3.764(obj=+3.945 bg=+3.716) mse=5.20(obj=5.71/m5.22/95p11.5 bg=5.07/m4.64/95p10.3)  val nll=+4.387(obj=+4.603 bg=+4.336) mse=6.02(obj=6.66/m6.14/95p13.0 bg=5.86/m5.36/95p11.7)  lr=7.16e-04  tot=22.7min
21:07:38  [ 40/100]  train nll=+3.823(obj=+3.968 bg=+3.788) mse=5.34(obj=5.77/m5.36/95p11.5 bg=5.23/m4.83/95p10.5)  val nll=+3.817(obj=+3.920 bg=+3.793) mse=5.24(obj=5.45/m4.87/95p11.8 bg=5.16/m4.74/95p10.4)  lr=7.01e-04  tot=23.3min
21:07:40  vis_ep040: saved 10 → experiments/v702_waymo_100ep_cubo/vis_ep040
21:08:14  [ 41/100]  train nll=+3.774(obj=+3.959 bg=+3.730) mse=5.20(obj=5.71/m5.25/95p11.6 bg=5.07/m4.67/95p10.3)  val nll=+3.601(obj=+3.753 bg=+3.572) mse=4.83(obj=5.07/m4.88/95p9.4 bg=4.76/m4.46/95p9.4)  lr=6.86e-04  tot=23.9min
21:08:14    ↳ saved (val_nll=3.6009)
21:08:48  [ 42/100]  train nll=+3.820(obj=+4.009 bg=+3.776) mse=5.30(obj=5.80/m5.27/95p12.0 bg=5.17/m4.77/95p10.4)  val nll=+3.743(obj=+3.913 bg=+3.705) mse=5.00(obj=5.50/m5.11/95p10.5 bg=4.86/m4.45/95p9.7)  lr=6.70e-04  tot=24.5min
21:09:23  [ 43/100]  train nll=+3.795(obj=+3.966 bg=+3.753) mse=5.26(obj=5.72/m5.22/95p11.7 bg=5.15/m4.70/95p10.6)  val nll=+3.724(obj=+3.938 bg=+3.671) mse=5.23(obj=5.94/m5.48/95p12.8 bg=5.05/m4.53/95p10.5)  lr=6.55e-04  tot=25.1min
21:10:00  [ 44/100]  train nll=+3.780(obj=+3.981 bg=+3.734) mse=5.21(obj=5.76/m5.28/95p11.8 bg=5.08/m4.70/95p10.3)  val nll=+3.744(obj=+3.893 bg=+3.708) mse=5.19(obj=5.56/m5.05/95p11.0 bg=5.08/m4.77/95p9.8)  lr=6.39e-04  tot=25.7min
21:10:37  [ 45/100]  train nll=+3.782(obj=+3.965 bg=+3.738) mse=5.24(obj=5.72/m5.23/95p11.8 bg=5.12/m4.72/95p10.3)  val nll=+3.765(obj=+3.886 bg=+3.733) mse=5.24(obj=5.55/m5.09/95p10.7 bg=5.16/m4.62/95p10.5)  lr=6.23e-04  tot=26.3min
21:11:13  [ 46/100]  train nll=+3.737(obj=+3.898 bg=+3.698) mse=5.13(obj=5.59/m5.16/95p11.3 bg=5.02/m4.61/95p10.2)  val nll=+3.790(obj=+3.909 bg=+3.756) mse=5.23(obj=5.58/m5.12/95p11.5 bg=5.15/m4.74/95p10.3)  lr=6.07e-04  tot=26.9min
21:11:49  [ 47/100]  train nll=+3.765(obj=+3.966 bg=+3.718) mse=5.18(obj=5.67/m5.20/95p11.5 bg=5.06/m4.65/95p10.2)  val nll=+3.768(obj=+3.850 bg=+3.747) mse=5.16(obj=5.39/m5.01/95p10.8 bg=5.10/m4.84/95p10.1)  lr=5.90e-04  tot=27.5min
21:12:26  [ 48/100]  train nll=+3.729(obj=+3.851 bg=+3.700) mse=5.10(obj=5.42/m5.00/95p11.0 bg=5.02/m4.66/95p10.1)  val nll=+3.774(obj=+3.960 bg=+3.727) mse=5.20(obj=5.92/m5.24/95p13.1 bg=5.04/m4.42/95p10.7)  lr=5.74e-04  tot=28.1min
21:13:04  [ 49/100]  train nll=+3.725(obj=+3.869 bg=+3.688) mse=5.13(obj=5.51/m5.05/95p11.3 bg=5.04/m4.64/95p10.3)  val nll=+3.755(obj=+4.042 bg=+3.685) mse=5.14(obj=5.88/m5.10/95p12.0 bg=4.93/m4.50/95p9.8)  lr=5.58e-04  tot=28.8min
