[23:01:48] device = cuda
[23:01:48] args = {'name': 'v22_mine_rewind', 'full': True, 'scene': '/mnt/mininas/datasets/pandaset/015', 'scenes_root': '/mnt/nvme6t/pandaset_39', 'train_frac': 0.8, 'cameras': 'front_camera', 'img_size': 64, 'max_points': 256, 'batch_size': 32, 'lr': 0.001, 'n_overfit': 64, 'epochs': 60, 'log_every': 4, 'baseline_min': 1, 'baseline_max': 20, 'sigma_ypr': 1.0, 'sigma_t': 0.2, 'crop_min': 128, 'crop_max': 256, 'num_workers': 4, 'virtual_epoch': 4000, 'deform_mode': 'sl', 'n_cross_layers': 2, 'n_intra_layers': 2, 'uvd': True, 'dataset': 'pandaset', 'waymo_root': '/mnt/mininas/datasets/waymo/training', 'max_train_scenes': 0, 'mine_val': True, 'val_pool_size': 2000, 'migrate_k': 100, 'overfit_patience': 2, 'overfit_metric': 'nll', 'rewind_back': 3, 'rewind_lr_reset': True}
[23:02:38] model params: 1.593 M
[23:03:05] ep   0  loss=7.639  err_AB=15.30px  err_BA=15.37px  (base=15.08px)  val_err=8.36px (base 15.34)  val_nll=4.35  d=1.09m(base 0.20)  val_d=0.29m(base 0.19)  lr=9.99e-04  t=26s
[23:03:52] ep   4  loss=3.527  err_AB=5.58px  err_BA=5.30px  (base=15.09px)  val_err=4.52px (base 15.34)  val_nll=3.01  d=0.32m(base 0.20)  val_d=0.22m(base 0.19)  lr=9.83e-04  t=73s
[23:04:42] ep   8  loss=2.902  err_AB=4.73px  err_BA=4.39px  (base=15.10px)  val_err=4.33px (base 15.34)  val_nll=2.64  d=0.26m(base 0.20)  val_d=0.22m(base 0.19)  lr=9.46e-04  t=123s
[23:05:33] ep  12  loss=2.570  err_AB=4.17px  err_BA=3.90px  (base=15.10px)  val_err=3.93px (base 15.35)  val_nll=2.46  d=0.25m(base 0.20)  val_d=0.25m(base 0.19)  lr=8.90e-04  t=175s
[23:06:24] ep  16  loss=2.108  err_AB=3.52px  err_BA=3.26px  (base=15.09px)  val_err=3.58px (base 15.34)  val_nll=2.23  d=0.23m(base 0.20)  val_d=0.24m(base 0.19)  lr=8.17e-04  t=225s
[23:07:11] ep  20  loss=1.778  err_AB=3.05px  err_BA=2.81px  (base=15.09px)  val_err=3.24px (base 15.35)  val_nll=2.08  d=0.22m(base 0.20)  val_d=0.22m(base 0.19)  lr=7.30e-04  t=272s
[23:07:58] ep  24  loss=1.325  err_AB=2.60px  err_BA=2.44px  (base=15.10px)  val_err=3.22px (base 15.35)  val_nll=2.34  d=0.20m(base 0.20)  val_d=0.26m(base 0.19)  lr=6.33e-04  t=319s
[23:08:48] ep  28  loss=0.701  err_AB=2.17px  err_BA=2.07px  (base=15.09px)  val_err=2.88px (base 15.35)  val_nll=1.98  d=0.15m(base 0.20)  val_d=0.20m(base 0.19)  lr=5.31e-04  t=369s
[23:09:39] ep  32  loss=0.091  err_AB=1.82px  err_BA=1.77px  (base=15.09px)  val_err=3.01px (base 15.35)  val_nll=2.89  d=0.11m(base 0.20)  val_d=0.21m(base 0.19)  lr=4.28e-04  t=420s
[23:10:33]   [MIGRATE#1] moved 100 val→train (total migrated 100, val pool remaining 1900)
[23:10:33]   [REWIND] model ← snapshot from ep 24 (current ep 36, rewound by 12 epochs)
[23:10:33]   [LR-RESET] lr ← 1.0e-03, cosine restart over 24 remaining epochs
[23:10:33] ep  36  loss=-0.299  err_AB=1.59px  err_BA=1.59px  (base=15.09px)  val_err=2.88px (base 15.34)  val_nll=4.30  d=0.10m(base 0.20)  val_d=0.21m(base 0.19)  lr=1.00e-03  t=474s
[23:11:24] ep  40  loss=1.370  err_AB=2.69px  err_BA=2.50px  (base=15.09px)  val_err=3.16px (base 15.36)  val_nll=2.20  d=0.19m(base 0.20)  val_d=0.23m(base 0.19)  lr=9.34e-04  t=525s
[23:12:12] ep  44  loss=0.980  err_AB=2.40px  err_BA=2.26px  (base=15.09px)  val_err=3.16px (base 15.36)  val_nll=2.38  d=0.16m(base 0.20)  val_d=0.22m(base 0.19)  lr=7.52e-04  t=574s
[23:13:01]   [MIGRATE#2] moved 100 val→train (total migrated 200, val pool remaining 1800)
[23:13:01]   [REWIND] model ← snapshot from ep 40 (current ep 48, rewound by 8 epochs)
[23:13:01]   [LR-RESET] lr ← 1.0e-03, cosine restart over 12 remaining epochs
[23:13:01] ep  48  loss=0.281  err_AB=1.92px  err_BA=1.82px  (base=15.08px)  val_err=3.19px (base 15.36)  val_nll=3.91  d=0.12m(base 0.20)  val_d=0.24m(base 0.19)  lr=1.00e-03  t=622s
