[00:24:59] device = cuda
[00:24:59] args = {'name': 'v28_sentinel_103scene_retry', 'full': True, 'scene': '/mnt/mininas/datasets/pandaset/015', 'scenes_root': '/mnt/nvme6t/pandaset', 'train_frac': 0.8, 'cameras': 'front_camera', 'img_size': 64, 'max_points': 256, 'batch_size': 32, 'lr': 0.001, 'n_overfit': 64, 'epochs': 100, 'log_every': 1, 'baseline_min': 1, 'baseline_max': 20, 'sigma_ypr': 1.0, 'sigma_t': 0.2, 'crop_min': 128, 'crop_max': 256, 'num_workers': 4, 'virtual_epoch': 4000, 'deform_mode': 'sl', 'n_cross_layers': 2, 'n_intra_layers': 2, 'uvd': True, 'dataset': 'pandaset', 'waymo_root': '/mnt/mininas/datasets/waymo/training', 'max_train_scenes': 0, 'mine_val': True, 'val_pool_size': 1000, 'migrate_k': 500, 'overfit_patience': 3, 'overfit_metric': 'nll', 'rewind_back': 3, 'rewind_lr_reset': True, 'sentinel_size': 1000, 'stop_no_improve_migrations': 3}
[00:27:14] model params: 1.593 M
[00:27:33] ep   0  loss=8.111  err_AB=14.20px  err_BA=14.31px  (base=14.83px)  val_err=10.95px (base 14.94)  val_nll=5.09  d=1.23m(base 0.22)  val_d=0.34m(base 0.22)  lr=1.00e-03  t=19s
[00:27:47] ep   1  loss=5.794  err_AB=10.02px  err_BA=10.18px  (base=14.83px)  val_err=6.32px (base 14.94)  val_nll=4.22  d=0.68m(base 0.22)  val_d=0.42m(base 0.22)  lr=9.99e-04  t=32s
[00:27:59] ep   2  loss=4.034  err_AB=6.44px  err_BA=6.23px  (base=14.82px)  val_err=6.22px (base 14.94)  val_nll=3.84  d=0.36m(base 0.22)  val_d=0.32m(base 0.22)  lr=9.98e-04  t=45s
[00:28:12] ep   3  loss=3.630  err_AB=5.76px  err_BA=5.51px  (base=14.83px)  val_err=4.95px (base 14.94)  val_nll=3.40  d=0.33m(base 0.22)  val_d=0.34m(base 0.22)  lr=9.96e-04  t=58s
[00:28:26] ep   4  loss=3.477  err_AB=5.46px  err_BA=5.22px  (base=14.83px)  val_err=6.27px (base 14.94)  val_nll=4.03  d=0.32m(base 0.22)  val_d=0.40m(base 0.22)  lr=9.94e-04  t=71s
[00:28:38] ep   5  loss=3.335  err_AB=5.38px  err_BA=5.11px  (base=14.84px)  val_err=5.83px (base 14.94)  val_nll=3.77  d=0.30m(base 0.22)  val_d=0.33m(base 0.22)  lr=9.91e-04  t=84s
[00:28:52] ep   6  loss=3.388  err_AB=5.37px  err_BA=5.17px  (base=14.84px)  val_err=4.58px (base 14.94)  val_nll=3.05  d=0.30m(base 0.22)  val_d=0.27m(base 0.22)  lr=9.88e-04  t=98s
[00:29:04] ep   7  loss=3.271  err_AB=5.28px  err_BA=4.92px  (base=14.82px)  val_err=4.78px (base 14.94)  val_nll=3.04  d=0.29m(base 0.22)  val_d=0.24m(base 0.22)  lr=9.84e-04  t=110s
[00:29:17] ep   8  loss=3.021  err_AB=4.76px  err_BA=4.46px  (base=14.84px)  val_err=6.07px (base 14.93)  val_nll=3.62  d=0.28m(base 0.22)  val_d=0.26m(base 0.22)  lr=9.80e-04  t=123s
[00:29:29] ep   9  loss=2.851  err_AB=4.50px  err_BA=4.28px  (base=14.83px)  val_err=4.30px (base 14.94)  val_nll=2.70  d=0.27m(base 0.22)  val_d=0.24m(base 0.22)  lr=9.76e-04  t=135s
[00:29:42] ep  10  loss=2.834  err_AB=4.47px  err_BA=4.19px  (base=14.83px)  val_err=4.17px (base 14.94)  val_nll=3.05  d=0.27m(base 0.22)  val_d=0.33m(base 0.22)  lr=9.71e-04  t=148s
[00:29:55] ep  11  loss=2.878  err_AB=4.55px  err_BA=4.35px  (base=14.84px)  val_err=3.88px (base 14.94)  val_nll=2.69  d=0.27m(base 0.22)  val_d=0.31m(base 0.22)  lr=9.65e-04  t=161s
[00:30:08] ep  12  loss=2.603  err_AB=4.08px  err_BA=3.82px  (base=14.83px)  val_err=4.17px (base 14.93)  val_nll=2.66  d=0.27m(base 0.22)  val_d=0.26m(base 0.22)  lr=9.59e-04  t=174s
[00:30:21] ep  13  loss=2.572  err_AB=4.09px  err_BA=3.82px  (base=14.83px)  val_err=4.55px (base 14.94)  val_nll=2.85  d=0.26m(base 0.22)  val_d=0.25m(base 0.22)  lr=9.53e-04  t=187s
[00:30:33] ep  14  loss=2.551  err_AB=4.03px  err_BA=3.81px  (base=14.83px)  val_err=3.81px (base 14.94)  val_nll=2.45  d=0.26m(base 0.22)  val_d=0.26m(base 0.22)  lr=9.46e-04  t=199s
[00:34:16] device = cuda
[00:34:16] args = {'name': 'v28_sentinel_103scene_retry', 'full': True, 'scene': '/mnt/mininas/datasets/pandaset/015', 'scenes_root': '/mnt/nvme6t/pandaset', 'train_frac': 0.8, 'cameras': 'front_camera', 'img_size': 64, 'max_points': 256, 'batch_size': 32, 'lr': 0.001, 'n_overfit': 64, 'epochs': 100, 'log_every': 1, 'baseline_min': 1, 'baseline_max': 20, 'sigma_ypr': 1.0, 'sigma_t': 0.2, 'crop_min': 128, 'crop_max': 256, 'num_workers': 4, 'virtual_epoch': 4000, 'deform_mode': 'sl', 'n_cross_layers': 2, 'n_intra_layers': 2, 'uvd': True, 'dataset': 'pandaset', 'waymo_root': '/mnt/mininas/datasets/waymo/training', 'max_train_scenes': 0, 'mine_val': True, 'val_pool_size': 1000, 'migrate_k': 500, 'overfit_patience': 3, 'overfit_metric': 'nll', 'rewind_back': 3, 'rewind_lr_reset': True, 'sentinel_size': 1000, 'stop_no_improve_migrations': 3}
