22:11:45  multi-DS calib  scenes_root=/mnt/nvme6t/pandaset  cameras=all  sigma=(3.0deg, 0.3m)
22:11:48  train: 10000  val: 500
22:11:48  params: 1.00M
22:12:40  [  1/100]  train nll=+5.691(obj=+6.796 bg=+5.554) mse=13.786(obj=18.284 bg=13.222)  val nll=+4.196(obj=+5.193 bg=+4.075) mse=14.158(obj=17.292 bg=13.755)  lr=4.00e-04  tot=0.9min
22:12:40    ↳ saved (val_nll=4.1958)
22:13:29  [  2/100]  train nll=+5.031(obj=+5.991 bg=+4.920) mse=13.732(obj=18.362 bg=13.166)  val nll=+3.773(obj=+4.826 bg=+3.645) mse=13.859(obj=17.115 bg=13.441)  lr=6.00e-04  tot=1.7min
22:13:29    ↳ saved (val_nll=3.7729)
22:14:18  [  3/100]  train nll=+3.865(obj=+5.130 bg=+3.714) mse=13.401(obj=18.094 bg=12.820)  val nll=+3.591(obj=+4.617 bg=+3.465) mse=13.850(obj=17.168 bg=13.422)  lr=8.00e-04  tot=2.5min
22:14:18    ↳ saved (val_nll=3.5907)
22:15:07  [  4/100]  train nll=+4.723(obj=+5.867 bg=+4.588) mse=13.626(obj=18.312 bg=13.055)  val nll=+4.198(obj=+5.165 bg=+4.082) mse=14.088(obj=17.188 bg=13.694)  lr=1.00e-03  tot=3.3min
22:15:57  [  5/100]  train nll=+3.941(obj=+5.341 bg=+3.774) mse=13.320(obj=18.025 bg=12.744)  val nll=+3.681(obj=+4.802 bg=+3.546) mse=13.714(obj=16.969 bg=13.296)  lr=1.00e-03  tot=4.1min
22:16:46  [  6/100]  train nll=+14.824(obj=+13.046 bg=+15.068) mse=15.722(obj=20.142 bg=15.169)  val nll=+4.454(obj=+5.357 bg=+4.345) mse=14.190(obj=17.357 bg=13.783)  lr=1.00e-03  tot=5.0min
22:17:33  [  7/100]  train nll=+4.651(obj=+5.782 bg=+4.510) mse=13.652(obj=18.215 bg=13.083)  val nll=+4.026(obj=+5.101 bg=+3.896) mse=13.935(obj=17.171 bg=13.517)  lr=9.99e-04  tot=5.7min
22:18:21  [  8/100]  train nll=+3.746(obj=+5.101 bg=+3.582) mse=13.275(obj=18.000 bg=12.695)  val nll=+3.521(obj=+4.653 bg=+3.382) mse=13.654(obj=17.039 bg=13.216)  lr=9.98e-04  tot=6.5min
22:18:21    ↳ saved (val_nll=3.5205)
22:19:08  [  9/100]  train nll=+3.414(obj=+4.822 bg=+3.244) mse=13.187(obj=17.961 bg=12.600)  val nll=+3.847(obj=+5.409 bg=+3.679) mse=13.677(obj=17.031 bg=13.244)  lr=9.96e-04  tot=7.3min
22:19:55  [ 10/100]  train nll=+3.313(obj=+4.716 bg=+3.143) mse=13.185(obj=17.953 bg=12.600)  val nll=+3.098(obj=+4.287 bg=+2.952) mse=13.576(obj=16.949 bg=13.140)  lr=9.93e-04  tot=8.1min
22:19:55    ↳ saved (val_nll=3.0982)
22:20:42  [ 11/100]  train nll=+3.343(obj=+4.775 bg=+3.173) mse=13.160(obj=17.905 bg=12.581)  val nll=+3.031(obj=+4.245 bg=+2.885) mse=13.570(obj=16.973 bg=13.129)  lr=9.90e-04  tot=8.9min
22:20:42    ↳ saved (val_nll=3.0307)
22:21:30  [ 12/100]  train nll=+3.324(obj=+4.769 bg=+3.154) mse=13.182(obj=18.077 bg=12.594)  val nll=+3.956(obj=+5.010 bg=+3.827) mse=13.687(obj=17.043 bg=13.252)  lr=9.87e-04  tot=9.7min
22:22:17  [ 13/100]  train nll=+3.329(obj=+4.797 bg=+3.152) mse=13.179(obj=17.926 bg=12.598)  val nll=+3.091(obj=+4.272 bg=+2.949) mse=13.580(obj=16.985 bg=13.138)  lr=9.83e-04  tot=10.5min
22:23:04  [ 14/100]  train nll=+7.505(obj=+7.494 bg=+7.505) mse=16.007(obj=20.144 bg=15.489)  val nll=+7.990(obj=+7.923 bg=+7.997) mse=17.241(obj=20.745 bg=16.800)  lr=9.78e-04  tot=11.3min
22:23:51  [ 15/100]  train nll=+4.981(obj=+5.947 bg=+4.863) mse=14.256(obj=18.747 bg=13.699)  val nll=+3.374(obj=+4.513 bg=+3.237) mse=13.655(obj=17.098 bg=13.208)  lr=9.73e-04  tot=12.0min
22:24:38  [ 16/100]  train nll=+3.563(obj=+4.872 bg=+3.402) mse=13.291(obj=17.892 bg=12.714)  val nll=+3.264(obj=+4.462 bg=+3.118) mse=13.613(obj=17.026 bg=13.170)  lr=9.67e-04  tot=12.8min
22:25:25  [ 17/100]  train nll=+3.875(obj=+5.193 bg=+3.719) mse=13.377(obj=18.143 bg=12.797)  val nll=+3.650(obj=+4.807 bg=+3.508) mse=13.665(obj=16.990 bg=13.235)  lr=9.61e-04  tot=13.6min
22:26:11  [ 18/100]  train nll=+3.770(obj=+5.187 bg=+3.601) mse=13.282(obj=18.005 bg=12.707)  val nll=+3.578(obj=+4.745 bg=+3.436) mse=13.687(obj=17.122 bg=13.241)  lr=9.55e-04  tot=14.4min
22:26:58  [ 19/100]  train nll=+4.405(obj=+5.602 bg=+4.263) mse=13.570(obj=18.206 bg=13.003)  val nll=+3.265(obj=+4.416 bg=+3.124) mse=13.675(obj=17.184 bg=13.218)  lr=9.47e-04  tot=15.2min
22:27:45  [ 20/100]  train nll=+3.241(obj=+4.683 bg=+3.063) mse=13.265(obj=17.931 bg=12.685)  val nll=+2.962(obj=+4.372 bg=+2.798) mse=13.608(obj=17.072 bg=13.158)  lr=9.40e-04  tot=15.9min
22:27:45    ↳ saved (val_nll=2.9619)
22:28:32  [ 21/100]  train nll=+3.116(obj=+4.647 bg=+2.934) mse=13.229(obj=18.014 bg=12.642)  val nll=+2.955(obj=+4.175 bg=+2.809) mse=13.613(obj=17.032 bg=13.170)  lr=9.32e-04  tot=16.7min
22:28:32    ↳ saved (val_nll=2.9550)
22:29:18  [ 22/100]  train nll=+3.066(obj=+4.568 bg=+2.884) mse=13.220(obj=18.010 bg=12.634)  val nll=+2.888(obj=+4.141 bg=+2.731) mse=13.592(obj=17.048 bg=13.143)  lr=9.23e-04  tot=17.5min
22:29:18    ↳ saved (val_nll=2.8877)
22:30:06  [ 23/100]  train nll=+3.033(obj=+4.541 bg=+2.851) mse=13.200(obj=17.943 bg=12.625)  val nll=+2.862(obj=+4.105 bg=+2.707) mse=13.581(obj=17.026 bg=13.133)  lr=9.14e-04  tot=18.3min
22:30:06    ↳ saved (val_nll=2.8616)
22:30:52  [ 24/100]  train nll=+3.005(obj=+4.489 bg=+2.823) mse=13.217(obj=17.918 bg=12.638)  val nll=+2.848(obj=+4.102 bg=+2.693) mse=13.566(obj=16.980 bg=13.122)  lr=9.05e-04  tot=19.1min
22:30:52    ↳ saved (val_nll=2.8477)
